[0.020s] Invoking command in '/home/brace/codeSpace/navi/build/rtabmap_util': AMENT_PREFIX_PATH=/home/brace/codeSpace/navi/install/rtabmap_conversions:/home/brace/codeSpace/navi/install/rtabmap_msgs:${AMENT_PREFIX_PATH} CMAKE_PREFIX_PATH=/home/brace/codeSpace/navi/install/rtabmap_conversions:/home/brace/codeSpace/navi/install/rtabmap_msgs:/home/brace/codeSpace/navi/install/rtabmap:/opt/ros/humble LD_LIBRARY_PATH=/home/brace/codeSpace/navi/install/rtabmap_conversions/lib:/home/brace/codeSpace/navi/install/rtabmap_msgs/lib:/home/brace/codeSpace/navi/install/rtabmap/lib:${LD_LIBRARY_PATH} PATH=/home/brace/codeSpace/navi/install/rtabmap/bin:${PATH} PKG_CONFIG_PATH=/home/brace/codeSpace/navi/install/rtabmap/lib/x86_64-linux-gnu/pkgconfig:/home/brace/codeSpace/navi/install/rtabmap/lib/pkgconfig PYTHONPATH=/home/brace/codeSpace/navi/install/rtabmap_msgs/local/lib/python3.10/dist-packages:${PYTHONPATH} /usr/bin/cmake --build /home/brace/codeSpace/navi/build/rtabmap_util -- -j16 -l16
[0.101s] [ 36%] Built target rtabmap_util_plugins
[0.145s] [ 42%] Built target rtabmap_map_assembler
[0.145s] [ 47%] Built target rtabmap_point_cloud_xyz
[0.146s] [ 52%] Built target rtabmap_point_cloud_aggregator
[0.146s] [ 57%] Built target rtabmap_lidar_deskewing
[0.146s] [ 65%] Built target rtabmap_imu_to_tf
[0.147s] [ 71%] Built target rtabmap_disparity_to_depth
[0.147s] [ 73%] Built target rtabmap_rgbd_split
[0.149s] [ 78%] Built target rtabmap_rgbd_relay
[0.151s] [ 84%] Built target rtabmap_pointcloud_to_depthimage
[0.152s] [ 92%] Built target rtabmap_obstacles_detection
[0.152s] [ 94%] Built target rtabmap_point_cloud_xyzrgb
[0.160s] [100%] Built target rtabmap_point_cloud_assembler
[0.182s] Invoked command in '/home/brace/codeSpace/navi/build/rtabmap_util' returned '0': AMENT_PREFIX_PATH=/home/brace/codeSpace/navi/install/rtabmap_conversions:/home/brace/codeSpace/navi/install/rtabmap_msgs:${AMENT_PREFIX_PATH} CMAKE_PREFIX_PATH=/home/brace/codeSpace/navi/install/rtabmap_conversions:/home/brace/codeSpace/navi/install/rtabmap_msgs:/home/brace/codeSpace/navi/install/rtabmap:/opt/ros/humble LD_LIBRARY_PATH=/home/brace/codeSpace/navi/install/rtabmap_conversions/lib:/home/brace/codeSpace/navi/install/rtabmap_msgs/lib:/home/brace/codeSpace/navi/install/rtabmap/lib:${LD_LIBRARY_PATH} PATH=/home/brace/codeSpace/navi/install/rtabmap/bin:${PATH} PKG_CONFIG_PATH=/home/brace/codeSpace/navi/install/rtabmap/lib/x86_64-linux-gnu/pkgconfig:/home/brace/codeSpace/navi/install/rtabmap/lib/pkgconfig PYTHONPATH=/home/brace/codeSpace/navi/install/rtabmap_msgs/local/lib/python3.10/dist-packages:${PYTHONPATH} /usr/bin/cmake --build /home/brace/codeSpace/navi/build/rtabmap_util -- -j16 -l16
[0.183s] Invoking command in '/home/brace/codeSpace/navi/build/rtabmap_util': AMENT_PREFIX_PATH=/home/brace/codeSpace/navi/install/rtabmap_conversions:/home/brace/codeSpace/navi/install/rtabmap_msgs:${AMENT_PREFIX_PATH} CMAKE_PREFIX_PATH=/home/brace/codeSpace/navi/install/rtabmap_conversions:/home/brace/codeSpace/navi/install/rtabmap_msgs:/home/brace/codeSpace/navi/install/rtabmap:/opt/ros/humble LD_LIBRARY_PATH=/home/brace/codeSpace/navi/install/rtabmap_conversions/lib:/home/brace/codeSpace/navi/install/rtabmap_msgs/lib:/home/brace/codeSpace/navi/install/rtabmap/lib:${LD_LIBRARY_PATH} PATH=/home/brace/codeSpace/navi/install/rtabmap/bin:${PATH} PKG_CONFIG_PATH=/home/brace/codeSpace/navi/install/rtabmap/lib/x86_64-linux-gnu/pkgconfig:/home/brace/codeSpace/navi/install/rtabmap/lib/pkgconfig PYTHONPATH=/home/brace/codeSpace/navi/install/rtabmap_msgs/local/lib/python3.10/dist-packages:${PYTHONPATH} /usr/bin/cmake --install /home/brace/codeSpace/navi/build/rtabmap_util
[0.192s] -- Install configuration: "Release"
[0.192s] -- Execute custom install script
[0.192s] -- Up-to-date symlink: /home/brace/codeSpace/navi/install/rtabmap_util/share/rtabmap_util/environment/library_path.sh
[0.193s] -- Up-to-date symlink: /home/brace/codeSpace/navi/install/rtabmap_util/share/rtabmap_util/environment/library_path.dsv
[0.193s] -- Up-to-date symlink: /home/brace/codeSpace/navi/install/rtabmap_util/lib/rtabmap_util/transform_to_tf.py
[0.193s] -- Up-to-date symlink: /home/brace/codeSpace/navi/install/rtabmap_util/lib/rtabmap_util/yaml_to_camera_info.py
[0.193s] -- Up-to-date symlink: /home/brace/codeSpace/navi/install/rtabmap_util/lib/rtabmap_util/republish_tf_static.py
[0.193s] -- Up-to-date symlink: /home/brace/codeSpace/navi/install/rtabmap_util/lib/rtabmap_util/imu_to_tf
[0.193s] -- Up-to-date symlink: /home/brace/codeSpace/navi/install/rtabmap_util/lib/rtabmap_util/disparity_to_depth
[0.193s] -- Up-to-date symlink: /home/brace/codeSpace/navi/install/rtabmap_util/lib/rtabmap_util/rgbd_relay
[0.193s] -- Up-to-date symlink: /home/brace/codeSpace/navi/install/rtabmap_util/lib/rtabmap_util/rgbd_split
[0.193s] -- Up-to-date symlink: /home/brace/codeSpace/navi/install/rtabmap_util/lib/rtabmap_util/lidar_deskewing
[0.193s] -- Up-to-date symlink: /home/brace/codeSpace/navi/install/rtabmap_util/lib/rtabmap_util/point_cloud_xyz
[0.193s] -- Up-to-date symlink: /home/brace/codeSpace/navi/install/rtabmap_util/lib/rtabmap_util/point_cloud_xyzrgb
[0.193s] -- Up-to-date symlink: /home/brace/codeSpace/navi/install/rtabmap_util/lib/rtabmap_util/pointcloud_to_depthimage
[0.193s] -- Up-to-date symlink: /home/brace/codeSpace/navi/install/rtabmap_util/lib/rtabmap_util/obstacles_detection
[0.193s] -- Up-to-date symlink: /home/brace/codeSpace/navi/install/rtabmap_util/lib/rtabmap_util/point_cloud_aggregator
[0.193s] -- Up-to-date symlink: /home/brace/codeSpace/navi/install/rtabmap_util/lib/rtabmap_util/point_cloud_assembler
[0.193s] -- Up-to-date symlink: /home/brace/codeSpace/navi/install/rtabmap_util/lib/rtabmap_util/map_assembler
[0.193s] -- Up-to-date symlink: /home/brace/codeSpace/navi/install/rtabmap_util/share/ament_index/resource_index/package_run_dependencies/rtabmap_util
[0.193s] -- Up-to-date symlink: /home/brace/codeSpace/navi/install/rtabmap_util/share/ament_index/resource_index/parent_prefix_path/rtabmap_util
[0.193s] -- Up-to-date symlink: /home/brace/codeSpace/navi/install/rtabmap_util/share/rtabmap_util/environment/ament_prefix_path.sh
[0.193s] -- Up-to-date symlink: /home/brace/codeSpace/navi/install/rtabmap_util/share/rtabmap_util/environment/ament_prefix_path.dsv
[0.194s] -- Up-to-date symlink: /home/brace/codeSpace/navi/install/rtabmap_util/share/rtabmap_util/environment/path.sh
[0.194s] -- Up-to-date symlink: /home/brace/codeSpace/navi/install/rtabmap_util/share/rtabmap_util/environment/path.dsv
[0.194s] -- Up-to-date symlink: /home/brace/codeSpace/navi/install/rtabmap_util/share/rtabmap_util/local_setup.bash
[0.194s] -- Up-to-date symlink: /home/brace/codeSpace/navi/install/rtabmap_util/share/rtabmap_util/local_setup.sh
[0.194s] -- Up-to-date symlink: /home/brace/codeSpace/navi/install/rtabmap_util/share/rtabmap_util/local_setup.zsh
[0.194s] -- Up-to-date symlink: /home/brace/codeSpace/navi/install/rtabmap_util/share/rtabmap_util/local_setup.dsv
[0.194s] -- Symlinking: /home/brace/codeSpace/navi/install/rtabmap_util/share/rtabmap_util/package.dsv
[0.200s] -- Up-to-date symlink: /home/brace/codeSpace/navi/install/rtabmap_util/share/ament_index/resource_index/packages/rtabmap_util
[0.200s] -- Up-to-date symlink: /home/brace/codeSpace/navi/install/rtabmap_util/share/ament_index/resource_index/rclcpp_components/rtabmap_util
[0.201s] -- Up-to-date symlink: /home/brace/codeSpace/navi/install/rtabmap_util/share/rtabmap_util/cmake/ament_cmake_export_dependencies-extras.cmake
[0.201s] -- Up-to-date symlink: /home/brace/codeSpace/navi/install/rtabmap_util/share/rtabmap_util/cmake/ament_cmake_export_include_directories-extras.cmake
[0.201s] -- Up-to-date symlink: /home/brace/codeSpace/navi/install/rtabmap_util/share/rtabmap_util/cmake/ament_cmake_export_targets-extras.cmake
[0.201s] -- Up-to-date symlink: /home/brace/codeSpace/navi/install/rtabmap_util/share/rtabmap_util/cmake/ament_cmake_export_libraries-extras.cmake
[0.201s] -- Up-to-date symlink: /home/brace/codeSpace/navi/install/rtabmap_util/share/rtabmap_util/cmake/rtabmap_utilConfig.cmake
[0.201s] -- Up-to-date symlink: /home/brace/codeSpace/navi/install/rtabmap_util/share/rtabmap_util/cmake/rtabmap_utilConfig-version.cmake
[0.201s] -- Up-to-date symlink: /home/brace/codeSpace/navi/install/rtabmap_util/share/rtabmap_util/package.xml
[0.201s] -- Up-to-date: /home/brace/codeSpace/navi/install/rtabmap_util/lib/librtabmap_util_plugins.so
[0.201s] -- Up-to-date: /home/brace/codeSpace/navi/install/rtabmap_util/include
[0.201s] -- Up-to-date: /home/brace/codeSpace/navi/install/rtabmap_util/include/rtabmap_util
[0.201s] -- Up-to-date: /home/brace/codeSpace/navi/install/rtabmap_util/include/rtabmap_util/MapsManager.h
[0.201s] -- Up-to-date: /home/brace/codeSpace/navi/install/rtabmap_util/include/rtabmap_util/visibility.h
[0.201s] -- Up-to-date: /home/brace/codeSpace/navi/install/rtabmap_util/include/rtabmap_util/ULogToRosout.h
[0.201s] -- Up-to-date: /home/brace/codeSpace/navi/install/rtabmap_util/share/rtabmap_util/cmake/rtabmap_utilExport.cmake
[0.201s] -- Up-to-date: /home/brace/codeSpace/navi/install/rtabmap_util/share/rtabmap_util/cmake/rtabmap_utilExport-release.cmake
[0.221s] Invoked command in '/home/brace/codeSpace/navi/build/rtabmap_util' returned '0': AMENT_PREFIX_PATH=/home/brace/codeSpace/navi/install/rtabmap_conversions:/home/brace/codeSpace/navi/install/rtabmap_msgs:${AMENT_PREFIX_PATH} CMAKE_PREFIX_PATH=/home/brace/codeSpace/navi/install/rtabmap_conversions:/home/brace/codeSpace/navi/install/rtabmap_msgs:/home/brace/codeSpace/navi/install/rtabmap:/opt/ros/humble LD_LIBRARY_PATH=/home/brace/codeSpace/navi/install/rtabmap_conversions/lib:/home/brace/codeSpace/navi/install/rtabmap_msgs/lib:/home/brace/codeSpace/navi/install/rtabmap/lib:${LD_LIBRARY_PATH} PATH=/home/brace/codeSpace/navi/install/rtabmap/bin:${PATH} PKG_CONFIG_PATH=/home/brace/codeSpace/navi/install/rtabmap/lib/x86_64-linux-gnu/pkgconfig:/home/brace/codeSpace/navi/install/rtabmap/lib/pkgconfig PYTHONPATH=/home/brace/codeSpace/navi/install/rtabmap_msgs/local/lib/python3.10/dist-packages:${PYTHONPATH} /usr/bin/cmake --install /home/brace/codeSpace/navi/build/rtabmap_util
