[0.013s] Invoking command in '/home/brace/codeSpace/navi/build/rtabmap_sync': CMAKE_PREFIX_PATH=/home/brace/codeSpace/navi/install/rtabmap_conversions:/home/brace/codeSpace/navi/install/rtabmap_msgs:/home/brace/codeSpace/navi/install/rtabmap:/home/brace/codeSpace/navi/install/rtabmap_ros:/home/brace/codeSpace/navi/install/rtabmap_launch:/home/brace/codeSpace/navi/install/rtabmap_examples:/home/brace/codeSpace/navi/install/rtabmap_demos:/home/brace/codeSpace/navi/install/rtabmap_viz:/home/brace/codeSpace/navi/install/rtabmap_slam:/home/brace/codeSpace/navi/install/rtabmap_odom:/home/brace/codeSpace/navi/install/rtabmap_util:/home/brace/codeSpace/navi/install/rtabmap_sync:/home/brace/codeSpace/navi/install/rtabmap_rviz_plugins:/home/brace/codeSpace/navi/install/realsense2_rviz_plugin:/home/brace/codeSpace/navi/install/realsense2_description:/home/brace/codeSpace/navi/install/rtabmap_python:/home/brace/codeSpace/navi/install/realsense2_ros_mqtt_bridge:/opt/ros/humble LD_LIBRARY_PATH=/home/brace/codeSpace/navi/install/rtabmap_conversions/lib:/home/brace/codeSpace/navi/install/rtabmap_msgs/lib:/home/brace/codeSpace/navi/install/rtabmap/lib:/home/brace/codeSpace/navi/install/rtabmap_slam/lib:/home/brace/codeSpace/navi/install/rtabmap_odom/lib:/home/brace/codeSpace/navi/install/rtabmap_util/lib:/home/brace/codeSpace/navi/install/rtabmap_sync/lib:/home/brace/codeSpace/navi/install/rtabmap_rviz_plugins/lib:/opt/ros/humble/opt/rviz_ogre_vendor/lib:/opt/ros/humble/lib/x86_64-linux-gnu:/opt/ros/humble/lib /usr/bin/cmake --build /home/brace/codeSpace/navi/build/rtabmap_sync -- -j16 -l16
[0.087s] [ 43%] Built target rtabmap_sync
[0.087s] [ 65%] Built target rtabmap_sync_plugins
[0.115s] [ 73%] Built target rtabmap_rgbdx_sync
[0.118s] [ 82%] Built target rtabmap_rgb_sync
[0.126s] [ 91%] Built target rtabmap_rgbd_sync
[0.128s] [100%] Built target rtabmap_stereo_sync
[0.144s] Invoked command in '/home/brace/codeSpace/navi/build/rtabmap_sync' returned '0': CMAKE_PREFIX_PATH=/home/brace/codeSpace/navi/install/rtabmap_conversions:/home/brace/codeSpace/navi/install/rtabmap_msgs:/home/brace/codeSpace/navi/install/rtabmap:/home/brace/codeSpace/navi/install/rtabmap_ros:/home/brace/codeSpace/navi/install/rtabmap_launch:/home/brace/codeSpace/navi/install/rtabmap_examples:/home/brace/codeSpace/navi/install/rtabmap_demos:/home/brace/codeSpace/navi/install/rtabmap_viz:/home/brace/codeSpace/navi/install/rtabmap_slam:/home/brace/codeSpace/navi/install/rtabmap_odom:/home/brace/codeSpace/navi/install/rtabmap_util:/home/brace/codeSpace/navi/install/rtabmap_sync:/home/brace/codeSpace/navi/install/rtabmap_rviz_plugins:/home/brace/codeSpace/navi/install/realsense2_rviz_plugin:/home/brace/codeSpace/navi/install/realsense2_description:/home/brace/codeSpace/navi/install/rtabmap_python:/home/brace/codeSpace/navi/install/realsense2_ros_mqtt_bridge:/opt/ros/humble LD_LIBRARY_PATH=/home/brace/codeSpace/navi/install/rtabmap_conversions/lib:/home/brace/codeSpace/navi/install/rtabmap_msgs/lib:/home/brace/codeSpace/navi/install/rtabmap/lib:/home/brace/codeSpace/navi/install/rtabmap_slam/lib:/home/brace/codeSpace/navi/install/rtabmap_odom/lib:/home/brace/codeSpace/navi/install/rtabmap_util/lib:/home/brace/codeSpace/navi/install/rtabmap_sync/lib:/home/brace/codeSpace/navi/install/rtabmap_rviz_plugins/lib:/opt/ros/humble/opt/rviz_ogre_vendor/lib:/opt/ros/humble/lib/x86_64-linux-gnu:/opt/ros/humble/lib /usr/bin/cmake --build /home/brace/codeSpace/navi/build/rtabmap_sync -- -j16 -l16
[0.147s] Invoking command in '/home/brace/codeSpace/navi/build/rtabmap_sync': CMAKE_PREFIX_PATH=/home/brace/codeSpace/navi/install/rtabmap_conversions:/home/brace/codeSpace/navi/install/rtabmap_msgs:/home/brace/codeSpace/navi/install/rtabmap:/home/brace/codeSpace/navi/install/rtabmap_ros:/home/brace/codeSpace/navi/install/rtabmap_launch:/home/brace/codeSpace/navi/install/rtabmap_examples:/home/brace/codeSpace/navi/install/rtabmap_demos:/home/brace/codeSpace/navi/install/rtabmap_viz:/home/brace/codeSpace/navi/install/rtabmap_slam:/home/brace/codeSpace/navi/install/rtabmap_odom:/home/brace/codeSpace/navi/install/rtabmap_util:/home/brace/codeSpace/navi/install/rtabmap_sync:/home/brace/codeSpace/navi/install/rtabmap_rviz_plugins:/home/brace/codeSpace/navi/install/realsense2_rviz_plugin:/home/brace/codeSpace/navi/install/realsense2_description:/home/brace/codeSpace/navi/install/rtabmap_python:/home/brace/codeSpace/navi/install/realsense2_ros_mqtt_bridge:/opt/ros/humble LD_LIBRARY_PATH=/home/brace/codeSpace/navi/install/rtabmap_conversions/lib:/home/brace/codeSpace/navi/install/rtabmap_msgs/lib:/home/brace/codeSpace/navi/install/rtabmap/lib:/home/brace/codeSpace/navi/install/rtabmap_slam/lib:/home/brace/codeSpace/navi/install/rtabmap_odom/lib:/home/brace/codeSpace/navi/install/rtabmap_util/lib:/home/brace/codeSpace/navi/install/rtabmap_sync/lib:/home/brace/codeSpace/navi/install/rtabmap_rviz_plugins/lib:/opt/ros/humble/opt/rviz_ogre_vendor/lib:/opt/ros/humble/lib/x86_64-linux-gnu:/opt/ros/humble/lib /usr/bin/cmake --install /home/brace/codeSpace/navi/build/rtabmap_sync
[0.153s] -- Install configuration: "Release"
[0.153s] -- Execute custom install script
[0.153s] -- Up-to-date symlink: /home/brace/codeSpace/navi/install/rtabmap_sync/share/rtabmap_sync/environment/library_path.sh
[0.153s] -- Up-to-date symlink: /home/brace/codeSpace/navi/install/rtabmap_sync/share/rtabmap_sync/environment/library_path.dsv
[0.154s] -- Up-to-date symlink: /home/brace/codeSpace/navi/install/rtabmap_sync/lib/rtabmap_sync/rgbd_sync
[0.154s] -- Up-to-date symlink: /home/brace/codeSpace/navi/install/rtabmap_sync/lib/rtabmap_sync/rgbdx_sync
[0.154s] -- Up-to-date symlink: /home/brace/codeSpace/navi/install/rtabmap_sync/lib/rtabmap_sync/stereo_sync
[0.154s] -- Up-to-date symlink: /home/brace/codeSpace/navi/install/rtabmap_sync/lib/rtabmap_sync/rgb_sync
[0.154s] -- Up-to-date symlink: /home/brace/codeSpace/navi/install/rtabmap_sync/share/ament_index/resource_index/package_run_dependencies/rtabmap_sync
[0.154s] -- Up-to-date symlink: /home/brace/codeSpace/navi/install/rtabmap_sync/share/ament_index/resource_index/parent_prefix_path/rtabmap_sync
[0.154s] -- Up-to-date symlink: /home/brace/codeSpace/navi/install/rtabmap_sync/share/rtabmap_sync/environment/ament_prefix_path.sh
[0.154s] -- Up-to-date symlink: /home/brace/codeSpace/navi/install/rtabmap_sync/share/rtabmap_sync/environment/ament_prefix_path.dsv
[0.154s] -- Up-to-date symlink: /home/brace/codeSpace/navi/install/rtabmap_sync/share/rtabmap_sync/environment/path.sh
[0.154s] -- Up-to-date symlink: /home/brace/codeSpace/navi/install/rtabmap_sync/share/rtabmap_sync/environment/path.dsv
[0.155s] -- Up-to-date symlink: /home/brace/codeSpace/navi/install/rtabmap_sync/share/rtabmap_sync/local_setup.bash
[0.155s] -- Up-to-date symlink: /home/brace/codeSpace/navi/install/rtabmap_sync/share/rtabmap_sync/local_setup.sh
[0.155s] -- Up-to-date symlink: /home/brace/codeSpace/navi/install/rtabmap_sync/share/rtabmap_sync/local_setup.zsh
[0.155s] -- Up-to-date symlink: /home/brace/codeSpace/navi/install/rtabmap_sync/share/rtabmap_sync/local_setup.dsv
[0.155s] -- Symlinking: /home/brace/codeSpace/navi/install/rtabmap_sync/share/rtabmap_sync/package.dsv
[0.163s] -- Up-to-date symlink: /home/brace/codeSpace/navi/install/rtabmap_sync/share/ament_index/resource_index/packages/rtabmap_sync
[0.163s] -- Up-to-date symlink: /home/brace/codeSpace/navi/install/rtabmap_sync/share/ament_index/resource_index/rclcpp_components/rtabmap_sync
[0.164s] -- Up-to-date symlink: /home/brace/codeSpace/navi/install/rtabmap_sync/share/rtabmap_sync/cmake/extra_configs.cmake
[0.164s] -- Up-to-date symlink: /home/brace/codeSpace/navi/install/rtabmap_sync/share/rtabmap_sync/cmake/ament_cmake_export_dependencies-extras.cmake
[0.164s] -- Up-to-date symlink: /home/brace/codeSpace/navi/install/rtabmap_sync/share/rtabmap_sync/cmake/ament_cmake_export_include_directories-extras.cmake
[0.164s] -- Up-to-date symlink: /home/brace/codeSpace/navi/install/rtabmap_sync/share/rtabmap_sync/cmake/ament_cmake_export_targets-extras.cmake
[0.164s] -- Up-to-date symlink: /home/brace/codeSpace/navi/install/rtabmap_sync/share/rtabmap_sync/cmake/ament_cmake_export_libraries-extras.cmake
[0.164s] -- Up-to-date symlink: /home/brace/codeSpace/navi/install/rtabmap_sync/share/rtabmap_sync/cmake/rtabmap_syncConfig.cmake
[0.164s] -- Up-to-date symlink: /home/brace/codeSpace/navi/install/rtabmap_sync/share/rtabmap_sync/cmake/rtabmap_syncConfig-version.cmake
[0.164s] -- Up-to-date symlink: /home/brace/codeSpace/navi/install/rtabmap_sync/share/rtabmap_sync/package.xml
[0.165s] -- Up-to-date: /home/brace/codeSpace/navi/install/rtabmap_sync/lib/librtabmap_sync.so
[0.165s] -- Up-to-date: /home/brace/codeSpace/navi/install/rtabmap_sync/lib/librtabmap_sync_plugins.so
[0.166s] -- Up-to-date: /home/brace/codeSpace/navi/install/rtabmap_sync/include
[0.166s] -- Up-to-date: /home/brace/codeSpace/navi/install/rtabmap_sync/include/rtabmap_sync
[0.166s] -- Up-to-date: /home/brace/codeSpace/navi/install/rtabmap_sync/include/rtabmap_sync/GetTopicName.h
[0.166s] -- Up-to-date: /home/brace/codeSpace/navi/install/rtabmap_sync/include/rtabmap_sync/SyncDiagnostic.h
[0.166s] -- Up-to-date: /home/brace/codeSpace/navi/install/rtabmap_sync/include/rtabmap_sync/visibility.h
[0.166s] -- Up-to-date: /home/brace/codeSpace/navi/install/rtabmap_sync/include/rtabmap_sync/CommonDataSubscriber.h
[0.166s] -- Up-to-date: /home/brace/codeSpace/navi/install/rtabmap_sync/include/rtabmap_sync/CommonDataSubscriberDefines.h
[0.166s] -- Up-to-date: /home/brace/codeSpace/navi/install/rtabmap_sync/share/rtabmap_sync/cmake/rtabmap_syncExport.cmake
[0.166s] -- Up-to-date: /home/brace/codeSpace/navi/install/rtabmap_sync/share/rtabmap_sync/cmake/rtabmap_syncExport-release.cmake
[0.172s] Invoked command in '/home/brace/codeSpace/navi/build/rtabmap_sync' returned '0': CMAKE_PREFIX_PATH=/home/brace/codeSpace/navi/install/rtabmap_conversions:/home/brace/codeSpace/navi/install/rtabmap_msgs:/home/brace/codeSpace/navi/install/rtabmap:/home/brace/codeSpace/navi/install/rtabmap_ros:/home/brace/codeSpace/navi/install/rtabmap_launch:/home/brace/codeSpace/navi/install/rtabmap_examples:/home/brace/codeSpace/navi/install/rtabmap_demos:/home/brace/codeSpace/navi/install/rtabmap_viz:/home/brace/codeSpace/navi/install/rtabmap_slam:/home/brace/codeSpace/navi/install/rtabmap_odom:/home/brace/codeSpace/navi/install/rtabmap_util:/home/brace/codeSpace/navi/install/rtabmap_sync:/home/brace/codeSpace/navi/install/rtabmap_rviz_plugins:/home/brace/codeSpace/navi/install/realsense2_rviz_plugin:/home/brace/codeSpace/navi/install/realsense2_description:/home/brace/codeSpace/navi/install/rtabmap_python:/home/brace/codeSpace/navi/install/realsense2_ros_mqtt_bridge:/opt/ros/humble LD_LIBRARY_PATH=/home/brace/codeSpace/navi/install/rtabmap_conversions/lib:/home/brace/codeSpace/navi/install/rtabmap_msgs/lib:/home/brace/codeSpace/navi/install/rtabmap/lib:/home/brace/codeSpace/navi/install/rtabmap_slam/lib:/home/brace/codeSpace/navi/install/rtabmap_odom/lib:/home/brace/codeSpace/navi/install/rtabmap_util/lib:/home/brace/codeSpace/navi/install/rtabmap_sync/lib:/home/brace/codeSpace/navi/install/rtabmap_rviz_plugins/lib:/opt/ros/humble/opt/rviz_ogre_vendor/lib:/opt/ros/humble/lib/x86_64-linux-gnu:/opt/ros/humble/lib /usr/bin/cmake --install /home/brace/codeSpace/navi/build/rtabmap_sync
