[0.607s] Invoking command in '/home/brace/codeSpace/navi/src/brace': PYTHONPATH=/home/brace/codeSpace/navi/build/brace/prefix_override:/usr/lib/python3/dist-packages/colcon_core/task/python/colcon_distutils_commands:/home/brace/codeSpace/navi/install/brace/lib/python3.10/site-packages:${PYTHONPATH} /usr/bin/python3 -W ignore:setup.py install is deprecated -W ignore:easy_install command is deprecated setup.py egg_info --egg-base ../navi/build/brace build --build-base /home/brace/codeSpace/navi/build/brace/build install --record /home/brace/codeSpace/navi/build/brace/install.log --single-version-externally-managed install_data
[0.776s] running egg_info
[0.776s] writing ../navi/build/brace/brace.egg-info/PKG-INFO
[0.776s] writing dependency_links to ../navi/build/brace/brace.egg-info/dependency_links.txt
[0.777s] writing entry points to ../navi/build/brace/brace.egg-info/entry_points.txt
[0.777s] writing requirements to ../navi/build/brace/brace.egg-info/requires.txt
[0.777s] writing top-level names to ../navi/build/brace/brace.egg-info/top_level.txt
[0.778s] reading manifest file '../navi/build/brace/brace.egg-info/SOURCES.txt'
[0.778s] writing manifest file '../navi/build/brace/brace.egg-info/SOURCES.txt'
[0.778s] running build
[0.778s] running build_py
[0.779s] running install
[0.779s] running install_lib
[0.780s] running install_data
[0.780s] copying urdf/brace.urdf -> /home/brace/codeSpace/navi/install/brace/share/brace/urdf
[0.780s] running install_egg_info
[0.782s] removing '/home/brace/codeSpace/navi/install/brace/lib/python3.10/site-packages/brace-0.0.0-py3.10.egg-info' (and everything under it)
[0.782s] Copying ../navi/build/brace/brace.egg-info to /home/brace/codeSpace/navi/install/brace/lib/python3.10/site-packages/brace-0.0.0-py3.10.egg-info
[0.782s] running install_scripts
[0.802s] writing list of installed files to '/home/brace/codeSpace/navi/build/brace/install.log'
[0.817s] Invoked command in '/home/brace/codeSpace/navi/src/brace' returned '0': PYTHONPATH=/home/brace/codeSpace/navi/build/brace/prefix_override:/usr/lib/python3/dist-packages/colcon_core/task/python/colcon_distutils_commands:/home/brace/codeSpace/navi/install/brace/lib/python3.10/site-packages:${PYTHONPATH} /usr/bin/python3 -W ignore:setup.py install is deprecated -W ignore:easy_install command is deprecated setup.py egg_info --egg-base ../navi/build/brace build --build-base /home/brace/codeSpace/navi/build/brace/build install --record /home/brace/codeSpace/navi/build/brace/install.log --single-version-externally-managed install_data
