[0.020s] Invoking command in '/home/brace/codeSpace/navi/build/rtabmap_util': AMENT_PREFIX_PATH=/home/brace/codeSpace/navi/install/rtabmap_conversions:/home/brace/codeSpace/navi/install/rtabmap_msgs:${AMENT_PREFIX_PATH} CMAKE_PREFIX_PATH=/home/brace/codeSpace/navi/install/rtabmap_conversions:/home/brace/codeSpace/navi/install/rtabmap_msgs:/home/brace/codeSpace/navi/install/rtabmap:/opt/ros/humble LD_LIBRARY_PATH=/home/brace/codeSpace/navi/install/rtabmap_conversions/lib:/home/brace/codeSpace/navi/install/rtabmap_msgs/lib:/home/brace/codeSpace/navi/install/rtabmap/lib:${LD_LIBRARY_PATH} PATH=/home/brace/codeSpace/navi/install/rtabmap/bin:${PATH} PKG_CONFIG_PATH=/home/brace/codeSpace/navi/install/rtabmap/lib/x86_64-linux-gnu/pkgconfig:/home/brace/codeSpace/navi/install/rtabmap/lib/pkgconfig PYTHONPATH=/home/brace/codeSpace/navi/install/rtabmap_msgs/local/lib/python3.10/dist-packages:${PYTHONPATH} /usr/bin/cmake --build /home/brace/codeSpace/navi/build/rtabmap_util -- -j16 -l16
[0.094s] [  2%] [32mBuilding CXX object CMakeFiles/rtabmap_util_plugins.dir/src/MapsManager.cpp.o[0m
[0.094s] [  5%] [32mBuilding CXX object CMakeFiles/rtabmap_util_plugins.dir/src/nodelets/point_cloud_xyzrgb.cpp.o[0m
[0.096s] [  7%] [32mBuilding CXX object CMakeFiles/rtabmap_util_plugins.dir/src/nodelets/disparity_to_depth.cpp.o[0m
[0.098s] [ 10%] [32mBuilding CXX object CMakeFiles/rtabmap_util_plugins.dir/src/nodelets/point_cloud_xyz.cpp.o[0m
[0.100s] [ 13%] [32mBuilding CXX object CMakeFiles/rtabmap_util_plugins.dir/src/nodelets/obstacles_detection.cpp.o[0m
[0.103s] [ 15%] [32mBuilding CXX object CMakeFiles/rtabmap_util_plugins.dir/src/nodelets/pointcloud_to_depthimage.cpp.o[0m
[0.103s] [ 18%] [32mBuilding CXX object CMakeFiles/rtabmap_util_plugins.dir/src/nodelets/point_cloud_aggregator.cpp.o[0m
[0.105s] [ 21%] [32mBuilding CXX object CMakeFiles/rtabmap_util_plugins.dir/src/nodelets/lidar_deskewing.cpp.o[0m
[0.105s] [ 23%] [32mBuilding CXX object CMakeFiles/rtabmap_util_plugins.dir/src/nodelets/point_cloud_assembler.cpp.o[0m
[0.106s] [ 26%] [32mBuilding CXX object CMakeFiles/rtabmap_util_plugins.dir/src/nodelets/rgbd_split.cpp.o[0m
[0.106s] [ 28%] [32mBuilding CXX object CMakeFiles/rtabmap_util_plugins.dir/src/nodelets/imu_to_tf.cpp.o[0m
[0.110s] [ 31%] [32mBuilding CXX object CMakeFiles/rtabmap_util_plugins.dir/src/nodelets/map_assembler.cpp.o[0m
[0.110s] [ 34%] [32mBuilding CXX object CMakeFiles/rtabmap_util_plugins.dir/src/nodelets/rgbd_relay.cpp.o[0m
[35.890s] [01m[K/home/brace/codeSpace/navi/src/rtabmap_ros/rtabmap_util/src/MapsManager.cpp:[m[K In member function ‘[01m[Kvoid rtabmap_util::MapsManager::publishMaps(const std::map<int, rtabmap::Transform>&, const rclcpp::Time&, const string&)[m[K’:
[35.924s] [01m[K/home/brace/codeSpace/navi/src/rtabmap_ros/rtabmap_util/src/MapsManager.cpp:852:55:[m[K [01;31m[Kerror: [m[K‘[01m[Kclass rtabmap::FlannIndex[m[K’ has no member named ‘[01m[KbuildKDTreeSingleIndex[m[K’
[35.926s]   852 |                                 assembledGroundIndex_.[01;31m[KbuildKDTreeSingleIndex[m[K(tmpGroundPts, 15);
[35.928s]       |                                                       [01;31m[K^~~~~~~~~~~~~~~~~~~~~~[m[K
[35.928s] [01m[K/home/brace/codeSpace/navi/src/rtabmap_ros/rtabmap_util/src/MapsManager.cpp:856:57:[m[K [01;31m[Kerror: [m[K‘[01m[Kclass rtabmap::FlannIndex[m[K’ has no member named ‘[01m[KbuildKDTreeSingleIndex[m[K’
[35.928s]   856 |                                 assembledObstacleIndex_.[01;31m[KbuildKDTreeSingleIndex[m[K(tmpObstaclePts, 15);
[35.929s]       |                                                         [01;31m[K^~~~~~~~~~~~~~~~~~~~~~[m[K
[35.929s] [01m[K/home/brace/codeSpace/navi/src/rtabmap_ros/rtabmap_util/src/MapsManager.cpp:897:87:[m[K [01;31m[Kerror: [m[K‘[01m[Kclass rtabmap::FlannIndex[m[K’ has no member named ‘[01m[KbuildKDTreeSingleIndex[m[K’
[35.929s]   897 |                                       assembledGroundIndex_.[01;31m[KbuildKDTreeSingleIndex[m[K(pts, 15);
[35.929s]       |                                                             [01;31m[K^~~~~~~~~~~~~~~~~~~~~~[m[K
[35.929s] 
[35.929s] [01m[K/home/brace/codeSpace/navi/src/rtabmap_ros/rtabmap_util/src/MapsManager.cpp:944:89:[m[K [01;31m[Kerror: [m[K‘[01m[Kclass rtabmap::FlannIndex[m[K’ has no member named ‘[01m[KbuildKDTreeSingleIndex[m[K’
[35.929s]   944 |                                     assembledObstacleIndex_.[01;31m[KbuildKDTreeSingleIndex[m[K(pts, 15);
[35.929s]       |                                                             [01;31m[K^~~~~~~~~~~~~~~~~~~~~~[m[K
[35.929s] 
[37.622s] gmake[2]: *** [CMakeFiles/rtabmap_util_plugins.dir/build.make:76：CMakeFiles/rtabmap_util_plugins.dir/src/MapsManager.cpp.o] 错误 1
[37.622s] gmake[2]: *** 正在等待未完成的任务....
[189.651s] gmake[1]: *** [CMakeFiles/Makefile2:161：CMakeFiles/rtabmap_util_plugins.dir/all] 错误 2
[189.654s] gmake: *** [Makefile:146：all] 错误 2
[189.698s] Invoked command in '/home/brace/codeSpace/navi/build/rtabmap_util' returned '2': AMENT_PREFIX_PATH=/home/brace/codeSpace/navi/install/rtabmap_conversions:/home/brace/codeSpace/navi/install/rtabmap_msgs:${AMENT_PREFIX_PATH} CMAKE_PREFIX_PATH=/home/brace/codeSpace/navi/install/rtabmap_conversions:/home/brace/codeSpace/navi/install/rtabmap_msgs:/home/brace/codeSpace/navi/install/rtabmap:/opt/ros/humble LD_LIBRARY_PATH=/home/brace/codeSpace/navi/install/rtabmap_conversions/lib:/home/brace/codeSpace/navi/install/rtabmap_msgs/lib:/home/brace/codeSpace/navi/install/rtabmap/lib:${LD_LIBRARY_PATH} PATH=/home/brace/codeSpace/navi/install/rtabmap/bin:${PATH} PKG_CONFIG_PATH=/home/brace/codeSpace/navi/install/rtabmap/lib/x86_64-linux-gnu/pkgconfig:/home/brace/codeSpace/navi/install/rtabmap/lib/pkgconfig PYTHONPATH=/home/brace/codeSpace/navi/install/rtabmap_msgs/local/lib/python3.10/dist-packages:${PYTHONPATH} /usr/bin/cmake --build /home/brace/codeSpace/navi/build/rtabmap_util -- -j16 -l16
