gmake[2]: *** 正在删除文件“map_assembler”
gmake[2]: *** 正在删除文件“disparity_to_depth”
gmake[2]: *** 正在删除文件“obstacles_detection”
gmake[2]: *** 正在删除文件“point_cloud_assembler”
gmake[2]: *** 正在删除文件“point_cloud_xyz”
gmake[2]: *** 正在删除文件“rgbd_relay”
gmake[2]: *** 正在删除文件“point_cloud_xyzrgb”
gmake[2]: *** 正在删除文件“lidar_deskewing”
gmake[2]: *** 正在删除文件“rgbd_split”
gmake[2]: *** 正在删除文件“pointcloud_to_depthimage”
gmake[2]: *** [CMakeFiles/rtabmap_map_assembler.dir/build.make:604: map_assembler] 中断
gmake[2]: *** [CMakeFiles/rtabmap_rgbd_relay.dir/build.make:604: rgbd_relay] 中断
gmake[1]: *** [CMakeFiles/Makefile2:239: CMakeFiles/rtabmap_map_assembler.dir/all] 中断
gmake[1]: *** [CMakeFiles/Makefile2:187: CMakeFiles/rtabmap_rgbd_relay.dir/all] 中断
gmake[2]: *** [CMakeFiles/rtabmap_obstacles_detection.dir/build.make:604: obstacles_detection] 中断
gmake[2]: *** [CMakeFiles/rtabmap_point_cloud_assembler.dir/build.make:604: point_cloud_assembler] 中断
gmake[2]: *** [CMakeFiles/rtabmap_point_cloud_xyz.dir/build.make:604: point_cloud_xyz] 中断
gmake[2]: *** [CMakeFiles/rtabmap_lidar_deskewing.dir/build.make:604: lidar_deskewing] 中断
gmake[2]: *** [CMakeFiles/rtabmap_disparity_to_depth.dir/build.make:604: disparity_to_depth] 中断
gmake[2]: *** 正在删除文件“imu_to_tf”
gmake[2]: *** [CMakeFiles/rtabmap_rgbd_split.dir/build.make:604: rgbd_split] 中断
gmake[1]: *** [CMakeFiles/Makefile2:291: CMakeFiles/rtabmap_disparity_to_depth.dir/all] 中断
gmake[1]: *** [CMakeFiles/Makefile2:317: CMakeFiles/rtabmap_lidar_deskewing.dir/all] 中断
gmake[1]: *** [CMakeFiles/Makefile2:421: CMakeFiles/rtabmap_obstacles_detection.dir/all] 中断
gmake[2]: *** 正在删除文件“point_cloud_aggregator”
gmake[2]: *** [CMakeFiles/rtabmap_pointcloud_to_depthimage.dir/build.make:604: pointcloud_to_depthimage] 中断
gmake[2]: *** [CMakeFiles/rtabmap_point_cloud_xyzrgb.dir/build.make:604: point_cloud_xyzrgb] 中断
gmake[1]: *** [CMakeFiles/Makefile2:343: CMakeFiles/rtabmap_point_cloud_xyz.dir/all] 中断
gmake[1]: *** [CMakeFiles/Makefile2:395: CMakeFiles/rtabmap_pointcloud_to_depthimage.dir/all] 中断
gmake[1]: *** [CMakeFiles/Makefile2:213: CMakeFiles/rtabmap_rgbd_split.dir/all] 中断
gmake[1]: *** [CMakeFiles/Makefile2:369: CMakeFiles/rtabmap_point_cloud_xyzrgb.dir/all] 中断
gmake[1]: *** [CMakeFiles/Makefile2:473: CMakeFiles/rtabmap_point_cloud_assembler.dir/all] 中断
gmake[2]: *** wait: 没有子进程。 停止。
gmake[2]: *** [CMakeFiles/rtabmap_imu_to_tf.dir/build.make:604: imu_to_tf] 中断
gmake[2]: *** 正在等待未完成的任务....
gmake[2]: *** wait: 没有子进程。 停止。
gmake[1]: *** [CMakeFiles/Makefile2:265: CMakeFiles/rtabmap_imu_to_tf.dir/all] 中断
gmake[1]: *** [CMakeFiles/Makefile2:447：CMakeFiles/rtabmap_point_cloud_aggregator.dir/all] 错误 2
gmake: *** [Makefile:146: all] 中断
