[0.009s] Invoking command in '/home/brace/codeSpace/navi/build/rtabmap_conversions': AMENT_PREFIX_PATH=/home/brace/codeSpace/navi/install/rtabmap_msgs:${AMENT_PREFIX_PATH} CMAKE_PREFIX_PATH=/home/brace/codeSpace/navi/install/rtabmap_msgs:/home/brace/codeSpace/navi/install/rtabmap:/opt/ros/humble LD_LIBRARY_PATH=/home/brace/codeSpace/navi/install/rtabmap_msgs/lib:/home/brace/codeSpace/navi/install/rtabmap/lib:${LD_LIBRARY_PATH} PATH=/home/brace/codeSpace/navi/install/rtabmap/bin:${PATH} PKG_CONFIG_PATH=/home/brace/codeSpace/navi/install/rtabmap/lib/x86_64-linux-gnu/pkgconfig:/home/brace/codeSpace/navi/install/rtabmap/lib/pkgconfig PYTHONPATH=/home/brace/codeSpace/navi/install/rtabmap_msgs/local/lib/python3.10/dist-packages:${PYTHONPATH} /usr/bin/cmake /home/brace/codeSpace/navi/src/rtabmap_ros/rtabmap_conversions -DCMAKE_INSTALL_PREFIX=/home/brace/codeSpace/navi/install/rtabmap_conversions
[0.021s] -- Found ament_cmake: 1.3.12 (/opt/ros/humble/share/ament_cmake/cmake)
[0.155s] -- Override CMake install command with custom implementation using symlinks instead of copying resources
[0.165s] -- Found cv_bridge: 3.2.1 (/opt/ros/humble/share/cv_bridge/cmake)
[0.192s] -- Found rosidl_generator_c: 3.1.7 (/opt/ros/humble/share/rosidl_generator_c/cmake)
[0.193s] -- Found rosidl_adapter: 3.1.7 (/opt/ros/humble/share/rosidl_adapter/cmake)
[0.197s] -- Found rosidl_generator_cpp: 3.1.7 (/opt/ros/humble/share/rosidl_generator_cpp/cmake)
[0.203s] -- Using all available rosidl_typesupport_c: rosidl_typesupport_fastrtps_c;rosidl_typesupport_introspection_c
[0.211s] -- Using all available rosidl_typesupport_cpp: rosidl_typesupport_fastrtps_cpp;rosidl_typesupport_introspection_cpp
[0.246s] -- Found image_geometry: 3.2.1 (/opt/ros/humble/share/image_geometry/cmake)
[0.248s] -- Found laser_geometry: 2.4.1 (/opt/ros/humble/share/laser_geometry/cmake)
[0.267s] -- Found rmw_implementation_cmake: 6.1.2 (/opt/ros/humble/share/rmw_implementation_cmake/cmake)
[0.268s] -- Found rmw_fastrtps_cpp: 6.2.9 (/opt/ros/humble/share/rmw_fastrtps_cpp/cmake)
[0.351s] -- Using RMW implementation 'rmw_fastrtps_cpp' as default
[0.380s] -- Found pcl_conversions: 2.4.5 (/opt/ros/humble/share/pcl_conversions/cmake)
[0.406s] -- Eigen found (include: /usr/include/eigen3, version: 3.4.0)
[0.430s] -- FLANN found (include: /usr/include, lib: /usr/lib/x86_64-linux-gnu/libflann_cpp.so)
[0.663s] -- OpenNI found (version: 1.5.4.0, include: /usr/include/ni, lib: /usr/lib/libOpenNI.so;libusb::libusb)
[0.666s] -- OpenNI2 found (version: 2.2.0.33, include: /usr/include/openni2, lib: /usr/lib/x86_64-linux-gnu/libOpenNI2.so;libusb::libusb)
[0.829s] -- Eigen found (include: /usr/include/eigen3, version: 3.4.0)
[0.841s] -- OpenNI found (version: 1.5.4.0, include: /usr/include/ni, lib: /usr/lib/libOpenNI.so;libusb::libusb)
[0.849s] -- OpenNI2 found (version: 2.2.0.33, include: /usr/include/openni2, lib: /usr/lib/x86_64-linux-gnu/libOpenNI2.so;libusb::libusb)
[0.997s] -- Found Qhull version 8.0.2
[1.152s] -- OpenNI found (version: 1.5.4.0, include: /usr/include/ni, lib: /usr/lib/libOpenNI.so;libusb::libusb)
[1.332s] -- Found rtabmap_msgs: 0.22.1 (/home/brace/codeSpace/navi/install/rtabmap_msgs/share/rtabmap_msgs/cmake)
[1.358s] -- Found tf2_eigen: 0.25.17 (/opt/ros/humble/share/tf2_eigen/cmake)
[1.482s] -- Found tf2_geometry_msgs: 0.25.17 (/opt/ros/humble/share/tf2_geometry_msgs/cmake)
[1.486s] -- Ensuring Eigen3 include directory is part of orocos-kdl CMake target
[1.494s] [33mCMake Warning (dev) at /usr/share/cmake-3.22/Modules/CMakeFindDependencyMacro.cmake:47 (find_package):
[1.494s]   Policy CMP0074 is not set: find_package uses <PackageName>_ROOT variables.
[1.494s]   Run "cmake --help-policy CMP0074" for policy details.  Use the cmake_policy
[1.494s]   command to set the policy and suppress this warning.
[1.494s] 
[1.494s]   CMake variable PCL_ROOT is set to:
[1.494s] 
[1.494s]     /usr
[1.494s] 
[1.494s]   For compatibility, CMake is ignoring the variable.
[1.495s] Call Stack (most recent call first):
[1.495s]   /home/brace/codeSpace/navi/install/rtabmap/lib/rtabmap-0.23/RTABMapConfig.cmake:7 (find_dependency)
[1.495s]   CMakeLists.txt:32 (find_package)
[1.495s] This warning is for project developers.  Use -Wno-dev to suppress it.
[1.495s] [0m
[1.622s] -- Configuring done
[1.685s] -- Generating done
[1.696s] -- Build files have been written to: /home/brace/codeSpace/navi/build/rtabmap_conversions
[1.721s] Invoked command in '/home/brace/codeSpace/navi/build/rtabmap_conversions' returned '0': AMENT_PREFIX_PATH=/home/brace/codeSpace/navi/install/rtabmap_msgs:${AMENT_PREFIX_PATH} CMAKE_PREFIX_PATH=/home/brace/codeSpace/navi/install/rtabmap_msgs:/home/brace/codeSpace/navi/install/rtabmap:/opt/ros/humble LD_LIBRARY_PATH=/home/brace/codeSpace/navi/install/rtabmap_msgs/lib:/home/brace/codeSpace/navi/install/rtabmap/lib:${LD_LIBRARY_PATH} PATH=/home/brace/codeSpace/navi/install/rtabmap/bin:${PATH} PKG_CONFIG_PATH=/home/brace/codeSpace/navi/install/rtabmap/lib/x86_64-linux-gnu/pkgconfig:/home/brace/codeSpace/navi/install/rtabmap/lib/pkgconfig PYTHONPATH=/home/brace/codeSpace/navi/install/rtabmap_msgs/local/lib/python3.10/dist-packages:${PYTHONPATH} /usr/bin/cmake /home/brace/codeSpace/navi/src/rtabmap_ros/rtabmap_conversions -DCMAKE_INSTALL_PREFIX=/home/brace/codeSpace/navi/install/rtabmap_conversions
[1.723s] Invoking command in '/home/brace/codeSpace/navi/build/rtabmap_conversions': AMENT_PREFIX_PATH=/home/brace/codeSpace/navi/install/rtabmap_msgs:${AMENT_PREFIX_PATH} CMAKE_PREFIX_PATH=/home/brace/codeSpace/navi/install/rtabmap_msgs:/home/brace/codeSpace/navi/install/rtabmap:/opt/ros/humble LD_LIBRARY_PATH=/home/brace/codeSpace/navi/install/rtabmap_msgs/lib:/home/brace/codeSpace/navi/install/rtabmap/lib:${LD_LIBRARY_PATH} PATH=/home/brace/codeSpace/navi/install/rtabmap/bin:${PATH} PKG_CONFIG_PATH=/home/brace/codeSpace/navi/install/rtabmap/lib/x86_64-linux-gnu/pkgconfig:/home/brace/codeSpace/navi/install/rtabmap/lib/pkgconfig PYTHONPATH=/home/brace/codeSpace/navi/install/rtabmap_msgs/local/lib/python3.10/dist-packages:${PYTHONPATH} /usr/bin/cmake --build /home/brace/codeSpace/navi/build/rtabmap_conversions -- -j16 -l16
[1.800s] [35m[1mConsolidate compiler generated dependencies of target rtabmap_conversions[0m
[1.860s] [100%] Built target rtabmap_conversions
[1.892s] Invoked command in '/home/brace/codeSpace/navi/build/rtabmap_conversions' returned '0': AMENT_PREFIX_PATH=/home/brace/codeSpace/navi/install/rtabmap_msgs:${AMENT_PREFIX_PATH} CMAKE_PREFIX_PATH=/home/brace/codeSpace/navi/install/rtabmap_msgs:/home/brace/codeSpace/navi/install/rtabmap:/opt/ros/humble LD_LIBRARY_PATH=/home/brace/codeSpace/navi/install/rtabmap_msgs/lib:/home/brace/codeSpace/navi/install/rtabmap/lib:${LD_LIBRARY_PATH} PATH=/home/brace/codeSpace/navi/install/rtabmap/bin:${PATH} PKG_CONFIG_PATH=/home/brace/codeSpace/navi/install/rtabmap/lib/x86_64-linux-gnu/pkgconfig:/home/brace/codeSpace/navi/install/rtabmap/lib/pkgconfig PYTHONPATH=/home/brace/codeSpace/navi/install/rtabmap_msgs/local/lib/python3.10/dist-packages:${PYTHONPATH} /usr/bin/cmake --build /home/brace/codeSpace/navi/build/rtabmap_conversions -- -j16 -l16
[1.900s] Invoking command in '/home/brace/codeSpace/navi/build/rtabmap_conversions': AMENT_PREFIX_PATH=/home/brace/codeSpace/navi/install/rtabmap_msgs:${AMENT_PREFIX_PATH} CMAKE_PREFIX_PATH=/home/brace/codeSpace/navi/install/rtabmap_msgs:/home/brace/codeSpace/navi/install/rtabmap:/opt/ros/humble LD_LIBRARY_PATH=/home/brace/codeSpace/navi/install/rtabmap_msgs/lib:/home/brace/codeSpace/navi/install/rtabmap/lib:${LD_LIBRARY_PATH} PATH=/home/brace/codeSpace/navi/install/rtabmap/bin:${PATH} PKG_CONFIG_PATH=/home/brace/codeSpace/navi/install/rtabmap/lib/x86_64-linux-gnu/pkgconfig:/home/brace/codeSpace/navi/install/rtabmap/lib/pkgconfig PYTHONPATH=/home/brace/codeSpace/navi/install/rtabmap_msgs/local/lib/python3.10/dist-packages:${PYTHONPATH} /usr/bin/cmake --install /home/brace/codeSpace/navi/build/rtabmap_conversions
[1.906s] -- Install configuration: "Release"
[1.906s] -- Execute custom install script
[1.906s] -- Up-to-date symlink: /home/brace/codeSpace/navi/install/rtabmap_conversions/share/rtabmap_conversions/environment/library_path.sh
[1.907s] -- Up-to-date symlink: /home/brace/codeSpace/navi/install/rtabmap_conversions/share/rtabmap_conversions/environment/library_path.dsv
[1.908s] -- Up-to-date symlink: /home/brace/codeSpace/navi/install/rtabmap_conversions/share/ament_index/resource_index/package_run_dependencies/rtabmap_conversions
[1.912s] -- Up-to-date symlink: /home/brace/codeSpace/navi/install/rtabmap_conversions/share/ament_index/resource_index/parent_prefix_path/rtabmap_conversions
[1.913s] -- Up-to-date symlink: /home/brace/codeSpace/navi/install/rtabmap_conversions/share/rtabmap_conversions/environment/ament_prefix_path.sh
[1.913s] -- Up-to-date symlink: /home/brace/codeSpace/navi/install/rtabmap_conversions/share/rtabmap_conversions/environment/ament_prefix_path.dsv
[1.914s] -- Up-to-date symlink: /home/brace/codeSpace/navi/install/rtabmap_conversions/share/rtabmap_conversions/environment/path.sh
[1.914s] -- Up-to-date symlink: /home/brace/codeSpace/navi/install/rtabmap_conversions/share/rtabmap_conversions/environment/path.dsv
[1.915s] -- Up-to-date symlink: /home/brace/codeSpace/navi/install/rtabmap_conversions/share/rtabmap_conversions/local_setup.bash
[1.915s] -- Up-to-date symlink: /home/brace/codeSpace/navi/install/rtabmap_conversions/share/rtabmap_conversions/local_setup.sh
[1.916s] -- Up-to-date symlink: /home/brace/codeSpace/navi/install/rtabmap_conversions/share/rtabmap_conversions/local_setup.zsh
[1.916s] -- Up-to-date symlink: /home/brace/codeSpace/navi/install/rtabmap_conversions/share/rtabmap_conversions/local_setup.dsv
[1.917s] -- Symlinking: /home/brace/codeSpace/navi/install/rtabmap_conversions/share/rtabmap_conversions/package.dsv
[1.921s] -- Up-to-date symlink: /home/brace/codeSpace/navi/install/rtabmap_conversions/share/ament_index/resource_index/packages/rtabmap_conversions
[1.923s] -- Up-to-date symlink: /home/brace/codeSpace/navi/install/rtabmap_conversions/share/rtabmap_conversions/cmake/ament_cmake_export_dependencies-extras.cmake
[1.923s] -- Up-to-date symlink: /home/brace/codeSpace/navi/install/rtabmap_conversions/share/rtabmap_conversions/cmake/ament_cmake_export_include_directories-extras.cmake
[1.924s] -- Up-to-date symlink: /home/brace/codeSpace/navi/install/rtabmap_conversions/share/rtabmap_conversions/cmake/ament_cmake_export_targets-extras.cmake
[1.924s] -- Up-to-date symlink: /home/brace/codeSpace/navi/install/rtabmap_conversions/share/rtabmap_conversions/cmake/ament_cmake_export_libraries-extras.cmake
[1.925s] -- Up-to-date symlink: /home/brace/codeSpace/navi/install/rtabmap_conversions/share/rtabmap_conversions/cmake/rtabmap_conversionsConfig.cmake
[1.925s] -- Up-to-date symlink: /home/brace/codeSpace/navi/install/rtabmap_conversions/share/rtabmap_conversions/cmake/rtabmap_conversionsConfig-version.cmake
[1.926s] -- Up-to-date symlink: /home/brace/codeSpace/navi/install/rtabmap_conversions/share/rtabmap_conversions/package.xml
[1.927s] -- Up-to-date: /home/brace/codeSpace/navi/install/rtabmap_conversions/lib/librtabmap_conversions.so
[1.928s] -- Up-to-date: /home/brace/codeSpace/navi/install/rtabmap_conversions/include
[1.928s] -- Up-to-date: /home/brace/codeSpace/navi/install/rtabmap_conversions/include/rtabmap_conversions
[1.929s] -- Up-to-date: /home/brace/codeSpace/navi/install/rtabmap_conversions/include/rtabmap_conversions/MsgConversion.h
[1.929s] -- Up-to-date: /home/brace/codeSpace/navi/install/rtabmap_conversions/share/rtabmap_conversions/cmake/rtabmap_conversionsExport.cmake
[1.930s] -- Up-to-date: /home/brace/codeSpace/navi/install/rtabmap_conversions/share/rtabmap_conversions/cmake/rtabmap_conversionsExport-release.cmake
[1.930s] Invoked command in '/home/brace/codeSpace/navi/build/rtabmap_conversions' returned '0': AMENT_PREFIX_PATH=/home/brace/codeSpace/navi/install/rtabmap_msgs:${AMENT_PREFIX_PATH} CMAKE_PREFIX_PATH=/home/brace/codeSpace/navi/install/rtabmap_msgs:/home/brace/codeSpace/navi/install/rtabmap:/opt/ros/humble LD_LIBRARY_PATH=/home/brace/codeSpace/navi/install/rtabmap_msgs/lib:/home/brace/codeSpace/navi/install/rtabmap/lib:${LD_LIBRARY_PATH} PATH=/home/brace/codeSpace/navi/install/rtabmap/bin:${PATH} PKG_CONFIG_PATH=/home/brace/codeSpace/navi/install/rtabmap/lib/x86_64-linux-gnu/pkgconfig:/home/brace/codeSpace/navi/install/rtabmap/lib/pkgconfig PYTHONPATH=/home/brace/codeSpace/navi/install/rtabmap_msgs/local/lib/python3.10/dist-packages:${PYTHONPATH} /usr/bin/cmake --install /home/brace/codeSpace/navi/build/rtabmap_conversions
