-- Eigen found (include: /usr/include/eigen3, version: 3.4.0)
-- OpenNI found (version: 1.5.4.0, include: /usr/include/ni, lib: /usr/lib/libOpenNI.so;libusb::libusb)
-- OpenNI2 found (version: 2.2.0.33, include: /usr/include/openni2, lib: /usr/lib/x86_64-linux-gnu/libOpenNI2.so;libusb::libusb)
-- Found Eigen3: /usr/include/eigen3 (found version "3.4.0") 
-- Eigen found (include: /usr/include/eigen3, version: 3.4.0)
-- FLANN found (include: /usr/include, lib: /usr/lib/x86_64-linux-gnu/libflann_cpp.so)
-- Found Qhull version 8.0.2
-- OpenNI found (version: 1.5.4.0, include: /usr/include/ni, lib: /usr/lib/libOpenNI.so;libusb::libusb)
-- OpenNI2 found (version: 2.2.0.33, include: /usr/include/openni2, lib: /usr/lib/x86_64-linux-gnu/libOpenNI2.so;libusb::libusb)
-- looking for PCL_COMMON
-- looking for PCL_OCTREE
-- looking for PCL_IO
-- looking for PCL_KDTREE
-- looking for PCL_SEARCH
-- looking for PCL_SURFACE
-- looking for PCL_FILTERS
-- looking for PCL_2D
-- looking for PCL_FEATURES
-- looking for PCL_REGISTRATION
-- looking for PCL_SAMPLE_CONSENSUS
-- looking for PCL_GEOMETRY
-- looking for PCL_ML
-- looking for PCL_SEGMENTATION
-- looking for PCL_VISUALIZATION
-- RTABMap=rtabmap::utilite;rtabmap::core;rtabmap::gui
-- Found ament_cmake: 1.3.12 (/opt/ros/humble/share/ament_cmake/cmake)
-- Override CMake install command with custom implementation using symlinks instead of copying resources
-- Found cv_bridge: 3.2.1 (/opt/ros/humble/share/cv_bridge/cmake)
-- Found rosidl_generator_c: 3.1.7 (/opt/ros/humble/share/rosidl_generator_c/cmake)
-- Found rosidl_adapter: 3.1.7 (/opt/ros/humble/share/rosidl_adapter/cmake)
-- Found rosidl_generator_cpp: 3.1.7 (/opt/ros/humble/share/rosidl_generator_cpp/cmake)
-- Using all available rosidl_typesupport_c: rosidl_typesupport_fastrtps_c;rosidl_typesupport_introspection_c
-- Using all available rosidl_typesupport_cpp: rosidl_typesupport_fastrtps_cpp;rosidl_typesupport_introspection_cpp
-- Found image_transport: 3.1.12 (/opt/ros/humble/share/image_transport/cmake)
-- Found rmw_implementation_cmake: 6.1.2 (/opt/ros/humble/share/rmw_implementation_cmake/cmake)
-- Found rmw_fastrtps_cpp: 6.2.9 (/opt/ros/humble/share/rmw_fastrtps_cpp/cmake)
-- Using RMW implementation 'rmw_fastrtps_cpp' as default
-- Found rclcpp_components: 16.0.16 (/opt/ros/humble/share/rclcpp_components/cmake)
-- Found stereo_msgs: 4.9.0 (/opt/ros/humble/share/stereo_msgs/cmake)
-- Found nav_msgs: 4.9.0 (/opt/ros/humble/share/nav_msgs/cmake)
-- Found tf2: 0.25.17 (/opt/ros/humble/share/tf2/cmake)
-- Found tf2_geometry_msgs: 0.25.17 (/opt/ros/humble/share/tf2_geometry_msgs/cmake)
-- Found eigen3_cmake_module: 0.1.1 (/opt/ros/humble/share/eigen3_cmake_module/cmake)
-- Found Eigen3: TRUE (found version "3.4.0") 
-- Ensuring Eigen3 include directory is part of orocos-kdl CMake target
-- Found laser_geometry: 2.4.1 (/opt/ros/humble/share/laser_geometry/cmake)
-- Found pcl_conversions: 2.4.5 (/opt/ros/humble/share/pcl_conversions/cmake)
-- Found pcl_ros: 2.4.5 (/opt/ros/humble/share/pcl_ros/cmake)
-- Found rtabmap_msgs: 0.22.1 (/home/brace/codeSpace/navi/install/rtabmap_msgs/share/rtabmap_msgs/cmake)
-- Found rtabmap_conversions: 0.22.1 (/home/brace/codeSpace/navi/install/rtabmap_conversions/share/rtabmap_conversions/cmake)
-- Found octomap_msgs: 2.0.1 (/opt/ros/humble/share/octomap_msgs/cmake)
-- Found grid_map_ros: 2.0.1 (/opt/ros/humble/share/grid_map_ros/cmake)
-- WITH octomap_msgs
-- WITH grid_map_ros
-- Configuring done
-- Generating done
-- Build files have been written to: /home/brace/codeSpace/navi/build/rtabmap_util
Consolidate compiler generated dependencies of target rtabmap_util_plugins
[  2%] Building CXX object CMakeFiles/rtabmap_util_plugins.dir/src/MapsManager.cpp.o
[  7%] Building CXX object CMakeFiles/rtabmap_util_plugins.dir/src/nodelets/point_cloud_xyzrgb.cpp.o
[  7%] Building CXX object CMakeFiles/rtabmap_util_plugins.dir/src/nodelets/point_cloud_xyz.cpp.o
[ 10%] Building CXX object CMakeFiles/rtabmap_util_plugins.dir/src/nodelets/disparity_to_depth.cpp.o
[ 13%] Building CXX object CMakeFiles/rtabmap_util_plugins.dir/src/nodelets/obstacles_detection.cpp.o
[ 15%] Building CXX object CMakeFiles/rtabmap_util_plugins.dir/src/nodelets/pointcloud_to_depthimage.cpp.o
[ 18%] Building CXX object CMakeFiles/rtabmap_util_plugins.dir/src/nodelets/point_cloud_aggregator.cpp.o
[ 21%] Building CXX object CMakeFiles/rtabmap_util_plugins.dir/src/nodelets/point_cloud_assembler.cpp.o
[ 23%] Building CXX object CMakeFiles/rtabmap_util_plugins.dir/src/nodelets/imu_to_tf.cpp.o
[ 26%] Building CXX object CMakeFiles/rtabmap_util_plugins.dir/src/nodelets/rgbd_relay.cpp.o
[ 28%] Building CXX object CMakeFiles/rtabmap_util_plugins.dir/src/nodelets/lidar_deskewing.cpp.o
[ 31%] Building CXX object CMakeFiles/rtabmap_util_plugins.dir/src/nodelets/rgbd_split.cpp.o
[ 34%] Building CXX object CMakeFiles/rtabmap_util_plugins.dir/src/nodelets/map_assembler.cpp.o
[ 36%] Linking CXX shared library librtabmap_util_plugins.so
[ 36%] Built target rtabmap_util_plugins
Consolidate compiler generated dependencies of target rtabmap_rgbd_split
Consolidate compiler generated dependencies of target rtabmap_imu_to_tf
Consolidate compiler generated dependencies of target rtabmap_disparity_to_depth
Consolidate compiler generated dependencies of target rtabmap_rgbd_relay
Consolidate compiler generated dependencies of target rtabmap_map_assembler
Consolidate compiler generated dependencies of target rtabmap_lidar_deskewing
[ 39%] Building CXX object CMakeFiles/rtabmap_rgbd_relay.dir/src/RGBDRelayNode.cpp.o
[ 44%] Building CXX object CMakeFiles/rtabmap_imu_to_tf.dir/src/ImuToTFNode.cpp.o
[ 44%] Building CXX object CMakeFiles/rtabmap_rgbd_split.dir/src/RGBDSplitNode.cpp.o
[ 47%] Building CXX object CMakeFiles/rtabmap_disparity_to_depth.dir/src/DisparityToDepthNode.cpp.o
[ 50%] Building CXX object CMakeFiles/rtabmap_lidar_deskewing.dir/src/LidarDeskewingNode.cpp.o
[ 52%] Building CXX object CMakeFiles/rtabmap_map_assembler.dir/src/MapAssemblerNode.cpp.o
[ 55%] Linking CXX executable rgbd_relay
[ 57%] Linking CXX executable disparity_to_depth
[ 60%] Linking CXX executable imu_to_tf
[ 63%] Linking CXX executable lidar_deskewing
[ 65%] Linking CXX executable rgbd_split
[ 65%] Built target rtabmap_rgbd_relay
[ 65%] Built target rtabmap_disparity_to_depth
Consolidate compiler generated dependencies of target rtabmap_pointcloud_to_depthimage
Consolidate compiler generated dependencies of target rtabmap_point_cloud_assembler
Consolidate compiler generated dependencies of target rtabmap_point_cloud_aggregator
Consolidate compiler generated dependencies of target rtabmap_obstacles_detection
Consolidate compiler generated dependencies of target rtabmap_point_cloud_xyzrgb
Consolidate compiler generated dependencies of target rtabmap_point_cloud_xyz
[ 68%] Building CXX object CMakeFiles/rtabmap_pointcloud_to_depthimage.dir/src/PointCloudToDepthImageNode.cpp.o
[ 71%] Building CXX object CMakeFiles/rtabmap_point_cloud_aggregator.dir/src/PointCloudAggregatorNode.cpp.o
[ 73%] Building CXX object CMakeFiles/rtabmap_point_cloud_xyzrgb.dir/src/PointCloudXYZRGBNode.cpp.o
[ 76%] Building CXX object CMakeFiles/rtabmap_point_cloud_assembler.dir/src/PointCloudAssemblerNode.cpp.o
[ 78%] Building CXX object CMakeFiles/rtabmap_point_cloud_xyz.dir/src/PointCloudXYZNode.cpp.o
[ 81%] Building CXX object CMakeFiles/rtabmap_obstacles_detection.dir/src/ObstaclesDetectionNode.cpp.o
[ 81%] Built target rtabmap_lidar_deskewing
[ 81%] Built target rtabmap_imu_to_tf
[ 81%] Built target rtabmap_rgbd_split
[ 84%] Linking CXX executable point_cloud_aggregator
[ 86%] Linking CXX executable pointcloud_to_depthimage
[ 89%] Linking CXX executable point_cloud_xyz
[ 92%] Linking CXX executable map_assembler
[ 92%] Built target rtabmap_point_cloud_aggregator
[ 92%] Built target rtabmap_pointcloud_to_depthimage
[ 94%] Linking CXX executable point_cloud_xyzrgb
[ 94%] Built target rtabmap_point_cloud_xyz
[ 94%] Built target rtabmap_point_cloud_xyzrgb
[ 94%] Built target rtabmap_map_assembler
[ 97%] Linking CXX executable obstacles_detection
[100%] Linking CXX executable point_cloud_assembler
[100%] Built target rtabmap_point_cloud_assembler
[100%] Built target rtabmap_obstacles_detection
-- Install configuration: "Release"
-- Execute custom install script
-- Up-to-date symlink: /home/brace/codeSpace/navi/install/rtabmap_util/share/rtabmap_util/environment/library_path.sh
-- Up-to-date symlink: /home/brace/codeSpace/navi/install/rtabmap_util/share/rtabmap_util/environment/library_path.dsv
-- Up-to-date symlink: /home/brace/codeSpace/navi/install/rtabmap_util/lib/rtabmap_util/transform_to_tf.py
-- Up-to-date symlink: /home/brace/codeSpace/navi/install/rtabmap_util/lib/rtabmap_util/yaml_to_camera_info.py
-- Up-to-date symlink: /home/brace/codeSpace/navi/install/rtabmap_util/lib/rtabmap_util/republish_tf_static.py
-- Up-to-date symlink: /home/brace/codeSpace/navi/install/rtabmap_util/lib/rtabmap_util/imu_to_tf
-- Up-to-date symlink: /home/brace/codeSpace/navi/install/rtabmap_util/lib/rtabmap_util/disparity_to_depth
-- Up-to-date symlink: /home/brace/codeSpace/navi/install/rtabmap_util/lib/rtabmap_util/rgbd_relay
-- Up-to-date symlink: /home/brace/codeSpace/navi/install/rtabmap_util/lib/rtabmap_util/rgbd_split
-- Up-to-date symlink: /home/brace/codeSpace/navi/install/rtabmap_util/lib/rtabmap_util/lidar_deskewing
-- Up-to-date symlink: /home/brace/codeSpace/navi/install/rtabmap_util/lib/rtabmap_util/point_cloud_xyz
-- Up-to-date symlink: /home/brace/codeSpace/navi/install/rtabmap_util/lib/rtabmap_util/point_cloud_xyzrgb
-- Up-to-date symlink: /home/brace/codeSpace/navi/install/rtabmap_util/lib/rtabmap_util/pointcloud_to_depthimage
-- Up-to-date symlink: /home/brace/codeSpace/navi/install/rtabmap_util/lib/rtabmap_util/obstacles_detection
-- Up-to-date symlink: /home/brace/codeSpace/navi/install/rtabmap_util/lib/rtabmap_util/point_cloud_aggregator
-- Up-to-date symlink: /home/brace/codeSpace/navi/install/rtabmap_util/lib/rtabmap_util/point_cloud_assembler
-- Up-to-date symlink: /home/brace/codeSpace/navi/install/rtabmap_util/lib/rtabmap_util/map_assembler
-- Up-to-date symlink: /home/brace/codeSpace/navi/install/rtabmap_util/share/ament_index/resource_index/package_run_dependencies/rtabmap_util
-- Up-to-date symlink: /home/brace/codeSpace/navi/install/rtabmap_util/share/ament_index/resource_index/parent_prefix_path/rtabmap_util
-- Up-to-date symlink: /home/brace/codeSpace/navi/install/rtabmap_util/share/rtabmap_util/environment/ament_prefix_path.sh
-- Up-to-date symlink: /home/brace/codeSpace/navi/install/rtabmap_util/share/rtabmap_util/environment/ament_prefix_path.dsv
-- Up-to-date symlink: /home/brace/codeSpace/navi/install/rtabmap_util/share/rtabmap_util/environment/path.sh
-- Up-to-date symlink: /home/brace/codeSpace/navi/install/rtabmap_util/share/rtabmap_util/environment/path.dsv
-- Up-to-date symlink: /home/brace/codeSpace/navi/install/rtabmap_util/share/rtabmap_util/local_setup.bash
-- Up-to-date symlink: /home/brace/codeSpace/navi/install/rtabmap_util/share/rtabmap_util/local_setup.sh
-- Up-to-date symlink: /home/brace/codeSpace/navi/install/rtabmap_util/share/rtabmap_util/local_setup.zsh
-- Up-to-date symlink: /home/brace/codeSpace/navi/install/rtabmap_util/share/rtabmap_util/local_setup.dsv
-- Symlinking: /home/brace/codeSpace/navi/install/rtabmap_util/share/rtabmap_util/package.dsv
-- Up-to-date symlink: /home/brace/codeSpace/navi/install/rtabmap_util/share/ament_index/resource_index/packages/rtabmap_util
-- Up-to-date symlink: /home/brace/codeSpace/navi/install/rtabmap_util/share/ament_index/resource_index/rclcpp_components/rtabmap_util
-- Up-to-date symlink: /home/brace/codeSpace/navi/install/rtabmap_util/share/rtabmap_util/cmake/ament_cmake_export_dependencies-extras.cmake
-- Up-to-date symlink: /home/brace/codeSpace/navi/install/rtabmap_util/share/rtabmap_util/cmake/ament_cmake_export_include_directories-extras.cmake
-- Up-to-date symlink: /home/brace/codeSpace/navi/install/rtabmap_util/share/rtabmap_util/cmake/ament_cmake_export_targets-extras.cmake
-- Up-to-date symlink: /home/brace/codeSpace/navi/install/rtabmap_util/share/rtabmap_util/cmake/ament_cmake_export_libraries-extras.cmake
-- Up-to-date symlink: /home/brace/codeSpace/navi/install/rtabmap_util/share/rtabmap_util/cmake/rtabmap_utilConfig.cmake
-- Up-to-date symlink: /home/brace/codeSpace/navi/install/rtabmap_util/share/rtabmap_util/cmake/rtabmap_utilConfig-version.cmake
-- Up-to-date symlink: /home/brace/codeSpace/navi/install/rtabmap_util/share/rtabmap_util/package.xml
-- Installing: /home/brace/codeSpace/navi/install/rtabmap_util/lib/librtabmap_util_plugins.so
-- Set runtime path of "/home/brace/codeSpace/navi/install/rtabmap_util/lib/librtabmap_util_plugins.so" to ""
-- Up-to-date: /home/brace/codeSpace/navi/install/rtabmap_util/include
-- Up-to-date: /home/brace/codeSpace/navi/install/rtabmap_util/include/rtabmap_util
-- Up-to-date: /home/brace/codeSpace/navi/install/rtabmap_util/include/rtabmap_util/MapsManager.h
-- Up-to-date: /home/brace/codeSpace/navi/install/rtabmap_util/include/rtabmap_util/visibility.h
-- Up-to-date: /home/brace/codeSpace/navi/install/rtabmap_util/include/rtabmap_util/ULogToRosout.h
-- Up-to-date: /home/brace/codeSpace/navi/install/rtabmap_util/share/rtabmap_util/cmake/rtabmap_utilExport.cmake
-- Up-to-date: /home/brace/codeSpace/navi/install/rtabmap_util/share/rtabmap_util/cmake/rtabmap_utilExport-release.cmake
