[0.408s] Invoking command in '/home/brace/codeSpace/navi/build/realsense2_rviz_plugin': CMAKE_PREFIX_PATH=/opt/ros/humble /usr/bin/cmake --build /home/brace/codeSpace/navi/build/realsense2_rviz_plugin -- -j16 -l16
[0.469s] Invoked command in '/home/brace/codeSpace/navi/build/realsense2_rviz_plugin' returned '0': CMAKE_PREFIX_PATH=/opt/ros/humble /usr/bin/cmake --build /home/brace/codeSpace/navi/build/realsense2_rviz_plugin -- -j16 -l16
[0.473s] Invoking command in '/home/brace/codeSpace/navi/build/realsense2_rviz_plugin': CMAKE_PREFIX_PATH=/opt/ros/humble /usr/bin/cmake --install /home/brace/codeSpace/navi/build/realsense2_rviz_plugin
[0.481s] -- Install configuration: ""
[0.481s] -- Up-to-date: /home/brace/codeSpace/navi/install/realsense2_rviz_plugin/share/realsense2_rviz_plugin/config/rviz_rgbd_plugin_settings.yaml
[0.481s] -- Up-to-date: /home/brace/codeSpace/navi/install/realsense2_rviz_plugin/share/ament_index/resource_index/package_run_dependencies/realsense2_rviz_plugin
[0.481s] -- Up-to-date: /home/brace/codeSpace/navi/install/realsense2_rviz_plugin/share/ament_index/resource_index/parent_prefix_path/realsense2_rviz_plugin
[0.481s] -- Up-to-date: /home/brace/codeSpace/navi/install/realsense2_rviz_plugin/share/realsense2_rviz_plugin/environment/ament_prefix_path.sh
[0.481s] -- Up-to-date: /home/brace/codeSpace/navi/install/realsense2_rviz_plugin/share/realsense2_rviz_plugin/environment/ament_prefix_path.dsv
[0.481s] -- Up-to-date: /home/brace/codeSpace/navi/install/realsense2_rviz_plugin/share/realsense2_rviz_plugin/environment/path.sh
[0.481s] -- Up-to-date: /home/brace/codeSpace/navi/install/realsense2_rviz_plugin/share/realsense2_rviz_plugin/environment/path.dsv
[0.481s] -- Up-to-date: /home/brace/codeSpace/navi/install/realsense2_rviz_plugin/share/realsense2_rviz_plugin/local_setup.bash
[0.481s] -- Up-to-date: /home/brace/codeSpace/navi/install/realsense2_rviz_plugin/share/realsense2_rviz_plugin/local_setup.sh
[0.481s] -- Up-to-date: /home/brace/codeSpace/navi/install/realsense2_rviz_plugin/share/realsense2_rviz_plugin/local_setup.zsh
[0.481s] -- Up-to-date: /home/brace/codeSpace/navi/install/realsense2_rviz_plugin/share/realsense2_rviz_plugin/local_setup.dsv
[0.481s] -- Installing: /home/brace/codeSpace/navi/install/realsense2_rviz_plugin/share/realsense2_rviz_plugin/package.dsv
[0.482s] -- Up-to-date: /home/brace/codeSpace/navi/install/realsense2_rviz_plugin/share/ament_index/resource_index/packages/realsense2_rviz_plugin
[0.482s] -- Up-to-date: /home/brace/codeSpace/navi/install/realsense2_rviz_plugin/share/realsense2_rviz_plugin/cmake/realsense2_rviz_pluginConfig.cmake
[0.482s] -- Up-to-date: /home/brace/codeSpace/navi/install/realsense2_rviz_plugin/share/realsense2_rviz_plugin/cmake/realsense2_rviz_pluginConfig-version.cmake
[0.482s] -- Up-to-date: /home/brace/codeSpace/navi/install/realsense2_rviz_plugin/share/realsense2_rviz_plugin/package.xml
[0.487s] Invoked command in '/home/brace/codeSpace/navi/build/realsense2_rviz_plugin' returned '0': CMAKE_PREFIX_PATH=/opt/ros/humble /usr/bin/cmake --install /home/brace/codeSpace/navi/build/realsense2_rviz_plugin
