[0.056s] Invoking command in '/home/brace/codeSpace/navi/build/rtabmap_sync': AMENT_PREFIX_PATH=/home/brace/codeSpace/navi/install/rtabmap_conversions:/home/brace/codeSpace/navi/install/rtabmap_msgs:${AMENT_PREFIX_PATH} CMAKE_PREFIX_PATH=/home/brace/codeSpace/navi/install/rtabmap_conversions:/home/brace/codeSpace/navi/install/rtabmap_msgs:/home/brace/codeSpace/navi/install/rtabmap:/opt/ros/humble LD_LIBRARY_PATH=/home/brace/codeSpace/navi/install/rtabmap_conversions/lib:/home/brace/codeSpace/navi/install/rtabmap_msgs/lib:/home/brace/codeSpace/navi/install/rtabmap/lib:${LD_LIBRARY_PATH} PATH=/home/brace/codeSpace/navi/install/rtabmap/bin:${PATH} PKG_CONFIG_PATH=/home/brace/codeSpace/navi/install/rtabmap/lib/x86_64-linux-gnu/pkgconfig:/home/brace/codeSpace/navi/install/rtabmap/lib/pkgconfig PYTHONPATH=/home/brace/codeSpace/navi/install/rtabmap_msgs/local/lib/python3.10/dist-packages:${PYTHONPATH} /usr/bin/cmake /home/brace/codeSpace/navi/src/rtabmap_ros/rtabmap_sync -DCMAKE_INSTALL_PREFIX=/home/brace/codeSpace/navi/install/rtabmap_sync
[0.082s] -- Found cv_bridge: 3.2.1 (/opt/ros/humble/share/cv_bridge/cmake)
[0.304s] -- Override CMake install command with custom implementation using symlinks instead of copying resources
[0.385s] -- Found rosidl_generator_c: 3.1.7 (/opt/ros/humble/share/rosidl_generator_c/cmake)
[0.387s] -- Found rosidl_adapter: 3.1.7 (/opt/ros/humble/share/rosidl_adapter/cmake)
[0.395s] -- Found rosidl_generator_cpp: 3.1.7 (/opt/ros/humble/share/rosidl_generator_cpp/cmake)
[0.406s] -- Using all available rosidl_typesupport_c: rosidl_typesupport_fastrtps_c;rosidl_typesupport_introspection_c
[0.420s] -- Using all available rosidl_typesupport_cpp: rosidl_typesupport_fastrtps_cpp;rosidl_typesupport_introspection_cpp
[0.483s] -- Found image_transport: 3.1.12 (/opt/ros/humble/share/image_transport/cmake)
[0.516s] -- Found rmw_implementation_cmake: 6.1.2 (/opt/ros/humble/share/rmw_implementation_cmake/cmake)
[0.518s] -- Found rmw_fastrtps_cpp: 6.2.9 (/opt/ros/humble/share/rmw_fastrtps_cpp/cmake)
[0.666s] -- Using RMW implementation 'rmw_fastrtps_cpp' as default
[0.710s] -- Found nav_msgs: 4.9.0 (/opt/ros/humble/share/nav_msgs/cmake)
[0.722s] -- Found rclcpp_components: 16.0.16 (/opt/ros/humble/share/rclcpp_components/cmake)
[0.733s] -- Found rtabmap_conversions: 0.22.1 (/home/brace/codeSpace/navi/install/rtabmap_conversions/share/rtabmap_conversions/cmake)
[0.767s] -- Eigen found (include: /usr/include/eigen3, version: 3.4.0)
[0.789s] -- FLANN found (include: /usr/include, lib: /usr/lib/x86_64-linux-gnu/libflann_cpp.so)
[1.009s] -- OpenNI found (version: 1.5.4.0, include: /usr/include/ni, lib: /usr/lib/libOpenNI.so;libusb::libusb)
[1.013s] -- OpenNI2 found (version: 2.2.0.33, include: /usr/include/openni2, lib: /usr/lib/x86_64-linux-gnu/libOpenNI2.so;libusb::libusb)
[1.126s] -- Eigen found (include: /usr/include/eigen3, version: 3.4.0)
[1.131s] -- OpenNI found (version: 1.5.4.0, include: /usr/include/ni, lib: /usr/lib/libOpenNI.so;libusb::libusb)
[1.137s] -- OpenNI2 found (version: 2.2.0.33, include: /usr/include/openni2, lib: /usr/lib/x86_64-linux-gnu/libOpenNI2.so;libusb::libusb)
[1.245s] -- Found Qhull version 8.0.2
[1.349s] -- OpenNI found (version: 1.5.4.0, include: /usr/include/ni, lib: /usr/lib/libOpenNI.so;libusb::libusb)
[1.526s] -- Ensuring Eigen3 include directory is part of orocos-kdl CMake target
[1.529s] [33mCMake Warning (dev) at /usr/share/cmake-3.22/Modules/CMakeFindDependencyMacro.cmake:47 (find_package):
[1.529s]   Policy CMP0074 is not set: find_package uses <PackageName>_ROOT variables.
[1.529s]   Run "cmake --help-policy CMP0074" for policy details.  Use the cmake_policy
[1.529s]   command to set the policy and suppress this warning.
[1.529s] 
[1.529s]   CMake variable PCL_ROOT is set to:
[1.530s] 
[1.530s]     /usr
[1.530s] 
[1.530s]   For compatibility, CMake is ignoring the variable.
[1.530s] Call Stack (most recent call first):
[1.530s]   /home/brace/codeSpace/navi/install/rtabmap/lib/rtabmap-0.23/RTABMapConfig.cmake:7 (find_dependency)
[1.530s]   /home/brace/codeSpace/navi/install/rtabmap_conversions/share/rtabmap_conversions/cmake/ament_cmake_export_dependencies-extras.cmake:21 (find_package)
[1.530s]   /home/brace/codeSpace/navi/install/rtabmap_conversions/share/rtabmap_conversions/cmake/rtabmap_conversionsConfig.cmake:41 (include)
[1.530s]   CMakeLists.txt:24 (find_package)
[1.530s] This warning is for project developers.  Use -Wno-dev to suppress it.
[1.530s] [0m
[1.541s] -- Found diagnostic_updater: 4.0.6 (/opt/ros/humble/share/diagnostic_updater/cmake)
[1.552s] -- RTABMAP_SYNC_MULTI_RGBD = OFF
[1.552s] -- RTABMAP_SYNC_USER_DATA  = OFF
[1.611s] -- Configuring done
[1.712s] -- Generating done
[1.740s] -- Build files have been written to: /home/brace/codeSpace/navi/build/rtabmap_sync
[1.752s] Invoked command in '/home/brace/codeSpace/navi/build/rtabmap_sync' returned '0': AMENT_PREFIX_PATH=/home/brace/codeSpace/navi/install/rtabmap_conversions:/home/brace/codeSpace/navi/install/rtabmap_msgs:${AMENT_PREFIX_PATH} CMAKE_PREFIX_PATH=/home/brace/codeSpace/navi/install/rtabmap_conversions:/home/brace/codeSpace/navi/install/rtabmap_msgs:/home/brace/codeSpace/navi/install/rtabmap:/opt/ros/humble LD_LIBRARY_PATH=/home/brace/codeSpace/navi/install/rtabmap_conversions/lib:/home/brace/codeSpace/navi/install/rtabmap_msgs/lib:/home/brace/codeSpace/navi/install/rtabmap/lib:${LD_LIBRARY_PATH} PATH=/home/brace/codeSpace/navi/install/rtabmap/bin:${PATH} PKG_CONFIG_PATH=/home/brace/codeSpace/navi/install/rtabmap/lib/x86_64-linux-gnu/pkgconfig:/home/brace/codeSpace/navi/install/rtabmap/lib/pkgconfig PYTHONPATH=/home/brace/codeSpace/navi/install/rtabmap_msgs/local/lib/python3.10/dist-packages:${PYTHONPATH} /usr/bin/cmake /home/brace/codeSpace/navi/src/rtabmap_ros/rtabmap_sync -DCMAKE_INSTALL_PREFIX=/home/brace/codeSpace/navi/install/rtabmap_sync
[1.754s] Invoking command in '/home/brace/codeSpace/navi/build/rtabmap_sync': AMENT_PREFIX_PATH=/home/brace/codeSpace/navi/install/rtabmap_conversions:/home/brace/codeSpace/navi/install/rtabmap_msgs:${AMENT_PREFIX_PATH} CMAKE_PREFIX_PATH=/home/brace/codeSpace/navi/install/rtabmap_conversions:/home/brace/codeSpace/navi/install/rtabmap_msgs:/home/brace/codeSpace/navi/install/rtabmap:/opt/ros/humble LD_LIBRARY_PATH=/home/brace/codeSpace/navi/install/rtabmap_conversions/lib:/home/brace/codeSpace/navi/install/rtabmap_msgs/lib:/home/brace/codeSpace/navi/install/rtabmap/lib:${LD_LIBRARY_PATH} PATH=/home/brace/codeSpace/navi/install/rtabmap/bin:${PATH} PKG_CONFIG_PATH=/home/brace/codeSpace/navi/install/rtabmap/lib/x86_64-linux-gnu/pkgconfig:/home/brace/codeSpace/navi/install/rtabmap/lib/pkgconfig PYTHONPATH=/home/brace/codeSpace/navi/install/rtabmap_msgs/local/lib/python3.10/dist-packages:${PYTHONPATH} /usr/bin/cmake --build /home/brace/codeSpace/navi/build/rtabmap_sync -- -j16 -l16
[1.798s] [35m[1mConsolidate compiler generated dependencies of target rtabmap_sync_plugins[0m
[1.804s] [35m[1mConsolidate compiler generated dependencies of target rtabmap_sync[0m
[1.827s] [ 21%] Built target rtabmap_sync_plugins
[1.835s] [35m[1mConsolidate compiler generated dependencies of target rtabmap_stereo_sync[0m
[1.836s] [35m[1mConsolidate compiler generated dependencies of target rtabmap_rgb_sync[0m
[1.838s] [35m[1mConsolidate compiler generated dependencies of target rtabmap_rgbdx_sync[0m
[1.839s] [35m[1mConsolidate compiler generated dependencies of target rtabmap_rgbd_sync[0m
[1.850s] [ 65%] Built target rtabmap_sync
[1.851s] [ 73%] Built target rtabmap_rgb_sync
[1.851s] [ 82%] Built target rtabmap_stereo_sync
[1.854s] [ 91%] Built target rtabmap_rgbdx_sync
[1.862s] [100%] Built target rtabmap_rgbd_sync
[1.870s] Invoked command in '/home/brace/codeSpace/navi/build/rtabmap_sync' returned '0': AMENT_PREFIX_PATH=/home/brace/codeSpace/navi/install/rtabmap_conversions:/home/brace/codeSpace/navi/install/rtabmap_msgs:${AMENT_PREFIX_PATH} CMAKE_PREFIX_PATH=/home/brace/codeSpace/navi/install/rtabmap_conversions:/home/brace/codeSpace/navi/install/rtabmap_msgs:/home/brace/codeSpace/navi/install/rtabmap:/opt/ros/humble LD_LIBRARY_PATH=/home/brace/codeSpace/navi/install/rtabmap_conversions/lib:/home/brace/codeSpace/navi/install/rtabmap_msgs/lib:/home/brace/codeSpace/navi/install/rtabmap/lib:${LD_LIBRARY_PATH} PATH=/home/brace/codeSpace/navi/install/rtabmap/bin:${PATH} PKG_CONFIG_PATH=/home/brace/codeSpace/navi/install/rtabmap/lib/x86_64-linux-gnu/pkgconfig:/home/brace/codeSpace/navi/install/rtabmap/lib/pkgconfig PYTHONPATH=/home/brace/codeSpace/navi/install/rtabmap_msgs/local/lib/python3.10/dist-packages:${PYTHONPATH} /usr/bin/cmake --build /home/brace/codeSpace/navi/build/rtabmap_sync -- -j16 -l16
[1.872s] Invoking command in '/home/brace/codeSpace/navi/build/rtabmap_sync': AMENT_PREFIX_PATH=/home/brace/codeSpace/navi/install/rtabmap_conversions:/home/brace/codeSpace/navi/install/rtabmap_msgs:${AMENT_PREFIX_PATH} CMAKE_PREFIX_PATH=/home/brace/codeSpace/navi/install/rtabmap_conversions:/home/brace/codeSpace/navi/install/rtabmap_msgs:/home/brace/codeSpace/navi/install/rtabmap:/opt/ros/humble LD_LIBRARY_PATH=/home/brace/codeSpace/navi/install/rtabmap_conversions/lib:/home/brace/codeSpace/navi/install/rtabmap_msgs/lib:/home/brace/codeSpace/navi/install/rtabmap/lib:${LD_LIBRARY_PATH} PATH=/home/brace/codeSpace/navi/install/rtabmap/bin:${PATH} PKG_CONFIG_PATH=/home/brace/codeSpace/navi/install/rtabmap/lib/x86_64-linux-gnu/pkgconfig:/home/brace/codeSpace/navi/install/rtabmap/lib/pkgconfig PYTHONPATH=/home/brace/codeSpace/navi/install/rtabmap_msgs/local/lib/python3.10/dist-packages:${PYTHONPATH} /usr/bin/cmake --install /home/brace/codeSpace/navi/build/rtabmap_sync
[1.877s] -- Install configuration: "Release"
[1.877s] -- Execute custom install script
[1.877s] -- Up-to-date symlink: /home/brace/codeSpace/navi/install/rtabmap_sync/share/rtabmap_sync/environment/library_path.sh
[1.877s] -- Up-to-date symlink: /home/brace/codeSpace/navi/install/rtabmap_sync/share/rtabmap_sync/environment/library_path.dsv
[1.877s] -- Up-to-date symlink: /home/brace/codeSpace/navi/install/rtabmap_sync/lib/rtabmap_sync/rgbd_sync
[1.877s] -- Up-to-date symlink: /home/brace/codeSpace/navi/install/rtabmap_sync/lib/rtabmap_sync/rgbdx_sync
[1.877s] -- Up-to-date symlink: /home/brace/codeSpace/navi/install/rtabmap_sync/lib/rtabmap_sync/stereo_sync
[1.878s] -- Up-to-date symlink: /home/brace/codeSpace/navi/install/rtabmap_sync/lib/rtabmap_sync/rgb_sync
[1.878s] -- Up-to-date symlink: /home/brace/codeSpace/navi/install/rtabmap_sync/share/ament_index/resource_index/package_run_dependencies/rtabmap_sync
[1.878s] -- Up-to-date symlink: /home/brace/codeSpace/navi/install/rtabmap_sync/share/ament_index/resource_index/parent_prefix_path/rtabmap_sync
[1.878s] -- Up-to-date symlink: /home/brace/codeSpace/navi/install/rtabmap_sync/share/rtabmap_sync/environment/ament_prefix_path.sh
[1.878s] -- Up-to-date symlink: /home/brace/codeSpace/navi/install/rtabmap_sync/share/rtabmap_sync/environment/ament_prefix_path.dsv
[1.878s] -- Up-to-date symlink: /home/brace/codeSpace/navi/install/rtabmap_sync/share/rtabmap_sync/environment/path.sh
[1.878s] -- Up-to-date symlink: /home/brace/codeSpace/navi/install/rtabmap_sync/share/rtabmap_sync/environment/path.dsv
[1.878s] -- Up-to-date symlink: /home/brace/codeSpace/navi/install/rtabmap_sync/share/rtabmap_sync/local_setup.bash
[1.878s] -- Up-to-date symlink: /home/brace/codeSpace/navi/install/rtabmap_sync/share/rtabmap_sync/local_setup.sh
[1.878s] -- Up-to-date symlink: /home/brace/codeSpace/navi/install/rtabmap_sync/share/rtabmap_sync/local_setup.zsh
[1.878s] -- Up-to-date symlink: /home/brace/codeSpace/navi/install/rtabmap_sync/share/rtabmap_sync/local_setup.dsv
[1.878s] -- Symlinking: /home/brace/codeSpace/navi/install/rtabmap_sync/share/rtabmap_sync/package.dsv
[1.887s] -- Up-to-date symlink: /home/brace/codeSpace/navi/install/rtabmap_sync/share/ament_index/resource_index/packages/rtabmap_sync
[1.887s] -- Up-to-date symlink: /home/brace/codeSpace/navi/install/rtabmap_sync/share/ament_index/resource_index/rclcpp_components/rtabmap_sync
[1.888s] -- Up-to-date symlink: /home/brace/codeSpace/navi/install/rtabmap_sync/share/rtabmap_sync/cmake/extra_configs.cmake
[1.888s] -- Up-to-date symlink: /home/brace/codeSpace/navi/install/rtabmap_sync/share/rtabmap_sync/cmake/ament_cmake_export_dependencies-extras.cmake
[1.888s] -- Up-to-date symlink: /home/brace/codeSpace/navi/install/rtabmap_sync/share/rtabmap_sync/cmake/ament_cmake_export_include_directories-extras.cmake
[1.888s] -- Up-to-date symlink: /home/brace/codeSpace/navi/install/rtabmap_sync/share/rtabmap_sync/cmake/ament_cmake_export_targets-extras.cmake
[1.888s] -- Up-to-date symlink: /home/brace/codeSpace/navi/install/rtabmap_sync/share/rtabmap_sync/cmake/ament_cmake_export_libraries-extras.cmake
[1.888s] -- Up-to-date symlink: /home/brace/codeSpace/navi/install/rtabmap_sync/share/rtabmap_sync/cmake/rtabmap_syncConfig.cmake
[1.888s] -- Up-to-date symlink: /home/brace/codeSpace/navi/install/rtabmap_sync/share/rtabmap_sync/cmake/rtabmap_syncConfig-version.cmake
[1.888s] -- Up-to-date symlink: /home/brace/codeSpace/navi/install/rtabmap_sync/share/rtabmap_sync/package.xml
[1.888s] -- Up-to-date: /home/brace/codeSpace/navi/install/rtabmap_sync/lib/librtabmap_sync.so
[1.888s] -- Up-to-date: /home/brace/codeSpace/navi/install/rtabmap_sync/lib/librtabmap_sync_plugins.so
[1.888s] -- Up-to-date: /home/brace/codeSpace/navi/install/rtabmap_sync/include
[1.888s] -- Up-to-date: /home/brace/codeSpace/navi/install/rtabmap_sync/include/rtabmap_sync
[1.889s] -- Up-to-date: /home/brace/codeSpace/navi/install/rtabmap_sync/include/rtabmap_sync/GetTopicName.h
[1.889s] -- Up-to-date: /home/brace/codeSpace/navi/install/rtabmap_sync/include/rtabmap_sync/SyncDiagnostic.h
[1.889s] -- Up-to-date: /home/brace/codeSpace/navi/install/rtabmap_sync/include/rtabmap_sync/visibility.h
[1.889s] -- Up-to-date: /home/brace/codeSpace/navi/install/rtabmap_sync/include/rtabmap_sync/CommonDataSubscriber.h
[1.889s] -- Up-to-date: /home/brace/codeSpace/navi/install/rtabmap_sync/include/rtabmap_sync/CommonDataSubscriberDefines.h
[1.889s] -- Up-to-date: /home/brace/codeSpace/navi/install/rtabmap_sync/share/rtabmap_sync/cmake/rtabmap_syncExport.cmake
[1.889s] -- Up-to-date: /home/brace/codeSpace/navi/install/rtabmap_sync/share/rtabmap_sync/cmake/rtabmap_syncExport-release.cmake
[1.890s] Invoked command in '/home/brace/codeSpace/navi/build/rtabmap_sync' returned '0': AMENT_PREFIX_PATH=/home/brace/codeSpace/navi/install/rtabmap_conversions:/home/brace/codeSpace/navi/install/rtabmap_msgs:${AMENT_PREFIX_PATH} CMAKE_PREFIX_PATH=/home/brace/codeSpace/navi/install/rtabmap_conversions:/home/brace/codeSpace/navi/install/rtabmap_msgs:/home/brace/codeSpace/navi/install/rtabmap:/opt/ros/humble LD_LIBRARY_PATH=/home/brace/codeSpace/navi/install/rtabmap_conversions/lib:/home/brace/codeSpace/navi/install/rtabmap_msgs/lib:/home/brace/codeSpace/navi/install/rtabmap/lib:${LD_LIBRARY_PATH} PATH=/home/brace/codeSpace/navi/install/rtabmap/bin:${PATH} PKG_CONFIG_PATH=/home/brace/codeSpace/navi/install/rtabmap/lib/x86_64-linux-gnu/pkgconfig:/home/brace/codeSpace/navi/install/rtabmap/lib/pkgconfig PYTHONPATH=/home/brace/codeSpace/navi/install/rtabmap_msgs/local/lib/python3.10/dist-packages:${PYTHONPATH} /usr/bin/cmake --install /home/brace/codeSpace/navi/build/rtabmap_sync
