[0.032s] Invoking command in '/home/brace/codeSpace/navi/build/rtabmap_slam': AMENT_PREFIX_PATH=/home/brace/codeSpace/navi/install/rtabmap_util:/home/brace/codeSpace/navi/install/rtabmap_sync:/home/brace/codeSpace/navi/install/rtabmap_conversions:/home/brace/codeSpace/navi/install/rtabmap_msgs:${AMENT_PREFIX_PATH} CMAKE_PREFIX_PATH=/home/brace/codeSpace/navi/install/rtabmap_util:/home/brace/codeSpace/navi/install/rtabmap_sync:/home/brace/codeSpace/navi/install/rtabmap_conversions:/home/brace/codeSpace/navi/install/rtabmap_msgs:/home/brace/codeSpace/navi/install/rtabmap:/opt/ros/humble LD_LIBRARY_PATH=/home/brace/codeSpace/navi/install/rtabmap_util/lib:/home/brace/codeSpace/navi/install/rtabmap_sync/lib:/home/brace/codeSpace/navi/install/rtabmap_conversions/lib:/home/brace/codeSpace/navi/install/rtabmap_msgs/lib:/home/brace/codeSpace/navi/install/rtabmap/lib:${LD_LIBRARY_PATH} PATH=/home/brace/codeSpace/navi/install/rtabmap/bin:${PATH} PKG_CONFIG_PATH=/home/brace/codeSpace/navi/install/rtabmap/lib/x86_64-linux-gnu/pkgconfig:/home/brace/codeSpace/navi/install/rtabmap/lib/pkgconfig PYTHONPATH=/home/brace/codeSpace/navi/install/rtabmap_msgs/local/lib/python3.10/dist-packages:${PYTHONPATH} /usr/bin/cmake --build /home/brace/codeSpace/navi/build/rtabmap_slam -- -j16 -l16
[0.095s] [35m[1mConsolidate compiler generated dependencies of target rtabmap_slam_plugins[0m
[0.148s] [ 25%] [32m[1mLinking CXX shared library librtabmap_slam_plugins.so[0m
[4.984s] [ 50%] Built target rtabmap_slam_plugins
[5.013s] [35m[1mConsolidate compiler generated dependencies of target rtabmap_node[0m
[5.058s] [ 75%] [32m[1mLinking CXX executable rtabmap[0m
[8.897s] [100%] Built target rtabmap_node
[8.914s] Invoked command in '/home/brace/codeSpace/navi/build/rtabmap_slam' returned '0': AMENT_PREFIX_PATH=/home/brace/codeSpace/navi/install/rtabmap_util:/home/brace/codeSpace/navi/install/rtabmap_sync:/home/brace/codeSpace/navi/install/rtabmap_conversions:/home/brace/codeSpace/navi/install/rtabmap_msgs:${AMENT_PREFIX_PATH} CMAKE_PREFIX_PATH=/home/brace/codeSpace/navi/install/rtabmap_util:/home/brace/codeSpace/navi/install/rtabmap_sync:/home/brace/codeSpace/navi/install/rtabmap_conversions:/home/brace/codeSpace/navi/install/rtabmap_msgs:/home/brace/codeSpace/navi/install/rtabmap:/opt/ros/humble LD_LIBRARY_PATH=/home/brace/codeSpace/navi/install/rtabmap_util/lib:/home/brace/codeSpace/navi/install/rtabmap_sync/lib:/home/brace/codeSpace/navi/install/rtabmap_conversions/lib:/home/brace/codeSpace/navi/install/rtabmap_msgs/lib:/home/brace/codeSpace/navi/install/rtabmap/lib:${LD_LIBRARY_PATH} PATH=/home/brace/codeSpace/navi/install/rtabmap/bin:${PATH} PKG_CONFIG_PATH=/home/brace/codeSpace/navi/install/rtabmap/lib/x86_64-linux-gnu/pkgconfig:/home/brace/codeSpace/navi/install/rtabmap/lib/pkgconfig PYTHONPATH=/home/brace/codeSpace/navi/install/rtabmap_msgs/local/lib/python3.10/dist-packages:${PYTHONPATH} /usr/bin/cmake --build /home/brace/codeSpace/navi/build/rtabmap_slam -- -j16 -l16
[8.917s] Invoking command in '/home/brace/codeSpace/navi/build/rtabmap_slam': AMENT_PREFIX_PATH=/home/brace/codeSpace/navi/install/rtabmap_util:/home/brace/codeSpace/navi/install/rtabmap_sync:/home/brace/codeSpace/navi/install/rtabmap_conversions:/home/brace/codeSpace/navi/install/rtabmap_msgs:${AMENT_PREFIX_PATH} CMAKE_PREFIX_PATH=/home/brace/codeSpace/navi/install/rtabmap_util:/home/brace/codeSpace/navi/install/rtabmap_sync:/home/brace/codeSpace/navi/install/rtabmap_conversions:/home/brace/codeSpace/navi/install/rtabmap_msgs:/home/brace/codeSpace/navi/install/rtabmap:/opt/ros/humble LD_LIBRARY_PATH=/home/brace/codeSpace/navi/install/rtabmap_util/lib:/home/brace/codeSpace/navi/install/rtabmap_sync/lib:/home/brace/codeSpace/navi/install/rtabmap_conversions/lib:/home/brace/codeSpace/navi/install/rtabmap_msgs/lib:/home/brace/codeSpace/navi/install/rtabmap/lib:${LD_LIBRARY_PATH} PATH=/home/brace/codeSpace/navi/install/rtabmap/bin:${PATH} PKG_CONFIG_PATH=/home/brace/codeSpace/navi/install/rtabmap/lib/x86_64-linux-gnu/pkgconfig:/home/brace/codeSpace/navi/install/rtabmap/lib/pkgconfig PYTHONPATH=/home/brace/codeSpace/navi/install/rtabmap_msgs/local/lib/python3.10/dist-packages:${PYTHONPATH} /usr/bin/cmake --install /home/brace/codeSpace/navi/build/rtabmap_slam
[8.928s] -- Install configuration: "Release"
[8.928s] -- Execute custom install script
[8.928s] -- Up-to-date symlink: /home/brace/codeSpace/navi/install/rtabmap_slam/share/rtabmap_slam/environment/library_path.sh
[8.929s] -- Up-to-date symlink: /home/brace/codeSpace/navi/install/rtabmap_slam/share/rtabmap_slam/environment/library_path.dsv
[8.929s] -- Up-to-date symlink: /home/brace/codeSpace/navi/install/rtabmap_slam/lib/rtabmap_slam/rtabmap
[8.929s] -- Up-to-date symlink: /home/brace/codeSpace/navi/install/rtabmap_slam/share/ament_index/resource_index/package_run_dependencies/rtabmap_slam
[8.929s] -- Up-to-date symlink: /home/brace/codeSpace/navi/install/rtabmap_slam/share/ament_index/resource_index/parent_prefix_path/rtabmap_slam
[8.929s] -- Up-to-date symlink: /home/brace/codeSpace/navi/install/rtabmap_slam/share/rtabmap_slam/environment/ament_prefix_path.sh
[8.930s] -- Up-to-date symlink: /home/brace/codeSpace/navi/install/rtabmap_slam/share/rtabmap_slam/environment/ament_prefix_path.dsv
[8.930s] -- Up-to-date symlink: /home/brace/codeSpace/navi/install/rtabmap_slam/share/rtabmap_slam/environment/path.sh
[8.930s] -- Up-to-date symlink: /home/brace/codeSpace/navi/install/rtabmap_slam/share/rtabmap_slam/environment/path.dsv
[8.930s] -- Up-to-date symlink: /home/brace/codeSpace/navi/install/rtabmap_slam/share/rtabmap_slam/local_setup.bash
[8.930s] -- Up-to-date symlink: /home/brace/codeSpace/navi/install/rtabmap_slam/share/rtabmap_slam/local_setup.sh
[8.930s] -- Up-to-date symlink: /home/brace/codeSpace/navi/install/rtabmap_slam/share/rtabmap_slam/local_setup.zsh
[8.930s] -- Up-to-date symlink: /home/brace/codeSpace/navi/install/rtabmap_slam/share/rtabmap_slam/local_setup.dsv
[8.930s] -- Symlinking: /home/brace/codeSpace/navi/install/rtabmap_slam/share/rtabmap_slam/package.dsv
[8.944s] -- Up-to-date symlink: /home/brace/codeSpace/navi/install/rtabmap_slam/share/ament_index/resource_index/packages/rtabmap_slam
[8.944s] -- Up-to-date symlink: /home/brace/codeSpace/navi/install/rtabmap_slam/share/ament_index/resource_index/rclcpp_components/rtabmap_slam
[8.945s] -- Up-to-date symlink: /home/brace/codeSpace/navi/install/rtabmap_slam/share/rtabmap_slam/cmake/ament_cmake_export_dependencies-extras.cmake
[8.945s] -- Up-to-date symlink: /home/brace/codeSpace/navi/install/rtabmap_slam/share/rtabmap_slam/cmake/ament_cmake_export_include_directories-extras.cmake
[8.945s] -- Up-to-date symlink: /home/brace/codeSpace/navi/install/rtabmap_slam/share/rtabmap_slam/cmake/ament_cmake_export_targets-extras.cmake
[8.945s] -- Up-to-date symlink: /home/brace/codeSpace/navi/install/rtabmap_slam/share/rtabmap_slam/cmake/ament_cmake_export_libraries-extras.cmake
[8.945s] -- Up-to-date symlink: /home/brace/codeSpace/navi/install/rtabmap_slam/share/rtabmap_slam/cmake/rtabmap_slamConfig.cmake
[8.945s] -- Up-to-date symlink: /home/brace/codeSpace/navi/install/rtabmap_slam/share/rtabmap_slam/cmake/rtabmap_slamConfig-version.cmake
[8.945s] -- Up-to-date symlink: /home/brace/codeSpace/navi/install/rtabmap_slam/share/rtabmap_slam/package.xml
[8.947s] -- Installing: /home/brace/codeSpace/navi/install/rtabmap_slam/lib/librtabmap_slam_plugins.so
[8.960s] -- Set runtime path of "/home/brace/codeSpace/navi/install/rtabmap_slam/lib/librtabmap_slam_plugins.so" to ""
[8.960s] -- Up-to-date: /home/brace/codeSpace/navi/install/rtabmap_slam/include
[8.960s] -- Up-to-date: /home/brace/codeSpace/navi/install/rtabmap_slam/include/rtabmap_slam
[8.960s] -- Up-to-date: /home/brace/codeSpace/navi/install/rtabmap_slam/include/rtabmap_slam/CoreWrapper.h
[8.960s] -- Up-to-date: /home/brace/codeSpace/navi/install/rtabmap_slam/include/rtabmap_slam/visibility.h
[8.960s] -- Up-to-date: /home/brace/codeSpace/navi/install/rtabmap_slam/share/rtabmap_slam/cmake/rtabmap_slamExport.cmake
[8.960s] -- Up-to-date: /home/brace/codeSpace/navi/install/rtabmap_slam/share/rtabmap_slam/cmake/rtabmap_slamExport-release.cmake
[8.963s] Invoked command in '/home/brace/codeSpace/navi/build/rtabmap_slam' returned '0': AMENT_PREFIX_PATH=/home/brace/codeSpace/navi/install/rtabmap_util:/home/brace/codeSpace/navi/install/rtabmap_sync:/home/brace/codeSpace/navi/install/rtabmap_conversions:/home/brace/codeSpace/navi/install/rtabmap_msgs:${AMENT_PREFIX_PATH} CMAKE_PREFIX_PATH=/home/brace/codeSpace/navi/install/rtabmap_util:/home/brace/codeSpace/navi/install/rtabmap_sync:/home/brace/codeSpace/navi/install/rtabmap_conversions:/home/brace/codeSpace/navi/install/rtabmap_msgs:/home/brace/codeSpace/navi/install/rtabmap:/opt/ros/humble LD_LIBRARY_PATH=/home/brace/codeSpace/navi/install/rtabmap_util/lib:/home/brace/codeSpace/navi/install/rtabmap_sync/lib:/home/brace/codeSpace/navi/install/rtabmap_conversions/lib:/home/brace/codeSpace/navi/install/rtabmap_msgs/lib:/home/brace/codeSpace/navi/install/rtabmap/lib:${LD_LIBRARY_PATH} PATH=/home/brace/codeSpace/navi/install/rtabmap/bin:${PATH} PKG_CONFIG_PATH=/home/brace/codeSpace/navi/install/rtabmap/lib/x86_64-linux-gnu/pkgconfig:/home/brace/codeSpace/navi/install/rtabmap/lib/pkgconfig PYTHONPATH=/home/brace/codeSpace/navi/install/rtabmap_msgs/local/lib/python3.10/dist-packages:${PYTHONPATH} /usr/bin/cmake --install /home/brace/codeSpace/navi/build/rtabmap_slam
