[1.169s] Invoking command in '/home/brace/codeSpace/navi/src/rtabmap_ros/rtabmap_python': PYTHONPATH=/home/brace/codeSpace/navi/build/rtabmap_python/prefix_override:/usr/lib/python3/dist-packages/colcon_core/task/python/colcon_distutils_commands:/home/brace/codeSpace/navi/install/rtabmap_python/lib/python3.10/site-packages:${PYTHONPATH} /usr/bin/python3 -W ignore:setup.py install is deprecated -W ignore:easy_install command is deprecated setup.py egg_info --egg-base ../../../build/rtabmap_python build --build-base /home/brace/codeSpace/navi/build/rtabmap_python/build install --record /home/brace/codeSpace/navi/build/rtabmap_python/install.log --single-version-externally-managed install_data
[1.389s] running egg_info
[1.389s] writing ../../../build/rtabmap_python/rtabmap_python.egg-info/PKG-INFO
[1.389s] writing dependency_links to ../../../build/rtabmap_python/rtabmap_python.egg-info/dependency_links.txt
[1.395s] writing entry points to ../../../build/rtabmap_python/rtabmap_python.egg-info/entry_points.txt
[1.395s] writing requirements to ../../../build/rtabmap_python/rtabmap_python.egg-info/requires.txt
[1.395s] writing top-level names to ../../../build/rtabmap_python/rtabmap_python.egg-info/top_level.txt
[1.395s] reading manifest file '../../../build/rtabmap_python/rtabmap_python.egg-info/SOURCES.txt'
[1.395s] writing manifest file '../../../build/rtabmap_python/rtabmap_python.egg-info/SOURCES.txt'
[1.395s] running build
[1.395s] running build_py
[1.395s] running install
[1.396s] running install_lib
[1.396s] running install_data
[1.396s] running install_egg_info
[1.397s] removing '/home/brace/codeSpace/navi/install/rtabmap_python/lib/python3.10/site-packages/rtabmap_python-0.1.0-py3.10.egg-info' (and everything under it)
[1.398s] Copying ../../../build/rtabmap_python/rtabmap_python.egg-info to /home/brace/codeSpace/navi/install/rtabmap_python/lib/python3.10/site-packages/rtabmap_python-0.1.0-py3.10.egg-info
[1.398s] running install_scripts
[1.439s] writing list of installed files to '/home/brace/codeSpace/navi/build/rtabmap_python/install.log'
[1.502s] Invoked command in '/home/brace/codeSpace/navi/src/rtabmap_ros/rtabmap_python' returned '0': PYTHONPATH=/home/brace/codeSpace/navi/build/rtabmap_python/prefix_override:/usr/lib/python3/dist-packages/colcon_core/task/python/colcon_distutils_commands:/home/brace/codeSpace/navi/install/rtabmap_python/lib/python3.10/site-packages:${PYTHONPATH} /usr/bin/python3 -W ignore:setup.py install is deprecated -W ignore:easy_install command is deprecated setup.py egg_info --egg-base ../../../build/rtabmap_python build --build-base /home/brace/codeSpace/navi/build/rtabmap_python/build install --record /home/brace/codeSpace/navi/build/rtabmap_python/install.log --single-version-externally-managed install_data
