[1.169s] Invoking command in '/home/brace/codeSpace/navi/src/brace': PYTHONPATH=/home/brace/codeSpace/navi/build/brace/prefix_override:/usr/lib/python3/dist-packages/colcon_core/task/python/colcon_distutils_commands:/home/brace/codeSpace/navi/install/brace/lib/python3.10/site-packages:${PYTHONPATH} /usr/bin/python3 -W ignore:setup.py install is deprecated -W ignore:easy_install command is deprecated setup.py egg_info --egg-base ../navi/build/brace build --build-base /home/brace/codeSpace/navi/build/brace/build install --record /home/brace/codeSpace/navi/build/brace/install.log --single-version-externally-managed install_data
[1.385s] running egg_info
[1.389s] writing ../navi/build/brace/brace.egg-info/PKG-INFO
[1.389s] writing dependency_links to ../navi/build/brace/brace.egg-info/dependency_links.txt
[1.389s] writing entry points to ../navi/build/brace/brace.egg-info/entry_points.txt
[1.389s] writing requirements to ../navi/build/brace/brace.egg-info/requires.txt
[1.390s] writing top-level names to ../navi/build/brace/brace.egg-info/top_level.txt
[1.390s] reading manifest file '../navi/build/brace/brace.egg-info/SOURCES.txt'
[1.390s] writing manifest file '../navi/build/brace/brace.egg-info/SOURCES.txt'
[1.390s] running build
[1.390s] running build_py
[1.390s] running install
[1.390s] running install_lib
[1.392s] running install_data
[1.392s] running install_egg_info
[1.394s] removing '/home/brace/codeSpace/navi/install/brace/lib/python3.10/site-packages/brace-0.0.0-py3.10.egg-info' (and everything under it)
[1.394s] Copying ../navi/build/brace/brace.egg-info to /home/brace/codeSpace/navi/install/brace/lib/python3.10/site-packages/brace-0.0.0-py3.10.egg-info
[1.397s] running install_scripts
[1.436s] writing list of installed files to '/home/brace/codeSpace/navi/build/brace/install.log'
[1.504s] Invoked command in '/home/brace/codeSpace/navi/src/brace' returned '0': PYTHONPATH=/home/brace/codeSpace/navi/build/brace/prefix_override:/usr/lib/python3/dist-packages/colcon_core/task/python/colcon_distutils_commands:/home/brace/codeSpace/navi/install/brace/lib/python3.10/site-packages:${PYTHONPATH} /usr/bin/python3 -W ignore:setup.py install is deprecated -W ignore:easy_install command is deprecated setup.py egg_info --egg-base ../navi/build/brace build --build-base /home/brace/codeSpace/navi/build/brace/build install --record /home/brace/codeSpace/navi/build/brace/install.log --single-version-externally-managed install_data
