[0.030s] Invoking command in '/home/brace/codeSpace/navi/build/rtabmap_odom': CMAKE_PREFIX_PATH=/home/brace/codeSpace/navi/install/rtabmap_util:/home/brace/codeSpace/navi/install/rtabmap_sync:/home/brace/codeSpace/navi/install/rtabmap_conversions:/home/brace/codeSpace/navi/install/rtabmap_msgs:/home/brace/codeSpace/navi/install/rtabmap:/home/brace/codeSpace/navi/install/rtabmap_ros:/home/brace/codeSpace/navi/install/rtabmap_launch:/home/brace/codeSpace/navi/install/rtabmap_examples:/home/brace/codeSpace/navi/install/rtabmap_demos:/home/brace/codeSpace/navi/install/rtabmap_viz:/home/brace/codeSpace/navi/install/rtabmap_slam:/home/brace/codeSpace/navi/install/rtabmap_odom:/home/brace/codeSpace/navi/install/rtabmap_rviz_plugins:/home/brace/codeSpace/navi/install/realsense2_rviz_plugin:/home/brace/codeSpace/navi/install/realsense2_description:/home/brace/codeSpace/navi/install/rtabmap_python:/home/brace/codeSpace/navi/install/realsense2_ros_mqtt_bridge:/opt/ros/humble LD_LIBRARY_PATH=/home/brace/codeSpace/navi/install/rtabmap_util/lib:/home/brace/codeSpace/navi/install/rtabmap_sync/lib:/home/brace/codeSpace/navi/install/rtabmap_conversions/lib:/home/brace/codeSpace/navi/install/rtabmap_msgs/lib:/home/brace/codeSpace/navi/install/rtabmap/lib:/home/brace/codeSpace/navi/install/rtabmap_slam/lib:/home/brace/codeSpace/navi/install/rtabmap_odom/lib:/home/brace/codeSpace/navi/install/rtabmap_rviz_plugins/lib:/opt/ros/humble/opt/rviz_ogre_vendor/lib:/opt/ros/humble/lib/x86_64-linux-gnu:/opt/ros/humble/lib /usr/bin/cmake --build /home/brace/codeSpace/navi/build/rtabmap_odom -- -j16 -l16
[0.111s] [ 16%] Built target rtabmap_odom
[0.160s] [ 50%] Built target rtabmap_odom_plugins
[0.200s] [ 83%] Built target rtabmap_rgbd_odometry
[0.200s] [ 83%] Built target rtabmap_stereo_odometry
[0.201s] [100%] Built target rtabmap_icp_odometry
[0.212s] Invoked command in '/home/brace/codeSpace/navi/build/rtabmap_odom' returned '0': CMAKE_PREFIX_PATH=/home/brace/codeSpace/navi/install/rtabmap_util:/home/brace/codeSpace/navi/install/rtabmap_sync:/home/brace/codeSpace/navi/install/rtabmap_conversions:/home/brace/codeSpace/navi/install/rtabmap_msgs:/home/brace/codeSpace/navi/install/rtabmap:/home/brace/codeSpace/navi/install/rtabmap_ros:/home/brace/codeSpace/navi/install/rtabmap_launch:/home/brace/codeSpace/navi/install/rtabmap_examples:/home/brace/codeSpace/navi/install/rtabmap_demos:/home/brace/codeSpace/navi/install/rtabmap_viz:/home/brace/codeSpace/navi/install/rtabmap_slam:/home/brace/codeSpace/navi/install/rtabmap_odom:/home/brace/codeSpace/navi/install/rtabmap_rviz_plugins:/home/brace/codeSpace/navi/install/realsense2_rviz_plugin:/home/brace/codeSpace/navi/install/realsense2_description:/home/brace/codeSpace/navi/install/rtabmap_python:/home/brace/codeSpace/navi/install/realsense2_ros_mqtt_bridge:/opt/ros/humble LD_LIBRARY_PATH=/home/brace/codeSpace/navi/install/rtabmap_util/lib:/home/brace/codeSpace/navi/install/rtabmap_sync/lib:/home/brace/codeSpace/navi/install/rtabmap_conversions/lib:/home/brace/codeSpace/navi/install/rtabmap_msgs/lib:/home/brace/codeSpace/navi/install/rtabmap/lib:/home/brace/codeSpace/navi/install/rtabmap_slam/lib:/home/brace/codeSpace/navi/install/rtabmap_odom/lib:/home/brace/codeSpace/navi/install/rtabmap_rviz_plugins/lib:/opt/ros/humble/opt/rviz_ogre_vendor/lib:/opt/ros/humble/lib/x86_64-linux-gnu:/opt/ros/humble/lib /usr/bin/cmake --build /home/brace/codeSpace/navi/build/rtabmap_odom -- -j16 -l16
[0.215s] Invoking command in '/home/brace/codeSpace/navi/build/rtabmap_odom': CMAKE_PREFIX_PATH=/home/brace/codeSpace/navi/install/rtabmap_util:/home/brace/codeSpace/navi/install/rtabmap_sync:/home/brace/codeSpace/navi/install/rtabmap_conversions:/home/brace/codeSpace/navi/install/rtabmap_msgs:/home/brace/codeSpace/navi/install/rtabmap:/home/brace/codeSpace/navi/install/rtabmap_ros:/home/brace/codeSpace/navi/install/rtabmap_launch:/home/brace/codeSpace/navi/install/rtabmap_examples:/home/brace/codeSpace/navi/install/rtabmap_demos:/home/brace/codeSpace/navi/install/rtabmap_viz:/home/brace/codeSpace/navi/install/rtabmap_slam:/home/brace/codeSpace/navi/install/rtabmap_odom:/home/brace/codeSpace/navi/install/rtabmap_rviz_plugins:/home/brace/codeSpace/navi/install/realsense2_rviz_plugin:/home/brace/codeSpace/navi/install/realsense2_description:/home/brace/codeSpace/navi/install/rtabmap_python:/home/brace/codeSpace/navi/install/realsense2_ros_mqtt_bridge:/opt/ros/humble LD_LIBRARY_PATH=/home/brace/codeSpace/navi/install/rtabmap_util/lib:/home/brace/codeSpace/navi/install/rtabmap_sync/lib:/home/brace/codeSpace/navi/install/rtabmap_conversions/lib:/home/brace/codeSpace/navi/install/rtabmap_msgs/lib:/home/brace/codeSpace/navi/install/rtabmap/lib:/home/brace/codeSpace/navi/install/rtabmap_slam/lib:/home/brace/codeSpace/navi/install/rtabmap_odom/lib:/home/brace/codeSpace/navi/install/rtabmap_rviz_plugins/lib:/opt/ros/humble/opt/rviz_ogre_vendor/lib:/opt/ros/humble/lib/x86_64-linux-gnu:/opt/ros/humble/lib /usr/bin/cmake --install /home/brace/codeSpace/navi/build/rtabmap_odom
[0.222s] -- Install configuration: "Release"
[0.223s] -- Execute custom install script
[0.223s] -- Up-to-date symlink: /home/brace/codeSpace/navi/install/rtabmap_odom/share/rtabmap_odom/environment/library_path.sh
[0.223s] -- Up-to-date symlink: /home/brace/codeSpace/navi/install/rtabmap_odom/share/rtabmap_odom/environment/library_path.dsv
[0.223s] -- Up-to-date symlink: /home/brace/codeSpace/navi/install/rtabmap_odom/lib/rtabmap_odom/rgbd_odometry
[0.223s] -- Up-to-date symlink: /home/brace/codeSpace/navi/install/rtabmap_odom/lib/rtabmap_odom/icp_odometry
[0.223s] -- Up-to-date symlink: /home/brace/codeSpace/navi/install/rtabmap_odom/lib/rtabmap_odom/stereo_odometry
[0.223s] -- Up-to-date symlink: /home/brace/codeSpace/navi/install/rtabmap_odom/share/ament_index/resource_index/package_run_dependencies/rtabmap_odom
[0.223s] -- Up-to-date symlink: /home/brace/codeSpace/navi/install/rtabmap_odom/share/ament_index/resource_index/parent_prefix_path/rtabmap_odom
[0.224s] -- Up-to-date symlink: /home/brace/codeSpace/navi/install/rtabmap_odom/share/rtabmap_odom/environment/ament_prefix_path.sh
[0.224s] -- Up-to-date symlink: /home/brace/codeSpace/navi/install/rtabmap_odom/share/rtabmap_odom/environment/ament_prefix_path.dsv
[0.224s] -- Up-to-date symlink: /home/brace/codeSpace/navi/install/rtabmap_odom/share/rtabmap_odom/environment/path.sh
[0.224s] -- Up-to-date symlink: /home/brace/codeSpace/navi/install/rtabmap_odom/share/rtabmap_odom/environment/path.dsv
[0.224s] -- Up-to-date symlink: /home/brace/codeSpace/navi/install/rtabmap_odom/share/rtabmap_odom/local_setup.bash
[0.224s] -- Up-to-date symlink: /home/brace/codeSpace/navi/install/rtabmap_odom/share/rtabmap_odom/local_setup.sh
[0.224s] -- Up-to-date symlink: /home/brace/codeSpace/navi/install/rtabmap_odom/share/rtabmap_odom/local_setup.zsh
[0.224s] -- Up-to-date symlink: /home/brace/codeSpace/navi/install/rtabmap_odom/share/rtabmap_odom/local_setup.dsv
[0.224s] -- Symlinking: /home/brace/codeSpace/navi/install/rtabmap_odom/share/rtabmap_odom/package.dsv
[0.236s] -- Up-to-date symlink: /home/brace/codeSpace/navi/install/rtabmap_odom/share/ament_index/resource_index/packages/rtabmap_odom
[0.236s] -- Up-to-date symlink: /home/brace/codeSpace/navi/install/rtabmap_odom/share/ament_index/resource_index/rclcpp_components/rtabmap_odom
[0.236s] -- Up-to-date symlink: /home/brace/codeSpace/navi/install/rtabmap_odom/share/rtabmap_odom/cmake/ament_cmake_export_dependencies-extras.cmake
[0.236s] -- Up-to-date symlink: /home/brace/codeSpace/navi/install/rtabmap_odom/share/rtabmap_odom/cmake/ament_cmake_export_include_directories-extras.cmake
[0.237s] -- Up-to-date symlink: /home/brace/codeSpace/navi/install/rtabmap_odom/share/rtabmap_odom/cmake/ament_cmake_export_targets-extras.cmake
[0.237s] -- Up-to-date symlink: /home/brace/codeSpace/navi/install/rtabmap_odom/share/rtabmap_odom/cmake/ament_cmake_export_libraries-extras.cmake
[0.237s] -- Up-to-date symlink: /home/brace/codeSpace/navi/install/rtabmap_odom/share/rtabmap_odom/cmake/rtabmap_odomConfig.cmake
[0.237s] -- Up-to-date symlink: /home/brace/codeSpace/navi/install/rtabmap_odom/share/rtabmap_odom/cmake/rtabmap_odomConfig-version.cmake
[0.237s] -- Up-to-date symlink: /home/brace/codeSpace/navi/install/rtabmap_odom/share/rtabmap_odom/package.xml
[0.237s] -- Up-to-date: /home/brace/codeSpace/navi/install/rtabmap_odom/lib/librtabmap_odom.so
[0.237s] -- Up-to-date: /home/brace/codeSpace/navi/install/rtabmap_odom/lib/librtabmap_odom_plugins.so
[0.237s] -- Up-to-date: /home/brace/codeSpace/navi/install/rtabmap_odom/include
[0.237s] -- Up-to-date: /home/brace/codeSpace/navi/install/rtabmap_odom/include/rtabmap_odom
[0.237s] -- Up-to-date: /home/brace/codeSpace/navi/install/rtabmap_odom/include/rtabmap_odom/OdometryROS.h
[0.237s] -- Up-to-date: /home/brace/codeSpace/navi/install/rtabmap_odom/include/rtabmap_odom/visibility.h
[0.238s] -- Up-to-date: /home/brace/codeSpace/navi/install/rtabmap_odom/share/rtabmap_odom/cmake/rtabmap_odomExport.cmake
[0.238s] -- Up-to-date: /home/brace/codeSpace/navi/install/rtabmap_odom/share/rtabmap_odom/cmake/rtabmap_odomExport-release.cmake
[0.240s] Invoked command in '/home/brace/codeSpace/navi/build/rtabmap_odom' returned '0': CMAKE_PREFIX_PATH=/home/brace/codeSpace/navi/install/rtabmap_util:/home/brace/codeSpace/navi/install/rtabmap_sync:/home/brace/codeSpace/navi/install/rtabmap_conversions:/home/brace/codeSpace/navi/install/rtabmap_msgs:/home/brace/codeSpace/navi/install/rtabmap:/home/brace/codeSpace/navi/install/rtabmap_ros:/home/brace/codeSpace/navi/install/rtabmap_launch:/home/brace/codeSpace/navi/install/rtabmap_examples:/home/brace/codeSpace/navi/install/rtabmap_demos:/home/brace/codeSpace/navi/install/rtabmap_viz:/home/brace/codeSpace/navi/install/rtabmap_slam:/home/brace/codeSpace/navi/install/rtabmap_odom:/home/brace/codeSpace/navi/install/rtabmap_rviz_plugins:/home/brace/codeSpace/navi/install/realsense2_rviz_plugin:/home/brace/codeSpace/navi/install/realsense2_description:/home/brace/codeSpace/navi/install/rtabmap_python:/home/brace/codeSpace/navi/install/realsense2_ros_mqtt_bridge:/opt/ros/humble LD_LIBRARY_PATH=/home/brace/codeSpace/navi/install/rtabmap_util/lib:/home/brace/codeSpace/navi/install/rtabmap_sync/lib:/home/brace/codeSpace/navi/install/rtabmap_conversions/lib:/home/brace/codeSpace/navi/install/rtabmap_msgs/lib:/home/brace/codeSpace/navi/install/rtabmap/lib:/home/brace/codeSpace/navi/install/rtabmap_slam/lib:/home/brace/codeSpace/navi/install/rtabmap_odom/lib:/home/brace/codeSpace/navi/install/rtabmap_rviz_plugins/lib:/opt/ros/humble/opt/rviz_ogre_vendor/lib:/opt/ros/humble/lib/x86_64-linux-gnu:/opt/ros/humble/lib /usr/bin/cmake --install /home/brace/codeSpace/navi/build/rtabmap_odom
