[0.057s] Invoking command in '/home/brace/codeSpace/navi/build/rtabmap_util': AMENT_PREFIX_PATH=/home/brace/codeSpace/navi/install/rtabmap_conversions:/home/brace/codeSpace/navi/install/rtabmap_msgs:${AMENT_PREFIX_PATH} CMAKE_PREFIX_PATH=/home/brace/codeSpace/navi/install/rtabmap_conversions:/home/brace/codeSpace/navi/install/rtabmap_msgs:/home/brace/codeSpace/navi/install/rtabmap:/opt/ros/humble LD_LIBRARY_PATH=/home/brace/codeSpace/navi/install/rtabmap_conversions/lib:/home/brace/codeSpace/navi/install/rtabmap_msgs/lib:/home/brace/codeSpace/navi/install/rtabmap/lib:${LD_LIBRARY_PATH} PATH=/home/brace/codeSpace/navi/install/rtabmap/bin:${PATH} PKG_CONFIG_PATH=/home/brace/codeSpace/navi/install/rtabmap/lib/x86_64-linux-gnu/pkgconfig:/home/brace/codeSpace/navi/install/rtabmap/lib/pkgconfig PYTHONPATH=/home/brace/codeSpace/navi/install/rtabmap_msgs/local/lib/python3.10/dist-packages:${PYTHONPATH} /usr/bin/cmake /home/brace/codeSpace/navi/src/rtabmap_ros/rtabmap_util -DCMAKE_INSTALL_PREFIX=/home/brace/codeSpace/navi/install/rtabmap_util
[0.106s] -- Eigen found (include: /usr/include/eigen3, version: 3.4.0)
[0.140s] -- OpenNI found (version: 1.5.4.0, include: /usr/include/ni, lib: /usr/lib/libOpenNI.so;libusb::libusb)
[0.149s] [0m** WARNING ** io features related to pcap will be disabled[0m
[0.149s] -- OpenNI2 found (version: 2.2.0.33, include: /usr/include/openni2, lib: /usr/lib/x86_64-linux-gnu/libOpenNI2.so;libusb::libusb)
[0.150s] [0m** WARNING ** io features related to png will be disabled[0m
[0.554s] -- Found Eigen3: /usr/include/eigen3 (found version "3.4.0") 
[0.733s] -- Eigen found (include: /usr/include/eigen3, version: 3.4.0)
[0.749s] -- FLANN found (include: /usr/include, lib: /usr/lib/x86_64-linux-gnu/libflann_cpp.so)
[0.749s] -- Found Qhull version 8.0.2
[1.054s] -- OpenNI found (version: 1.5.4.0, include: /usr/include/ni, lib: /usr/lib/libOpenNI.so;libusb::libusb)
[1.061s] -- OpenNI2 found (version: 2.2.0.33, include: /usr/include/openni2, lib: /usr/lib/x86_64-linux-gnu/libOpenNI2.so;libusb::libusb)
[1.158s] -- looking for PCL_COMMON
[1.158s] -- looking for PCL_OCTREE
[1.158s] -- looking for PCL_IO
[1.158s] -- looking for PCL_KDTREE
[1.158s] -- looking for PCL_SEARCH
[1.158s] -- looking for PCL_SURFACE
[1.159s] -- looking for PCL_FILTERS
[1.159s] -- looking for PCL_2D
[1.159s] -- looking for PCL_FEATURES
[1.159s] -- looking for PCL_REGISTRATION
[1.160s] -- looking for PCL_SAMPLE_CONSENSUS
[1.160s] -- looking for PCL_GEOMETRY
[1.160s] -- looking for PCL_ML
[1.160s] -- looking for PCL_SEGMENTATION
[1.161s] -- looking for PCL_VISUALIZATION
[1.164s] -- RTABMap=rtabmap::utilite;rtabmap::core;rtabmap::gui
[1.164s] -- Found ament_cmake: 1.3.12 (/opt/ros/humble/share/ament_cmake/cmake)
[1.253s] -- Override CMake install command with custom implementation using symlinks instead of copying resources
[1.258s] -- Found cv_bridge: 3.2.1 (/opt/ros/humble/share/cv_bridge/cmake)
[1.270s] -- Found rosidl_generator_c: 3.1.7 (/opt/ros/humble/share/rosidl_generator_c/cmake)
[1.272s] -- Found rosidl_adapter: 3.1.7 (/opt/ros/humble/share/rosidl_adapter/cmake)
[1.276s] -- Found rosidl_generator_cpp: 3.1.7 (/opt/ros/humble/share/rosidl_generator_cpp/cmake)
[1.282s] -- Using all available rosidl_typesupport_c: rosidl_typesupport_fastrtps_c;rosidl_typesupport_introspection_c
[1.290s] -- Using all available rosidl_typesupport_cpp: rosidl_typesupport_fastrtps_cpp;rosidl_typesupport_introspection_cpp
[1.325s] -- Found image_transport: 3.1.12 (/opt/ros/humble/share/image_transport/cmake)
[1.344s] -- Found rmw_implementation_cmake: 6.1.2 (/opt/ros/humble/share/rmw_implementation_cmake/cmake)
[1.345s] -- Found rmw_fastrtps_cpp: 6.2.9 (/opt/ros/humble/share/rmw_fastrtps_cpp/cmake)
[1.419s] -- Using RMW implementation 'rmw_fastrtps_cpp' as default
[1.456s] -- Found rclcpp_components: 16.0.16 (/opt/ros/humble/share/rclcpp_components/cmake)
[1.467s] -- Found stereo_msgs: 4.9.0 (/opt/ros/humble/share/stereo_msgs/cmake)
[1.477s] -- Found nav_msgs: 4.9.0 (/opt/ros/humble/share/nav_msgs/cmake)
[1.487s] -- Found tf2: 0.25.17 (/opt/ros/humble/share/tf2/cmake)
[1.490s] -- Found tf2_geometry_msgs: 0.25.17 (/opt/ros/humble/share/tf2_geometry_msgs/cmake)
[1.492s] -- Found eigen3_cmake_module: 0.1.1 (/opt/ros/humble/share/eigen3_cmake_module/cmake)
[1.493s] -- Found Eigen3: TRUE (found version "3.4.0") 
[1.493s] -- Ensuring Eigen3 include directory is part of orocos-kdl CMake target
[1.531s] -- Found laser_geometry: 2.4.1 (/opt/ros/humble/share/laser_geometry/cmake)
[1.533s] -- Found pcl_conversions: 2.4.5 (/opt/ros/humble/share/pcl_conversions/cmake)
[1.547s] -- Found pcl_ros: 2.4.5 (/opt/ros/humble/share/pcl_ros/cmake)
[1.555s] -- Found rtabmap_msgs: 0.22.1 (/home/brace/codeSpace/navi/install/rtabmap_msgs/share/rtabmap_msgs/cmake)
[1.570s] -- Found rtabmap_conversions: 0.22.1 (/home/brace/codeSpace/navi/install/rtabmap_conversions/share/rtabmap_conversions/cmake)
[1.580s] -- Found octomap_msgs: 2.0.1 (/opt/ros/humble/share/octomap_msgs/cmake)
[1.589s] -- Found grid_map_ros: 2.0.1 (/opt/ros/humble/share/grid_map_ros/cmake)
[1.642s] -- WITH octomap_msgs
[1.642s] -- WITH grid_map_ros
[1.916s] -- Configuring done
[2.304s] -- Generating done
[2.364s] -- Build files have been written to: /home/brace/codeSpace/navi/build/rtabmap_util
[2.378s] Invoked command in '/home/brace/codeSpace/navi/build/rtabmap_util' returned '0': AMENT_PREFIX_PATH=/home/brace/codeSpace/navi/install/rtabmap_conversions:/home/brace/codeSpace/navi/install/rtabmap_msgs:${AMENT_PREFIX_PATH} CMAKE_PREFIX_PATH=/home/brace/codeSpace/navi/install/rtabmap_conversions:/home/brace/codeSpace/navi/install/rtabmap_msgs:/home/brace/codeSpace/navi/install/rtabmap:/opt/ros/humble LD_LIBRARY_PATH=/home/brace/codeSpace/navi/install/rtabmap_conversions/lib:/home/brace/codeSpace/navi/install/rtabmap_msgs/lib:/home/brace/codeSpace/navi/install/rtabmap/lib:${LD_LIBRARY_PATH} PATH=/home/brace/codeSpace/navi/install/rtabmap/bin:${PATH} PKG_CONFIG_PATH=/home/brace/codeSpace/navi/install/rtabmap/lib/x86_64-linux-gnu/pkgconfig:/home/brace/codeSpace/navi/install/rtabmap/lib/pkgconfig PYTHONPATH=/home/brace/codeSpace/navi/install/rtabmap_msgs/local/lib/python3.10/dist-packages:${PYTHONPATH} /usr/bin/cmake /home/brace/codeSpace/navi/src/rtabmap_ros/rtabmap_util -DCMAKE_INSTALL_PREFIX=/home/brace/codeSpace/navi/install/rtabmap_util
[2.380s] Invoking command in '/home/brace/codeSpace/navi/build/rtabmap_util': AMENT_PREFIX_PATH=/home/brace/codeSpace/navi/install/rtabmap_conversions:/home/brace/codeSpace/navi/install/rtabmap_msgs:${AMENT_PREFIX_PATH} CMAKE_PREFIX_PATH=/home/brace/codeSpace/navi/install/rtabmap_conversions:/home/brace/codeSpace/navi/install/rtabmap_msgs:/home/brace/codeSpace/navi/install/rtabmap:/opt/ros/humble LD_LIBRARY_PATH=/home/brace/codeSpace/navi/install/rtabmap_conversions/lib:/home/brace/codeSpace/navi/install/rtabmap_msgs/lib:/home/brace/codeSpace/navi/install/rtabmap/lib:${LD_LIBRARY_PATH} PATH=/home/brace/codeSpace/navi/install/rtabmap/bin:${PATH} PKG_CONFIG_PATH=/home/brace/codeSpace/navi/install/rtabmap/lib/x86_64-linux-gnu/pkgconfig:/home/brace/codeSpace/navi/install/rtabmap/lib/pkgconfig PYTHONPATH=/home/brace/codeSpace/navi/install/rtabmap_msgs/local/lib/python3.10/dist-packages:${PYTHONPATH} /usr/bin/cmake --build /home/brace/codeSpace/navi/build/rtabmap_util -- -j16 -l16
[2.430s] [35m[1mConsolidate compiler generated dependencies of target rtabmap_util_plugins[0m
[2.484s] [ 36%] Built target rtabmap_util_plugins
[2.496s] [35m[1mConsolidate compiler generated dependencies of target rtabmap_imu_to_tf[0m
[2.496s] [35m[1mConsolidate compiler generated dependencies of target rtabmap_rgbd_relay[0m
[2.496s] [35m[1mConsolidate compiler generated dependencies of target rtabmap_pointcloud_to_depthimage[0m
[2.496s] [35m[1mConsolidate compiler generated dependencies of target rtabmap_disparity_to_depth[0m
[2.496s] [35m[1mConsolidate compiler generated dependencies of target rtabmap_map_assembler[0m
[2.496s] [35m[1mConsolidate compiler generated dependencies of target rtabmap_lidar_deskewing[0m
[2.496s] [35m[1mConsolidate compiler generated dependencies of target rtabmap_obstacles_detection[0m
[2.496s] [35m[1mConsolidate compiler generated dependencies of target rtabmap_point_cloud_xyz[0m
[2.496s] [35m[1mConsolidate compiler generated dependencies of target rtabmap_point_cloud_assembler[0m
[2.499s] [35m[1mConsolidate compiler generated dependencies of target rtabmap_point_cloud_xyzrgb[0m
[2.499s] [35m[1mConsolidate compiler generated dependencies of target rtabmap_rgbd_split[0m
[2.502s] [35m[1mConsolidate compiler generated dependencies of target rtabmap_point_cloud_aggregator[0m
[2.509s] [ 42%] Built target rtabmap_pointcloud_to_depthimage
[2.509s] [ 47%] Built target rtabmap_rgbd_relay
[2.509s] [ 52%] Built target rtabmap_disparity_to_depth
[2.511s] [ 57%] Built target rtabmap_lidar_deskewing
[2.512s] [ 63%] Built target rtabmap_imu_to_tf
[2.514s] [ 68%] Built target rtabmap_rgbd_split
[2.516s] [ 73%] Built target rtabmap_point_cloud_aggregator
[2.516s] [ 78%] Built target rtabmap_map_assembler
[2.518s] [ 84%] Built target rtabmap_point_cloud_xyzrgb
[2.518s] [ 89%] Built target rtabmap_point_cloud_xyz
[2.521s] [ 94%] Built target rtabmap_point_cloud_assembler
[2.522s] [100%] Built target rtabmap_obstacles_detection
[2.530s] Invoked command in '/home/brace/codeSpace/navi/build/rtabmap_util' returned '0': AMENT_PREFIX_PATH=/home/brace/codeSpace/navi/install/rtabmap_conversions:/home/brace/codeSpace/navi/install/rtabmap_msgs:${AMENT_PREFIX_PATH} CMAKE_PREFIX_PATH=/home/brace/codeSpace/navi/install/rtabmap_conversions:/home/brace/codeSpace/navi/install/rtabmap_msgs:/home/brace/codeSpace/navi/install/rtabmap:/opt/ros/humble LD_LIBRARY_PATH=/home/brace/codeSpace/navi/install/rtabmap_conversions/lib:/home/brace/codeSpace/navi/install/rtabmap_msgs/lib:/home/brace/codeSpace/navi/install/rtabmap/lib:${LD_LIBRARY_PATH} PATH=/home/brace/codeSpace/navi/install/rtabmap/bin:${PATH} PKG_CONFIG_PATH=/home/brace/codeSpace/navi/install/rtabmap/lib/x86_64-linux-gnu/pkgconfig:/home/brace/codeSpace/navi/install/rtabmap/lib/pkgconfig PYTHONPATH=/home/brace/codeSpace/navi/install/rtabmap_msgs/local/lib/python3.10/dist-packages:${PYTHONPATH} /usr/bin/cmake --build /home/brace/codeSpace/navi/build/rtabmap_util -- -j16 -l16
[2.531s] Invoking command in '/home/brace/codeSpace/navi/build/rtabmap_util': AMENT_PREFIX_PATH=/home/brace/codeSpace/navi/install/rtabmap_conversions:/home/brace/codeSpace/navi/install/rtabmap_msgs:${AMENT_PREFIX_PATH} CMAKE_PREFIX_PATH=/home/brace/codeSpace/navi/install/rtabmap_conversions:/home/brace/codeSpace/navi/install/rtabmap_msgs:/home/brace/codeSpace/navi/install/rtabmap:/opt/ros/humble LD_LIBRARY_PATH=/home/brace/codeSpace/navi/install/rtabmap_conversions/lib:/home/brace/codeSpace/navi/install/rtabmap_msgs/lib:/home/brace/codeSpace/navi/install/rtabmap/lib:${LD_LIBRARY_PATH} PATH=/home/brace/codeSpace/navi/install/rtabmap/bin:${PATH} PKG_CONFIG_PATH=/home/brace/codeSpace/navi/install/rtabmap/lib/x86_64-linux-gnu/pkgconfig:/home/brace/codeSpace/navi/install/rtabmap/lib/pkgconfig PYTHONPATH=/home/brace/codeSpace/navi/install/rtabmap_msgs/local/lib/python3.10/dist-packages:${PYTHONPATH} /usr/bin/cmake --install /home/brace/codeSpace/navi/build/rtabmap_util
[2.538s] -- Install configuration: "Release"
[2.538s] -- Execute custom install script
[2.538s] -- Up-to-date symlink: /home/brace/codeSpace/navi/install/rtabmap_util/share/rtabmap_util/environment/library_path.sh
[2.538s] -- Up-to-date symlink: /home/brace/codeSpace/navi/install/rtabmap_util/share/rtabmap_util/environment/library_path.dsv
[2.538s] -- Up-to-date symlink: /home/brace/codeSpace/navi/install/rtabmap_util/lib/rtabmap_util/transform_to_tf.py
[2.538s] -- Up-to-date symlink: /home/brace/codeSpace/navi/install/rtabmap_util/lib/rtabmap_util/yaml_to_camera_info.py
[2.538s] -- Up-to-date symlink: /home/brace/codeSpace/navi/install/rtabmap_util/lib/rtabmap_util/republish_tf_static.py
[2.539s] -- Up-to-date symlink: /home/brace/codeSpace/navi/install/rtabmap_util/lib/rtabmap_util/imu_to_tf
[2.539s] -- Up-to-date symlink: /home/brace/codeSpace/navi/install/rtabmap_util/lib/rtabmap_util/disparity_to_depth
[2.539s] -- Up-to-date symlink: /home/brace/codeSpace/navi/install/rtabmap_util/lib/rtabmap_util/rgbd_relay
[2.539s] -- Up-to-date symlink: /home/brace/codeSpace/navi/install/rtabmap_util/lib/rtabmap_util/rgbd_split
[2.539s] -- Up-to-date symlink: /home/brace/codeSpace/navi/install/rtabmap_util/lib/rtabmap_util/lidar_deskewing
[2.539s] -- Up-to-date symlink: /home/brace/codeSpace/navi/install/rtabmap_util/lib/rtabmap_util/point_cloud_xyz
[2.539s] -- Up-to-date symlink: /home/brace/codeSpace/navi/install/rtabmap_util/lib/rtabmap_util/point_cloud_xyzrgb
[2.539s] -- Up-to-date symlink: /home/brace/codeSpace/navi/install/rtabmap_util/lib/rtabmap_util/pointcloud_to_depthimage
[2.539s] -- Up-to-date symlink: /home/brace/codeSpace/navi/install/rtabmap_util/lib/rtabmap_util/obstacles_detection
[2.539s] -- Up-to-date symlink: /home/brace/codeSpace/navi/install/rtabmap_util/lib/rtabmap_util/point_cloud_aggregator
[2.539s] -- Up-to-date symlink: /home/brace/codeSpace/navi/install/rtabmap_util/lib/rtabmap_util/point_cloud_assembler
[2.539s] -- Up-to-date symlink: /home/brace/codeSpace/navi/install/rtabmap_util/lib/rtabmap_util/map_assembler
[2.539s] -- Up-to-date symlink: /home/brace/codeSpace/navi/install/rtabmap_util/share/ament_index/resource_index/package_run_dependencies/rtabmap_util
[2.539s] -- Up-to-date symlink: /home/brace/codeSpace/navi/install/rtabmap_util/share/ament_index/resource_index/parent_prefix_path/rtabmap_util
[2.540s] -- Up-to-date symlink: /home/brace/codeSpace/navi/install/rtabmap_util/share/rtabmap_util/environment/ament_prefix_path.sh
[2.540s] -- Up-to-date symlink: /home/brace/codeSpace/navi/install/rtabmap_util/share/rtabmap_util/environment/ament_prefix_path.dsv
[2.540s] -- Up-to-date symlink: /home/brace/codeSpace/navi/install/rtabmap_util/share/rtabmap_util/environment/path.sh
[2.540s] -- Up-to-date symlink: /home/brace/codeSpace/navi/install/rtabmap_util/share/rtabmap_util/environment/path.dsv
[2.540s] -- Up-to-date symlink: /home/brace/codeSpace/navi/install/rtabmap_util/share/rtabmap_util/local_setup.bash
[2.540s] -- Up-to-date symlink: /home/brace/codeSpace/navi/install/rtabmap_util/share/rtabmap_util/local_setup.sh
[2.540s] -- Up-to-date symlink: /home/brace/codeSpace/navi/install/rtabmap_util/share/rtabmap_util/local_setup.zsh
[2.540s] -- Up-to-date symlink: /home/brace/codeSpace/navi/install/rtabmap_util/share/rtabmap_util/local_setup.dsv
[2.540s] -- Symlinking: /home/brace/codeSpace/navi/install/rtabmap_util/share/rtabmap_util/package.dsv
[2.546s] -- Up-to-date symlink: /home/brace/codeSpace/navi/install/rtabmap_util/share/ament_index/resource_index/packages/rtabmap_util
[2.546s] -- Up-to-date symlink: /home/brace/codeSpace/navi/install/rtabmap_util/share/ament_index/resource_index/rclcpp_components/rtabmap_util
[2.546s] -- Up-to-date symlink: /home/brace/codeSpace/navi/install/rtabmap_util/share/rtabmap_util/cmake/ament_cmake_export_dependencies-extras.cmake
[2.546s] -- Up-to-date symlink: /home/brace/codeSpace/navi/install/rtabmap_util/share/rtabmap_util/cmake/ament_cmake_export_include_directories-extras.cmake
[2.546s] -- Up-to-date symlink: /home/brace/codeSpace/navi/install/rtabmap_util/share/rtabmap_util/cmake/ament_cmake_export_targets-extras.cmake
[2.546s] -- Up-to-date symlink: /home/brace/codeSpace/navi/install/rtabmap_util/share/rtabmap_util/cmake/ament_cmake_export_libraries-extras.cmake
[2.546s] -- Up-to-date symlink: /home/brace/codeSpace/navi/install/rtabmap_util/share/rtabmap_util/cmake/rtabmap_utilConfig.cmake
[2.546s] -- Up-to-date symlink: /home/brace/codeSpace/navi/install/rtabmap_util/share/rtabmap_util/cmake/rtabmap_utilConfig-version.cmake
[2.546s] -- Up-to-date symlink: /home/brace/codeSpace/navi/install/rtabmap_util/share/rtabmap_util/package.xml
[2.546s] -- Up-to-date: /home/brace/codeSpace/navi/install/rtabmap_util/lib/librtabmap_util_plugins.so
[2.546s] -- Up-to-date: /home/brace/codeSpace/navi/install/rtabmap_util/include
[2.546s] -- Up-to-date: /home/brace/codeSpace/navi/install/rtabmap_util/include/rtabmap_util
[2.546s] -- Up-to-date: /home/brace/codeSpace/navi/install/rtabmap_util/include/rtabmap_util/MapsManager.h
[2.547s] -- Up-to-date: /home/brace/codeSpace/navi/install/rtabmap_util/include/rtabmap_util/visibility.h
[2.547s] -- Up-to-date: /home/brace/codeSpace/navi/install/rtabmap_util/include/rtabmap_util/ULogToRosout.h
[2.547s] -- Up-to-date: /home/brace/codeSpace/navi/install/rtabmap_util/share/rtabmap_util/cmake/rtabmap_utilExport.cmake
[2.547s] -- Up-to-date: /home/brace/codeSpace/navi/install/rtabmap_util/share/rtabmap_util/cmake/rtabmap_utilExport-release.cmake
[2.548s] Invoked command in '/home/brace/codeSpace/navi/build/rtabmap_util' returned '0': AMENT_PREFIX_PATH=/home/brace/codeSpace/navi/install/rtabmap_conversions:/home/brace/codeSpace/navi/install/rtabmap_msgs:${AMENT_PREFIX_PATH} CMAKE_PREFIX_PATH=/home/brace/codeSpace/navi/install/rtabmap_conversions:/home/brace/codeSpace/navi/install/rtabmap_msgs:/home/brace/codeSpace/navi/install/rtabmap:/opt/ros/humble LD_LIBRARY_PATH=/home/brace/codeSpace/navi/install/rtabmap_conversions/lib:/home/brace/codeSpace/navi/install/rtabmap_msgs/lib:/home/brace/codeSpace/navi/install/rtabmap/lib:${LD_LIBRARY_PATH} PATH=/home/brace/codeSpace/navi/install/rtabmap/bin:${PATH} PKG_CONFIG_PATH=/home/brace/codeSpace/navi/install/rtabmap/lib/x86_64-linux-gnu/pkgconfig:/home/brace/codeSpace/navi/install/rtabmap/lib/pkgconfig PYTHONPATH=/home/brace/codeSpace/navi/install/rtabmap_msgs/local/lib/python3.10/dist-packages:${PYTHONPATH} /usr/bin/cmake --install /home/brace/codeSpace/navi/build/rtabmap_util
