[0.013s] Invoking command in '/home/brace/codeSpace/navi/build/rtabmap_slam': AMENT_PREFIX_PATH=/home/brace/codeSpace/navi/install/rtabmap_util:/home/brace/codeSpace/navi/install/rtabmap_sync:/home/brace/codeSpace/navi/install/rtabmap_conversions:/home/brace/codeSpace/navi/install/rtabmap_msgs:${AMENT_PREFIX_PATH} CMAKE_PREFIX_PATH=/home/brace/codeSpace/navi/install/rtabmap_util:/home/brace/codeSpace/navi/install/rtabmap_sync:/home/brace/codeSpace/navi/install/rtabmap_conversions:/home/brace/codeSpace/navi/install/rtabmap_msgs:/home/brace/codeSpace/navi/install/rtabmap:/opt/ros/humble LD_LIBRARY_PATH=/home/brace/codeSpace/navi/install/rtabmap_util/lib:/home/brace/codeSpace/navi/install/rtabmap_sync/lib:/home/brace/codeSpace/navi/install/rtabmap_conversions/lib:/home/brace/codeSpace/navi/install/rtabmap_msgs/lib:/home/brace/codeSpace/navi/install/rtabmap/lib:${LD_LIBRARY_PATH} PATH=/home/brace/codeSpace/navi/install/rtabmap/bin:${PATH} PKG_CONFIG_PATH=/home/brace/codeSpace/navi/install/rtabmap/lib/x86_64-linux-gnu/pkgconfig:/home/brace/codeSpace/navi/install/rtabmap/lib/pkgconfig PYTHONPATH=/home/brace/codeSpace/navi/install/rtabmap_msgs/local/lib/python3.10/dist-packages:${PYTHONPATH} /usr/bin/cmake /home/brace/codeSpace/navi/src/rtabmap_ros/rtabmap_slam -DCMAKE_BUILD_TYPE=Release -DAMENT_CMAKE_SYMLINK_INSTALL=1 -DCMAKE_INSTALL_PREFIX=/home/brace/codeSpace/navi/install/rtabmap_slam
[0.054s] -- The C compiler identification is GNU 11.4.0
[0.100s] -- The CXX compiler identification is GNU 11.4.0
[0.106s] -- Detecting C compiler ABI info
[0.163s] -- Detecting C compiler ABI info - done
[0.168s] -- Check for working C compiler: /usr/bin/cc - skipped
[0.168s] -- Detecting C compile features
[0.169s] -- Detecting C compile features - done
[0.171s] -- Detecting CXX compiler ABI info
[0.234s] -- Detecting CXX compiler ABI info - done
[0.240s] -- Check for working CXX compiler: /usr/bin/c++ - skipped
[0.240s] -- Detecting CXX compile features
[0.240s] -- Detecting CXX compile features - done
[0.242s] -- Found ament_cmake: 1.3.12 (/opt/ros/humble/share/ament_cmake/cmake)
[0.362s] -- Found Python3: /usr/bin/python3 (found version "3.10.12") found components: Interpreter 
[0.406s] -- Override CMake install command with custom implementation using symlinks instead of copying resources
[0.430s] -- Found cv_bridge: 3.2.1 (/opt/ros/humble/share/cv_bridge/cmake)
[0.462s] -- Found rosidl_generator_c: 3.1.7 (/opt/ros/humble/share/rosidl_generator_c/cmake)
[0.466s] -- Found rosidl_adapter: 3.1.7 (/opt/ros/humble/share/rosidl_adapter/cmake)
[0.471s] -- Found rosidl_generator_cpp: 3.1.7 (/opt/ros/humble/share/rosidl_generator_cpp/cmake)
[0.480s] -- Using all available rosidl_typesupport_c: rosidl_typesupport_fastrtps_c;rosidl_typesupport_introspection_c
[0.491s] -- Using all available rosidl_typesupport_cpp: rosidl_typesupport_fastrtps_cpp;rosidl_typesupport_introspection_cpp
[0.534s] -- Found nav_msgs: 4.9.0 (/opt/ros/humble/share/nav_msgs/cmake)
[0.545s] -- Found pluginlib: 5.1.2 (/opt/ros/humble/share/pluginlib/cmake)
[0.563s] -- Found rclcpp: 16.0.16 (/opt/ros/humble/share/rclcpp/cmake)
[0.588s] -- Found rmw_implementation_cmake: 6.1.2 (/opt/ros/humble/share/rmw_implementation_cmake/cmake)
[0.590s] -- Found rmw_fastrtps_cpp: 6.2.9 (/opt/ros/humble/share/rmw_fastrtps_cpp/cmake)
[0.608s] -- Found TinyXML2 via Config file: TinyXML2_DIR-NOTFOUND
[0.652s] -- Found OpenSSL: /usr/lib/x86_64-linux-gnu/libcrypto.so (found version "3.0.2")  
[0.654s] -- Found TinyXML2 via Config file: TinyXML2_DIR-NOTFOUND
[0.664s] -- Found FastRTPS: /opt/ros/humble/include  
[0.666s] -- Found TinyXML2 via Config file: TinyXML2_DIR-NOTFOUND
[0.676s] -- Found TinyXML2 via Config file: TinyXML2_DIR-NOTFOUND
[0.685s] -- Using RMW implementation 'rmw_fastrtps_cpp' as default
[0.692s] -- Looking for pthread.h
[0.753s] -- Looking for pthread.h - found
[0.753s] -- Performing Test CMAKE_HAVE_LIBC_PTHREAD
[0.816s] -- Performing Test CMAKE_HAVE_LIBC_PTHREAD - Success
[0.817s] -- Found Threads: TRUE  
[0.844s] -- Found rclcpp_components: 16.0.16 (/opt/ros/humble/share/rclcpp_components/cmake)
[0.857s] -- Found std_srvs: 4.9.0 (/opt/ros/humble/share/std_srvs/cmake)
[0.864s] -- Found tf2: 0.25.17 (/opt/ros/humble/share/tf2/cmake)
[0.867s] -- Found tf2_ros: 0.25.17 (/opt/ros/humble/share/tf2_ros/cmake)
[0.920s] -- Found visualization_msgs: 4.9.0 (/opt/ros/humble/share/visualization_msgs/cmake)
[0.936s] -- Found rtabmap_msgs: 0.22.1 (/home/brace/codeSpace/navi/install/rtabmap_msgs/share/rtabmap_msgs/cmake)
[0.950s] -- Found rtabmap_util: 0.22.1 (/home/brace/codeSpace/navi/install/rtabmap_util/share/rtabmap_util/cmake)
[1.077s] -- Found eigen3_cmake_module: 0.1.1 (/opt/ros/humble/share/eigen3_cmake_module/cmake)
[1.078s] -- Found Eigen3: TRUE (found version "3.4.0") 
[1.078s] -- Ensuring Eigen3 include directory is part of orocos-kdl CMake target
[1.111s] -- Checking for module 'eigen3'
[1.123s] --   Found eigen3, version 3.4.0
[1.162s] -- Found Eigen: /usr/include/eigen3 (Required is at least version "3.1") 
[1.162s] -- Eigen found (include: /usr/include/eigen3, version: 3.4.0)
[1.185s] -- Checking for module 'flann'
[1.197s] --   Found flann, version 1.9.1
[1.233s] -- Found FLANN: /usr/lib/x86_64-linux-gnu/libflann_cpp.so  
[1.234s] -- FLANN found (include: /usr/include, lib: /usr/lib/x86_64-linux-gnu/libflann_cpp.so)
[2.224s] -- Checking for module 'libusb-1.0'
[2.238s] --   Found libusb-1.0, version 1.0.25
[2.271s] -- Found libusb: /usr/lib/x86_64-linux-gnu/libusb-1.0.so  
[2.272s] -- OpenNI found (version: 1.5.4.0, include: /usr/include/ni, lib: /usr/lib/libOpenNI.so;libusb::libusb)
[2.331s] -- OpenNI2 found (version: 2.2.0.33, include: /usr/include/openni2, lib: /usr/lib/x86_64-linux-gnu/libOpenNI2.so;libusb::libusb)
[2.455s] -- Eigen found (include: /usr/include/eigen3, version: 3.4.0)
[2.461s] -- OpenNI found (version: 1.5.4.0, include: /usr/include/ni, lib: /usr/lib/libOpenNI.so;libusb::libusb)
[2.467s] -- OpenNI2 found (version: 2.2.0.33, include: /usr/include/openni2, lib: /usr/lib/x86_64-linux-gnu/libOpenNI2.so;libusb::libusb)
[2.576s] -- Found Qhull version 8.0.2
[2.689s] -- OpenNI found (version: 1.5.4.0, include: /usr/include/ni, lib: /usr/lib/libOpenNI.so;libusb::libusb)
[2.797s] -- Found PCL_COMMON: /usr/lib/x86_64-linux-gnu/libpcl_common.so  
[2.797s] -- Found PCL_KDTREE: /usr/lib/x86_64-linux-gnu/libpcl_kdtree.so  
[2.798s] -- Found PCL_OCTREE: /usr/lib/x86_64-linux-gnu/libpcl_octree.so  
[2.798s] -- Found PCL_SEARCH: /usr/lib/x86_64-linux-gnu/libpcl_search.so  
[2.799s] -- Found PCL_SAMPLE_CONSENSUS: /usr/lib/x86_64-linux-gnu/libpcl_sample_consensus.so  
[2.799s] -- Found PCL_FILTERS: /usr/lib/x86_64-linux-gnu/libpcl_filters.so  
[2.800s] -- Found PCL_2D: /usr/include/pcl-1.12  
[2.800s] -- Found PCL_GEOMETRY: /usr/include/pcl-1.12  
[2.800s] -- Found PCL_IO: /usr/lib/x86_64-linux-gnu/libpcl_io.so  
[2.801s] -- Found PCL_FEATURES: /usr/lib/x86_64-linux-gnu/libpcl_features.so  
[2.802s] -- Found PCL_ML: /usr/lib/x86_64-linux-gnu/libpcl_ml.so  
[2.802s] -- Found PCL_SEGMENTATION: /usr/lib/x86_64-linux-gnu/libpcl_segmentation.so  
[2.803s] -- Found PCL_VISUALIZATION: /usr/lib/x86_64-linux-gnu/libpcl_visualization.so  
[2.803s] -- Found PCL_SURFACE: /usr/lib/x86_64-linux-gnu/libpcl_surface.so  
[2.804s] -- Found PCL_REGISTRATION: /usr/lib/x86_64-linux-gnu/libpcl_registration.so  
[2.805s] -- Found PCL_KEYPOINTS: /usr/lib/x86_64-linux-gnu/libpcl_keypoints.so  
[2.805s] -- Found PCL_TRACKING: /usr/lib/x86_64-linux-gnu/libpcl_tracking.so  
[2.806s] -- Found PCL_RECOGNITION: /usr/lib/x86_64-linux-gnu/libpcl_recognition.so  
[2.807s] -- Found PCL_STEREO: /usr/lib/x86_64-linux-gnu/libpcl_stereo.so  
[2.807s] -- Found PCL_APPS: /usr/lib/x86_64-linux-gnu/libpcl_apps.so  
[2.808s] -- Found PCL_IN_HAND_SCANNER: /usr/include/pcl-1.12  
[2.808s] -- Found PCL_MODELER: /usr/include/pcl-1.12  
[2.808s] -- Found PCL_POINT_CLOUD_EDITOR: /usr/include/pcl-1.12  
[2.809s] -- Found PCL_OUTOFCORE: /usr/lib/x86_64-linux-gnu/libpcl_outofcore.so  
[2.810s] -- Found PCL_PEOPLE: /usr/lib/x86_64-linux-gnu/libpcl_people.so  
[2.856s] -- Found rtabmap_sync: 0.22.1 (/home/brace/codeSpace/navi/install/rtabmap_sync/share/rtabmap_sync/cmake)
[2.877s] -- Found apriltag_msgs: 2.0.1 (/opt/ros/humble/share/apriltag_msgs/cmake)
[2.891s] -- Found aruco_msgs: 5.0.5 (/opt/ros/humble/share/aruco_msgs/cmake)
[2.910s] [33mCMake Warning at CMakeLists.txt:42 (find_package):
[2.910s]   By not providing "Findaruco_markers_msgs.cmake" in CMAKE_MODULE_PATH this
[2.910s]   project has asked CMake to find a package configuration file provided by
[2.910s]   "aruco_markers_msgs", but CMake did not find one.
[2.910s] 
[2.910s]   Could not find a package configuration file provided by
[2.910s]   "aruco_markers_msgs" with any of the following names:
[2.910s] 
[2.910s]     aruco_markers_msgsConfig.cmake
[2.910s]     aruco_markers_msgs-config.cmake
[2.910s] 
[2.910s]   Add the installation prefix of "aruco_markers_msgs" to CMAKE_PREFIX_PATH or
[2.910s]   set "aruco_markers_msgs_DIR" to a directory containing one of the above
[2.910s]   files.  If "aruco_markers_msgs" provides a separate development package or
[2.910s]   SDK, be sure it has been installed.
[2.910s] 
[2.910s] [0m
[2.911s] -- Found aruco_opencv_msgs: 2.4.1 (/opt/ros/humble/share/aruco_opencv_msgs/cmake)
[2.930s] [33mCMake Warning at CMakeLists.txt:44 (find_package):
[2.930s]   By not providing "Findros2_aruco_interfaces.cmake" in CMAKE_MODULE_PATH
[2.930s]   this project has asked CMake to find a package configuration file provided
[2.930s]   by "ros2_aruco_interfaces", but CMake did not find one.
[2.930s] 
[2.930s]   Could not find a package configuration file provided by
[2.930s]   "ros2_aruco_interfaces" with any of the following names:
[2.930s] 
[2.930s]     ros2_aruco_interfacesConfig.cmake
[2.930s]     ros2_aruco_interfaces-config.cmake
[2.930s] 
[2.930s]   Add the installation prefix of "ros2_aruco_interfaces" to CMAKE_PREFIX_PATH
[2.931s]   or set "ros2_aruco_interfaces_DIR" to a directory containing one of the
[2.931s]   above files.  If "ros2_aruco_interfaces" provides a separate development
[2.931s]   package or SDK, be sure it has been installed.
[2.931s] 
[2.931s] [0m
[2.931s] -- WITH apriltag_msgs
[2.931s] -- WITH aruco_msgs
[2.931s] -- WITH aruco_opencv_msgs
[2.931s] -- WITH nav2_msgs
[2.993s] -- Configuring done
[3.061s] -- Generating done
[3.075s] -- Build files have been written to: /home/brace/codeSpace/navi/build/rtabmap_slam
[3.091s] Invoked command in '/home/brace/codeSpace/navi/build/rtabmap_slam' returned '0': AMENT_PREFIX_PATH=/home/brace/codeSpace/navi/install/rtabmap_util:/home/brace/codeSpace/navi/install/rtabmap_sync:/home/brace/codeSpace/navi/install/rtabmap_conversions:/home/brace/codeSpace/navi/install/rtabmap_msgs:${AMENT_PREFIX_PATH} CMAKE_PREFIX_PATH=/home/brace/codeSpace/navi/install/rtabmap_util:/home/brace/codeSpace/navi/install/rtabmap_sync:/home/brace/codeSpace/navi/install/rtabmap_conversions:/home/brace/codeSpace/navi/install/rtabmap_msgs:/home/brace/codeSpace/navi/install/rtabmap:/opt/ros/humble LD_LIBRARY_PATH=/home/brace/codeSpace/navi/install/rtabmap_util/lib:/home/brace/codeSpace/navi/install/rtabmap_sync/lib:/home/brace/codeSpace/navi/install/rtabmap_conversions/lib:/home/brace/codeSpace/navi/install/rtabmap_msgs/lib:/home/brace/codeSpace/navi/install/rtabmap/lib:${LD_LIBRARY_PATH} PATH=/home/brace/codeSpace/navi/install/rtabmap/bin:${PATH} PKG_CONFIG_PATH=/home/brace/codeSpace/navi/install/rtabmap/lib/x86_64-linux-gnu/pkgconfig:/home/brace/codeSpace/navi/install/rtabmap/lib/pkgconfig PYTHONPATH=/home/brace/codeSpace/navi/install/rtabmap_msgs/local/lib/python3.10/dist-packages:${PYTHONPATH} /usr/bin/cmake /home/brace/codeSpace/navi/src/rtabmap_ros/rtabmap_slam -DCMAKE_BUILD_TYPE=Release -DAMENT_CMAKE_SYMLINK_INSTALL=1 -DCMAKE_INSTALL_PREFIX=/home/brace/codeSpace/navi/install/rtabmap_slam
[3.093s] Invoking command in '/home/brace/codeSpace/navi/build/rtabmap_slam': AMENT_PREFIX_PATH=/home/brace/codeSpace/navi/install/rtabmap_util:/home/brace/codeSpace/navi/install/rtabmap_sync:/home/brace/codeSpace/navi/install/rtabmap_conversions:/home/brace/codeSpace/navi/install/rtabmap_msgs:${AMENT_PREFIX_PATH} CMAKE_PREFIX_PATH=/home/brace/codeSpace/navi/install/rtabmap_util:/home/brace/codeSpace/navi/install/rtabmap_sync:/home/brace/codeSpace/navi/install/rtabmap_conversions:/home/brace/codeSpace/navi/install/rtabmap_msgs:/home/brace/codeSpace/navi/install/rtabmap:/opt/ros/humble LD_LIBRARY_PATH=/home/brace/codeSpace/navi/install/rtabmap_util/lib:/home/brace/codeSpace/navi/install/rtabmap_sync/lib:/home/brace/codeSpace/navi/install/rtabmap_conversions/lib:/home/brace/codeSpace/navi/install/rtabmap_msgs/lib:/home/brace/codeSpace/navi/install/rtabmap/lib:${LD_LIBRARY_PATH} PATH=/home/brace/codeSpace/navi/install/rtabmap/bin:${PATH} PKG_CONFIG_PATH=/home/brace/codeSpace/navi/install/rtabmap/lib/x86_64-linux-gnu/pkgconfig:/home/brace/codeSpace/navi/install/rtabmap/lib/pkgconfig PYTHONPATH=/home/brace/codeSpace/navi/install/rtabmap_msgs/local/lib/python3.10/dist-packages:${PYTHONPATH} /usr/bin/cmake --build /home/brace/codeSpace/navi/build/rtabmap_slam -- -j16 -l16
[3.146s] [ 25%] [32mBuilding CXX object CMakeFiles/rtabmap_slam_plugins.dir/src/CoreWrapper.cpp.o[0m
[82.318s] [ 50%] [32m[1mLinking CXX shared library librtabmap_slam_plugins.so[0m
[84.225s] [ 50%] Built target rtabmap_slam_plugins
[84.245s] [ 75%] [32mBuilding CXX object CMakeFiles/rtabmap_node.dir/src/CoreNode.cpp.o[0m
[93.140s] [100%] [32m[1mLinking CXX executable rtabmap[0m
[94.591s] [100%] Built target rtabmap_node
[94.603s] Invoked command in '/home/brace/codeSpace/navi/build/rtabmap_slam' returned '0': AMENT_PREFIX_PATH=/home/brace/codeSpace/navi/install/rtabmap_util:/home/brace/codeSpace/navi/install/rtabmap_sync:/home/brace/codeSpace/navi/install/rtabmap_conversions:/home/brace/codeSpace/navi/install/rtabmap_msgs:${AMENT_PREFIX_PATH} CMAKE_PREFIX_PATH=/home/brace/codeSpace/navi/install/rtabmap_util:/home/brace/codeSpace/navi/install/rtabmap_sync:/home/brace/codeSpace/navi/install/rtabmap_conversions:/home/brace/codeSpace/navi/install/rtabmap_msgs:/home/brace/codeSpace/navi/install/rtabmap:/opt/ros/humble LD_LIBRARY_PATH=/home/brace/codeSpace/navi/install/rtabmap_util/lib:/home/brace/codeSpace/navi/install/rtabmap_sync/lib:/home/brace/codeSpace/navi/install/rtabmap_conversions/lib:/home/brace/codeSpace/navi/install/rtabmap_msgs/lib:/home/brace/codeSpace/navi/install/rtabmap/lib:${LD_LIBRARY_PATH} PATH=/home/brace/codeSpace/navi/install/rtabmap/bin:${PATH} PKG_CONFIG_PATH=/home/brace/codeSpace/navi/install/rtabmap/lib/x86_64-linux-gnu/pkgconfig:/home/brace/codeSpace/navi/install/rtabmap/lib/pkgconfig PYTHONPATH=/home/brace/codeSpace/navi/install/rtabmap_msgs/local/lib/python3.10/dist-packages:${PYTHONPATH} /usr/bin/cmake --build /home/brace/codeSpace/navi/build/rtabmap_slam -- -j16 -l16
[94.606s] Invoking command in '/home/brace/codeSpace/navi/build/rtabmap_slam': AMENT_PREFIX_PATH=/home/brace/codeSpace/navi/install/rtabmap_util:/home/brace/codeSpace/navi/install/rtabmap_sync:/home/brace/codeSpace/navi/install/rtabmap_conversions:/home/brace/codeSpace/navi/install/rtabmap_msgs:${AMENT_PREFIX_PATH} CMAKE_PREFIX_PATH=/home/brace/codeSpace/navi/install/rtabmap_util:/home/brace/codeSpace/navi/install/rtabmap_sync:/home/brace/codeSpace/navi/install/rtabmap_conversions:/home/brace/codeSpace/navi/install/rtabmap_msgs:/home/brace/codeSpace/navi/install/rtabmap:/opt/ros/humble LD_LIBRARY_PATH=/home/brace/codeSpace/navi/install/rtabmap_util/lib:/home/brace/codeSpace/navi/install/rtabmap_sync/lib:/home/brace/codeSpace/navi/install/rtabmap_conversions/lib:/home/brace/codeSpace/navi/install/rtabmap_msgs/lib:/home/brace/codeSpace/navi/install/rtabmap/lib:${LD_LIBRARY_PATH} PATH=/home/brace/codeSpace/navi/install/rtabmap/bin:${PATH} PKG_CONFIG_PATH=/home/brace/codeSpace/navi/install/rtabmap/lib/x86_64-linux-gnu/pkgconfig:/home/brace/codeSpace/navi/install/rtabmap/lib/pkgconfig PYTHONPATH=/home/brace/codeSpace/navi/install/rtabmap_msgs/local/lib/python3.10/dist-packages:${PYTHONPATH} /usr/bin/cmake --install /home/brace/codeSpace/navi/build/rtabmap_slam
[94.616s] -- Install configuration: "Release"
[94.617s] -- Execute custom install script
[94.617s] -- Symlinking: /home/brace/codeSpace/navi/install/rtabmap_slam/share/rtabmap_slam/environment/library_path.sh
[94.626s] -- Symlinking: /home/brace/codeSpace/navi/install/rtabmap_slam/share/rtabmap_slam/environment/library_path.dsv
[94.633s] -- Symlinking: /home/brace/codeSpace/navi/install/rtabmap_slam/lib/rtabmap_slam/rtabmap
[94.642s] -- Symlinking: /home/brace/codeSpace/navi/install/rtabmap_slam/share/ament_index/resource_index/package_run_dependencies/rtabmap_slam
[94.650s] -- Symlinking: /home/brace/codeSpace/navi/install/rtabmap_slam/share/ament_index/resource_index/parent_prefix_path/rtabmap_slam
[94.664s] -- Symlinking: /home/brace/codeSpace/navi/install/rtabmap_slam/share/rtabmap_slam/environment/ament_prefix_path.sh
[94.676s] -- Symlinking: /home/brace/codeSpace/navi/install/rtabmap_slam/share/rtabmap_slam/environment/ament_prefix_path.dsv
[94.689s] -- Symlinking: /home/brace/codeSpace/navi/install/rtabmap_slam/share/rtabmap_slam/environment/path.sh
[94.701s] -- Symlinking: /home/brace/codeSpace/navi/install/rtabmap_slam/share/rtabmap_slam/environment/path.dsv
[94.715s] -- Symlinking: /home/brace/codeSpace/navi/install/rtabmap_slam/share/rtabmap_slam/local_setup.bash
[94.727s] -- Symlinking: /home/brace/codeSpace/navi/install/rtabmap_slam/share/rtabmap_slam/local_setup.sh
[94.743s] -- Symlinking: /home/brace/codeSpace/navi/install/rtabmap_slam/share/rtabmap_slam/local_setup.zsh
[94.756s] -- Symlinking: /home/brace/codeSpace/navi/install/rtabmap_slam/share/rtabmap_slam/local_setup.dsv
[94.772s] -- Symlinking: /home/brace/codeSpace/navi/install/rtabmap_slam/share/rtabmap_slam/package.dsv
[94.785s] -- Symlinking: /home/brace/codeSpace/navi/install/rtabmap_slam/share/ament_index/resource_index/packages/rtabmap_slam
[94.798s] -- Symlinking: /home/brace/codeSpace/navi/install/rtabmap_slam/share/ament_index/resource_index/rclcpp_components/rtabmap_slam
[94.806s] -- Symlinking: /home/brace/codeSpace/navi/install/rtabmap_slam/share/rtabmap_slam/cmake/ament_cmake_export_dependencies-extras.cmake
[94.812s] -- Symlinking: /home/brace/codeSpace/navi/install/rtabmap_slam/share/rtabmap_slam/cmake/ament_cmake_export_include_directories-extras.cmake
[94.819s] -- Symlinking: /home/brace/codeSpace/navi/install/rtabmap_slam/share/rtabmap_slam/cmake/ament_cmake_export_targets-extras.cmake
[94.828s] -- Symlinking: /home/brace/codeSpace/navi/install/rtabmap_slam/share/rtabmap_slam/cmake/ament_cmake_export_libraries-extras.cmake
[94.839s] -- Symlinking: /home/brace/codeSpace/navi/install/rtabmap_slam/share/rtabmap_slam/cmake/rtabmap_slamConfig.cmake
[94.852s] -- Symlinking: /home/brace/codeSpace/navi/install/rtabmap_slam/share/rtabmap_slam/cmake/rtabmap_slamConfig-version.cmake
[94.863s] -- Symlinking: /home/brace/codeSpace/navi/install/rtabmap_slam/share/rtabmap_slam/package.xml
[94.876s] -- Installing: /home/brace/codeSpace/navi/install/rtabmap_slam/lib/librtabmap_slam_plugins.so
[94.888s] -- Set runtime path of "/home/brace/codeSpace/navi/install/rtabmap_slam/lib/librtabmap_slam_plugins.so" to ""
[94.888s] -- Installing: /home/brace/codeSpace/navi/install/rtabmap_slam/include
[94.888s] -- Installing: /home/brace/codeSpace/navi/install/rtabmap_slam/include/rtabmap_slam
[94.889s] -- Installing: /home/brace/codeSpace/navi/install/rtabmap_slam/include/rtabmap_slam/CoreWrapper.h
[94.889s] -- Installing: /home/brace/codeSpace/navi/install/rtabmap_slam/include/rtabmap_slam/visibility.h
[94.889s] -- Installing: /home/brace/codeSpace/navi/install/rtabmap_slam/share/rtabmap_slam/cmake/rtabmap_slamExport.cmake
[94.889s] -- Installing: /home/brace/codeSpace/navi/install/rtabmap_slam/share/rtabmap_slam/cmake/rtabmap_slamExport-release.cmake
[94.891s] Invoked command in '/home/brace/codeSpace/navi/build/rtabmap_slam' returned '0': AMENT_PREFIX_PATH=/home/brace/codeSpace/navi/install/rtabmap_util:/home/brace/codeSpace/navi/install/rtabmap_sync:/home/brace/codeSpace/navi/install/rtabmap_conversions:/home/brace/codeSpace/navi/install/rtabmap_msgs:${AMENT_PREFIX_PATH} CMAKE_PREFIX_PATH=/home/brace/codeSpace/navi/install/rtabmap_util:/home/brace/codeSpace/navi/install/rtabmap_sync:/home/brace/codeSpace/navi/install/rtabmap_conversions:/home/brace/codeSpace/navi/install/rtabmap_msgs:/home/brace/codeSpace/navi/install/rtabmap:/opt/ros/humble LD_LIBRARY_PATH=/home/brace/codeSpace/navi/install/rtabmap_util/lib:/home/brace/codeSpace/navi/install/rtabmap_sync/lib:/home/brace/codeSpace/navi/install/rtabmap_conversions/lib:/home/brace/codeSpace/navi/install/rtabmap_msgs/lib:/home/brace/codeSpace/navi/install/rtabmap/lib:${LD_LIBRARY_PATH} PATH=/home/brace/codeSpace/navi/install/rtabmap/bin:${PATH} PKG_CONFIG_PATH=/home/brace/codeSpace/navi/install/rtabmap/lib/x86_64-linux-gnu/pkgconfig:/home/brace/codeSpace/navi/install/rtabmap/lib/pkgconfig PYTHONPATH=/home/brace/codeSpace/navi/install/rtabmap_msgs/local/lib/python3.10/dist-packages:${PYTHONPATH} /usr/bin/cmake --install /home/brace/codeSpace/navi/build/rtabmap_slam
