[0.529s] Invoking command in '/home/brace/codeSpace/navi/src/realsense-ros/realsense2_ros_mqtt_bridge': PYTHONPATH=/home/brace/codeSpace/navi/build/realsense2_ros_mqtt_bridge/prefix_override:/usr/lib/python3/dist-packages/colcon_core/task/python/colcon_distutils_commands:/home/brace/codeSpace/navi/install/realsense2_ros_mqtt_bridge/lib/python3.10/site-packages:${PYTHONPATH} /usr/bin/python3 -W ignore:setup.py install is deprecated -W ignore:easy_install command is deprecated setup.py egg_info --egg-base ../../../build/realsense2_ros_mqtt_bridge build --build-base /home/brace/codeSpace/navi/build/realsense2_ros_mqtt_bridge/build install --record /home/brace/codeSpace/navi/build/realsense2_ros_mqtt_bridge/install.log --single-version-externally-managed install_data
[0.666s] running egg_info
[0.666s] creating ../../../build/realsense2_ros_mqtt_bridge/realsense2_ros_mqtt_bridge.egg-info
[0.667s] writing ../../../build/realsense2_ros_mqtt_bridge/realsense2_ros_mqtt_bridge.egg-info/PKG-INFO
[0.667s] writing dependency_links to ../../../build/realsense2_ros_mqtt_bridge/realsense2_ros_mqtt_bridge.egg-info/dependency_links.txt
[0.667s] writing entry points to ../../../build/realsense2_ros_mqtt_bridge/realsense2_ros_mqtt_bridge.egg-info/entry_points.txt
[0.667s] writing requirements to ../../../build/realsense2_ros_mqtt_bridge/realsense2_ros_mqtt_bridge.egg-info/requires.txt
[0.667s] writing top-level names to ../../../build/realsense2_ros_mqtt_bridge/realsense2_ros_mqtt_bridge.egg-info/top_level.txt
[0.667s] writing manifest file '../../../build/realsense2_ros_mqtt_bridge/realsense2_ros_mqtt_bridge.egg-info/SOURCES.txt'
[0.668s] reading manifest file '../../../build/realsense2_ros_mqtt_bridge/realsense2_ros_mqtt_bridge.egg-info/SOURCES.txt'
[0.668s] writing manifest file '../../../build/realsense2_ros_mqtt_bridge/realsense2_ros_mqtt_bridge.egg-info/SOURCES.txt'
[0.668s] running build
[0.668s] running build_py
[0.669s] creating /home/brace/codeSpace/navi/build/realsense2_ros_mqtt_bridge/build
[0.669s] creating /home/brace/codeSpace/navi/build/realsense2_ros_mqtt_bridge/build/lib
[0.669s] creating /home/brace/codeSpace/navi/build/realsense2_ros_mqtt_bridge/build/lib/src
[0.669s] copying src/triggered_calibration_handler.py -> /home/brace/codeSpace/navi/build/realsense2_ros_mqtt_bridge/build/lib/src
[0.669s] copying src/safety_preset_handler.py -> /home/brace/codeSpace/navi/build/realsense2_ros_mqtt_bridge/build/lib/src
[0.669s] copying src/service_handler.py -> /home/brace/codeSpace/navi/build/realsense2_ros_mqtt_bridge/build/lib/src
[0.669s] copying src/mqtt_bridge_node.py -> /home/brace/codeSpace/navi/build/realsense2_ros_mqtt_bridge/build/lib/src
[0.669s] copying src/application_config_handler.py -> /home/brace/codeSpace/navi/build/realsense2_ros_mqtt_bridge/build/lib/src
[0.669s] copying src/device_handler.py -> /home/brace/codeSpace/navi/build/realsense2_ros_mqtt_bridge/build/lib/src
[0.669s] copying src/frame_handler.py -> /home/brace/codeSpace/navi/build/realsense2_ros_mqtt_bridge/build/lib/src
[0.669s] copying src/calib_config_handler.py -> /home/brace/codeSpace/navi/build/realsense2_ros_mqtt_bridge/build/lib/src
[0.670s] copying src/entry_point.py -> /home/brace/codeSpace/navi/build/realsense2_ros_mqtt_bridge/build/lib/src
[0.670s] copying src/__init__.py -> /home/brace/codeSpace/navi/build/realsense2_ros_mqtt_bridge/build/lib/src
[0.670s] copying src/safety_interface_config_handler.py -> /home/brace/codeSpace/navi/build/realsense2_ros_mqtt_bridge/build/lib/src
[0.670s] copying src/parameter_handler.py -> /home/brace/codeSpace/navi/build/realsense2_ros_mqtt_bridge/build/lib/src
[0.670s] copying src/hw_reset_handler.py -> /home/brace/codeSpace/navi/build/realsense2_ros_mqtt_bridge/build/lib/src
[0.670s] copying src/hwm_command_handler.py -> /home/brace/codeSpace/navi/build/realsense2_ros_mqtt_bridge/build/lib/src
[0.670s] copying src/transformation_handler.py -> /home/brace/codeSpace/navi/build/realsense2_ros_mqtt_bridge/build/lib/src
[0.670s] running install
[0.670s] running install_lib
[0.670s] creating /home/brace/codeSpace/navi/install/realsense2_ros_mqtt_bridge/lib/python3.10/site-packages/src
[0.671s] copying /home/brace/codeSpace/navi/build/realsense2_ros_mqtt_bridge/build/lib/src/triggered_calibration_handler.py -> /home/brace/codeSpace/navi/install/realsense2_ros_mqtt_bridge/lib/python3.10/site-packages/src
[0.671s] copying /home/brace/codeSpace/navi/build/realsense2_ros_mqtt_bridge/build/lib/src/safety_preset_handler.py -> /home/brace/codeSpace/navi/install/realsense2_ros_mqtt_bridge/lib/python3.10/site-packages/src
[0.671s] copying /home/brace/codeSpace/navi/build/realsense2_ros_mqtt_bridge/build/lib/src/service_handler.py -> /home/brace/codeSpace/navi/install/realsense2_ros_mqtt_bridge/lib/python3.10/site-packages/src
[0.671s] copying /home/brace/codeSpace/navi/build/realsense2_ros_mqtt_bridge/build/lib/src/mqtt_bridge_node.py -> /home/brace/codeSpace/navi/install/realsense2_ros_mqtt_bridge/lib/python3.10/site-packages/src
[0.671s] copying /home/brace/codeSpace/navi/build/realsense2_ros_mqtt_bridge/build/lib/src/application_config_handler.py -> /home/brace/codeSpace/navi/install/realsense2_ros_mqtt_bridge/lib/python3.10/site-packages/src
[0.671s] copying /home/brace/codeSpace/navi/build/realsense2_ros_mqtt_bridge/build/lib/src/device_handler.py -> /home/brace/codeSpace/navi/install/realsense2_ros_mqtt_bridge/lib/python3.10/site-packages/src
[0.671s] copying /home/brace/codeSpace/navi/build/realsense2_ros_mqtt_bridge/build/lib/src/frame_handler.py -> /home/brace/codeSpace/navi/install/realsense2_ros_mqtt_bridge/lib/python3.10/site-packages/src
[0.671s] copying /home/brace/codeSpace/navi/build/realsense2_ros_mqtt_bridge/build/lib/src/calib_config_handler.py -> /home/brace/codeSpace/navi/install/realsense2_ros_mqtt_bridge/lib/python3.10/site-packages/src
[0.671s] copying /home/brace/codeSpace/navi/build/realsense2_ros_mqtt_bridge/build/lib/src/entry_point.py -> /home/brace/codeSpace/navi/install/realsense2_ros_mqtt_bridge/lib/python3.10/site-packages/src
[0.671s] copying /home/brace/codeSpace/navi/build/realsense2_ros_mqtt_bridge/build/lib/src/__init__.py -> /home/brace/codeSpace/navi/install/realsense2_ros_mqtt_bridge/lib/python3.10/site-packages/src
[0.671s] copying /home/brace/codeSpace/navi/build/realsense2_ros_mqtt_bridge/build/lib/src/safety_interface_config_handler.py -> /home/brace/codeSpace/navi/install/realsense2_ros_mqtt_bridge/lib/python3.10/site-packages/src
[0.672s] copying /home/brace/codeSpace/navi/build/realsense2_ros_mqtt_bridge/build/lib/src/parameter_handler.py -> /home/brace/codeSpace/navi/install/realsense2_ros_mqtt_bridge/lib/python3.10/site-packages/src
[0.672s] copying /home/brace/codeSpace/navi/build/realsense2_ros_mqtt_bridge/build/lib/src/hw_reset_handler.py -> /home/brace/codeSpace/navi/install/realsense2_ros_mqtt_bridge/lib/python3.10/site-packages/src
[0.672s] copying /home/brace/codeSpace/navi/build/realsense2_ros_mqtt_bridge/build/lib/src/hwm_command_handler.py -> /home/brace/codeSpace/navi/install/realsense2_ros_mqtt_bridge/lib/python3.10/site-packages/src
[0.672s] copying /home/brace/codeSpace/navi/build/realsense2_ros_mqtt_bridge/build/lib/src/transformation_handler.py -> /home/brace/codeSpace/navi/install/realsense2_ros_mqtt_bridge/lib/python3.10/site-packages/src
[0.672s] byte-compiling /home/brace/codeSpace/navi/install/realsense2_ros_mqtt_bridge/lib/python3.10/site-packages/src/triggered_calibration_handler.py to triggered_calibration_handler.cpython-310.pyc
[0.672s] byte-compiling /home/brace/codeSpace/navi/install/realsense2_ros_mqtt_bridge/lib/python3.10/site-packages/src/safety_preset_handler.py to safety_preset_handler.cpython-310.pyc
[0.672s] byte-compiling /home/brace/codeSpace/navi/install/realsense2_ros_mqtt_bridge/lib/python3.10/site-packages/src/service_handler.py to service_handler.cpython-310.pyc
[0.672s] byte-compiling /home/brace/codeSpace/navi/install/realsense2_ros_mqtt_bridge/lib/python3.10/site-packages/src/mqtt_bridge_node.py to mqtt_bridge_node.cpython-310.pyc
[0.674s] byte-compiling /home/brace/codeSpace/navi/install/realsense2_ros_mqtt_bridge/lib/python3.10/site-packages/src/application_config_handler.py to application_config_handler.cpython-310.pyc
[0.674s] byte-compiling /home/brace/codeSpace/navi/install/realsense2_ros_mqtt_bridge/lib/python3.10/site-packages/src/device_handler.py to device_handler.cpython-310.pyc
[0.674s] byte-compiling /home/brace/codeSpace/navi/install/realsense2_ros_mqtt_bridge/lib/python3.10/site-packages/src/frame_handler.py to frame_handler.cpython-310.pyc
[0.675s] byte-compiling /home/brace/codeSpace/navi/install/realsense2_ros_mqtt_bridge/lib/python3.10/site-packages/src/calib_config_handler.py to calib_config_handler.cpython-310.pyc
[0.675s] byte-compiling /home/brace/codeSpace/navi/install/realsense2_ros_mqtt_bridge/lib/python3.10/site-packages/src/entry_point.py to entry_point.cpython-310.pyc
[0.675s] byte-compiling /home/brace/codeSpace/navi/install/realsense2_ros_mqtt_bridge/lib/python3.10/site-packages/src/__init__.py to __init__.cpython-310.pyc
[0.675s] byte-compiling /home/brace/codeSpace/navi/install/realsense2_ros_mqtt_bridge/lib/python3.10/site-packages/src/safety_interface_config_handler.py to safety_interface_config_handler.cpython-310.pyc
[0.675s] byte-compiling /home/brace/codeSpace/navi/install/realsense2_ros_mqtt_bridge/lib/python3.10/site-packages/src/parameter_handler.py to parameter_handler.cpython-310.pyc
[0.676s] byte-compiling /home/brace/codeSpace/navi/install/realsense2_ros_mqtt_bridge/lib/python3.10/site-packages/src/hw_reset_handler.py to hw_reset_handler.cpython-310.pyc
[0.676s] byte-compiling /home/brace/codeSpace/navi/install/realsense2_ros_mqtt_bridge/lib/python3.10/site-packages/src/hwm_command_handler.py to hwm_command_handler.cpython-310.pyc
[0.676s] byte-compiling /home/brace/codeSpace/navi/install/realsense2_ros_mqtt_bridge/lib/python3.10/site-packages/src/transformation_handler.py to transformation_handler.cpython-310.pyc
[0.677s] running install_data
[0.677s] creating /home/brace/codeSpace/navi/install/realsense2_ros_mqtt_bridge/share/ament_index
[0.677s] creating /home/brace/codeSpace/navi/install/realsense2_ros_mqtt_bridge/share/ament_index/resource_index
[0.677s] creating /home/brace/codeSpace/navi/install/realsense2_ros_mqtt_bridge/share/ament_index/resource_index/packages
[0.677s] copying resource/realsense2_ros_mqtt_bridge -> /home/brace/codeSpace/navi/install/realsense2_ros_mqtt_bridge/share/ament_index/resource_index/packages
[0.677s] copying package.xml -> /home/brace/codeSpace/navi/install/realsense2_ros_mqtt_bridge/share/realsense2_ros_mqtt_bridge
[0.677s] creating /home/brace/codeSpace/navi/install/realsense2_ros_mqtt_bridge/share/realsense2_ros_mqtt_bridge/launch
[0.677s] copying launch/rs_launch.py -> /home/brace/codeSpace/navi/install/realsense2_ros_mqtt_bridge/share/realsense2_ros_mqtt_bridge/launch
[0.677s] running install_egg_info
[0.678s] Copying ../../../build/realsense2_ros_mqtt_bridge/realsense2_ros_mqtt_bridge.egg-info to /home/brace/codeSpace/navi/install/realsense2_ros_mqtt_bridge/lib/python3.10/site-packages/realsense2_ros_mqtt_bridge-4.57.4-py3.10.egg-info
[0.678s] running install_scripts
[0.691s] Installing realsense2_ros_mqtt_bridge script to /home/brace/codeSpace/navi/install/realsense2_ros_mqtt_bridge/lib/realsense2_ros_mqtt_bridge
[0.692s] writing list of installed files to '/home/brace/codeSpace/navi/build/realsense2_ros_mqtt_bridge/install.log'
[0.707s] Invoked command in '/home/brace/codeSpace/navi/src/realsense-ros/realsense2_ros_mqtt_bridge' returned '0': PYTHONPATH=/home/brace/codeSpace/navi/build/realsense2_ros_mqtt_bridge/prefix_override:/usr/lib/python3/dist-packages/colcon_core/task/python/colcon_distutils_commands:/home/brace/codeSpace/navi/install/realsense2_ros_mqtt_bridge/lib/python3.10/site-packages:${PYTHONPATH} /usr/bin/python3 -W ignore:setup.py install is deprecated -W ignore:easy_install command is deprecated setup.py egg_info --egg-base ../../../build/realsense2_ros_mqtt_bridge build --build-base /home/brace/codeSpace/navi/build/realsense2_ros_mqtt_bridge/build install --record /home/brace/codeSpace/navi/build/realsense2_ros_mqtt_bridge/install.log --single-version-externally-managed install_data
