[0.020s] Invoking command in '/home/brace/codeSpace/navi/build/rtabmap_odom': AMENT_PREFIX_PATH=/home/brace/codeSpace/navi/install/rtabmap_util:/home/brace/codeSpace/navi/install/rtabmap_sync:/home/brace/codeSpace/navi/install/rtabmap_conversions:/home/brace/codeSpace/navi/install/rtabmap_msgs:${AMENT_PREFIX_PATH} CMAKE_PREFIX_PATH=/home/brace/codeSpace/navi/install/rtabmap_util:/home/brace/codeSpace/navi/install/rtabmap_sync:/home/brace/codeSpace/navi/install/rtabmap_conversions:/home/brace/codeSpace/navi/install/rtabmap_msgs:/home/brace/codeSpace/navi/install/rtabmap:/opt/ros/humble LD_LIBRARY_PATH=/home/brace/codeSpace/navi/install/rtabmap_util/lib:/home/brace/codeSpace/navi/install/rtabmap_sync/lib:/home/brace/codeSpace/navi/install/rtabmap_conversions/lib:/home/brace/codeSpace/navi/install/rtabmap_msgs/lib:/home/brace/codeSpace/navi/install/rtabmap/lib:${LD_LIBRARY_PATH} PATH=/home/brace/codeSpace/navi/install/rtabmap/bin:${PATH} PKG_CONFIG_PATH=/home/brace/codeSpace/navi/install/rtabmap/lib/x86_64-linux-gnu/pkgconfig:/home/brace/codeSpace/navi/install/rtabmap/lib/pkgconfig PYTHONPATH=/home/brace/codeSpace/navi/install/rtabmap_msgs/local/lib/python3.10/dist-packages:${PYTHONPATH} /usr/bin/cmake --build /home/brace/codeSpace/navi/build/rtabmap_odom -- -j16 -l16
[0.102s] [ 16%] Built target rtabmap_odom
[0.161s] [ 50%] Built target rtabmap_odom_plugins
[0.210s] [ 66%] Built target rtabmap_rgbd_odometry
[0.210s] [ 83%] Built target rtabmap_stereo_odometry
[0.212s] [100%] Built target rtabmap_icp_odometry
[0.219s] Invoked command in '/home/brace/codeSpace/navi/build/rtabmap_odom' returned '0': AMENT_PREFIX_PATH=/home/brace/codeSpace/navi/install/rtabmap_util:/home/brace/codeSpace/navi/install/rtabmap_sync:/home/brace/codeSpace/navi/install/rtabmap_conversions:/home/brace/codeSpace/navi/install/rtabmap_msgs:${AMENT_PREFIX_PATH} CMAKE_PREFIX_PATH=/home/brace/codeSpace/navi/install/rtabmap_util:/home/brace/codeSpace/navi/install/rtabmap_sync:/home/brace/codeSpace/navi/install/rtabmap_conversions:/home/brace/codeSpace/navi/install/rtabmap_msgs:/home/brace/codeSpace/navi/install/rtabmap:/opt/ros/humble LD_LIBRARY_PATH=/home/brace/codeSpace/navi/install/rtabmap_util/lib:/home/brace/codeSpace/navi/install/rtabmap_sync/lib:/home/brace/codeSpace/navi/install/rtabmap_conversions/lib:/home/brace/codeSpace/navi/install/rtabmap_msgs/lib:/home/brace/codeSpace/navi/install/rtabmap/lib:${LD_LIBRARY_PATH} PATH=/home/brace/codeSpace/navi/install/rtabmap/bin:${PATH} PKG_CONFIG_PATH=/home/brace/codeSpace/navi/install/rtabmap/lib/x86_64-linux-gnu/pkgconfig:/home/brace/codeSpace/navi/install/rtabmap/lib/pkgconfig PYTHONPATH=/home/brace/codeSpace/navi/install/rtabmap_msgs/local/lib/python3.10/dist-packages:${PYTHONPATH} /usr/bin/cmake --build /home/brace/codeSpace/navi/build/rtabmap_odom -- -j16 -l16
[0.221s] Invoking command in '/home/brace/codeSpace/navi/build/rtabmap_odom': AMENT_PREFIX_PATH=/home/brace/codeSpace/navi/install/rtabmap_util:/home/brace/codeSpace/navi/install/rtabmap_sync:/home/brace/codeSpace/navi/install/rtabmap_conversions:/home/brace/codeSpace/navi/install/rtabmap_msgs:${AMENT_PREFIX_PATH} CMAKE_PREFIX_PATH=/home/brace/codeSpace/navi/install/rtabmap_util:/home/brace/codeSpace/navi/install/rtabmap_sync:/home/brace/codeSpace/navi/install/rtabmap_conversions:/home/brace/codeSpace/navi/install/rtabmap_msgs:/home/brace/codeSpace/navi/install/rtabmap:/opt/ros/humble LD_LIBRARY_PATH=/home/brace/codeSpace/navi/install/rtabmap_util/lib:/home/brace/codeSpace/navi/install/rtabmap_sync/lib:/home/brace/codeSpace/navi/install/rtabmap_conversions/lib:/home/brace/codeSpace/navi/install/rtabmap_msgs/lib:/home/brace/codeSpace/navi/install/rtabmap/lib:${LD_LIBRARY_PATH} PATH=/home/brace/codeSpace/navi/install/rtabmap/bin:${PATH} PKG_CONFIG_PATH=/home/brace/codeSpace/navi/install/rtabmap/lib/x86_64-linux-gnu/pkgconfig:/home/brace/codeSpace/navi/install/rtabmap/lib/pkgconfig PYTHONPATH=/home/brace/codeSpace/navi/install/rtabmap_msgs/local/lib/python3.10/dist-packages:${PYTHONPATH} /usr/bin/cmake --install /home/brace/codeSpace/navi/build/rtabmap_odom
[0.226s] -- Install configuration: "Release"
[0.226s] -- Execute custom install script
[0.226s] -- Up-to-date symlink: /home/brace/codeSpace/navi/install/rtabmap_odom/share/rtabmap_odom/environment/library_path.sh
[0.227s] -- Up-to-date symlink: /home/brace/codeSpace/navi/install/rtabmap_odom/share/rtabmap_odom/environment/library_path.dsv
[0.227s] -- Up-to-date symlink: /home/brace/codeSpace/navi/install/rtabmap_odom/lib/rtabmap_odom/rgbd_odometry
[0.227s] -- Up-to-date symlink: /home/brace/codeSpace/navi/install/rtabmap_odom/lib/rtabmap_odom/icp_odometry
[0.227s] -- Up-to-date symlink: /home/brace/codeSpace/navi/install/rtabmap_odom/lib/rtabmap_odom/stereo_odometry
[0.227s] -- Up-to-date symlink: /home/brace/codeSpace/navi/install/rtabmap_odom/share/ament_index/resource_index/package_run_dependencies/rtabmap_odom
[0.227s] -- Up-to-date symlink: /home/brace/codeSpace/navi/install/rtabmap_odom/share/ament_index/resource_index/parent_prefix_path/rtabmap_odom
[0.227s] -- Up-to-date symlink: /home/brace/codeSpace/navi/install/rtabmap_odom/share/rtabmap_odom/environment/ament_prefix_path.sh
[0.228s] -- Up-to-date symlink: /home/brace/codeSpace/navi/install/rtabmap_odom/share/rtabmap_odom/environment/ament_prefix_path.dsv
[0.228s] -- Up-to-date symlink: /home/brace/codeSpace/navi/install/rtabmap_odom/share/rtabmap_odom/environment/path.sh
[0.228s] -- Up-to-date symlink: /home/brace/codeSpace/navi/install/rtabmap_odom/share/rtabmap_odom/environment/path.dsv
[0.228s] -- Up-to-date symlink: /home/brace/codeSpace/navi/install/rtabmap_odom/share/rtabmap_odom/local_setup.bash
[0.229s] -- Up-to-date symlink: /home/brace/codeSpace/navi/install/rtabmap_odom/share/rtabmap_odom/local_setup.sh
[0.229s] -- Up-to-date symlink: /home/brace/codeSpace/navi/install/rtabmap_odom/share/rtabmap_odom/local_setup.zsh
[0.229s] -- Up-to-date symlink: /home/brace/codeSpace/navi/install/rtabmap_odom/share/rtabmap_odom/local_setup.dsv
[0.229s] -- Symlinking: /home/brace/codeSpace/navi/install/rtabmap_odom/share/rtabmap_odom/package.dsv
[0.235s] -- Up-to-date symlink: /home/brace/codeSpace/navi/install/rtabmap_odom/share/ament_index/resource_index/packages/rtabmap_odom
[0.236s] -- Up-to-date symlink: /home/brace/codeSpace/navi/install/rtabmap_odom/share/ament_index/resource_index/rclcpp_components/rtabmap_odom
[0.236s] -- Up-to-date symlink: /home/brace/codeSpace/navi/install/rtabmap_odom/share/rtabmap_odom/cmake/ament_cmake_export_dependencies-extras.cmake
[0.236s] -- Up-to-date symlink: /home/brace/codeSpace/navi/install/rtabmap_odom/share/rtabmap_odom/cmake/ament_cmake_export_include_directories-extras.cmake
[0.236s] -- Up-to-date symlink: /home/brace/codeSpace/navi/install/rtabmap_odom/share/rtabmap_odom/cmake/ament_cmake_export_targets-extras.cmake
[0.236s] -- Up-to-date symlink: /home/brace/codeSpace/navi/install/rtabmap_odom/share/rtabmap_odom/cmake/ament_cmake_export_libraries-extras.cmake
[0.236s] -- Up-to-date symlink: /home/brace/codeSpace/navi/install/rtabmap_odom/share/rtabmap_odom/cmake/rtabmap_odomConfig.cmake
[0.236s] -- Up-to-date symlink: /home/brace/codeSpace/navi/install/rtabmap_odom/share/rtabmap_odom/cmake/rtabmap_odomConfig-version.cmake
[0.236s] -- Up-to-date symlink: /home/brace/codeSpace/navi/install/rtabmap_odom/share/rtabmap_odom/package.xml
[0.236s] -- Up-to-date: /home/brace/codeSpace/navi/install/rtabmap_odom/lib/librtabmap_odom.so
[0.236s] -- Up-to-date: /home/brace/codeSpace/navi/install/rtabmap_odom/lib/librtabmap_odom_plugins.so
[0.236s] -- Up-to-date: /home/brace/codeSpace/navi/install/rtabmap_odom/include
[0.236s] -- Up-to-date: /home/brace/codeSpace/navi/install/rtabmap_odom/include/rtabmap_odom
[0.236s] -- Up-to-date: /home/brace/codeSpace/navi/install/rtabmap_odom/include/rtabmap_odom/OdometryROS.h
[0.236s] -- Up-to-date: /home/brace/codeSpace/navi/install/rtabmap_odom/include/rtabmap_odom/visibility.h
[0.237s] -- Up-to-date: /home/brace/codeSpace/navi/install/rtabmap_odom/share/rtabmap_odom/cmake/rtabmap_odomExport.cmake
[0.237s] -- Up-to-date: /home/brace/codeSpace/navi/install/rtabmap_odom/share/rtabmap_odom/cmake/rtabmap_odomExport-release.cmake
[0.240s] Invoked command in '/home/brace/codeSpace/navi/build/rtabmap_odom' returned '0': AMENT_PREFIX_PATH=/home/brace/codeSpace/navi/install/rtabmap_util:/home/brace/codeSpace/navi/install/rtabmap_sync:/home/brace/codeSpace/navi/install/rtabmap_conversions:/home/brace/codeSpace/navi/install/rtabmap_msgs:${AMENT_PREFIX_PATH} CMAKE_PREFIX_PATH=/home/brace/codeSpace/navi/install/rtabmap_util:/home/brace/codeSpace/navi/install/rtabmap_sync:/home/brace/codeSpace/navi/install/rtabmap_conversions:/home/brace/codeSpace/navi/install/rtabmap_msgs:/home/brace/codeSpace/navi/install/rtabmap:/opt/ros/humble LD_LIBRARY_PATH=/home/brace/codeSpace/navi/install/rtabmap_util/lib:/home/brace/codeSpace/navi/install/rtabmap_sync/lib:/home/brace/codeSpace/navi/install/rtabmap_conversions/lib:/home/brace/codeSpace/navi/install/rtabmap_msgs/lib:/home/brace/codeSpace/navi/install/rtabmap/lib:${LD_LIBRARY_PATH} PATH=/home/brace/codeSpace/navi/install/rtabmap/bin:${PATH} PKG_CONFIG_PATH=/home/brace/codeSpace/navi/install/rtabmap/lib/x86_64-linux-gnu/pkgconfig:/home/brace/codeSpace/navi/install/rtabmap/lib/pkgconfig PYTHONPATH=/home/brace/codeSpace/navi/install/rtabmap_msgs/local/lib/python3.10/dist-packages:${PYTHONPATH} /usr/bin/cmake --install /home/brace/codeSpace/navi/build/rtabmap_odom
