running develop
running egg_info
creating brace.egg-info
writing brace.egg-info/PKG-INFO
writing dependency_links to brace.egg-info/dependency_links.txt
writing entry points to brace.egg-info/entry_points.txt
writing requirements to brace.egg-info/requires.txt
writing top-level names to brace.egg-info/top_level.txt
writing manifest file 'brace.egg-info/SOURCES.txt'
reading manifest file 'brace.egg-info/SOURCES.txt'
writing manifest file 'brace.egg-info/SOURCES.txt'
running build_ext
Creating /home/brace/codeSpace/navi/install/brace/lib/python3.10/site-packages/brace.egg-link (link to .)

Installed /home/brace/codeSpace/navi/build/brace
running symlink_data
creating /home/brace/codeSpace/navi/install/brace/share/ament_index
creating /home/brace/codeSpace/navi/install/brace/share/ament_index/resource_index
creating /home/brace/codeSpace/navi/install/brace/share/ament_index/resource_index/packages
symbolically linking /home/brace/codeSpace/navi/build/brace/resource/brace -> /home/brace/codeSpace/navi/install/brace/share/ament_index/resource_index/packages
symbolically linking /home/brace/codeSpace/navi/build/brace/package.xml -> /home/brace/codeSpace/navi/install/brace/share/brace
creating /home/brace/codeSpace/navi/install/brace/share/brace/launch
symbolically linking /home/brace/codeSpace/navi/build/brace/launch/display.launch.py -> /home/brace/codeSpace/navi/install/brace/share/brace/launch
creating /home/brace/codeSpace/navi/install/brace/share/brace/rviz
symbolically linking /home/brace/codeSpace/navi/build/brace/rviz/brace.rviz -> /home/brace/codeSpace/navi/install/brace/share/brace/rviz
creating /home/brace/codeSpace/navi/install/brace/share/brace/urdf
symbolically linking /home/brace/codeSpace/navi/build/brace/urdf/brace.urdf -> /home/brace/codeSpace/navi/install/brace/share/brace/urdf
creating /home/brace/codeSpace/navi/install/brace/share/brace/meshes
symbolically linking /home/brace/codeSpace/navi/build/brace/meshes/base_link.STL -> /home/brace/codeSpace/navi/install/brace/share/brace/meshes
