[0.441s] Invoking command in '/home/brace/codeSpace/navi/build/brace': PYTHONPATH=/home/brace/codeSpace/navi/build/brace/prefix_override:/usr/lib/python3/dist-packages/colcon_core/task/python/colcon_distutils_commands:/home/brace/codeSpace/navi/install/brace/lib/python3.10/site-packages:${PYTHONPATH} /usr/bin/python3 -W ignore:setup.py install is deprecated -W ignore:easy_install command is deprecated setup.py develop --editable --build-directory /home/brace/codeSpace/navi/build/brace/build --no-deps symlink_data
[0.628s] running develop
[0.720s] running egg_info
[0.720s] creating brace.egg-info
[0.720s] writing brace.egg-info/PKG-INFO
[0.720s] writing dependency_links to brace.egg-info/dependency_links.txt
[0.720s] writing entry points to brace.egg-info/entry_points.txt
[0.720s] writing requirements to brace.egg-info/requires.txt
[0.720s] writing top-level names to brace.egg-info/top_level.txt
[0.720s] writing manifest file 'brace.egg-info/SOURCES.txt'
[0.722s] reading manifest file 'brace.egg-info/SOURCES.txt'
[0.722s] writing manifest file 'brace.egg-info/SOURCES.txt'
[0.724s] running build_ext
[0.724s] Creating /home/brace/codeSpace/navi/install/brace/lib/python3.10/site-packages/brace.egg-link (link to .)
[0.725s] 
[0.725s] Installed /home/brace/codeSpace/navi/build/brace
[0.725s] running symlink_data
[0.725s] creating /home/brace/codeSpace/navi/install/brace/share/ament_index
[0.725s] creating /home/brace/codeSpace/navi/install/brace/share/ament_index/resource_index
[0.725s] creating /home/brace/codeSpace/navi/install/brace/share/ament_index/resource_index/packages
[0.725s] symbolically linking /home/brace/codeSpace/navi/build/brace/resource/brace -> /home/brace/codeSpace/navi/install/brace/share/ament_index/resource_index/packages
[0.725s] symbolically linking /home/brace/codeSpace/navi/build/brace/package.xml -> /home/brace/codeSpace/navi/install/brace/share/brace
[0.725s] creating /home/brace/codeSpace/navi/install/brace/share/brace/launch
[0.725s] symbolically linking /home/brace/codeSpace/navi/build/brace/launch/display.launch.py -> /home/brace/codeSpace/navi/install/brace/share/brace/launch
[0.726s] creating /home/brace/codeSpace/navi/install/brace/share/brace/rviz
[0.726s] symbolically linking /home/brace/codeSpace/navi/build/brace/rviz/brace.rviz -> /home/brace/codeSpace/navi/install/brace/share/brace/rviz
[0.726s] creating /home/brace/codeSpace/navi/install/brace/share/brace/urdf
[0.726s] symbolically linking /home/brace/codeSpace/navi/build/brace/urdf/brace.urdf -> /home/brace/codeSpace/navi/install/brace/share/brace/urdf
[0.726s] creating /home/brace/codeSpace/navi/install/brace/share/brace/meshes
[0.726s] symbolically linking /home/brace/codeSpace/navi/build/brace/meshes/base_link.STL -> /home/brace/codeSpace/navi/install/brace/share/brace/meshes
[0.748s] Invoked command in '/home/brace/codeSpace/navi/build/brace' returned '0': PYTHONPATH=/home/brace/codeSpace/navi/build/brace/prefix_override:/usr/lib/python3/dist-packages/colcon_core/task/python/colcon_distutils_commands:/home/brace/codeSpace/navi/install/brace/lib/python3.10/site-packages:${PYTHONPATH} /usr/bin/python3 -W ignore:setup.py install is deprecated -W ignore:easy_install command is deprecated setup.py develop --editable --build-directory /home/brace/codeSpace/navi/build/brace/build --no-deps symlink_data
