running develop
Removing /home/brace/codeSpace/navi/install/brace/lib/python3.10/site-packages/brace.egg-link (link to .)
running egg_info
writing ../navi/build/brace/brace.egg-info/PKG-INFO
writing dependency_links to ../navi/build/brace/brace.egg-info/dependency_links.txt
writing entry points to ../navi/build/brace/brace.egg-info/entry_points.txt
writing requirements to ../navi/build/brace/brace.egg-info/requires.txt
writing top-level names to ../navi/build/brace/brace.egg-info/top_level.txt
reading manifest file '../navi/build/brace/brace.egg-info/SOURCES.txt'
writing manifest file '../navi/build/brace/brace.egg-info/SOURCES.txt'
running build
running build_py
creating /home/brace/codeSpace/navi/build/brace/build
creating /home/brace/codeSpace/navi/build/brace/build/lib
creating /home/brace/codeSpace/navi/build/brace/build/lib/brace
copying brace/__init__.py -> /home/brace/codeSpace/navi/build/brace/build/lib/brace
running install
running install_lib
creating /home/brace/codeSpace/navi/install/brace/lib/python3.10/site-packages/brace
copying /home/brace/codeSpace/navi/build/brace/build/lib/brace/__init__.py -> /home/brace/codeSpace/navi/install/brace/lib/python3.10/site-packages/brace
byte-compiling /home/brace/codeSpace/navi/install/brace/lib/python3.10/site-packages/brace/__init__.py to __init__.cpython-310.pyc
running install_data
copying resource/brace -> /home/brace/codeSpace/navi/install/brace/share/ament_index/resource_index/packages
copying package.xml -> /home/brace/codeSpace/navi/install/brace/share/brace
copying launch/display.launch.py -> /home/brace/codeSpace/navi/install/brace/share/brace/launch
copying rviz/brace.rviz -> /home/brace/codeSpace/navi/install/brace/share/brace/rviz
copying urdf/brace.urdf -> /home/brace/codeSpace/navi/install/brace/share/brace/urdf
copying meshes/base_link.STL -> /home/brace/codeSpace/navi/install/brace/share/brace/meshes
running install_egg_info
Copying ../navi/build/brace/brace.egg-info to /home/brace/codeSpace/navi/install/brace/lib/python3.10/site-packages/brace-0.0.0-py3.10.egg-info
running install_scripts
writing list of installed files to '/home/brace/codeSpace/navi/build/brace/install.log'
