[0.684s] Invoking command in '/home/brace/codeSpace/navi/src/rtabmap_ros/rtabmap_python': PYTHONPATH=/home/brace/codeSpace/navi/build/rtabmap_python/prefix_override:/usr/lib/python3/dist-packages/colcon_core/task/python/colcon_distutils_commands:/home/brace/codeSpace/navi/install/rtabmap_python/lib/python3.10/site-packages:${PYTHONPATH} /usr/bin/python3 -W ignore:setup.py install is deprecated -W ignore:easy_install command is deprecated setup.py egg_info --egg-base ../../../build/rtabmap_python build --build-base /home/brace/codeSpace/navi/build/rtabmap_python/build install --record /home/brace/codeSpace/navi/build/rtabmap_python/install.log --single-version-externally-managed install_data
[0.876s] running egg_info
[0.877s] writing ../../../build/rtabmap_python/rtabmap_python.egg-info/PKG-INFO
[0.877s] writing dependency_links to ../../../build/rtabmap_python/rtabmap_python.egg-info/dependency_links.txt
[0.877s] writing entry points to ../../../build/rtabmap_python/rtabmap_python.egg-info/entry_points.txt
[0.877s] writing requirements to ../../../build/rtabmap_python/rtabmap_python.egg-info/requires.txt
[0.878s] writing top-level names to ../../../build/rtabmap_python/rtabmap_python.egg-info/top_level.txt
[0.879s] reading manifest file '../../../build/rtabmap_python/rtabmap_python.egg-info/SOURCES.txt'
[0.880s] writing manifest file '../../../build/rtabmap_python/rtabmap_python.egg-info/SOURCES.txt'
[0.881s] running build
[0.881s] running build_py
[0.882s] running install
[0.882s] running install_lib
[0.882s] running install_data
[0.882s] running install_egg_info
[0.884s] removing '/home/brace/codeSpace/navi/install/rtabmap_python/lib/python3.10/site-packages/rtabmap_python-0.1.0-py3.10.egg-info' (and everything under it)
[0.885s] Copying ../../../build/rtabmap_python/rtabmap_python.egg-info to /home/brace/codeSpace/navi/install/rtabmap_python/lib/python3.10/site-packages/rtabmap_python-0.1.0-py3.10.egg-info
[0.885s] running install_scripts
[0.900s] writing list of installed files to '/home/brace/codeSpace/navi/build/rtabmap_python/install.log'
[0.926s] Invoked command in '/home/brace/codeSpace/navi/src/rtabmap_ros/rtabmap_python' returned '0': PYTHONPATH=/home/brace/codeSpace/navi/build/rtabmap_python/prefix_override:/usr/lib/python3/dist-packages/colcon_core/task/python/colcon_distutils_commands:/home/brace/codeSpace/navi/install/rtabmap_python/lib/python3.10/site-packages:${PYTHONPATH} /usr/bin/python3 -W ignore:setup.py install is deprecated -W ignore:easy_install command is deprecated setup.py egg_info --egg-base ../../../build/rtabmap_python build --build-base /home/brace/codeSpace/navi/build/rtabmap_python/build install --record /home/brace/codeSpace/navi/build/rtabmap_python/install.log --single-version-externally-managed install_data
