[0.088s] Invoking command in '/home/brace/codeSpace/navi/build/rtabmap_odom': CMAKE_PREFIX_PATH=/home/brace/codeSpace/navi/install/rtabmap_util:/home/brace/codeSpace/navi/install/rtabmap_sync:/home/brace/codeSpace/navi/install/rtabmap_conversions:/home/brace/codeSpace/navi/install/rtabmap_msgs:/home/brace/codeSpace/navi/install/rtabmap:/home/brace/codeSpace/navi/install/rtabmap_ros:/home/brace/codeSpace/navi/install/rtabmap_launch:/home/brace/codeSpace/navi/install/rtabmap_examples:/home/brace/codeSpace/navi/install/rtabmap_demos:/home/brace/codeSpace/navi/install/rtabmap_viz:/home/brace/codeSpace/navi/install/rtabmap_slam:/home/brace/codeSpace/navi/install/rtabmap_odom:/home/brace/codeSpace/navi/install/rtabmap_rviz_plugins:/home/brace/codeSpace/navi/install/realsense2_rviz_plugin:/home/brace/codeSpace/navi/install/realsense2_description:/home/brace/codeSpace/navi/install/rtabmap_python:/home/brace/codeSpace/navi/install/realsense2_ros_mqtt_bridge:/home/brace/codeSpace/navi/install/brace:/opt/ros/humble LD_LIBRARY_PATH=/home/brace/codeSpace/navi/install/rtabmap_util/lib:/home/brace/codeSpace/navi/install/rtabmap_sync/lib:/home/brace/codeSpace/navi/install/rtabmap_conversions/lib:/home/brace/codeSpace/navi/install/rtabmap_msgs/lib:/home/brace/codeSpace/navi/install/rtabmap/lib:/home/brace/codeSpace/navi/install/rtabmap_slam/lib:/home/brace/codeSpace/navi/install/rtabmap_odom/lib:/home/brace/codeSpace/navi/install/rtabmap_rviz_plugins/lib:/opt/ros/humble/opt/rviz_ogre_vendor/lib:/opt/ros/humble/lib/x86_64-linux-gnu:/opt/ros/humble/lib /usr/bin/cmake /home/brace/codeSpace/navi/src/rtabmap_ros/rtabmap_odom -DAMENT_CMAKE_SYMLINK_INSTALL=1 -DCMAKE_INSTALL_PREFIX=/home/brace/codeSpace/navi/install/rtabmap_odom
[0.110s] -- Found ament_cmake_ros: 0.10.0 (/opt/ros/humble/share/ament_cmake_ros/cmake)
[0.326s] -- Override CMake install command with custom implementation using symlinks instead of copying resources
[0.349s] -- Found cv_bridge: 3.2.1 (/opt/ros/humble/share/cv_bridge/cmake)
[0.399s] -- Found rosidl_generator_c: 3.1.7 (/opt/ros/humble/share/rosidl_generator_c/cmake)
[0.403s] -- Found rosidl_adapter: 3.1.7 (/opt/ros/humble/share/rosidl_adapter/cmake)
[0.411s] -- Found rosidl_generator_cpp: 3.1.7 (/opt/ros/humble/share/rosidl_generator_cpp/cmake)
[0.428s] -- Using all available rosidl_typesupport_c: rosidl_typesupport_fastrtps_c;rosidl_typesupport_introspection_c
[0.444s] -- Using all available rosidl_typesupport_cpp: rosidl_typesupport_fastrtps_cpp;rosidl_typesupport_introspection_cpp
[0.512s] -- Found image_geometry: 3.2.1 (/opt/ros/humble/share/image_geometry/cmake)
[0.517s] -- Found laser_geometry: 2.4.1 (/opt/ros/humble/share/laser_geometry/cmake)
[0.559s] -- Found rmw_implementation_cmake: 6.1.2 (/opt/ros/humble/share/rmw_implementation_cmake/cmake)
[0.562s] -- Found rmw_fastrtps_cpp: 6.2.9 (/opt/ros/humble/share/rmw_fastrtps_cpp/cmake)
[0.661s] -- Using RMW implementation 'rmw_fastrtps_cpp' as default
[0.702s] -- Found message_filters: 4.3.11 (/opt/ros/humble/share/message_filters/cmake)
[0.705s] -- Found nav_msgs: 4.9.0 (/opt/ros/humble/share/nav_msgs/cmake)
[0.720s] -- Found pcl_conversions: 2.4.5 (/opt/ros/humble/share/pcl_conversions/cmake)
[0.757s] -- Eigen found (include: /usr/include/eigen3, version: 3.4.0)
[0.795s] -- FLANN found (include: /usr/include, lib: /usr/lib/x86_64-linux-gnu/libflann_cpp.so)
[1.279s] -- OpenNI found (version: 1.5.4.0, include: /usr/include/ni, lib: /usr/lib/libOpenNI.so;libusb::libusb)
[1.287s] -- OpenNI2 found (version: 2.2.0.33, include: /usr/include/openni2, lib: /usr/lib/x86_64-linux-gnu/libOpenNI2.so;libusb::libusb)
[1.410s] -- Eigen found (include: /usr/include/eigen3, version: 3.4.0)
[1.417s] -- OpenNI found (version: 1.5.4.0, include: /usr/include/ni, lib: /usr/lib/libOpenNI.so;libusb::libusb)
[1.425s] -- OpenNI2 found (version: 2.2.0.33, include: /usr/include/openni2, lib: /usr/lib/x86_64-linux-gnu/libOpenNI2.so;libusb::libusb)
[1.545s] -- Found Qhull version 8.0.2
[1.665s] -- OpenNI found (version: 1.5.4.0, include: /usr/include/ni, lib: /usr/lib/libOpenNI.so;libusb::libusb)
[1.789s] -- Found pcl_ros: 2.4.5 (/opt/ros/humble/share/pcl_ros/cmake)
[1.802s] -- Ensuring Eigen3 include directory is part of orocos-kdl CMake target
[1.860s] -- Found pluginlib: 5.1.2 (/opt/ros/humble/share/pluginlib/cmake)
[1.869s] -- Found rtabmap_conversions: 0.22.1 (/home/brace/codeSpace/navi/install/rtabmap_conversions/share/rtabmap_conversions/cmake)
[1.913s] -- Found rtabmap_util: 0.22.1 (/home/brace/codeSpace/navi/install/rtabmap_util/share/rtabmap_util/cmake)
[2.024s] -- Found rtabmap_sync: 0.22.1 (/home/brace/codeSpace/navi/install/rtabmap_sync/share/rtabmap_sync/cmake)
[2.178s] -- Configuring done
[2.395s] -- Generating done
[2.432s] -- Build files have been written to: /home/brace/codeSpace/navi/build/rtabmap_odom
[2.467s] Invoked command in '/home/brace/codeSpace/navi/build/rtabmap_odom' returned '0': CMAKE_PREFIX_PATH=/home/brace/codeSpace/navi/install/rtabmap_util:/home/brace/codeSpace/navi/install/rtabmap_sync:/home/brace/codeSpace/navi/install/rtabmap_conversions:/home/brace/codeSpace/navi/install/rtabmap_msgs:/home/brace/codeSpace/navi/install/rtabmap:/home/brace/codeSpace/navi/install/rtabmap_ros:/home/brace/codeSpace/navi/install/rtabmap_launch:/home/brace/codeSpace/navi/install/rtabmap_examples:/home/brace/codeSpace/navi/install/rtabmap_demos:/home/brace/codeSpace/navi/install/rtabmap_viz:/home/brace/codeSpace/navi/install/rtabmap_slam:/home/brace/codeSpace/navi/install/rtabmap_odom:/home/brace/codeSpace/navi/install/rtabmap_rviz_plugins:/home/brace/codeSpace/navi/install/realsense2_rviz_plugin:/home/brace/codeSpace/navi/install/realsense2_description:/home/brace/codeSpace/navi/install/rtabmap_python:/home/brace/codeSpace/navi/install/realsense2_ros_mqtt_bridge:/home/brace/codeSpace/navi/install/brace:/opt/ros/humble LD_LIBRARY_PATH=/home/brace/codeSpace/navi/install/rtabmap_util/lib:/home/brace/codeSpace/navi/install/rtabmap_sync/lib:/home/brace/codeSpace/navi/install/rtabmap_conversions/lib:/home/brace/codeSpace/navi/install/rtabmap_msgs/lib:/home/brace/codeSpace/navi/install/rtabmap/lib:/home/brace/codeSpace/navi/install/rtabmap_slam/lib:/home/brace/codeSpace/navi/install/rtabmap_odom/lib:/home/brace/codeSpace/navi/install/rtabmap_rviz_plugins/lib:/opt/ros/humble/opt/rviz_ogre_vendor/lib:/opt/ros/humble/lib/x86_64-linux-gnu:/opt/ros/humble/lib /usr/bin/cmake /home/brace/codeSpace/navi/src/rtabmap_ros/rtabmap_odom -DAMENT_CMAKE_SYMLINK_INSTALL=1 -DCMAKE_INSTALL_PREFIX=/home/brace/codeSpace/navi/install/rtabmap_odom
[2.469s] Invoking command in '/home/brace/codeSpace/navi/build/rtabmap_odom': CMAKE_PREFIX_PATH=/home/brace/codeSpace/navi/install/rtabmap_util:/home/brace/codeSpace/navi/install/rtabmap_sync:/home/brace/codeSpace/navi/install/rtabmap_conversions:/home/brace/codeSpace/navi/install/rtabmap_msgs:/home/brace/codeSpace/navi/install/rtabmap:/home/brace/codeSpace/navi/install/rtabmap_ros:/home/brace/codeSpace/navi/install/rtabmap_launch:/home/brace/codeSpace/navi/install/rtabmap_examples:/home/brace/codeSpace/navi/install/rtabmap_demos:/home/brace/codeSpace/navi/install/rtabmap_viz:/home/brace/codeSpace/navi/install/rtabmap_slam:/home/brace/codeSpace/navi/install/rtabmap_odom:/home/brace/codeSpace/navi/install/rtabmap_rviz_plugins:/home/brace/codeSpace/navi/install/realsense2_rviz_plugin:/home/brace/codeSpace/navi/install/realsense2_description:/home/brace/codeSpace/navi/install/rtabmap_python:/home/brace/codeSpace/navi/install/realsense2_ros_mqtt_bridge:/home/brace/codeSpace/navi/install/brace:/opt/ros/humble LD_LIBRARY_PATH=/home/brace/codeSpace/navi/install/rtabmap_util/lib:/home/brace/codeSpace/navi/install/rtabmap_sync/lib:/home/brace/codeSpace/navi/install/rtabmap_conversions/lib:/home/brace/codeSpace/navi/install/rtabmap_msgs/lib:/home/brace/codeSpace/navi/install/rtabmap/lib:/home/brace/codeSpace/navi/install/rtabmap_slam/lib:/home/brace/codeSpace/navi/install/rtabmap_odom/lib:/home/brace/codeSpace/navi/install/rtabmap_rviz_plugins/lib:/opt/ros/humble/opt/rviz_ogre_vendor/lib:/opt/ros/humble/lib/x86_64-linux-gnu:/opt/ros/humble/lib /usr/bin/cmake --build /home/brace/codeSpace/navi/build/rtabmap_odom -- -j16 -l16
[2.545s] Consolidate compiler generated dependencies of target rtabmap_odom
[2.584s] [  8%] Building CXX object CMakeFiles/rtabmap_odom.dir/src/OdometryROS.cpp.o
[32.955s] [ 16%] Linking CXX shared library librtabmap_odom.so
[34.126s] [ 16%] Built target rtabmap_odom
[34.160s] Consolidate compiler generated dependencies of target rtabmap_odom_plugins
[34.183s] [ 33%] Building CXX object CMakeFiles/rtabmap_odom_plugins.dir/src/nodelets/stereo_odometry.cpp.o
[34.183s] [ 33%] Building CXX object CMakeFiles/rtabmap_odom_plugins.dir/src/nodelets/rgbd_odometry.cpp.o
[34.185s] [ 41%] Building CXX object CMakeFiles/rtabmap_odom_plugins.dir/src/nodelets/icp_odometry.cpp.o
[73.995s] [ 50%] Linking CXX shared library librtabmap_odom_plugins.so
[75.661s] [ 50%] Built target rtabmap_odom_plugins
[75.678s] Consolidate compiler generated dependencies of target rtabmap_icp_odometry
[75.681s] Consolidate compiler generated dependencies of target rtabmap_stereo_odometry
[75.681s] Consolidate compiler generated dependencies of target rtabmap_rgbd_odometry
[75.699s] [ 58%] Building CXX object CMakeFiles/rtabmap_icp_odometry.dir/src/ICPOdometryNode.cpp.o
[75.701s] [ 66%] Building CXX object CMakeFiles/rtabmap_rgbd_odometry.dir/src/RGBDOdometryNode.cpp.o
[75.709s] [ 75%] Building CXX object CMakeFiles/rtabmap_stereo_odometry.dir/src/StereoOdometryNode.cpp.o
[87.375s] [ 83%] Linking CXX executable icp_odometry
[87.605s] [ 91%] Linking CXX executable rgbd_odometry
[87.659s] [100%] Linking CXX executable stereo_odometry
[90.100s] [100%] Built target rtabmap_icp_odometry
[90.368s] [100%] Built target rtabmap_rgbd_odometry
[90.431s] [100%] Built target rtabmap_stereo_odometry
[90.441s] Invoked command in '/home/brace/codeSpace/navi/build/rtabmap_odom' returned '0': CMAKE_PREFIX_PATH=/home/brace/codeSpace/navi/install/rtabmap_util:/home/brace/codeSpace/navi/install/rtabmap_sync:/home/brace/codeSpace/navi/install/rtabmap_conversions:/home/brace/codeSpace/navi/install/rtabmap_msgs:/home/brace/codeSpace/navi/install/rtabmap:/home/brace/codeSpace/navi/install/rtabmap_ros:/home/brace/codeSpace/navi/install/rtabmap_launch:/home/brace/codeSpace/navi/install/rtabmap_examples:/home/brace/codeSpace/navi/install/rtabmap_demos:/home/brace/codeSpace/navi/install/rtabmap_viz:/home/brace/codeSpace/navi/install/rtabmap_slam:/home/brace/codeSpace/navi/install/rtabmap_odom:/home/brace/codeSpace/navi/install/rtabmap_rviz_plugins:/home/brace/codeSpace/navi/install/realsense2_rviz_plugin:/home/brace/codeSpace/navi/install/realsense2_description:/home/brace/codeSpace/navi/install/rtabmap_python:/home/brace/codeSpace/navi/install/realsense2_ros_mqtt_bridge:/home/brace/codeSpace/navi/install/brace:/opt/ros/humble LD_LIBRARY_PATH=/home/brace/codeSpace/navi/install/rtabmap_util/lib:/home/brace/codeSpace/navi/install/rtabmap_sync/lib:/home/brace/codeSpace/navi/install/rtabmap_conversions/lib:/home/brace/codeSpace/navi/install/rtabmap_msgs/lib:/home/brace/codeSpace/navi/install/rtabmap/lib:/home/brace/codeSpace/navi/install/rtabmap_slam/lib:/home/brace/codeSpace/navi/install/rtabmap_odom/lib:/home/brace/codeSpace/navi/install/rtabmap_rviz_plugins/lib:/opt/ros/humble/opt/rviz_ogre_vendor/lib:/opt/ros/humble/lib/x86_64-linux-gnu:/opt/ros/humble/lib /usr/bin/cmake --build /home/brace/codeSpace/navi/build/rtabmap_odom -- -j16 -l16
[90.443s] Invoking command in '/home/brace/codeSpace/navi/build/rtabmap_odom': CMAKE_PREFIX_PATH=/home/brace/codeSpace/navi/install/rtabmap_util:/home/brace/codeSpace/navi/install/rtabmap_sync:/home/brace/codeSpace/navi/install/rtabmap_conversions:/home/brace/codeSpace/navi/install/rtabmap_msgs:/home/brace/codeSpace/navi/install/rtabmap:/home/brace/codeSpace/navi/install/rtabmap_ros:/home/brace/codeSpace/navi/install/rtabmap_launch:/home/brace/codeSpace/navi/install/rtabmap_examples:/home/brace/codeSpace/navi/install/rtabmap_demos:/home/brace/codeSpace/navi/install/rtabmap_viz:/home/brace/codeSpace/navi/install/rtabmap_slam:/home/brace/codeSpace/navi/install/rtabmap_odom:/home/brace/codeSpace/navi/install/rtabmap_rviz_plugins:/home/brace/codeSpace/navi/install/realsense2_rviz_plugin:/home/brace/codeSpace/navi/install/realsense2_description:/home/brace/codeSpace/navi/install/rtabmap_python:/home/brace/codeSpace/navi/install/realsense2_ros_mqtt_bridge:/home/brace/codeSpace/navi/install/brace:/opt/ros/humble LD_LIBRARY_PATH=/home/brace/codeSpace/navi/install/rtabmap_util/lib:/home/brace/codeSpace/navi/install/rtabmap_sync/lib:/home/brace/codeSpace/navi/install/rtabmap_conversions/lib:/home/brace/codeSpace/navi/install/rtabmap_msgs/lib:/home/brace/codeSpace/navi/install/rtabmap/lib:/home/brace/codeSpace/navi/install/rtabmap_slam/lib:/home/brace/codeSpace/navi/install/rtabmap_odom/lib:/home/brace/codeSpace/navi/install/rtabmap_rviz_plugins/lib:/opt/ros/humble/opt/rviz_ogre_vendor/lib:/opt/ros/humble/lib/x86_64-linux-gnu:/opt/ros/humble/lib /usr/bin/cmake --install /home/brace/codeSpace/navi/build/rtabmap_odom
[90.451s] -- Install configuration: "Release"
[90.451s] -- Execute custom install script
[90.452s] -- Up-to-date symlink: /home/brace/codeSpace/navi/install/rtabmap_odom/share/rtabmap_odom/environment/library_path.sh
[90.452s] -- Up-to-date symlink: /home/brace/codeSpace/navi/install/rtabmap_odom/share/rtabmap_odom/environment/library_path.dsv
[90.452s] -- Up-to-date symlink: /home/brace/codeSpace/navi/install/rtabmap_odom/lib/rtabmap_odom/rgbd_odometry
[90.452s] -- Up-to-date symlink: /home/brace/codeSpace/navi/install/rtabmap_odom/lib/rtabmap_odom/icp_odometry
[90.452s] -- Up-to-date symlink: /home/brace/codeSpace/navi/install/rtabmap_odom/lib/rtabmap_odom/stereo_odometry
[90.453s] -- Up-to-date symlink: /home/brace/codeSpace/navi/install/rtabmap_odom/share/ament_index/resource_index/package_run_dependencies/rtabmap_odom
[90.453s] -- Up-to-date symlink: /home/brace/codeSpace/navi/install/rtabmap_odom/share/ament_index/resource_index/parent_prefix_path/rtabmap_odom
[90.453s] -- Up-to-date symlink: /home/brace/codeSpace/navi/install/rtabmap_odom/share/rtabmap_odom/environment/ament_prefix_path.sh
[90.453s] -- Up-to-date symlink: /home/brace/codeSpace/navi/install/rtabmap_odom/share/rtabmap_odom/environment/ament_prefix_path.dsv
[90.454s] -- Up-to-date symlink: /home/brace/codeSpace/navi/install/rtabmap_odom/share/rtabmap_odom/environment/path.sh
[90.454s] -- Up-to-date symlink: /home/brace/codeSpace/navi/install/rtabmap_odom/share/rtabmap_odom/environment/path.dsv
[90.454s] -- Up-to-date symlink: /home/brace/codeSpace/navi/install/rtabmap_odom/share/rtabmap_odom/local_setup.bash
[90.455s] -- Up-to-date symlink: /home/brace/codeSpace/navi/install/rtabmap_odom/share/rtabmap_odom/local_setup.sh
[90.455s] -- Up-to-date symlink: /home/brace/codeSpace/navi/install/rtabmap_odom/share/rtabmap_odom/local_setup.zsh
[90.456s] -- Up-to-date symlink: /home/brace/codeSpace/navi/install/rtabmap_odom/share/rtabmap_odom/local_setup.dsv
[90.456s] -- Symlinking: /home/brace/codeSpace/navi/install/rtabmap_odom/share/rtabmap_odom/package.dsv
[90.469s] -- Up-to-date symlink: /home/brace/codeSpace/navi/install/rtabmap_odom/share/ament_index/resource_index/packages/rtabmap_odom
[90.469s] -- Up-to-date symlink: /home/brace/codeSpace/navi/install/rtabmap_odom/share/ament_index/resource_index/rclcpp_components/rtabmap_odom
[90.470s] -- Up-to-date symlink: /home/brace/codeSpace/navi/install/rtabmap_odom/share/rtabmap_odom/cmake/ament_cmake_export_dependencies-extras.cmake
[90.470s] -- Up-to-date symlink: /home/brace/codeSpace/navi/install/rtabmap_odom/share/rtabmap_odom/cmake/ament_cmake_export_include_directories-extras.cmake
[90.470s] -- Up-to-date symlink: /home/brace/codeSpace/navi/install/rtabmap_odom/share/rtabmap_odom/cmake/ament_cmake_export_targets-extras.cmake
[90.470s] -- Up-to-date symlink: /home/brace/codeSpace/navi/install/rtabmap_odom/share/rtabmap_odom/cmake/ament_cmake_export_libraries-extras.cmake
[90.471s] -- Up-to-date symlink: /home/brace/codeSpace/navi/install/rtabmap_odom/share/rtabmap_odom/cmake/rtabmap_odomConfig.cmake
[90.471s] -- Up-to-date symlink: /home/brace/codeSpace/navi/install/rtabmap_odom/share/rtabmap_odom/cmake/rtabmap_odomConfig-version.cmake
[90.471s] -- Up-to-date symlink: /home/brace/codeSpace/navi/install/rtabmap_odom/share/rtabmap_odom/package.xml
[90.472s] -- Installing: /home/brace/codeSpace/navi/install/rtabmap_odom/lib/librtabmap_odom.so
[90.475s] -- Set runtime path of "/home/brace/codeSpace/navi/install/rtabmap_odom/lib/librtabmap_odom.so" to ""
[90.476s] -- Installing: /home/brace/codeSpace/navi/install/rtabmap_odom/lib/librtabmap_odom_plugins.so
[90.482s] -- Set runtime path of "/home/brace/codeSpace/navi/install/rtabmap_odom/lib/librtabmap_odom_plugins.so" to ""
[90.482s] -- Up-to-date: /home/brace/codeSpace/navi/install/rtabmap_odom/include
[90.482s] -- Up-to-date: /home/brace/codeSpace/navi/install/rtabmap_odom/include/rtabmap_odom
[90.482s] -- Up-to-date: /home/brace/codeSpace/navi/install/rtabmap_odom/include/rtabmap_odom/OdometryROS.h
[90.482s] -- Up-to-date: /home/brace/codeSpace/navi/install/rtabmap_odom/include/rtabmap_odom/visibility.h
[90.482s] -- Up-to-date: /home/brace/codeSpace/navi/install/rtabmap_odom/share/rtabmap_odom/cmake/rtabmap_odomExport.cmake
[90.482s] -- Up-to-date: /home/brace/codeSpace/navi/install/rtabmap_odom/share/rtabmap_odom/cmake/rtabmap_odomExport-release.cmake
[90.484s] Invoked command in '/home/brace/codeSpace/navi/build/rtabmap_odom' returned '0': CMAKE_PREFIX_PATH=/home/brace/codeSpace/navi/install/rtabmap_util:/home/brace/codeSpace/navi/install/rtabmap_sync:/home/brace/codeSpace/navi/install/rtabmap_conversions:/home/brace/codeSpace/navi/install/rtabmap_msgs:/home/brace/codeSpace/navi/install/rtabmap:/home/brace/codeSpace/navi/install/rtabmap_ros:/home/brace/codeSpace/navi/install/rtabmap_launch:/home/brace/codeSpace/navi/install/rtabmap_examples:/home/brace/codeSpace/navi/install/rtabmap_demos:/home/brace/codeSpace/navi/install/rtabmap_viz:/home/brace/codeSpace/navi/install/rtabmap_slam:/home/brace/codeSpace/navi/install/rtabmap_odom:/home/brace/codeSpace/navi/install/rtabmap_rviz_plugins:/home/brace/codeSpace/navi/install/realsense2_rviz_plugin:/home/brace/codeSpace/navi/install/realsense2_description:/home/brace/codeSpace/navi/install/rtabmap_python:/home/brace/codeSpace/navi/install/realsense2_ros_mqtt_bridge:/home/brace/codeSpace/navi/install/brace:/opt/ros/humble LD_LIBRARY_PATH=/home/brace/codeSpace/navi/install/rtabmap_util/lib:/home/brace/codeSpace/navi/install/rtabmap_sync/lib:/home/brace/codeSpace/navi/install/rtabmap_conversions/lib:/home/brace/codeSpace/navi/install/rtabmap_msgs/lib:/home/brace/codeSpace/navi/install/rtabmap/lib:/home/brace/codeSpace/navi/install/rtabmap_slam/lib:/home/brace/codeSpace/navi/install/rtabmap_odom/lib:/home/brace/codeSpace/navi/install/rtabmap_rviz_plugins/lib:/opt/ros/humble/opt/rviz_ogre_vendor/lib:/opt/ros/humble/lib/x86_64-linux-gnu:/opt/ros/humble/lib /usr/bin/cmake --install /home/brace/codeSpace/navi/build/rtabmap_odom
