[0.033s] Invoking command in '/home/brace/codeSpace/navi/build/rtabmap_sync': CMAKE_PREFIX_PATH=/home/brace/codeSpace/navi/install/rtabmap_conversions:/home/brace/codeSpace/navi/install/rtabmap_msgs:/home/brace/codeSpace/navi/install/rtabmap:/home/brace/codeSpace/navi/install/rtabmap_ros:/home/brace/codeSpace/navi/install/rtabmap_launch:/home/brace/codeSpace/navi/install/rtabmap_examples:/home/brace/codeSpace/navi/install/rtabmap_demos:/home/brace/codeSpace/navi/install/rtabmap_viz:/home/brace/codeSpace/navi/install/rtabmap_slam:/home/brace/codeSpace/navi/install/rtabmap_odom:/home/brace/codeSpace/navi/install/rtabmap_util:/home/brace/codeSpace/navi/install/rtabmap_sync:/home/brace/codeSpace/navi/install/rtabmap_rviz_plugins:/home/brace/codeSpace/navi/install/realsense2_rviz_plugin:/home/brace/codeSpace/navi/install/realsense2_description:/home/brace/codeSpace/navi/install/rtabmap_python:/home/brace/codeSpace/navi/install/realsense2_ros_mqtt_bridge:/home/brace/codeSpace/navi/install/brace:/opt/ros/humble LD_LIBRARY_PATH=/home/brace/codeSpace/navi/install/rtabmap_conversions/lib:/home/brace/codeSpace/navi/install/rtabmap_msgs/lib:/home/brace/codeSpace/navi/install/rtabmap/lib:/home/brace/codeSpace/navi/install/rtabmap_slam/lib:/home/brace/codeSpace/navi/install/rtabmap_odom/lib:/home/brace/codeSpace/navi/install/rtabmap_util/lib:/home/brace/codeSpace/navi/install/rtabmap_sync/lib:/home/brace/codeSpace/navi/install/rtabmap_rviz_plugins/lib:/opt/ros/humble/opt/rviz_ogre_vendor/lib:/opt/ros/humble/lib/x86_64-linux-gnu:/opt/ros/humble/lib /usr/bin/cmake /home/brace/codeSpace/navi/src/rtabmap_ros/rtabmap_sync -DAMENT_CMAKE_SYMLINK_INSTALL=1 -DCMAKE_INSTALL_PREFIX=/home/brace/codeSpace/navi/install/rtabmap_sync
[0.068s] -- Found cv_bridge: 3.2.1 (/opt/ros/humble/share/cv_bridge/cmake)
[0.197s] -- Override CMake install command with custom implementation using symlinks instead of copying resources
[0.227s] -- Found rosidl_generator_c: 3.1.7 (/opt/ros/humble/share/rosidl_generator_c/cmake)
[0.228s] -- Found rosidl_adapter: 3.1.7 (/opt/ros/humble/share/rosidl_adapter/cmake)
[0.232s] -- Found rosidl_generator_cpp: 3.1.7 (/opt/ros/humble/share/rosidl_generator_cpp/cmake)
[0.240s] -- Using all available rosidl_typesupport_c: rosidl_typesupport_fastrtps_c;rosidl_typesupport_introspection_c
[0.248s] -- Using all available rosidl_typesupport_cpp: rosidl_typesupport_fastrtps_cpp;rosidl_typesupport_introspection_cpp
[0.289s] -- Found image_transport: 3.1.12 (/opt/ros/humble/share/image_transport/cmake)
[0.313s] -- Found rmw_implementation_cmake: 6.1.2 (/opt/ros/humble/share/rmw_implementation_cmake/cmake)
[0.314s] -- Found rmw_fastrtps_cpp: 6.2.9 (/opt/ros/humble/share/rmw_fastrtps_cpp/cmake)
[0.396s] -- Using RMW implementation 'rmw_fastrtps_cpp' as default
[0.441s] -- Found nav_msgs: 4.9.0 (/opt/ros/humble/share/nav_msgs/cmake)
[0.457s] -- Found rclcpp_components: 16.0.16 (/opt/ros/humble/share/rclcpp_components/cmake)
[0.468s] -- Found rtabmap_conversions: 0.22.1 (/home/brace/codeSpace/navi/install/rtabmap_conversions/share/rtabmap_conversions/cmake)
[0.502s] -- Eigen found (include: /usr/include/eigen3, version: 3.4.0)
[0.527s] -- FLANN found (include: /usr/include, lib: /usr/lib/x86_64-linux-gnu/libflann_cpp.so)
[0.782s] -- OpenNI found (version: 1.5.4.0, include: /usr/include/ni, lib: /usr/lib/libOpenNI.so;libusb::libusb)
[0.790s] -- OpenNI2 found (version: 2.2.0.33, include: /usr/include/openni2, lib: /usr/lib/x86_64-linux-gnu/libOpenNI2.so;libusb::libusb)
[0.920s] -- Eigen found (include: /usr/include/eigen3, version: 3.4.0)
[0.927s] -- OpenNI found (version: 1.5.4.0, include: /usr/include/ni, lib: /usr/lib/libOpenNI.so;libusb::libusb)
[0.932s] -- OpenNI2 found (version: 2.2.0.33, include: /usr/include/openni2, lib: /usr/lib/x86_64-linux-gnu/libOpenNI2.so;libusb::libusb)
[1.045s] -- Found Qhull version 8.0.2
[1.164s] -- OpenNI found (version: 1.5.4.0, include: /usr/include/ni, lib: /usr/lib/libOpenNI.so;libusb::libusb)
[1.355s] -- Ensuring Eigen3 include directory is part of orocos-kdl CMake target
[1.358s] CMake Warning (dev) at /usr/share/cmake-3.22/Modules/CMakeFindDependencyMacro.cmake:47 (find_package):
[1.358s]   Policy CMP0074 is not set: find_package uses <PackageName>_ROOT variables.
[1.358s]   Run "cmake --help-policy CMP0074" for policy details.  Use the cmake_policy
[1.358s]   command to set the policy and suppress this warning.
[1.358s] 
[1.358s]   CMake variable PCL_ROOT is set to:
[1.358s] 
[1.358s]     /usr
[1.358s] 
[1.358s]   For compatibility, CMake is ignoring the variable.
[1.358s] Call Stack (most recent call first):
[1.358s]   /home/brace/codeSpace/navi/install/rtabmap/lib/rtabmap-0.23/RTABMapConfig.cmake:7 (find_dependency)
[1.358s]   /home/brace/codeSpace/navi/install/rtabmap_conversions/share/rtabmap_conversions/cmake/ament_cmake_export_dependencies-extras.cmake:21 (find_package)
[1.358s]   /home/brace/codeSpace/navi/install/rtabmap_conversions/share/rtabmap_conversions/cmake/rtabmap_conversionsConfig.cmake:41 (include)
[1.358s]   CMakeLists.txt:24 (find_package)
[1.358s] This warning is for project developers.  Use -Wno-dev to suppress it.
[1.358s] 
[1.372s] -- Found diagnostic_updater: 4.0.6 (/opt/ros/humble/share/diagnostic_updater/cmake)
[1.392s] -- RTABMAP_SYNC_MULTI_RGBD = OFF
[1.392s] -- RTABMAP_SYNC_USER_DATA  = OFF
[1.488s] -- Configuring done
[1.631s] -- Generating done
[1.668s] -- Build files have been written to: /home/brace/codeSpace/navi/build/rtabmap_sync
[1.686s] Invoked command in '/home/brace/codeSpace/navi/build/rtabmap_sync' returned '0': CMAKE_PREFIX_PATH=/home/brace/codeSpace/navi/install/rtabmap_conversions:/home/brace/codeSpace/navi/install/rtabmap_msgs:/home/brace/codeSpace/navi/install/rtabmap:/home/brace/codeSpace/navi/install/rtabmap_ros:/home/brace/codeSpace/navi/install/rtabmap_launch:/home/brace/codeSpace/navi/install/rtabmap_examples:/home/brace/codeSpace/navi/install/rtabmap_demos:/home/brace/codeSpace/navi/install/rtabmap_viz:/home/brace/codeSpace/navi/install/rtabmap_slam:/home/brace/codeSpace/navi/install/rtabmap_odom:/home/brace/codeSpace/navi/install/rtabmap_util:/home/brace/codeSpace/navi/install/rtabmap_sync:/home/brace/codeSpace/navi/install/rtabmap_rviz_plugins:/home/brace/codeSpace/navi/install/realsense2_rviz_plugin:/home/brace/codeSpace/navi/install/realsense2_description:/home/brace/codeSpace/navi/install/rtabmap_python:/home/brace/codeSpace/navi/install/realsense2_ros_mqtt_bridge:/home/brace/codeSpace/navi/install/brace:/opt/ros/humble LD_LIBRARY_PATH=/home/brace/codeSpace/navi/install/rtabmap_conversions/lib:/home/brace/codeSpace/navi/install/rtabmap_msgs/lib:/home/brace/codeSpace/navi/install/rtabmap/lib:/home/brace/codeSpace/navi/install/rtabmap_slam/lib:/home/brace/codeSpace/navi/install/rtabmap_odom/lib:/home/brace/codeSpace/navi/install/rtabmap_util/lib:/home/brace/codeSpace/navi/install/rtabmap_sync/lib:/home/brace/codeSpace/navi/install/rtabmap_rviz_plugins/lib:/opt/ros/humble/opt/rviz_ogre_vendor/lib:/opt/ros/humble/lib/x86_64-linux-gnu:/opt/ros/humble/lib /usr/bin/cmake /home/brace/codeSpace/navi/src/rtabmap_ros/rtabmap_sync -DAMENT_CMAKE_SYMLINK_INSTALL=1 -DCMAKE_INSTALL_PREFIX=/home/brace/codeSpace/navi/install/rtabmap_sync
[1.687s] Invoking command in '/home/brace/codeSpace/navi/build/rtabmap_sync': CMAKE_PREFIX_PATH=/home/brace/codeSpace/navi/install/rtabmap_conversions:/home/brace/codeSpace/navi/install/rtabmap_msgs:/home/brace/codeSpace/navi/install/rtabmap:/home/brace/codeSpace/navi/install/rtabmap_ros:/home/brace/codeSpace/navi/install/rtabmap_launch:/home/brace/codeSpace/navi/install/rtabmap_examples:/home/brace/codeSpace/navi/install/rtabmap_demos:/home/brace/codeSpace/navi/install/rtabmap_viz:/home/brace/codeSpace/navi/install/rtabmap_slam:/home/brace/codeSpace/navi/install/rtabmap_odom:/home/brace/codeSpace/navi/install/rtabmap_util:/home/brace/codeSpace/navi/install/rtabmap_sync:/home/brace/codeSpace/navi/install/rtabmap_rviz_plugins:/home/brace/codeSpace/navi/install/realsense2_rviz_plugin:/home/brace/codeSpace/navi/install/realsense2_description:/home/brace/codeSpace/navi/install/rtabmap_python:/home/brace/codeSpace/navi/install/realsense2_ros_mqtt_bridge:/home/brace/codeSpace/navi/install/brace:/opt/ros/humble LD_LIBRARY_PATH=/home/brace/codeSpace/navi/install/rtabmap_conversions/lib:/home/brace/codeSpace/navi/install/rtabmap_msgs/lib:/home/brace/codeSpace/navi/install/rtabmap/lib:/home/brace/codeSpace/navi/install/rtabmap_slam/lib:/home/brace/codeSpace/navi/install/rtabmap_odom/lib:/home/brace/codeSpace/navi/install/rtabmap_util/lib:/home/brace/codeSpace/navi/install/rtabmap_sync/lib:/home/brace/codeSpace/navi/install/rtabmap_rviz_plugins/lib:/opt/ros/humble/opt/rviz_ogre_vendor/lib:/opt/ros/humble/lib/x86_64-linux-gnu:/opt/ros/humble/lib /usr/bin/cmake --build /home/brace/codeSpace/navi/build/rtabmap_sync -- -j16 -l16
[1.747s] Consolidate compiler generated dependencies of target rtabmap_sync_plugins
[1.766s] Consolidate compiler generated dependencies of target rtabmap_sync
[1.772s] [  4%] Building CXX object CMakeFiles/rtabmap_sync_plugins.dir/src/nodelets/rgbdx_sync.cpp.o
[1.772s] [  8%] Building CXX object CMakeFiles/rtabmap_sync_plugins.dir/src/nodelets/rgbd_sync.cpp.o
[1.773s] [ 13%] Building CXX object CMakeFiles/rtabmap_sync_plugins.dir/src/nodelets/stereo_sync.cpp.o
[1.773s] [ 17%] Building CXX object CMakeFiles/rtabmap_sync_plugins.dir/src/nodelets/rgb_sync.cpp.o
[1.793s] [ 26%] Building CXX object CMakeFiles/rtabmap_sync.dir/src/impl/CommonDataSubscriberDepth.cpp.o
[1.793s] [ 26%] Building CXX object CMakeFiles/rtabmap_sync.dir/src/impl/CommonDataSubscriberStereo.cpp.o
[1.795s] [ 30%] Building CXX object CMakeFiles/rtabmap_sync.dir/src/impl/CommonDataSubscriberRGBDX.cpp.o
[1.799s] [ 34%] Building CXX object CMakeFiles/rtabmap_sync.dir/src/impl/CommonDataSubscriberRGBD.cpp.o
[1.799s] [ 39%] Building CXX object CMakeFiles/rtabmap_sync.dir/src/impl/CommonDataSubscriberRGB.cpp.o
[1.799s] [ 43%] Building CXX object CMakeFiles/rtabmap_sync.dir/src/CommonDataSubscriber.cpp.o
[1.800s] [ 47%] Building CXX object CMakeFiles/rtabmap_sync.dir/src/impl/CommonDataSubscriberSensorData.cpp.o
[1.800s] [ 52%] Building CXX object CMakeFiles/rtabmap_sync.dir/src/impl/CommonDataSubscriberOdom.cpp.o
[1.802s] [ 56%] Building CXX object CMakeFiles/rtabmap_sync.dir/src/impl/CommonDataSubscriberScan.cpp.o
[231.542s] [ 60%] Linking CXX shared library librtabmap_sync_plugins.so
[233.118s] [ 60%] Built target rtabmap_sync_plugins
[287.585s] [ 65%] Linking CXX shared library librtabmap_sync.so
[290.692s] [ 65%] Built target rtabmap_sync
[290.721s] Consolidate compiler generated dependencies of target rtabmap_rgbdx_sync
[290.725s] Consolidate compiler generated dependencies of target rtabmap_stereo_sync
[290.735s] Consolidate compiler generated dependencies of target rtabmap_rgb_sync
[290.736s] Consolidate compiler generated dependencies of target rtabmap_rgbd_sync
[290.760s] [ 78%] Building CXX object CMakeFiles/rtabmap_rgb_sync.dir/src/RGBSyncNode.cpp.o
[290.760s] [ 78%] Building CXX object CMakeFiles/rtabmap_stereo_sync.dir/src/StereoSyncNode.cpp.o
[290.761s] [ 78%] Building CXX object CMakeFiles/rtabmap_rgbdx_sync.dir/src/RGBDXSyncNode.cpp.o
[290.761s] [ 82%] Building CXX object CMakeFiles/rtabmap_rgbd_sync.dir/src/RGBDSyncNode.cpp.o
[298.640s] [ 86%] Linking CXX executable rgb_sync
[298.760s] [ 91%] Linking CXX executable stereo_sync
[298.789s] [ 95%] Linking CXX executable rgbd_sync
[299.244s] [100%] Linking CXX executable rgbdx_sync
[299.984s] [100%] Built target rtabmap_rgb_sync
[300.129s] [100%] Built target rtabmap_stereo_sync
[300.129s] [100%] Built target rtabmap_rgbd_sync
[300.526s] [100%] Built target rtabmap_rgbdx_sync
[300.563s] Invoked command in '/home/brace/codeSpace/navi/build/rtabmap_sync' returned '0': CMAKE_PREFIX_PATH=/home/brace/codeSpace/navi/install/rtabmap_conversions:/home/brace/codeSpace/navi/install/rtabmap_msgs:/home/brace/codeSpace/navi/install/rtabmap:/home/brace/codeSpace/navi/install/rtabmap_ros:/home/brace/codeSpace/navi/install/rtabmap_launch:/home/brace/codeSpace/navi/install/rtabmap_examples:/home/brace/codeSpace/navi/install/rtabmap_demos:/home/brace/codeSpace/navi/install/rtabmap_viz:/home/brace/codeSpace/navi/install/rtabmap_slam:/home/brace/codeSpace/navi/install/rtabmap_odom:/home/brace/codeSpace/navi/install/rtabmap_util:/home/brace/codeSpace/navi/install/rtabmap_sync:/home/brace/codeSpace/navi/install/rtabmap_rviz_plugins:/home/brace/codeSpace/navi/install/realsense2_rviz_plugin:/home/brace/codeSpace/navi/install/realsense2_description:/home/brace/codeSpace/navi/install/rtabmap_python:/home/brace/codeSpace/navi/install/realsense2_ros_mqtt_bridge:/home/brace/codeSpace/navi/install/brace:/opt/ros/humble LD_LIBRARY_PATH=/home/brace/codeSpace/navi/install/rtabmap_conversions/lib:/home/brace/codeSpace/navi/install/rtabmap_msgs/lib:/home/brace/codeSpace/navi/install/rtabmap/lib:/home/brace/codeSpace/navi/install/rtabmap_slam/lib:/home/brace/codeSpace/navi/install/rtabmap_odom/lib:/home/brace/codeSpace/navi/install/rtabmap_util/lib:/home/brace/codeSpace/navi/install/rtabmap_sync/lib:/home/brace/codeSpace/navi/install/rtabmap_rviz_plugins/lib:/opt/ros/humble/opt/rviz_ogre_vendor/lib:/opt/ros/humble/lib/x86_64-linux-gnu:/opt/ros/humble/lib /usr/bin/cmake --build /home/brace/codeSpace/navi/build/rtabmap_sync -- -j16 -l16
[300.566s] Invoking command in '/home/brace/codeSpace/navi/build/rtabmap_sync': CMAKE_PREFIX_PATH=/home/brace/codeSpace/navi/install/rtabmap_conversions:/home/brace/codeSpace/navi/install/rtabmap_msgs:/home/brace/codeSpace/navi/install/rtabmap:/home/brace/codeSpace/navi/install/rtabmap_ros:/home/brace/codeSpace/navi/install/rtabmap_launch:/home/brace/codeSpace/navi/install/rtabmap_examples:/home/brace/codeSpace/navi/install/rtabmap_demos:/home/brace/codeSpace/navi/install/rtabmap_viz:/home/brace/codeSpace/navi/install/rtabmap_slam:/home/brace/codeSpace/navi/install/rtabmap_odom:/home/brace/codeSpace/navi/install/rtabmap_util:/home/brace/codeSpace/navi/install/rtabmap_sync:/home/brace/codeSpace/navi/install/rtabmap_rviz_plugins:/home/brace/codeSpace/navi/install/realsense2_rviz_plugin:/home/brace/codeSpace/navi/install/realsense2_description:/home/brace/codeSpace/navi/install/rtabmap_python:/home/brace/codeSpace/navi/install/realsense2_ros_mqtt_bridge:/home/brace/codeSpace/navi/install/brace:/opt/ros/humble LD_LIBRARY_PATH=/home/brace/codeSpace/navi/install/rtabmap_conversions/lib:/home/brace/codeSpace/navi/install/rtabmap_msgs/lib:/home/brace/codeSpace/navi/install/rtabmap/lib:/home/brace/codeSpace/navi/install/rtabmap_slam/lib:/home/brace/codeSpace/navi/install/rtabmap_odom/lib:/home/brace/codeSpace/navi/install/rtabmap_util/lib:/home/brace/codeSpace/navi/install/rtabmap_sync/lib:/home/brace/codeSpace/navi/install/rtabmap_rviz_plugins/lib:/opt/ros/humble/opt/rviz_ogre_vendor/lib:/opt/ros/humble/lib/x86_64-linux-gnu:/opt/ros/humble/lib /usr/bin/cmake --install /home/brace/codeSpace/navi/build/rtabmap_sync
[300.573s] -- Install configuration: "Release"
[300.574s] -- Execute custom install script
[300.576s] -- Up-to-date symlink: /home/brace/codeSpace/navi/install/rtabmap_sync/share/rtabmap_sync/environment/library_path.sh
[300.576s] -- Up-to-date symlink: /home/brace/codeSpace/navi/install/rtabmap_sync/share/rtabmap_sync/environment/library_path.dsv
[300.577s] -- Up-to-date symlink: /home/brace/codeSpace/navi/install/rtabmap_sync/lib/rtabmap_sync/rgbd_sync
[300.577s] -- Up-to-date symlink: /home/brace/codeSpace/navi/install/rtabmap_sync/lib/rtabmap_sync/rgbdx_sync
[300.577s] -- Up-to-date symlink: /home/brace/codeSpace/navi/install/rtabmap_sync/lib/rtabmap_sync/stereo_sync
[300.577s] -- Up-to-date symlink: /home/brace/codeSpace/navi/install/rtabmap_sync/lib/rtabmap_sync/rgb_sync
[300.579s] -- Up-to-date symlink: /home/brace/codeSpace/navi/install/rtabmap_sync/share/ament_index/resource_index/package_run_dependencies/rtabmap_sync
[300.580s] -- Up-to-date symlink: /home/brace/codeSpace/navi/install/rtabmap_sync/share/ament_index/resource_index/parent_prefix_path/rtabmap_sync
[300.580s] -- Up-to-date symlink: /home/brace/codeSpace/navi/install/rtabmap_sync/share/rtabmap_sync/environment/ament_prefix_path.sh
[300.580s] -- Up-to-date symlink: /home/brace/codeSpace/navi/install/rtabmap_sync/share/rtabmap_sync/environment/ament_prefix_path.dsv
[300.581s] -- Up-to-date symlink: /home/brace/codeSpace/navi/install/rtabmap_sync/share/rtabmap_sync/environment/path.sh
[300.581s] -- Up-to-date symlink: /home/brace/codeSpace/navi/install/rtabmap_sync/share/rtabmap_sync/environment/path.dsv
[300.581s] -- Up-to-date symlink: /home/brace/codeSpace/navi/install/rtabmap_sync/share/rtabmap_sync/local_setup.bash
[300.581s] -- Up-to-date symlink: /home/brace/codeSpace/navi/install/rtabmap_sync/share/rtabmap_sync/local_setup.sh
[300.581s] -- Up-to-date symlink: /home/brace/codeSpace/navi/install/rtabmap_sync/share/rtabmap_sync/local_setup.zsh
[300.581s] -- Up-to-date symlink: /home/brace/codeSpace/navi/install/rtabmap_sync/share/rtabmap_sync/local_setup.dsv
[300.583s] -- Symlinking: /home/brace/codeSpace/navi/install/rtabmap_sync/share/rtabmap_sync/package.dsv
[300.596s] -- Up-to-date symlink: /home/brace/codeSpace/navi/install/rtabmap_sync/share/ament_index/resource_index/packages/rtabmap_sync
[300.597s] -- Up-to-date symlink: /home/brace/codeSpace/navi/install/rtabmap_sync/share/ament_index/resource_index/rclcpp_components/rtabmap_sync
[300.597s] -- Up-to-date symlink: /home/brace/codeSpace/navi/install/rtabmap_sync/share/rtabmap_sync/cmake/extra_configs.cmake
[300.597s] -- Up-to-date symlink: /home/brace/codeSpace/navi/install/rtabmap_sync/share/rtabmap_sync/cmake/ament_cmake_export_dependencies-extras.cmake
[300.598s] -- Up-to-date symlink: /home/brace/codeSpace/navi/install/rtabmap_sync/share/rtabmap_sync/cmake/ament_cmake_export_include_directories-extras.cmake
[300.598s] -- Up-to-date symlink: /home/brace/codeSpace/navi/install/rtabmap_sync/share/rtabmap_sync/cmake/ament_cmake_export_targets-extras.cmake
[300.599s] -- Up-to-date symlink: /home/brace/codeSpace/navi/install/rtabmap_sync/share/rtabmap_sync/cmake/ament_cmake_export_libraries-extras.cmake
[300.599s] -- Up-to-date symlink: /home/brace/codeSpace/navi/install/rtabmap_sync/share/rtabmap_sync/cmake/rtabmap_syncConfig.cmake
[300.600s] -- Up-to-date symlink: /home/brace/codeSpace/navi/install/rtabmap_sync/share/rtabmap_sync/cmake/rtabmap_syncConfig-version.cmake
[300.600s] -- Up-to-date symlink: /home/brace/codeSpace/navi/install/rtabmap_sync/share/rtabmap_sync/package.xml
[300.601s] -- Installing: /home/brace/codeSpace/navi/install/rtabmap_sync/lib/librtabmap_sync.so
[300.626s] -- Set runtime path of "/home/brace/codeSpace/navi/install/rtabmap_sync/lib/librtabmap_sync.so" to ""
[300.627s] -- Installing: /home/brace/codeSpace/navi/install/rtabmap_sync/lib/librtabmap_sync_plugins.so
[300.633s] -- Set runtime path of "/home/brace/codeSpace/navi/install/rtabmap_sync/lib/librtabmap_sync_plugins.so" to ""
[300.633s] -- Up-to-date: /home/brace/codeSpace/navi/install/rtabmap_sync/include
[300.633s] -- Up-to-date: /home/brace/codeSpace/navi/install/rtabmap_sync/include/rtabmap_sync
[300.633s] -- Up-to-date: /home/brace/codeSpace/navi/install/rtabmap_sync/include/rtabmap_sync/GetTopicName.h
[300.633s] -- Up-to-date: /home/brace/codeSpace/navi/install/rtabmap_sync/include/rtabmap_sync/SyncDiagnostic.h
[300.633s] -- Up-to-date: /home/brace/codeSpace/navi/install/rtabmap_sync/include/rtabmap_sync/visibility.h
[300.633s] -- Up-to-date: /home/brace/codeSpace/navi/install/rtabmap_sync/include/rtabmap_sync/CommonDataSubscriber.h
[300.633s] -- Up-to-date: /home/brace/codeSpace/navi/install/rtabmap_sync/include/rtabmap_sync/CommonDataSubscriberDefines.h
[300.635s] -- Up-to-date: /home/brace/codeSpace/navi/install/rtabmap_sync/share/rtabmap_sync/cmake/rtabmap_syncExport.cmake
[300.635s] -- Up-to-date: /home/brace/codeSpace/navi/install/rtabmap_sync/share/rtabmap_sync/cmake/rtabmap_syncExport-release.cmake
[300.637s] Invoked command in '/home/brace/codeSpace/navi/build/rtabmap_sync' returned '0': CMAKE_PREFIX_PATH=/home/brace/codeSpace/navi/install/rtabmap_conversions:/home/brace/codeSpace/navi/install/rtabmap_msgs:/home/brace/codeSpace/navi/install/rtabmap:/home/brace/codeSpace/navi/install/rtabmap_ros:/home/brace/codeSpace/navi/install/rtabmap_launch:/home/brace/codeSpace/navi/install/rtabmap_examples:/home/brace/codeSpace/navi/install/rtabmap_demos:/home/brace/codeSpace/navi/install/rtabmap_viz:/home/brace/codeSpace/navi/install/rtabmap_slam:/home/brace/codeSpace/navi/install/rtabmap_odom:/home/brace/codeSpace/navi/install/rtabmap_util:/home/brace/codeSpace/navi/install/rtabmap_sync:/home/brace/codeSpace/navi/install/rtabmap_rviz_plugins:/home/brace/codeSpace/navi/install/realsense2_rviz_plugin:/home/brace/codeSpace/navi/install/realsense2_description:/home/brace/codeSpace/navi/install/rtabmap_python:/home/brace/codeSpace/navi/install/realsense2_ros_mqtt_bridge:/home/brace/codeSpace/navi/install/brace:/opt/ros/humble LD_LIBRARY_PATH=/home/brace/codeSpace/navi/install/rtabmap_conversions/lib:/home/brace/codeSpace/navi/install/rtabmap_msgs/lib:/home/brace/codeSpace/navi/install/rtabmap/lib:/home/brace/codeSpace/navi/install/rtabmap_slam/lib:/home/brace/codeSpace/navi/install/rtabmap_odom/lib:/home/brace/codeSpace/navi/install/rtabmap_util/lib:/home/brace/codeSpace/navi/install/rtabmap_sync/lib:/home/brace/codeSpace/navi/install/rtabmap_rviz_plugins/lib:/opt/ros/humble/opt/rviz_ogre_vendor/lib:/opt/ros/humble/lib/x86_64-linux-gnu:/opt/ros/humble/lib /usr/bin/cmake --install /home/brace/codeSpace/navi/build/rtabmap_sync
