[0.008s] Invoking command in '/home/brace/codeSpace/navi/build/realsense2_camera': AMENT_PREFIX_PATH=/home/brace/codeSpace/navi/install/realsense2_camera_msgs:${AMENT_PREFIX_PATH} CMAKE_PREFIX_PATH=/home/brace/codeSpace/navi/install/realsense2_camera_msgs:/opt/ros/humble LD_LIBRARY_PATH=/home/brace/codeSpace/navi/install/realsense2_camera_msgs/lib:${LD_LIBRARY_PATH} PYTHONPATH=/home/brace/codeSpace/navi/install/realsense2_camera_msgs/local/lib/python3.10/dist-packages:${PYTHONPATH} /usr/bin/cmake /home/brace/codeSpace/navi/src/realsense-ros/realsense2_camera -DCMAKE_INSTALL_PREFIX=/home/brace/codeSpace/navi/install/realsense2_camera
[0.042s] -- The C compiler identification is GNU 11.4.0
[0.086s] -- The CXX compiler identification is GNU 11.4.0
[0.093s] -- Detecting C compiler ABI info
[0.144s] -- Detecting C compiler ABI info - done
[0.153s] -- Check for working C compiler: /usr/bin/cc - skipped
[0.154s] -- Detecting C compile features
[0.154s] -- Detecting C compile features - done
[0.157s] -- Detecting CXX compiler ABI info
[0.213s] -- Detecting CXX compiler ABI info - done
[0.222s] -- Check for working CXX compiler: /usr/bin/c++ - skipped
[0.223s] -- Detecting CXX compile features
[0.223s] -- Detecting CXX compile features - done
[0.224s] -- Create Release Build.
[0.226s] -- Found ament_cmake: 1.3.12 (/opt/ros/humble/share/ament_cmake/cmake)
[0.334s] -- Found Python3: /usr/bin/python3 (found version "3.10.12") found components: Interpreter 
[0.395s] -- Found builtin_interfaces: 1.2.2 (/opt/ros/humble/share/builtin_interfaces/cmake)
[0.416s] -- Found rosidl_generator_c: 3.1.7 (/opt/ros/humble/share/rosidl_generator_c/cmake)
[0.419s] -- Found rosidl_adapter: 3.1.7 (/opt/ros/humble/share/rosidl_adapter/cmake)
[0.425s] -- Found rosidl_generator_cpp: 3.1.7 (/opt/ros/humble/share/rosidl_generator_cpp/cmake)
[0.433s] -- Using all available rosidl_typesupport_c: rosidl_typesupport_fastrtps_c;rosidl_typesupport_introspection_c
[0.443s] -- Using all available rosidl_typesupport_cpp: rosidl_typesupport_fastrtps_cpp;rosidl_typesupport_introspection_cpp
[0.453s] -- Found cv_bridge: 3.2.1 (/opt/ros/humble/share/cv_bridge/cmake)
[0.491s] -- Found image_transport: 3.1.12 (/opt/ros/humble/share/image_transport/cmake)
[0.519s] -- Found rmw_implementation_cmake: 6.1.2 (/opt/ros/humble/share/rmw_implementation_cmake/cmake)
[0.521s] -- Found rmw_fastrtps_cpp: 6.2.9 (/opt/ros/humble/share/rmw_fastrtps_cpp/cmake)
[0.587s] -- Found OpenSSL: /usr/lib/x86_64-linux-gnu/libcrypto.so (found version "3.0.2")  
[0.606s] -- Found FastRTPS: /opt/ros/humble/include  
[0.632s] -- Using RMW implementation 'rmw_fastrtps_cpp' as default
[0.638s] -- Looking for pthread.h
[0.693s] -- Looking for pthread.h - found
[0.693s] -- Performing Test CMAKE_HAVE_LIBC_PTHREAD
[0.749s] -- Performing Test CMAKE_HAVE_LIBC_PTHREAD - Success
[0.749s] -- Found Threads: TRUE  
[0.791s] -- Found rclcpp_action: 16.0.16 (/opt/ros/humble/share/rclcpp_action/cmake)
[0.814s] -- Found rclcpp_components: 16.0.16 (/opt/ros/humble/share/rclcpp_components/cmake)
[0.825s] -- Found realsense2_camera_msgs: 4.57.4 (/home/brace/codeSpace/navi/install/realsense2_camera_msgs/share/realsense2_camera_msgs/cmake)
[0.839s] -- Found std_srvs: 4.9.0 (/opt/ros/humble/share/std_srvs/cmake)
[0.846s] -- Found nav_msgs: 4.9.0 (/opt/ros/humble/share/nav_msgs/cmake)
[0.857s] -- Found tf2_ros: 0.25.17 (/opt/ros/humble/share/tf2_ros/cmake)
[0.879s] -- Found diagnostic_updater: 4.0.6 (/opt/ros/humble/share/diagnostic_updater/cmake)
[0.892s] -- Found OpenCV: /usr (found version "4.5.4") found components: core 
[0.899s] [33mCMake Warning at CMakeLists.txt:124 (find_package):
[0.899s]   Could not find a configuration file for package "realsense2" that is
[0.899s]   compatible with requested version "2.57.0".
[0.899s] 
[0.899s]   The following configuration files were considered but not accepted:
[0.899s] 
[0.899s]     /opt/ros/humble/lib/x86_64-linux-gnu/cmake/realsense2/realsense2Config.cmake, version: 2.56.4
[0.899s]     /usr/lib/x86_64-linux-gnu/cmake/realsense2/realsense2Config.cmake, version: 2.56.5
[0.899s]     /lib/x86_64-linux-gnu/cmake/realsense2/realsense2Config.cmake, version: 2.56.5
[0.900s] 
[0.900s] 
[0.900s] [0m
[0.900s] [31mCMake Error at CMakeLists.txt:129 (message):
[0.900s]   
[0.900s] 
[0.900s]   
[0.900s] 
[0.900s]    Intel RealSense SDK 2.0 is missing, please install it from https://github.com/IntelRealSense/librealsense/releases
[0.900s] 
[0.900s]   
[0.900s] 
[0.900s] 
[0.900s] [0m
[0.900s] -- Configuring incomplete, errors occurred!
[0.900s] See also "/home/brace/codeSpace/navi/build/realsense2_camera/CMakeFiles/CMakeOutput.log".
[0.907s] Invoked command in '/home/brace/codeSpace/navi/build/realsense2_camera' returned '1': AMENT_PREFIX_PATH=/home/brace/codeSpace/navi/install/realsense2_camera_msgs:${AMENT_PREFIX_PATH} CMAKE_PREFIX_PATH=/home/brace/codeSpace/navi/install/realsense2_camera_msgs:/opt/ros/humble LD_LIBRARY_PATH=/home/brace/codeSpace/navi/install/realsense2_camera_msgs/lib:${LD_LIBRARY_PATH} PYTHONPATH=/home/brace/codeSpace/navi/install/realsense2_camera_msgs/local/lib/python3.10/dist-packages:${PYTHONPATH} /usr/bin/cmake /home/brace/codeSpace/navi/src/realsense-ros/realsense2_camera -DCMAKE_INSTALL_PREFIX=/home/brace/codeSpace/navi/install/realsense2_camera
