[1.430s] Invoking command in '/home/brace/codeSpace/navi/build/realsense2_rviz_plugin': CMAKE_PREFIX_PATH=${CMAKE_PREFIX_PATH}:/home/brace/codeSpace/navi/install/rtabmap_python:/home/brace/codeSpace/navi/install/realsense2_ros_mqtt_bridge:/home/brace/codeSpace/navi/install/brace:/opt/ros/humble /usr/bin/cmake --build /home/brace/codeSpace/navi/build/realsense2_rviz_plugin -- -j16 -l16
[1.672s] Invoked command in '/home/brace/codeSpace/navi/build/realsense2_rviz_plugin' returned '0': CMAKE_PREFIX_PATH=${CMAKE_PREFIX_PATH}:/home/brace/codeSpace/navi/install/rtabmap_python:/home/brace/codeSpace/navi/install/realsense2_ros_mqtt_bridge:/home/brace/codeSpace/navi/install/brace:/opt/ros/humble /usr/bin/cmake --build /home/brace/codeSpace/navi/build/realsense2_rviz_plugin -- -j16 -l16
[1.685s] Invoking command in '/home/brace/codeSpace/navi/build/realsense2_rviz_plugin': CMAKE_PREFIX_PATH=${CMAKE_PREFIX_PATH}:/home/brace/codeSpace/navi/install/rtabmap_python:/home/brace/codeSpace/navi/install/realsense2_ros_mqtt_bridge:/home/brace/codeSpace/navi/install/brace:/opt/ros/humble /usr/bin/cmake --install /home/brace/codeSpace/navi/build/realsense2_rviz_plugin
[1.701s] -- Install configuration: ""
[1.701s] -- Up-to-date: /home/brace/codeSpace/navi/install/realsense2_rviz_plugin/share/realsense2_rviz_plugin/config/rviz_rgbd_plugin_settings.yaml
[1.702s] -- Up-to-date: /home/brace/codeSpace/navi/install/realsense2_rviz_plugin/share/ament_index/resource_index/package_run_dependencies/realsense2_rviz_plugin
[1.702s] -- Up-to-date: /home/brace/codeSpace/navi/install/realsense2_rviz_plugin/share/ament_index/resource_index/parent_prefix_path/realsense2_rviz_plugin
[1.702s] -- Up-to-date: /home/brace/codeSpace/navi/install/realsense2_rviz_plugin/share/realsense2_rviz_plugin/environment/ament_prefix_path.sh
[1.702s] -- Up-to-date: /home/brace/codeSpace/navi/install/realsense2_rviz_plugin/share/realsense2_rviz_plugin/environment/ament_prefix_path.dsv
[1.703s] -- Up-to-date: /home/brace/codeSpace/navi/install/realsense2_rviz_plugin/share/realsense2_rviz_plugin/environment/path.sh
[1.703s] -- Up-to-date: /home/brace/codeSpace/navi/install/realsense2_rviz_plugin/share/realsense2_rviz_plugin/environment/path.dsv
[1.718s] -- Up-to-date: /home/brace/codeSpace/navi/install/realsense2_rviz_plugin/share/realsense2_rviz_plugin/local_setup.bash
[1.719s] -- Up-to-date: /home/brace/codeSpace/navi/install/realsense2_rviz_plugin/share/realsense2_rviz_plugin/local_setup.sh
[1.719s] -- Up-to-date: /home/brace/codeSpace/navi/install/realsense2_rviz_plugin/share/realsense2_rviz_plugin/local_setup.zsh
[1.719s] -- Up-to-date: /home/brace/codeSpace/navi/install/realsense2_rviz_plugin/share/realsense2_rviz_plugin/local_setup.dsv
[1.719s] -- Installing: /home/brace/codeSpace/navi/install/realsense2_rviz_plugin/share/realsense2_rviz_plugin/package.dsv
[1.719s] -- Up-to-date: /home/brace/codeSpace/navi/install/realsense2_rviz_plugin/share/ament_index/resource_index/packages/realsense2_rviz_plugin
[1.719s] -- Up-to-date: /home/brace/codeSpace/navi/install/realsense2_rviz_plugin/share/realsense2_rviz_plugin/cmake/realsense2_rviz_pluginConfig.cmake
[1.719s] -- Up-to-date: /home/brace/codeSpace/navi/install/realsense2_rviz_plugin/share/realsense2_rviz_plugin/cmake/realsense2_rviz_pluginConfig-version.cmake
[1.719s] -- Up-to-date: /home/brace/codeSpace/navi/install/realsense2_rviz_plugin/share/realsense2_rviz_plugin/package.xml
[1.719s] Invoked command in '/home/brace/codeSpace/navi/build/realsense2_rviz_plugin' returned '0': CMAKE_PREFIX_PATH=${CMAKE_PREFIX_PATH}:/home/brace/codeSpace/navi/install/rtabmap_python:/home/brace/codeSpace/navi/install/realsense2_ros_mqtt_bridge:/home/brace/codeSpace/navi/install/brace:/opt/ros/humble /usr/bin/cmake --install /home/brace/codeSpace/navi/build/realsense2_rviz_plugin
