[0.009s] Invoking command in '/home/brace/codeSpace/navi/build/realsense2_rviz_plugin': AMENT_PREFIX_PATH=/home/brace/codeSpace/navi/install/realsense2_camera_msgs:${AMENT_PREFIX_PATH} CMAKE_PREFIX_PATH=/home/brace/codeSpace/navi/install/realsense2_camera_msgs:/opt/ros/humble LD_LIBRARY_PATH=/home/brace/codeSpace/navi/install/realsense2_camera_msgs/lib:${LD_LIBRARY_PATH} PYTHONPATH=/home/brace/codeSpace/navi/install/realsense2_camera_msgs/local/lib/python3.10/dist-packages:${PYTHONPATH} /usr/bin/cmake /home/brace/codeSpace/navi/src/realsense-ros/realsense2_rgbd_plugin -DCMAKE_INSTALL_PREFIX=/home/brace/codeSpace/navi/install/realsense2_rviz_plugin
[0.049s] -- The C compiler identification is GNU 11.4.0
[0.104s] -- The CXX compiler identification is GNU 11.4.0
[0.110s] -- Detecting C compiler ABI info
[0.158s] -- Detecting C compiler ABI info - done
[0.163s] -- Check for working C compiler: /usr/bin/cc - skipped
[0.163s] -- Detecting C compile features
[0.163s] -- Detecting C compile features - done
[0.167s] -- Detecting CXX compiler ABI info
[0.232s] -- Detecting CXX compiler ABI info - done
[0.237s] -- Check for working CXX compiler: /usr/bin/c++ - skipped
[0.237s] -- Detecting CXX compile features
[0.237s] -- Detecting CXX compile features - done
[0.239s] -- Found ament_cmake: 1.3.12 (/opt/ros/humble/share/ament_cmake/cmake)
[0.342s] -- Found Python3: /usr/bin/python3 (found version "3.10.12") found components: Interpreter 
[0.409s] -- RVIZ_RGBD_PLUGIN is DISABLED: Plugin will not be built.
[0.462s] -- Configuring done
[0.464s] -- Generating done
[0.464s] -- Build files have been written to: /home/brace/codeSpace/navi/build/realsense2_rviz_plugin
[0.467s] Invoked command in '/home/brace/codeSpace/navi/build/realsense2_rviz_plugin' returned '0': AMENT_PREFIX_PATH=/home/brace/codeSpace/navi/install/realsense2_camera_msgs:${AMENT_PREFIX_PATH} CMAKE_PREFIX_PATH=/home/brace/codeSpace/navi/install/realsense2_camera_msgs:/opt/ros/humble LD_LIBRARY_PATH=/home/brace/codeSpace/navi/install/realsense2_camera_msgs/lib:${LD_LIBRARY_PATH} PYTHONPATH=/home/brace/codeSpace/navi/install/realsense2_camera_msgs/local/lib/python3.10/dist-packages:${PYTHONPATH} /usr/bin/cmake /home/brace/codeSpace/navi/src/realsense-ros/realsense2_rgbd_plugin -DCMAKE_INSTALL_PREFIX=/home/brace/codeSpace/navi/install/realsense2_rviz_plugin
[0.469s] Invoking command in '/home/brace/codeSpace/navi/build/realsense2_rviz_plugin': AMENT_PREFIX_PATH=/home/brace/codeSpace/navi/install/realsense2_camera_msgs:${AMENT_PREFIX_PATH} CMAKE_PREFIX_PATH=/home/brace/codeSpace/navi/install/realsense2_camera_msgs:/opt/ros/humble LD_LIBRARY_PATH=/home/brace/codeSpace/navi/install/realsense2_camera_msgs/lib:${LD_LIBRARY_PATH} PYTHONPATH=/home/brace/codeSpace/navi/install/realsense2_camera_msgs/local/lib/python3.10/dist-packages:${PYTHONPATH} /usr/bin/cmake --build /home/brace/codeSpace/navi/build/realsense2_rviz_plugin -- -j16 -l16
[0.497s] Invoked command in '/home/brace/codeSpace/navi/build/realsense2_rviz_plugin' returned '0': AMENT_PREFIX_PATH=/home/brace/codeSpace/navi/install/realsense2_camera_msgs:${AMENT_PREFIX_PATH} CMAKE_PREFIX_PATH=/home/brace/codeSpace/navi/install/realsense2_camera_msgs:/opt/ros/humble LD_LIBRARY_PATH=/home/brace/codeSpace/navi/install/realsense2_camera_msgs/lib:${LD_LIBRARY_PATH} PYTHONPATH=/home/brace/codeSpace/navi/install/realsense2_camera_msgs/local/lib/python3.10/dist-packages:${PYTHONPATH} /usr/bin/cmake --build /home/brace/codeSpace/navi/build/realsense2_rviz_plugin -- -j16 -l16
[0.498s] Invoking command in '/home/brace/codeSpace/navi/build/realsense2_rviz_plugin': AMENT_PREFIX_PATH=/home/brace/codeSpace/navi/install/realsense2_camera_msgs:${AMENT_PREFIX_PATH} CMAKE_PREFIX_PATH=/home/brace/codeSpace/navi/install/realsense2_camera_msgs:/opt/ros/humble LD_LIBRARY_PATH=/home/brace/codeSpace/navi/install/realsense2_camera_msgs/lib:${LD_LIBRARY_PATH} PYTHONPATH=/home/brace/codeSpace/navi/install/realsense2_camera_msgs/local/lib/python3.10/dist-packages:${PYTHONPATH} /usr/bin/cmake --install /home/brace/codeSpace/navi/build/realsense2_rviz_plugin
[0.503s] -- Install configuration: ""
[0.503s] -- Installing: /home/brace/codeSpace/navi/install/realsense2_rviz_plugin/share/realsense2_rviz_plugin/config/rviz_rgbd_plugin_settings.yaml
[0.503s] -- Installing: /home/brace/codeSpace/navi/install/realsense2_rviz_plugin/share/ament_index/resource_index/package_run_dependencies/realsense2_rviz_plugin
[0.503s] -- Installing: /home/brace/codeSpace/navi/install/realsense2_rviz_plugin/share/ament_index/resource_index/parent_prefix_path/realsense2_rviz_plugin
[0.504s] -- Installing: /home/brace/codeSpace/navi/install/realsense2_rviz_plugin/share/realsense2_rviz_plugin/environment/ament_prefix_path.sh
[0.504s] -- Installing: /home/brace/codeSpace/navi/install/realsense2_rviz_plugin/share/realsense2_rviz_plugin/environment/ament_prefix_path.dsv
[0.504s] -- Installing: /home/brace/codeSpace/navi/install/realsense2_rviz_plugin/share/realsense2_rviz_plugin/environment/path.sh
[0.504s] -- Installing: /home/brace/codeSpace/navi/install/realsense2_rviz_plugin/share/realsense2_rviz_plugin/environment/path.dsv
[0.504s] -- Installing: /home/brace/codeSpace/navi/install/realsense2_rviz_plugin/share/realsense2_rviz_plugin/local_setup.bash
[0.504s] -- Installing: /home/brace/codeSpace/navi/install/realsense2_rviz_plugin/share/realsense2_rviz_plugin/local_setup.sh
[0.504s] -- Installing: /home/brace/codeSpace/navi/install/realsense2_rviz_plugin/share/realsense2_rviz_plugin/local_setup.zsh
[0.504s] -- Installing: /home/brace/codeSpace/navi/install/realsense2_rviz_plugin/share/realsense2_rviz_plugin/local_setup.dsv
[0.504s] -- Installing: /home/brace/codeSpace/navi/install/realsense2_rviz_plugin/share/realsense2_rviz_plugin/package.dsv
[0.504s] -- Installing: /home/brace/codeSpace/navi/install/realsense2_rviz_plugin/share/ament_index/resource_index/packages/realsense2_rviz_plugin
[0.504s] -- Installing: /home/brace/codeSpace/navi/install/realsense2_rviz_plugin/share/realsense2_rviz_plugin/cmake/realsense2_rviz_pluginConfig.cmake
[0.505s] -- Installing: /home/brace/codeSpace/navi/install/realsense2_rviz_plugin/share/realsense2_rviz_plugin/cmake/realsense2_rviz_pluginConfig-version.cmake
[0.505s] -- Installing: /home/brace/codeSpace/navi/install/realsense2_rviz_plugin/share/realsense2_rviz_plugin/package.xml
[0.506s] Invoked command in '/home/brace/codeSpace/navi/build/realsense2_rviz_plugin' returned '0': AMENT_PREFIX_PATH=/home/brace/codeSpace/navi/install/realsense2_camera_msgs:${AMENT_PREFIX_PATH} CMAKE_PREFIX_PATH=/home/brace/codeSpace/navi/install/realsense2_camera_msgs:/opt/ros/humble LD_LIBRARY_PATH=/home/brace/codeSpace/navi/install/realsense2_camera_msgs/lib:${LD_LIBRARY_PATH} PYTHONPATH=/home/brace/codeSpace/navi/install/realsense2_camera_msgs/local/lib/python3.10/dist-packages:${PYTHONPATH} /usr/bin/cmake --install /home/brace/codeSpace/navi/build/realsense2_rviz_plugin
