[1.607s] Invoking command in '/home/brace/codeSpace/navi/src/rtabmap_ros/rtabmap_python': PYTHONPATH=/home/brace/codeSpace/navi/build/rtabmap_python/prefix_override:/usr/lib/python3/dist-packages/colcon_core/task/python/colcon_distutils_commands:/home/brace/codeSpace/navi/install/rtabmap_python/lib/python3.10/site-packages:${PYTHONPATH} /usr/bin/python3 -W ignore:setup.py install is deprecated -W ignore:easy_install command is deprecated setup.py egg_info --egg-base ../../../build/rtabmap_python build --build-base /home/brace/codeSpace/navi/build/rtabmap_python/build install --record /home/brace/codeSpace/navi/build/rtabmap_python/install.log --single-version-externally-managed install_data
[2.032s] running egg_info
[2.034s] writing ../../../build/rtabmap_python/rtabmap_python.egg-info/PKG-INFO
[2.034s] writing dependency_links to ../../../build/rtabmap_python/rtabmap_python.egg-info/dependency_links.txt
[2.034s] writing entry points to ../../../build/rtabmap_python/rtabmap_python.egg-info/entry_points.txt
[2.035s] writing requirements to ../../../build/rtabmap_python/rtabmap_python.egg-info/requires.txt
[2.035s] writing top-level names to ../../../build/rtabmap_python/rtabmap_python.egg-info/top_level.txt
[2.039s] reading manifest file '../../../build/rtabmap_python/rtabmap_python.egg-info/SOURCES.txt'
[2.045s] writing manifest file '../../../build/rtabmap_python/rtabmap_python.egg-info/SOURCES.txt'
[2.046s] running build
[2.046s] running build_py
[2.047s] running install
[2.048s] running install_lib
[2.049s] running install_data
[2.049s] running install_egg_info
[2.052s] removing '/home/brace/codeSpace/navi/install/rtabmap_python/lib/python3.10/site-packages/rtabmap_python-0.1.0-py3.10.egg-info' (and everything under it)
[2.053s] Copying ../../../build/rtabmap_python/rtabmap_python.egg-info to /home/brace/codeSpace/navi/install/rtabmap_python/lib/python3.10/site-packages/rtabmap_python-0.1.0-py3.10.egg-info
[2.053s] running install_scripts
[2.094s] writing list of installed files to '/home/brace/codeSpace/navi/build/rtabmap_python/install.log'
[2.169s] Invoked command in '/home/brace/codeSpace/navi/src/rtabmap_ros/rtabmap_python' returned '0': PYTHONPATH=/home/brace/codeSpace/navi/build/rtabmap_python/prefix_override:/usr/lib/python3/dist-packages/colcon_core/task/python/colcon_distutils_commands:/home/brace/codeSpace/navi/install/rtabmap_python/lib/python3.10/site-packages:${PYTHONPATH} /usr/bin/python3 -W ignore:setup.py install is deprecated -W ignore:easy_install command is deprecated setup.py egg_info --egg-base ../../../build/rtabmap_python build --build-base /home/brace/codeSpace/navi/build/rtabmap_python/build install --record /home/brace/codeSpace/navi/build/rtabmap_python/install.log --single-version-externally-managed install_data
