[0.014s] Invoking command in '/home/brace/codeSpace/navi/build/rtabmap_util': AMENT_PREFIX_PATH=/home/brace/codeSpace/navi/install/rtabmap_conversions:/home/brace/codeSpace/navi/install/rtabmap_msgs:${AMENT_PREFIX_PATH} CMAKE_PREFIX_PATH=/home/brace/codeSpace/navi/install/rtabmap_conversions:/home/brace/codeSpace/navi/install/rtabmap_msgs:/home/brace/codeSpace/navi/install/rtabmap:/opt/ros/humble LD_LIBRARY_PATH=/home/brace/codeSpace/navi/install/rtabmap_conversions/lib:/home/brace/codeSpace/navi/install/rtabmap_msgs/lib:/home/brace/codeSpace/navi/install/rtabmap/lib:${LD_LIBRARY_PATH} PATH=/home/brace/codeSpace/navi/install/rtabmap/bin:${PATH} PKG_CONFIG_PATH=/home/brace/codeSpace/navi/install/rtabmap/lib/x86_64-linux-gnu/pkgconfig:/home/brace/codeSpace/navi/install/rtabmap/lib/pkgconfig PYTHONPATH=/home/brace/codeSpace/navi/install/rtabmap_msgs/local/lib/python3.10/dist-packages:${PYTHONPATH} /usr/bin/cmake --build /home/brace/codeSpace/navi/build/rtabmap_util -- -j16 -l16
[0.065s] [35m[1mConsolidate compiler generated dependencies of target rtabmap_util_plugins[0m
[0.131s] [  2%] [32mBuilding CXX object CMakeFiles/rtabmap_util_plugins.dir/src/MapsManager.cpp.o[0m
[5.998s] [01m[K/home/brace/codeSpace/navi/src/rtabmap_ros/rtabmap_util/src/MapsManager.cpp:[m[K In member function ‘[01m[Kvoid rtabmap_util::MapsManager::publishMaps(const std::map<int, rtabmap::Transform>&, const rclcpp::Time&, const string&)[m[K’:
[5.998s] [01m[K/home/brace/codeSpace/navi/src/rtabmap_ros/rtabmap_util/src/MapsManager.cpp:852:55:[m[K [01;31m[Kerror: [m[K‘[01m[Kclass rtabmap::FlannIndex[m[K’ has no member named ‘[01m[KbuildKDTreeSingleIndex[m[K’
[5.998s]   852 |                                 assembledGroundIndex_.[01;31m[KbuildKDTreeSingleIndex[m[K(tmpGroundPts, 15);
[5.998s]       |                                                       [01;31m[K^~~~~~~~~~~~~~~~~~~~~~[m[K
[5.998s] [01m[K/home/brace/codeSpace/navi/src/rtabmap_ros/rtabmap_util/src/MapsManager.cpp:856:57:[m[K [01;31m[Kerror: [m[K‘[01m[Kclass rtabmap::FlannIndex[m[K’ has no member named ‘[01m[KbuildKDTreeSingleIndex[m[K’
[5.998s]   856 |                                 assembledObstacleIndex_.[01;31m[KbuildKDTreeSingleIndex[m[K(tmpObstaclePts, 15);
[5.998s]       |                                                         [01;31m[K^~~~~~~~~~~~~~~~~~~~~~[m[K
[5.999s] [01m[K/home/brace/codeSpace/navi/src/rtabmap_ros/rtabmap_util/src/MapsManager.cpp:897:87:[m[K [01;31m[Kerror: [m[K‘[01m[Kclass rtabmap::FlannIndex[m[K’ has no member named ‘[01m[KbuildKDTreeSingleIndex[m[K’
[5.999s]   897 |                                                                 assembledGroundIndex_.[01;31m[KbuildKDTreeSingleIndex[m[K(pts, 15);
[5.999s]       |                                                                                       [01;31m[K^~~~~~~~~~~~~~~~~~~~~~[m[K
[6.005s] [01m[K/home/brace/codeSpace/navi/src/rtabmap_ros/rtabmap_util/src/MapsManager.cpp:944:89:[m[K [01;31m[Kerror: [m[K‘[01m[Kclass rtabmap::FlannIndex[m[K’ has no member named ‘[01m[KbuildKDTreeSingleIndex[m[K’
[6.005s]   944 |                                                                 assembledObstacleIndex_.[01;31m[KbuildKDTreeSingleIndex[m[K(pts, 15);
[6.005s]       |                                                                                         [01;31m[K^~~~~~~~~~~~~~~~~~~~~~[m[K
[7.620s] gmake[2]: *** [CMakeFiles/rtabmap_util_plugins.dir/build.make:76：CMakeFiles/rtabmap_util_plugins.dir/src/MapsManager.cpp.o] 错误 1
[7.620s] gmake[1]: *** [CMakeFiles/Makefile2:161：CMakeFiles/rtabmap_util_plugins.dir/all] 错误 2
[7.620s] gmake: *** [Makefile:146：all] 错误 2
[7.623s] Invoked command in '/home/brace/codeSpace/navi/build/rtabmap_util' returned '2': AMENT_PREFIX_PATH=/home/brace/codeSpace/navi/install/rtabmap_conversions:/home/brace/codeSpace/navi/install/rtabmap_msgs:${AMENT_PREFIX_PATH} CMAKE_PREFIX_PATH=/home/brace/codeSpace/navi/install/rtabmap_conversions:/home/brace/codeSpace/navi/install/rtabmap_msgs:/home/brace/codeSpace/navi/install/rtabmap:/opt/ros/humble LD_LIBRARY_PATH=/home/brace/codeSpace/navi/install/rtabmap_conversions/lib:/home/brace/codeSpace/navi/install/rtabmap_msgs/lib:/home/brace/codeSpace/navi/install/rtabmap/lib:${LD_LIBRARY_PATH} PATH=/home/brace/codeSpace/navi/install/rtabmap/bin:${PATH} PKG_CONFIG_PATH=/home/brace/codeSpace/navi/install/rtabmap/lib/x86_64-linux-gnu/pkgconfig:/home/brace/codeSpace/navi/install/rtabmap/lib/pkgconfig PYTHONPATH=/home/brace/codeSpace/navi/install/rtabmap_msgs/local/lib/python3.10/dist-packages:${PYTHONPATH} /usr/bin/cmake --build /home/brace/codeSpace/navi/build/rtabmap_util -- -j16 -l16
