[35m[1mConsolidate compiler generated dependencies of target rtabmap_util_plugins[0m
[ 36%] Built target rtabmap_util_plugins
[ 42%] [32m[1mLinking CXX executable rgbd_relay[0m
[ 42%] [32m[1mLinking CXX executable rgbd_split[0m
[ 44%] [32m[1mLinking CXX executable imu_to_tf[0m
[ 47%] [32m[1mLinking CXX executable disparity_to_depth[0m
[ 52%] [32m[1mLinking CXX executable map_assembler[0m
[ 52%] [32m[1mLinking CXX executable pointcloud_to_depthimage[0m
[ 55%] [32m[1mLinking CXX executable lidar_deskewing[0m
[ 57%] [32m[1mLinking CXX executable point_cloud_aggregator[0m
[ 60%] [32m[1mLinking CXX executable point_cloud_xyz[0m
[ 63%] [32m[1mLinking CXX executable obstacles_detection[0m
[ 65%] [32m[1mLinking CXX executable point_cloud_xyzrgb[0m
[ 68%] [32m[1mLinking CXX executable point_cloud_assembler[0m
[ 71%] Built target rtabmap_imu_to_tf
[ 73%] Built target rtabmap_disparity_to_depth
[ 76%] Built target rtabmap_rgbd_relay
[ 78%] Built target rtabmap_point_cloud_xyzrgb
[ 81%] Built target rtabmap_point_cloud_assembler
[ 84%] Built target rtabmap_pointcloud_to_depthimage
[ 86%] Built target rtabmap_point_cloud_xyz
[ 89%] Built target rtabmap_rgbd_split
[ 92%] Built target rtabmap_point_cloud_aggregator
[ 94%] Built target rtabmap_lidar_deskewing
[ 97%] Built target rtabmap_map_assembler
[100%] Built target rtabmap_obstacles_detection
