[0.024s] Invoking command in '/home/brace/codeSpace/navi/build/rtabmap_util': CMAKE_PREFIX_PATH=/home/brace/codeSpace/navi/install/rtabmap_conversions:/home/brace/codeSpace/navi/install/rtabmap_msgs:/home/brace/codeSpace/navi/install/rtabmap:/home/brace/codeSpace/navi/install/rtabmap_ros:/home/brace/codeSpace/navi/install/rtabmap_launch:/home/brace/codeSpace/navi/install/rtabmap_examples:/home/brace/codeSpace/navi/install/rtabmap_demos:/home/brace/codeSpace/navi/install/rtabmap_viz:/home/brace/codeSpace/navi/install/rtabmap_slam:/home/brace/codeSpace/navi/install/rtabmap_odom:/home/brace/codeSpace/navi/install/rtabmap_util:/home/brace/codeSpace/navi/install/rtabmap_sync:/home/brace/codeSpace/navi/install/rtabmap_rviz_plugins:/home/brace/codeSpace/navi/install/realsense2_rviz_plugin:/home/brace/codeSpace/navi/install/realsense2_description:/home/brace/codeSpace/navi/install/realsense2_camera_msgs:/home/brace/codeSpace/navi/install/rtabmap_python:/home/brace/codeSpace/navi/install/realsense2_ros_mqtt_bridge:/opt/ros/humble LD_LIBRARY_PATH=/home/brace/codeSpace/navi/install/rtabmap_conversions/lib:/home/brace/codeSpace/navi/install/rtabmap_msgs/lib:/home/brace/codeSpace/navi/install/rtabmap/lib:/home/brace/codeSpace/navi/install/rtabmap_slam/lib:/home/brace/codeSpace/navi/install/rtabmap_odom/lib:/home/brace/codeSpace/navi/install/rtabmap_util/lib:/home/brace/codeSpace/navi/install/rtabmap_sync/lib:/home/brace/codeSpace/navi/install/rtabmap_rviz_plugins/lib:/home/brace/codeSpace/navi/install/realsense2_camera_msgs/lib:/opt/ros/humble/opt/rviz_ogre_vendor/lib:/opt/ros/humble/lib/x86_64-linux-gnu:/opt/ros/humble/lib /usr/bin/cmake --build /home/brace/codeSpace/navi/build/rtabmap_util -- -j16 -l16
[0.092s] [35m[1mConsolidate compiler generated dependencies of target rtabmap_util_plugins[0m
[0.181s] [ 36%] Built target rtabmap_util_plugins
[0.214s] [ 42%] [32m[1mLinking CXX executable rgbd_relay[0m
[0.214s] [ 42%] [32m[1mLinking CXX executable rgbd_split[0m
[0.214s] [ 44%] [32m[1mLinking CXX executable imu_to_tf[0m
[0.220s] [ 47%] [32m[1mLinking CXX executable disparity_to_depth[0m
[0.220s] [ 52%] [32m[1mLinking CXX executable map_assembler[0m
[0.220s] [ 52%] [32m[1mLinking CXX executable pointcloud_to_depthimage[0m
[0.220s] [ 55%] [32m[1mLinking CXX executable lidar_deskewing[0m
[0.224s] [ 57%] [32m[1mLinking CXX executable point_cloud_aggregator[0m
[0.224s] [ 60%] [32m[1mLinking CXX executable point_cloud_xyz[0m
[0.236s] [ 63%] [32m[1mLinking CXX executable obstacles_detection[0m
[0.236s] [ 65%] [32m[1mLinking CXX executable point_cloud_xyzrgb[0m
[0.236s] [ 68%] [32m[1mLinking CXX executable point_cloud_assembler[0m
[4.079s] [ 71%] Built target rtabmap_imu_to_tf
[4.351s] [ 73%] Built target rtabmap_disparity_to_depth
[4.404s] [ 76%] Built target rtabmap_rgbd_relay
[4.498s] [ 78%] Built target rtabmap_point_cloud_xyzrgb
[4.533s] [ 81%] Built target rtabmap_point_cloud_assembler
[4.546s] [ 84%] Built target rtabmap_pointcloud_to_depthimage
[4.597s] [ 86%] Built target rtabmap_point_cloud_xyz
[4.659s] [ 89%] Built target rtabmap_rgbd_split
[4.667s] [ 92%] Built target rtabmap_point_cloud_aggregator
[4.725s] [ 94%] Built target rtabmap_lidar_deskewing
[5.119s] [ 97%] Built target rtabmap_map_assembler
[5.317s] [100%] Built target rtabmap_obstacles_detection
