[0.016s] Invoking command in '/home/brace/codeSpace/navi/build/rtabmap': CMAKE_PREFIX_PATH=/opt/ros/humble /usr/bin/cmake /home/brace/codeSpace/navi/src/rtabmap -DCMAKE_INSTALL_PREFIX=/home/brace/codeSpace/navi/install/rtabmap
[0.172s] -- MOBILE_BUILD=OFF
[0.172s] -- Eigen found (include: /usr/include/eigen3, version: 3.4.0)
[0.172s] -- OpenNI found (version: 1.5.4.0, include: /usr/include/ni, lib: /usr/lib/libOpenNI.so;libusb::libusb)
[0.276s] -- Eigen found (include: /usr/include/eigen3, version: 3.4.0)
[0.292s] -- FLANN found (include: /usr/include, lib: /usr/lib/x86_64-linux-gnu/libflann_cpp.so)
[0.293s] -- Found Qhull version 8.0.2
[0.604s] -- OpenNI found (version: 1.5.4.0, include: /usr/include/ni, lib: /usr/lib/libOpenNI.so;libusb::libusb)
[0.713s] -- PCL definitions don't contain "-march=native", make sure all libraries using Eigen are also compiled without that flag to avoid some segmentation faults (with gdb referring to some Eigen functions).
[0.716s] -- Found SQLite3: /usr/include /usr/lib/x86_64-linux-gnu/libsqlite3.so
[0.719s] -- Found OpenMP: /usr/lib/gcc/x86_64-linux-gnu/11/libgomp.so;/usr/lib/x86_64-linux-gnu/libpthread.a
[0.719s] -- Add PCL_OMP to definitions
[0.719s] -- Found OpenCV: /usr/include/opencv4
[0.719s] -- Found PCL: /usr/include/pcl-1.12;/usr/include/eigen3;/usr/include;/usr/include/ni
[0.719s] -- Found ZLIB: /usr/include
[0.732s] -- Found OpenGL: /usr/lib/x86_64-linux-gnu/libOpenGL.so  found components: OpenGL GLX 
[1.016s] -- Found Eigen3: /usr/include/eigen3 (found version "3.4.0") 
[1.079s] -- VTK>=9 detected, will use VTK_QT_VERSION=5 for Qt version.
[1.082s] -- VTK_RENDERING_BACKEND=
[1.106s] -- Found OpenNI2: /usr/include/openni2
[1.106s] -- Found DC1394: /usr/include/dc1394
[1.108s] -- Found Eigen3: /usr/include/eigen3 (Required is at least version "3.0.0") 
[1.110s] -- Found OpenGL: /usr/lib/x86_64-linux-gnu/libOpenGL.so   
[1.113s] -- Found g2o (targets)
[1.113s] -- g2o include dir: /opt/ros/humble/include
[1.113s] -- Latest g2o factory version detected with shared ptr (factory file: /opt/ros/humble/include/g2o/core/factory.h).
[1.129s] -- GTSAM include directory:  /opt/ros/humble/lib/cmake/GTSAM/../../../include
[1.135s] -- FlyCapture2_INCLUDE_DIR=FlyCapture2_INCLUDE_DIR-NOTFOUND
[1.135s] -- FlyCapture2_LIBRARY=FlyCapture2_LIBRARY-NOTFOUND
[1.135s] -- Triclops_INCLUDE_DIR=Triclops_INCLUDE_DIR-NOTFOUND
[1.135s] -- Triclops_LIBRARY=Triclops_LIBRARY-NOTFOUND
[1.135s] -- FlyCaptureBridge_LIBRARY=FlyCaptureBridge_LIBRARY-NOTFOUND
[1.141s] -- Found Boost: /usr/lib/x86_64-linux-gnu/cmake/Boost-1.74.0/BoostConfig.cmake (found version "1.74.0") found components: thread filesystem system program_options date_time 
[1.145s] -- Found Boost: /usr/lib/x86_64-linux-gnu/cmake/Boost-1.74.0/BoostConfig.cmake (found version "1.74.0") found components: thread filesystem system program_options date_time chrono 
[1.147s] -- Found libpointmatcher: /opt/ros/humble/include;/usr/include/eigen3
[1.150s] -- Found Boost: /usr/lib/x86_64-linux-gnu/cmake/Boost-1.74.0/BoostConfig.cmake (found version "1.74.0") found components: thread filesystem program_options date_time 
[1.155s] -- Found Boost: /usr/lib/x86_64-linux-gnu/cmake/Boost-1.74.0/BoostConfig.cmake (found version "1.74.0") found components: thread filesystem system program_options date_time chrono timer serialization 
[1.165s] -- Found RealSense2: 
[1.171s] -- Found octomap 1.9.7: /usr/include
[1.174s] -- Architecture: x86_64
[1.186s] -- Found Pthreads
[1.228s] -- --------------------------------------------
[1.229s] -- Info :
[1.229s] --   RTAB-Map Version =     0.23.4
[1.229s] --   CMAKE_VERSION =        3.22.1
[1.229s] --   CMAKE_INSTALL_PREFIX = /home/brace/codeSpace/navi/install/rtabmap
[1.229s] --   CMAKE_BUILD_TYPE =     Release
[1.229s] --   CMAKE_INSTALL_LIBDIR = lib
[1.229s] --   BUILD_APP =            ON
[1.229s] --   BUILD_TOOLS =          ON
[1.229s] --   BUILD_EXAMPLES =       ON
[1.229s] --   BUILD_SHARED_LIBS =    ON
[1.229s] --   CMAKE_CXX_FLAGS =  -fmessage-length=0 -fopenmp -std=c++17
[1.229s] --   FLANN_KDTREE_MEM_OPT = OFF
[1.229s] --   PCL_DEFINITIONS = -DDISABLE_OPENNI2;-DDISABLE_PCAP;-DDISABLE_PNG
[1.229s] --   PCL_VERSION = 1.12.1
[1.229s] -- 
[1.229s] -- Optional dependencies ('*' affects some default parameters) :
[1.229s] --  *With OpenCV 4.5.4 xfeatures2d = NO, nonfree = NO (License: Apache 2)
[1.229s] --   With Qt 5.15.3            = YES (License: Open Source or Commercial)
[1.229s] --   With VTK 9.1              = YES (License: BSD)
[1.229s] --   With external SQLite3     = YES (License: Public Domain)
[1.229s] --   With ORB OcTree           = YES (License: GPLv3)
[1.229s] --   With SuperPoint           = NO (WITH_TORCH=OFF)
[1.229s] --   With Superpoint Rpautrat  = NO (WITH_TORCH=OFF)
[1.229s] --   With Python3              = NO (WITH_PYTHON=OFF)
[1.229s] --   With Madgwick             = YES (License: GPL)
[1.230s] --   With FastCV               = NO (FastCV not found)
[1.230s] --   With PDAL                 = NO (PDAL not found)
[1.230s] --   With libLAS               = NO (WITH_LIBLAS=OFF)
[1.230s] --   With CudaSift             = NO (WITH_CUDASIFT=OFF)
[1.230s] -- 
[1.230s] --  Solvers:
[1.230s] --   With TORO                 = YES (License: Creative Commons [Attribution-NonCommercial-ShareAlike])
[1.230s] --  *With g2o 1.0.0            = YES (License: BSD)
[1.230s] --  *With GTSAM 4.2.0          = YES (License: BSD)
[1.230s] --  *With Ceres                = NO (WITH_CERES=OFF)
[1.230s] --   With MRPT                 = NO (MRPT not found)
[1.230s] --   With VERTIGO              = YES (License: GPLv3)
[1.230s] --   With cvsba                = NO (WITH_CVSBA=OFF)
[1.230s] --  *With libpointmatcher 1.3.1 = YES (License: BSD)
[1.230s] --   With CCCoreLib            = NO (WITH_CCCORELIB=OFF)
[1.230s] --   With Open3D               = NO (WITH_OPEN3D=OFF)
[1.230s] --   With OpenGV               = NO (OpenGV not found)
[1.230s] -- 
[1.230s] --  Reconstruction Approaches:
[1.230s] --   With OctoMap 1.9.7        = YES (License: BSD)
[1.230s] --   With GridMap              = NO (WITH_GRIDMAP=OFF)
[1.230s] --   With CPUTSDF              = NO (WITH_CPUTSDF=OFF)
[1.230s] --   With OpenChisel           = NO (WITH_OPENCHISEL=OFF)
[1.230s] --   With AliceVision          = NO (WITH_ALICE_VISION=OFF)
[1.230s] -- 
[1.230s] --  Camera Drivers:
[1.230s] --   With Freenect             = NO (libfreenect not found)
[1.230s] --   With OpenNI               = YES (License: Apache v2)
[1.230s] --   With OpenNI2              = YES (License: Apache v2)
[1.230s] --   With Freenect2            = NO (libfreenect2 not found)
[1.230s] --   With Kinect for Windows 2 = NO (Kinect for Windows 2 SDK not found)
[1.230s] --   With Kinect for Azure     = NO (Kinect for Azure SDK not found)
[1.230s] --   With dc1394               = YES (License: LGPL)
[1.230s] --   With FlyCapture2/Triclops = NO (Point Grey SDK not found)
[1.230s] --   With ZED                  = NO (ZED sdk and/or cuda not found)
[1.230s] --   With ZEDOC                = NO (ZED Open Capture not found)
[1.231s] --   With RealSense            = NO (librealsense not found)
[1.231s] --   With RealSense2 2.56.4    = YES (License: Apache-2)
[1.231s] --   With MyntEyeS             = NO (mynteye s sdk not found)
[1.231s] --   With DepthAI              = NO (WITH_DEPTHAI=OFF)
[1.231s] --   With XVisio SDK           = NO (WITH_XVSDK=OFF)
[1.231s] --   With Orbbec SDK           = NO (WITH_ORBBEC_SDK=OFF)
[1.231s] -- 
[1.231s] --  Odometry Approaches:
[1.231s] --   With loam_velodyne        = NO (WITH_LOAM=OFF)
[1.231s] --   With floam                = NO (WITH_FLOAM=OFF)
[1.231s] --   With libfovis             = NO (WITH_FOVIS=OFF)
[1.231s] --   With libviso2             = NO (WITH_VISO2=OFF)
[1.231s] --   With dvo_core             = NO (WITH_DVO=OFF)
[1.231s] --   With okvis                = NO (WITH_OKVIS=OFF)
[1.231s] --   With msckf_vio            = NO (WITH_MSCKF_VIO=OFF)
[1.231s] --   With VINS-Fusion          = NO (WITH_VINS_FUSION=OFF)
[1.231s] --   With OpenVINS             = NO (WITH_OPENVINS=OFF)
[1.231s] --   With ORB_SLAM             = NO (WITH_ORB_SLAM=OFF)
[1.231s] --   With cuVSLAM              = NO (WITH_CUVSLAM=OFF)
[1.231s] -- Show all options with: cmake -LA | grep WITH_
[1.231s] -- --------------------------------------------
[1.231s] -- Configuring done
[1.623s] -- Generating done
[1.681s] -- Build files have been written to: /home/brace/codeSpace/navi/build/rtabmap
[1.702s] Invoked command in '/home/brace/codeSpace/navi/build/rtabmap' returned '0': CMAKE_PREFIX_PATH=/opt/ros/humble /usr/bin/cmake /home/brace/codeSpace/navi/src/rtabmap -DCMAKE_INSTALL_PREFIX=/home/brace/codeSpace/navi/install/rtabmap
[1.703s] Invoking command in '/home/brace/codeSpace/navi/build/rtabmap': CMAKE_PREFIX_PATH=/opt/ros/humble /usr/bin/cmake --build /home/brace/codeSpace/navi/build/rtabmap -- -j16 -l16
[1.743s] [35m[1mConsolidate compiler generated dependencies of target rtabmap_utilite[0m
[1.756s] [  5%] Built target rtabmap_utilite
[1.767s] [35m[1mConsolidate compiler generated dependencies of target res_tool[0m
[1.780s] [  6%] Built target res_tool
[1.860s] [35m[1mConsolidate compiler generated dependencies of target rtabmap_core[0m
[2.056s] [ 57%] Built target rtabmap_core
[2.066s] [35m[1mConsolidate compiler generated dependencies of target imagesJoiner[0m
[2.067s] [35m[1mConsolidate compiler generated dependencies of target recovery[0m
[2.067s] [35m[1mConsolidate compiler generated dependencies of target kitti_dataset[0m
[2.067s] [35m[1mConsolidate compiler generated dependencies of target extractObject[0m
[2.068s] [35m[1mConsolidate compiler generated dependencies of target rgbd_dataset[0m
[2.069s] [35m[1mConsolidate compiler generated dependencies of target reprocess[0m
[2.070s] [35m[1mConsolidate compiler generated dependencies of target consoleApp[0m
[2.070s] [35m[1mConsolidate compiler generated dependencies of target stereoEval[0m
[2.070s] [35m[1mConsolidate compiler generated dependencies of target detectMoreLoopClosures[0m
[2.071s] [35m[1mConsolidate compiler generated dependencies of target export[0m
[2.071s] [35m[1mConsolidate compiler generated dependencies of target euroc_dataset[0m
[2.074s] [35m[1mConsolidate compiler generated dependencies of target info[0m
[2.074s] [35m[1mConsolidate compiler generated dependencies of target globalBundleAdjustment[0m
[2.075s] [35m[1mConsolidate compiler generated dependencies of target cleanupLocalGrids[0m
[2.075s] [35m[1mConsolidate compiler generated dependencies of target camera[0m
[2.075s] [ 57%] [34m[1mAutomatic MOC and UIC for target rtabmap_gui[0m
[2.079s] [ 57%] Built target recovery
[2.083s] [ 57%] Built target imagesJoiner
[2.094s] [ 60%] Built target consoleApp
[2.094s] [ 60%] Built target detectMoreLoopClosures
[2.094s] [ 60%] Built target rgbd_dataset
[2.094s] [ 60%] Built target reprocess
[2.094s] [ 62%] Built target stereoEval
[2.094s] [ 62%] Built target kitti_dataset
[2.094s] [ 62%] Built target euroc_dataset
[2.094s] [ 63%] Built target info
[2.094s] [ 64%] Built target camera
[2.094s] [ 65%] Built target globalBundleAdjustment
[2.096s] [ 66%] Built target export
[2.097s] [ 67%] Built target cleanupLocalGrids
[2.098s] [ 68%] Built target extractObject
[2.098s] [35m[1mConsolidate compiler generated dependencies of target lidar_viewer[0m
[2.110s] [ 68%] Built target rtabmap_gui_autogen
[2.118s] [ 68%] Built target lidar_viewer
[2.145s] [35m[1mConsolidate compiler generated dependencies of target rtabmap_gui[0m
[2.235s] [ 84%] Built target rtabmap_gui
[2.246s] [35m[1mConsolidate compiler generated dependencies of target odometryViewer[0m
[2.247s] [35m[1mConsolidate compiler generated dependencies of target rgbd_camera[0m
[2.247s] [35m[1mConsolidate compiler generated dependencies of target rtabmap_app[0m
[2.247s] [35m[1mConsolidate compiler generated dependencies of target bow_mapping[0m
[2.247s] [35m[1mConsolidate compiler generated dependencies of target matcher[0m
[2.247s] [35m[1mConsolidate compiler generated dependencies of target epipolar_geometry[0m
[2.247s] [35m[1mConsolidate compiler generated dependencies of target databaseViewer[0m
[2.248s] [35m[1mConsolidate compiler generated dependencies of target report[0m
[2.249s] [35m[1mConsolidate compiler generated dependencies of target dataRecorder[0m
[2.249s] [35m[1mConsolidate compiler generated dependencies of target calibration[0m
[2.253s] [ 87%] [34m[1mAutomatic MOC and UIC for target lidar_mapping[0m
[2.253s] [ 87%] [34m[1mAutomatic MOC and UIC for target noEventsExample[0m
[2.253s] [ 87%] [34m[1mAutomatic MOC and UIC for target wifi_mapping[0m
[2.254s] [ 88%] [34m[1mAutomatic MOC and UIC for target rgbd_mapping[0m
[2.266s] [ 88%] Built target bow_mapping
[2.267s] [ 89%] Built target epipolar_geometry
[2.269s] [ 90%] Built target report
[2.270s] [ 90%] Built target noEventsExample_autogen
[2.270s] [ 91%] Built target matcher
[2.270s] [ 92%] Built target databaseViewer
[2.270s] [ 93%] Built target odometryViewer
[2.271s] [ 93%] Built target lidar_mapping_autogen
[2.271s] [ 93%] Built target rgbd_camera
[2.271s] [ 94%] Built target rtabmap_app
[2.272s] [ 94%] Built target wifi_mapping_autogen
[2.272s] [ 94%] Built target rgbd_mapping_autogen
[2.273s] [ 95%] Built target dataRecorder
[2.273s] [ 96%] Built target calibration
[2.278s] [35m[1mConsolidate compiler generated dependencies of target noEventsExample[0m
[2.282s] [35m[1mConsolidate compiler generated dependencies of target wifi_mapping[0m
[2.282s] [35m[1mConsolidate compiler generated dependencies of target lidar_mapping[0m
[2.284s] [35m[1mConsolidate compiler generated dependencies of target rgbd_mapping[0m
[2.303s] [ 98%] Built target lidar_mapping
[2.303s] [ 98%] Built target wifi_mapping
[2.303s] [ 99%] Built target noEventsExample
[2.311s] [100%] Built target rgbd_mapping
[2.319s] Invoked command in '/home/brace/codeSpace/navi/build/rtabmap' returned '0': CMAKE_PREFIX_PATH=/opt/ros/humble /usr/bin/cmake --build /home/brace/codeSpace/navi/build/rtabmap -- -j16 -l16
[2.321s] Invoking command in '/home/brace/codeSpace/navi/build/rtabmap': CMAKE_PREFIX_PATH=/opt/ros/humble /usr/bin/cmake --install /home/brace/codeSpace/navi/build/rtabmap
[2.328s] -- Install configuration: "Release"
[2.328s] -- Up-to-date: /home/brace/codeSpace/navi/install/rtabmap/lib/librtabmap_utilite.so.0.23.4
[2.328s] -- Up-to-date: /home/brace/codeSpace/navi/install/rtabmap/lib/librtabmap_utilite.so.0.23
[2.328s] -- Up-to-date: /home/brace/codeSpace/navi/install/rtabmap/lib/librtabmap_utilite.so
[2.328s] -- Up-to-date: /home/brace/codeSpace/navi/install/rtabmap/include/rtabmap-0.23/rtabmap
[2.328s] -- Up-to-date: /home/brace/codeSpace/navi/install/rtabmap/include/rtabmap-0.23/rtabmap/utilite
[2.329s] -- Up-to-date: /home/brace/codeSpace/navi/install/rtabmap/include/rtabmap-0.23/rtabmap/utilite/Posix
[2.329s] -- Up-to-date: /home/brace/codeSpace/navi/install/rtabmap/include/rtabmap-0.23/rtabmap/utilite/Posix/UThreadC.h
[2.329s] -- Up-to-date: /home/brace/codeSpace/navi/install/rtabmap/include/rtabmap-0.23/rtabmap/utilite/UtiLite.h
[2.329s] -- Up-to-date: /home/brace/codeSpace/navi/install/rtabmap/include/rtabmap-0.23/rtabmap/utilite/USemaphore.h
[2.329s] -- Up-to-date: /home/brace/codeSpace/navi/install/rtabmap/include/rtabmap-0.23/rtabmap/utilite/Win32
[2.329s] -- Up-to-date: /home/brace/codeSpace/navi/install/rtabmap/include/rtabmap-0.23/rtabmap/utilite/Win32/UWin32.h
[2.329s] -- Up-to-date: /home/brace/codeSpace/navi/install/rtabmap/include/rtabmap-0.23/rtabmap/utilite/Win32/UThreadC.h
[2.329s] -- Up-to-date: /home/brace/codeSpace/navi/install/rtabmap/include/rtabmap-0.23/rtabmap/utilite/UException.h
[2.329s] -- Up-to-date: /home/brace/codeSpace/navi/install/rtabmap/include/rtabmap-0.23/rtabmap/utilite/UEventsSender.h
[2.329s] -- Up-to-date: /home/brace/codeSpace/navi/install/rtabmap/include/rtabmap-0.23/rtabmap/utilite/UTimer.h
[2.330s] -- Up-to-date: /home/brace/codeSpace/navi/install/rtabmap/include/rtabmap-0.23/rtabmap/utilite/UMutex.h
[2.330s] -- Up-to-date: /home/brace/codeSpace/navi/install/rtabmap/include/rtabmap-0.23/rtabmap/utilite/UVariant.h
[2.330s] -- Up-to-date: /home/brace/codeSpace/navi/install/rtabmap/include/rtabmap-0.23/rtabmap/utilite/ULogger.h
[2.330s] -- Up-to-date: /home/brace/codeSpace/navi/install/rtabmap/include/rtabmap-0.23/rtabmap/utilite/UDirectory.h
[2.330s] -- Up-to-date: /home/brace/codeSpace/navi/install/rtabmap/include/rtabmap-0.23/rtabmap/utilite/UStl.h
[2.330s] -- Up-to-date: /home/brace/codeSpace/navi/install/rtabmap/include/rtabmap-0.23/rtabmap/utilite/UConversion.h
[2.330s] -- Up-to-date: /home/brace/codeSpace/navi/install/rtabmap/include/rtabmap-0.23/rtabmap/utilite/UEventsManager.h
[2.331s] -- Up-to-date: /home/brace/codeSpace/navi/install/rtabmap/include/rtabmap-0.23/rtabmap/utilite/UEvent.h
[2.331s] -- Up-to-date: /home/brace/codeSpace/navi/install/rtabmap/include/rtabmap-0.23/rtabmap/utilite/UProcessInfo.h
[2.331s] -- Up-to-date: /home/brace/codeSpace/navi/install/rtabmap/include/rtabmap-0.23/rtabmap/utilite/UFile.h
[2.331s] -- Up-to-date: /home/brace/codeSpace/navi/install/rtabmap/include/rtabmap-0.23/rtabmap/utilite/UThread.h
[2.331s] -- Up-to-date: /home/brace/codeSpace/navi/install/rtabmap/include/rtabmap-0.23/rtabmap/utilite/UMath.h
[2.331s] -- Up-to-date: /home/brace/codeSpace/navi/install/rtabmap/include/rtabmap-0.23/rtabmap/utilite/UThreadC.h
[2.331s] -- Up-to-date: /home/brace/codeSpace/navi/install/rtabmap/include/rtabmap-0.23/rtabmap/utilite/UThreadNode.h
[2.331s] -- Up-to-date: /home/brace/codeSpace/navi/install/rtabmap/include/rtabmap-0.23/rtabmap/utilite/UDestroyer.h
[2.331s] -- Up-to-date: /home/brace/codeSpace/navi/install/rtabmap/include/rtabmap-0.23/rtabmap/utilite/UEventsHandler.h
[2.332s] -- Up-to-date: /home/brace/codeSpace/navi/install/rtabmap/include/rtabmap-0.23/rtabmap/utilite/UObjDeletionThread.h
[2.332s] -- Up-to-date: /home/brace/codeSpace/navi/install/rtabmap/include/rtabmap-0.23/rtabmap
[2.332s] -- Up-to-date: /home/brace/codeSpace/navi/install/rtabmap/include/rtabmap-0.23/rtabmap/utilite
[2.332s] -- Up-to-date: /home/brace/codeSpace/navi/install/rtabmap/include/rtabmap-0.23/rtabmap/utilite/utilite_export.h
[2.332s] -- Up-to-date: /home/brace/codeSpace/navi/install/rtabmap/lib/rtabmap-0.23/RTABMap_utiliteTargets.cmake
[2.332s] -- Up-to-date: /home/brace/codeSpace/navi/install/rtabmap/lib/rtabmap-0.23/RTABMap_utiliteTargets-release.cmake
[2.332s] -- Up-to-date: /home/brace/codeSpace/navi/install/rtabmap/bin/rtabmap-res_tool-0.3.0
[2.332s] -- Up-to-date: /home/brace/codeSpace/navi/install/rtabmap/bin/rtabmap-res_tool
[2.332s] -- Up-to-date: /home/brace/codeSpace/navi/install/rtabmap/lib/librtabmap_core.so.0.23.4
[2.332s] -- Up-to-date: /home/brace/codeSpace/navi/install/rtabmap/lib/librtabmap_core.so.0.23
[2.333s] -- Up-to-date: /home/brace/codeSpace/navi/install/rtabmap/lib/librtabmap_core.so
[2.333s] -- Up-to-date: /home/brace/codeSpace/navi/install/rtabmap/include/rtabmap-0.23/rtabmap
[2.333s] -- Up-to-date: /home/brace/codeSpace/navi/install/rtabmap/include/rtabmap-0.23/rtabmap/core
[2.333s] -- Up-to-date: /home/brace/codeSpace/navi/install/rtabmap/include/rtabmap-0.23/rtabmap/core/GlobalDescriptorExtractor.h
[2.333s] -- Up-to-date: /home/brace/codeSpace/navi/install/rtabmap/include/rtabmap-0.23/rtabmap/core/RegistrationInfo.h
[2.333s] -- Up-to-date: /home/brace/codeSpace/navi/install/rtabmap/include/rtabmap-0.23/rtabmap/core/ProgressState.h
[2.333s] -- Up-to-date: /home/brace/codeSpace/navi/install/rtabmap/include/rtabmap-0.23/rtabmap/core/Optimizer.h
[2.333s] -- Up-to-date: /home/brace/codeSpace/navi/install/rtabmap/include/rtabmap-0.23/rtabmap/core/util3d_registration.h
[2.333s] -- Up-to-date: /home/brace/codeSpace/navi/install/rtabmap/include/rtabmap-0.23/rtabmap/core/global_map
[2.333s] -- Up-to-date: /home/brace/codeSpace/navi/install/rtabmap/include/rtabmap-0.23/rtabmap/core/global_map/OctoMap.h
[2.333s] -- Up-to-date: /home/brace/codeSpace/navi/install/rtabmap/include/rtabmap-0.23/rtabmap/core/global_map/OccupancyGrid.h
[2.334s] -- Up-to-date: /home/brace/codeSpace/navi/install/rtabmap/include/rtabmap-0.23/rtabmap/core/global_map/CloudMap.h
[2.334s] -- Up-to-date: /home/brace/codeSpace/navi/install/rtabmap/include/rtabmap-0.23/rtabmap/core/global_map/GridMap.h
[2.334s] -- Up-to-date: /home/brace/codeSpace/navi/install/rtabmap/include/rtabmap-0.23/rtabmap/core/util3d_filtering.h
[2.334s] -- Up-to-date: /home/brace/codeSpace/navi/install/rtabmap/include/rtabmap-0.23/rtabmap/core/Signature.h
[2.334s] -- Up-to-date: /home/brace/codeSpace/navi/install/rtabmap/include/rtabmap-0.23/rtabmap/core/RtabmapEvent.h
[2.334s] -- Up-to-date: /home/brace/codeSpace/navi/install/rtabmap/include/rtabmap-0.23/rtabmap/core/LaserScan.h
[2.334s] -- Up-to-date: /home/brace/codeSpace/navi/install/rtabmap/include/rtabmap-0.23/rtabmap/core/DBDriverSqlite3.h
[2.334s] -- Up-to-date: /home/brace/codeSpace/navi/install/rtabmap/include/rtabmap-0.23/rtabmap/core/SensorEvent.h
[2.334s] -- Up-to-date: /home/brace/codeSpace/navi/install/rtabmap/include/rtabmap-0.23/rtabmap/core/Features2d.h
[2.334s] -- Up-to-date: /home/brace/codeSpace/navi/install/rtabmap/include/rtabmap-0.23/rtabmap/core/EpipolarGeometry.h
[2.334s] -- Up-to-date: /home/brace/codeSpace/navi/install/rtabmap/include/rtabmap-0.23/rtabmap/core/IMUThread.h
[2.334s] -- Up-to-date: /home/brace/codeSpace/navi/install/rtabmap/include/rtabmap-0.23/rtabmap/core/IMUFilter.h
[2.335s] -- Up-to-date: /home/brace/codeSpace/navi/install/rtabmap/include/rtabmap-0.23/rtabmap/core/LocalGridMaker.h
[2.335s] -- Up-to-date: /home/brace/codeSpace/navi/install/rtabmap/include/rtabmap-0.23/rtabmap/core/OctoMap.h
[2.335s] -- Up-to-date: /home/brace/codeSpace/navi/install/rtabmap/include/rtabmap-0.23/rtabmap/core/Camera.h
[2.335s] -- Up-to-date: /home/brace/codeSpace/navi/install/rtabmap/include/rtabmap-0.23/rtabmap/core/Landmark.h
[2.335s] -- Up-to-date: /home/brace/codeSpace/navi/install/rtabmap/include/rtabmap-0.23/rtabmap/core/CameraModel.h
[2.335s] -- Up-to-date: /home/brace/codeSpace/navi/install/rtabmap/include/rtabmap-0.23/rtabmap/core/util3d_correspondences.h
[2.335s] -- Up-to-date: /home/brace/codeSpace/navi/install/rtabmap/include/rtabmap-0.23/rtabmap/core/Memory.h
[2.335s] -- Up-to-date: /home/brace/codeSpace/navi/install/rtabmap/include/rtabmap-0.23/rtabmap/core/Statistics.h
[2.335s] -- Up-to-date: /home/brace/codeSpace/navi/install/rtabmap/include/rtabmap-0.23/rtabmap/core/CameraInfo.h
[2.335s] -- Up-to-date: /home/brace/codeSpace/navi/install/rtabmap/include/rtabmap-0.23/rtabmap/core/clams
[2.335s] -- Up-to-date: /home/brace/codeSpace/navi/install/rtabmap/include/rtabmap-0.23/rtabmap/core/clams/discrete_depth_distortion_model.h
[2.335s] -- Up-to-date: /home/brace/codeSpace/navi/install/rtabmap/include/rtabmap-0.23/rtabmap/core/clams/frame_projector.h
[2.335s] -- Up-to-date: /home/brace/codeSpace/navi/install/rtabmap/include/rtabmap-0.23/rtabmap/core/clams/slam_calibrator.h
[2.335s] -- Up-to-date: /home/brace/codeSpace/navi/install/rtabmap/include/rtabmap-0.23/rtabmap/core/CameraRGBD.h
[2.335s] -- Up-to-date: /home/brace/codeSpace/navi/install/rtabmap/include/rtabmap-0.23/rtabmap/core/OdometryInfo.h
[2.335s] -- Up-to-date: /home/brace/codeSpace/navi/install/rtabmap/include/rtabmap-0.23/rtabmap/core/SensorData.h
[2.336s] -- Up-to-date: /home/brace/codeSpace/navi/install/rtabmap/include/rtabmap-0.23/rtabmap/core/stereo
[2.336s] -- Up-to-date: /home/brace/codeSpace/navi/install/rtabmap/include/rtabmap-0.23/rtabmap/core/stereo/StereoBM.h
[2.336s] -- Up-to-date: /home/brace/codeSpace/navi/install/rtabmap/include/rtabmap-0.23/rtabmap/core/stereo/stereoRectifyFisheye.h
[2.336s] -- Up-to-date: /home/brace/codeSpace/navi/install/rtabmap/include/rtabmap-0.23/rtabmap/core/stereo/StereoSGBM.h
[2.336s] -- Up-to-date: /home/brace/codeSpace/navi/install/rtabmap/include/rtabmap-0.23/rtabmap/core/StereoCameraModel.h
[2.336s] -- Up-to-date: /home/brace/codeSpace/navi/install/rtabmap/include/rtabmap-0.23/rtabmap/core/util2d.h
[2.336s] -- Up-to-date: /home/brace/codeSpace/navi/install/rtabmap/include/rtabmap-0.23/rtabmap/core/RtabmapThread.h
[2.336s] -- Up-to-date: /home/brace/codeSpace/navi/install/rtabmap/include/rtabmap-0.23/rtabmap/core/GainCompensator.h
[2.336s] -- Up-to-date: /home/brace/codeSpace/navi/install/rtabmap/include/rtabmap-0.23/rtabmap/core/StereoDense.h
[2.336s] -- Up-to-date: /home/brace/codeSpace/navi/install/rtabmap/include/rtabmap-0.23/rtabmap/core/GeodeticCoords.h
[2.336s] -- Up-to-date: /home/brace/codeSpace/navi/install/rtabmap/include/rtabmap-0.23/rtabmap/core/ParticleFilter.h
[2.336s] -- Up-to-date: /home/brace/codeSpace/navi/install/rtabmap/include/rtabmap-0.23/rtabmap/core/Recovery.h
[2.336s] -- Up-to-date: /home/brace/codeSpace/navi/install/rtabmap/include/rtabmap-0.23/rtabmap/core/EnvSensor.h
[2.336s] -- Up-to-date: /home/brace/codeSpace/navi/install/rtabmap/include/rtabmap-0.23/rtabmap/core/CameraEvent.h
[2.336s] -- Up-to-date: /home/brace/codeSpace/navi/install/rtabmap/include/rtabmap-0.23/rtabmap/core/Transform.h
[2.336s] -- Up-to-date: /home/brace/codeSpace/navi/install/rtabmap/include/rtabmap-0.23/rtabmap/core/optimizer
[2.336s] -- Up-to-date: /home/brace/codeSpace/navi/install/rtabmap/include/rtabmap-0.23/rtabmap/core/optimizer/OptimizerGTSAM.h
[2.336s] -- Up-to-date: /home/brace/codeSpace/navi/install/rtabmap/include/rtabmap-0.23/rtabmap/core/optimizer/OptimizerCeres.h
[2.336s] -- Up-to-date: /home/brace/codeSpace/navi/install/rtabmap/include/rtabmap-0.23/rtabmap/core/optimizer/OptimizerG2O.h
[2.336s] -- Up-to-date: /home/brace/codeSpace/navi/install/rtabmap/include/rtabmap-0.23/rtabmap/core/optimizer/OptimizerTORO.h
[2.336s] -- Up-to-date: /home/brace/codeSpace/navi/install/rtabmap/include/rtabmap-0.23/rtabmap/core/optimizer/OptimizerCVSBA.h
[2.336s] -- Up-to-date: /home/brace/codeSpace/navi/install/rtabmap/include/rtabmap-0.23/rtabmap/core/IMU.h
[2.336s] -- Up-to-date: /home/brace/codeSpace/navi/install/rtabmap/include/rtabmap-0.23/rtabmap/core/CameraRGB.h
[2.336s] -- Up-to-date: /home/brace/codeSpace/navi/install/rtabmap/include/rtabmap-0.23/rtabmap/core/ParamEvent.h
[2.336s] -- Up-to-date: /home/brace/codeSpace/navi/install/rtabmap/include/rtabmap-0.23/rtabmap/core/OccupancyGrid.h
[2.336s] -- Up-to-date: /home/brace/codeSpace/navi/install/rtabmap/include/rtabmap-0.23/rtabmap/core/Rtabmap.h
[2.336s] -- Up-to-date: /home/brace/codeSpace/navi/install/rtabmap/include/rtabmap-0.23/rtabmap/core/OdometryEvent.h
[2.336s] -- Up-to-date: /home/brace/codeSpace/navi/install/rtabmap/include/rtabmap-0.23/rtabmap/core/RegistrationVis.h
[2.336s] -- Up-to-date: /home/brace/codeSpace/navi/install/rtabmap/include/rtabmap-0.23/rtabmap/core/util3d_mapping.h
[2.336s] -- Up-to-date: /home/brace/codeSpace/navi/install/rtabmap/include/rtabmap-0.23/rtabmap/core/Parameters.h
[2.336s] -- Up-to-date: /home/brace/codeSpace/navi/install/rtabmap/include/rtabmap-0.23/rtabmap/core/PythonInterface.h
[2.336s] -- Up-to-date: /home/brace/codeSpace/navi/install/rtabmap/include/rtabmap-0.23/rtabmap/core/util3d_surface.h
[2.336s] -- Up-to-date: /home/brace/codeSpace/navi/install/rtabmap/include/rtabmap-0.23/rtabmap/core/MarkerDetector.h
[2.336s] -- Up-to-date: /home/brace/codeSpace/navi/install/rtabmap/include/rtabmap-0.23/rtabmap/core/DBReader.h
[2.337s] -- Up-to-date: /home/brace/codeSpace/navi/install/rtabmap/include/rtabmap-0.23/rtabmap/core/impl
[2.337s] -- Up-to-date: /home/brace/codeSpace/navi/install/rtabmap/include/rtabmap-0.23/rtabmap/core/impl/LocalMapMaker.hpp
[2.337s] -- Up-to-date: /home/brace/codeSpace/navi/install/rtabmap/include/rtabmap-0.23/rtabmap/core/impl/util3d.hpp
[2.337s] -- Up-to-date: /home/brace/codeSpace/navi/install/rtabmap/include/rtabmap-0.23/rtabmap/core/impl/util3d_mapping.hpp
[2.337s] -- Up-to-date: /home/brace/codeSpace/navi/install/rtabmap/include/rtabmap-0.23/rtabmap/core/impl/util3d_surface.hpp
[2.337s] -- Up-to-date: /home/brace/codeSpace/navi/install/rtabmap/include/rtabmap-0.23/rtabmap/core/FlannIndex.h
[2.337s] -- Up-to-date: /home/brace/codeSpace/navi/install/rtabmap/include/rtabmap-0.23/rtabmap/core/rvl_codec.h
[2.337s] -- Up-to-date: /home/brace/codeSpace/navi/install/rtabmap/include/rtabmap-0.23/rtabmap/core/Registration.h
[2.337s] -- Up-to-date: /home/brace/codeSpace/navi/install/rtabmap/include/rtabmap-0.23/rtabmap/core/util3d_motion_estimation.h
[2.337s] -- Up-to-date: /home/brace/codeSpace/navi/install/rtabmap/include/rtabmap-0.23/rtabmap/core/SensorCapture.h
[2.337s] -- Up-to-date: /home/brace/codeSpace/navi/install/rtabmap/include/rtabmap-0.23/rtabmap/core/lidar
[2.337s] -- Up-to-date: /home/brace/codeSpace/navi/install/rtabmap/include/rtabmap-0.23/rtabmap/core/lidar/LidarVLP16.h
[2.337s] -- Up-to-date: /home/brace/codeSpace/navi/install/rtabmap/include/rtabmap-0.23/rtabmap/core/util3d.h
[2.337s] -- Up-to-date: /home/brace/codeSpace/navi/install/rtabmap/include/rtabmap-0.23/rtabmap/core/LASWriter.h
[2.337s] -- Up-to-date: /home/brace/codeSpace/navi/install/rtabmap/include/rtabmap-0.23/rtabmap/core/Image.h
[2.337s] -- Up-to-date: /home/brace/codeSpace/navi/install/rtabmap/include/rtabmap-0.23/rtabmap/core/camera
[2.337s] -- Up-to-date: /home/brace/codeSpace/navi/install/rtabmap/include/rtabmap-0.23/rtabmap/core/camera/CameraStereoVideo.h
[2.337s] -- Up-to-date: /home/brace/codeSpace/navi/install/rtabmap/include/rtabmap-0.23/rtabmap/core/camera/CameraStereoFlyCapture2.h
[2.337s] -- Up-to-date: /home/brace/codeSpace/navi/install/rtabmap/include/rtabmap-0.23/rtabmap/core/camera/CameraImages.h
[2.337s] -- Up-to-date: /home/brace/codeSpace/navi/install/rtabmap/include/rtabmap-0.23/rtabmap/core/camera/CameraMyntEye.h
[2.337s] -- Up-to-date: /home/brace/codeSpace/navi/install/rtabmap/include/rtabmap-0.23/rtabmap/core/camera/CameraK4W2.h
[2.337s] -- Up-to-date: /home/brace/codeSpace/navi/install/rtabmap/include/rtabmap-0.23/rtabmap/core/camera/CameraStereoDC1394.h
[2.337s] -- Up-to-date: /home/brace/codeSpace/navi/install/rtabmap/include/rtabmap-0.23/rtabmap/core/camera/CameraFreenect2.h
[2.337s] -- Up-to-date: /home/brace/codeSpace/navi/install/rtabmap/include/rtabmap-0.23/rtabmap/core/camera/CameraStereoImages.h
[2.337s] -- Up-to-date: /home/brace/codeSpace/navi/install/rtabmap/include/rtabmap-0.23/rtabmap/core/camera/CameraFreenect.h
[2.337s] -- Up-to-date: /home/brace/codeSpace/navi/install/rtabmap/include/rtabmap-0.23/rtabmap/core/camera/CameraOrbbecSDK.h
[2.337s] -- Up-to-date: /home/brace/codeSpace/navi/install/rtabmap/include/rtabmap-0.23/rtabmap/core/camera/CameraStereoZed.h
[2.337s] -- Up-to-date: /home/brace/codeSpace/navi/install/rtabmap/include/rtabmap-0.23/rtabmap/core/camera/CameraRealSense.h
[2.337s] -- Up-to-date: /home/brace/codeSpace/navi/install/rtabmap/include/rtabmap-0.23/rtabmap/core/camera/CameraStereoTara.h
[2.337s] -- Up-to-date: /home/brace/codeSpace/navi/install/rtabmap/include/rtabmap-0.23/rtabmap/core/camera/CameraVideo.h
[2.337s] -- Up-to-date: /home/brace/codeSpace/navi/install/rtabmap/include/rtabmap-0.23/rtabmap/core/camera/CameraRealSense2.h
[2.337s] -- Up-to-date: /home/brace/codeSpace/navi/install/rtabmap/include/rtabmap-0.23/rtabmap/core/camera/CameraDepthAI.h
[2.337s] -- Up-to-date: /home/brace/codeSpace/navi/install/rtabmap/include/rtabmap-0.23/rtabmap/core/camera/CameraK4A.h
[2.337s] -- Up-to-date: /home/brace/codeSpace/navi/install/rtabmap/include/rtabmap-0.23/rtabmap/core/camera/CameraStereoZedOC.h
[2.337s] -- Up-to-date: /home/brace/codeSpace/navi/install/rtabmap/include/rtabmap-0.23/rtabmap/core/camera/CameraOpenni.h
[2.338s] -- Up-to-date: /home/brace/codeSpace/navi/install/rtabmap/include/rtabmap-0.23/rtabmap/core/camera/CameraOpenNI2.h
[2.338s] -- Up-to-date: /home/brace/codeSpace/navi/install/rtabmap/include/rtabmap-0.23/rtabmap/core/camera/CameraRGBDImages.h
[2.338s] -- Up-to-date: /home/brace/codeSpace/navi/install/rtabmap/include/rtabmap-0.23/rtabmap/core/camera/CameraOpenNICV.h
[2.338s] -- Up-to-date: /home/brace/codeSpace/navi/install/rtabmap/include/rtabmap-0.23/rtabmap/core/camera/CameraSeerSense.h
[2.338s] -- Up-to-date: /home/brace/codeSpace/navi/install/rtabmap/include/rtabmap-0.23/rtabmap/core/util3d_features.h
[2.338s] -- Up-to-date: /home/brace/codeSpace/navi/install/rtabmap/include/rtabmap-0.23/rtabmap/core/VWDictionary.h
[2.338s] -- Up-to-date: /home/brace/codeSpace/navi/install/rtabmap/include/rtabmap-0.23/rtabmap/core/GlobalDescriptor.h
[2.338s] -- Up-to-date: /home/brace/codeSpace/navi/install/rtabmap/include/rtabmap-0.23/rtabmap/core/GlobalMap.h
[2.338s] -- Up-to-date: /home/brace/codeSpace/navi/install/rtabmap/include/rtabmap-0.23/rtabmap/core/Graph.h
[2.338s] -- Up-to-date: /home/brace/codeSpace/navi/install/rtabmap/include/rtabmap-0.23/rtabmap/core/GPS.h
[2.338s] -- Up-to-date: /home/brace/codeSpace/navi/install/rtabmap/include/rtabmap-0.23/rtabmap/core/RegistrationIcp.h
[2.338s] -- Up-to-date: /home/brace/codeSpace/navi/install/rtabmap/include/rtabmap-0.23/rtabmap/core/Stereo.h
[2.338s] -- Up-to-date: /home/brace/codeSpace/navi/install/rtabmap/include/rtabmap-0.23/rtabmap/core/LocalGrid.h
[2.338s] -- Up-to-date: /home/brace/codeSpace/navi/install/rtabmap/include/rtabmap-0.23/rtabmap/core/CameraStereo.h
[2.338s] -- Up-to-date: /home/brace/codeSpace/navi/install/rtabmap/include/rtabmap-0.23/rtabmap/core/BayesFilter.h
[2.338s] -- Up-to-date: /home/brace/codeSpace/navi/install/rtabmap/include/rtabmap-0.23/rtabmap/core/OdometryThread.h
[2.338s] -- Up-to-date: /home/brace/codeSpace/navi/install/rtabmap/include/rtabmap-0.23/rtabmap/core/Compression.h
[2.338s] -- Up-to-date: /home/brace/codeSpace/navi/install/rtabmap/include/rtabmap-0.23/rtabmap/core/PDALWriter.h
[2.338s] -- Up-to-date: /home/brace/codeSpace/navi/install/rtabmap/include/rtabmap-0.23/rtabmap/core/odometry
[2.338s] -- Up-to-date: /home/brace/codeSpace/navi/install/rtabmap/include/rtabmap-0.23/rtabmap/core/odometry/OdometryORBSLAM3.h
[2.338s] -- Up-to-date: /home/brace/codeSpace/navi/install/rtabmap/include/rtabmap-0.23/rtabmap/core/odometry/OdometryFovis.h
[2.338s] -- Up-to-date: /home/brace/codeSpace/navi/install/rtabmap/include/rtabmap-0.23/rtabmap/core/odometry/OdometryORBSLAM2.h
[2.338s] -- Up-to-date: /home/brace/codeSpace/navi/install/rtabmap/include/rtabmap-0.23/rtabmap/core/odometry/OdometryF2M.h
[2.338s] -- Up-to-date: /home/brace/codeSpace/navi/install/rtabmap/include/rtabmap-0.23/rtabmap/core/odometry/OdometryMSCKF.h
[2.338s] -- Up-to-date: /home/brace/codeSpace/navi/install/rtabmap/include/rtabmap-0.23/rtabmap/core/odometry/OdometryVINSFusion.h
[2.338s] -- Up-to-date: /home/brace/codeSpace/navi/install/rtabmap/include/rtabmap-0.23/rtabmap/core/odometry/OdometryOpen3D.h
[2.338s] -- Up-to-date: /home/brace/codeSpace/navi/install/rtabmap/include/rtabmap-0.23/rtabmap/core/odometry/OdometryVINS.h
[2.338s] -- Up-to-date: /home/brace/codeSpace/navi/install/rtabmap/include/rtabmap-0.23/rtabmap/core/odometry/OdometryDVO.h
[2.338s] -- Up-to-date: /home/brace/codeSpace/navi/install/rtabmap/include/rtabmap-0.23/rtabmap/core/odometry/OdometryLOAM.h
[2.339s] -- Up-to-date: /home/brace/codeSpace/navi/install/rtabmap/include/rtabmap-0.23/rtabmap/core/odometry/OdometryViso2.h
[2.339s] -- Up-to-date: /home/brace/codeSpace/navi/install/rtabmap/include/rtabmap-0.23/rtabmap/core/odometry/OdometryOkvis.h
[2.339s] -- Up-to-date: /home/brace/codeSpace/navi/install/rtabmap/include/rtabmap-0.23/rtabmap/core/odometry/OdometryFLOAM.h
[2.339s] -- Up-to-date: /home/brace/codeSpace/navi/install/rtabmap/include/rtabmap-0.23/rtabmap/core/odometry/OdometryCuVSLAM.h
[2.339s] -- Up-to-date: /home/brace/codeSpace/navi/install/rtabmap/include/rtabmap-0.23/rtabmap/core/odometry/OdometryMono.h
[2.339s] -- Up-to-date: /home/brace/codeSpace/navi/install/rtabmap/include/rtabmap-0.23/rtabmap/core/odometry/OdometryOpenVINS.h
[2.339s] -- Up-to-date: /home/brace/codeSpace/navi/install/rtabmap/include/rtabmap-0.23/rtabmap/core/odometry/OdometryF2F.h
[2.339s] -- Up-to-date: /home/brace/codeSpace/navi/install/rtabmap/include/rtabmap-0.23/rtabmap/core/VisualWord.h
[2.339s] -- Up-to-date: /home/brace/codeSpace/navi/install/rtabmap/include/rtabmap-0.23/rtabmap/core/UserDataEvent.h
[2.339s] -- Up-to-date: /home/brace/codeSpace/navi/install/rtabmap/include/rtabmap-0.23/rtabmap/core/CameraThread.h
[2.339s] -- Up-to-date: /home/brace/codeSpace/navi/install/rtabmap/include/rtabmap-0.23/rtabmap/core/util3d_transforms.h
[2.339s] -- Up-to-date: /home/brace/codeSpace/navi/install/rtabmap/include/rtabmap-0.23/rtabmap/core/DBDriver.h
[2.339s] -- Up-to-date: /home/brace/codeSpace/navi/install/rtabmap/include/rtabmap-0.23/rtabmap/core/SensorCaptureInfo.h
[2.339s] -- Up-to-date: /home/brace/codeSpace/navi/install/rtabmap/include/rtabmap-0.23/rtabmap/core/Odometry.h
[2.339s] -- Up-to-date: /home/brace/codeSpace/navi/install/rtabmap/include/rtabmap-0.23/rtabmap/core/Lidar.h
[2.339s] -- Up-to-date: /home/brace/codeSpace/navi/install/rtabmap/include/rtabmap-0.23/rtabmap/core/Link.h
[2.339s] -- Up-to-date: /home/brace/codeSpace/navi/install/rtabmap/include/rtabmap-0.23/rtabmap/core/SensorCaptureThread.h
[2.339s] -- Up-to-date: /home/brace/codeSpace/navi/install/rtabmap/include/rtabmap-0.23/rtabmap
[2.339s] -- Up-to-date: /home/brace/codeSpace/navi/install/rtabmap/include/rtabmap-0.23/rtabmap/core
[2.339s] -- Up-to-date: /home/brace/codeSpace/navi/install/rtabmap/include/rtabmap-0.23/rtabmap/core/rtabmap_core_export.h
[2.339s] -- Up-to-date: /home/brace/codeSpace/navi/install/rtabmap/include/rtabmap-0.23/rtabmap/core/Version.h
[2.339s] -- Up-to-date: /home/brace/codeSpace/navi/install/rtabmap/lib/rtabmap-0.23/RTABMap_coreTargets.cmake
[2.339s] -- Up-to-date: /home/brace/codeSpace/navi/install/rtabmap/lib/rtabmap-0.23/RTABMap_coreTargets-release.cmake
[2.339s] -- Up-to-date: /home/brace/codeSpace/navi/install/rtabmap/lib/librtabmap_gui.so.0.23.4
[2.339s] -- Up-to-date: /home/brace/codeSpace/navi/install/rtabmap/lib/librtabmap_gui.so.0.23
[2.339s] -- Up-to-date: /home/brace/codeSpace/navi/install/rtabmap/lib/librtabmap_gui.so
[2.339s] -- Up-to-date: /home/brace/codeSpace/navi/install/rtabmap/include/rtabmap-0.23/rtabmap
[2.339s] -- Up-to-date: /home/brace/codeSpace/navi/install/rtabmap/include/rtabmap-0.23/rtabmap/utilite
[2.340s] -- Up-to-date: /home/brace/codeSpace/navi/install/rtabmap/include/rtabmap-0.23/rtabmap/utilite/UCv2Qt.h
[2.340s] -- Up-to-date: /home/brace/codeSpace/navi/install/rtabmap/include/rtabmap-0.23/rtabmap/utilite/UPlot.h
[2.340s] -- Up-to-date: /home/brace/codeSpace/navi/install/rtabmap/include/rtabmap-0.23/rtabmap/utilite/UImageView.h
[2.340s] -- Up-to-date: /home/brace/codeSpace/navi/install/rtabmap/include/rtabmap-0.23/rtabmap/gui
[2.340s] -- Up-to-date: /home/brace/codeSpace/navi/install/rtabmap/include/rtabmap-0.23/rtabmap/gui/LoopClosureViewer.h
[2.340s] -- Up-to-date: /home/brace/codeSpace/navi/install/rtabmap/include/rtabmap-0.23/rtabmap/gui/MapVisibilityWidget.h
[2.340s] -- Up-to-date: /home/brace/codeSpace/navi/install/rtabmap/include/rtabmap-0.23/rtabmap/gui/EditConstraintDialog.h
[2.340s] -- Up-to-date: /home/brace/codeSpace/navi/install/rtabmap/include/rtabmap-0.23/rtabmap/gui/ProgressDialog.h
[2.340s] -- Up-to-date: /home/brace/codeSpace/navi/install/rtabmap/include/rtabmap-0.23/rtabmap/gui/StatsToolBox.h
[2.340s] -- Up-to-date: /home/brace/codeSpace/navi/install/rtabmap/include/rtabmap-0.23/rtabmap/gui/ExportBundlerDialog.h
[2.340s] -- Up-to-date: /home/brace/codeSpace/navi/install/rtabmap/include/rtabmap-0.23/rtabmap/gui/CloudViewerCellPicker.h
[2.340s] -- Up-to-date: /home/brace/codeSpace/navi/install/rtabmap/include/rtabmap-0.23/rtabmap/gui/ConsoleWidget.h
[2.340s] -- Up-to-date: /home/brace/codeSpace/navi/install/rtabmap/include/rtabmap-0.23/rtabmap/gui/LinkRefiningDialog.h
[2.340s] -- Up-to-date: /home/brace/codeSpace/navi/install/rtabmap/include/rtabmap-0.23/rtabmap/gui/MultiSessionLocSubView.h
[2.340s] -- Up-to-date: /home/brace/codeSpace/navi/install/rtabmap/include/rtabmap-0.23/rtabmap/gui/AboutDialog.h
[2.340s] -- Up-to-date: /home/brace/codeSpace/navi/install/rtabmap/include/rtabmap-0.23/rtabmap/gui/PreferencesDialog.h
[2.340s] -- Up-to-date: /home/brace/codeSpace/navi/install/rtabmap/include/rtabmap-0.23/rtabmap/gui/PointCloudColorHandlerIntensityField.h
[2.340s] -- Up-to-date: /home/brace/codeSpace/navi/install/rtabmap/include/rtabmap-0.23/rtabmap/gui/ParametersToolBox.h
[2.340s] -- Up-to-date: /home/brace/codeSpace/navi/install/rtabmap/include/rtabmap-0.23/rtabmap/gui/MultiSessionLocWidget.h
[2.340s] -- Up-to-date: /home/brace/codeSpace/navi/install/rtabmap/include/rtabmap-0.23/rtabmap/gui/PostProcessingDialog.h
[2.340s] -- Up-to-date: /home/brace/codeSpace/navi/install/rtabmap/include/rtabmap-0.23/rtabmap/gui/OdometryViewer.h
[2.340s] -- Up-to-date: /home/brace/codeSpace/navi/install/rtabmap/include/rtabmap-0.23/rtabmap/gui/GraphViewer.h
[2.340s] -- Up-to-date: /home/brace/codeSpace/navi/install/rtabmap/include/rtabmap-0.23/rtabmap/gui/MainWindow.h
[2.340s] -- Up-to-date: /home/brace/codeSpace/navi/install/rtabmap/include/rtabmap-0.23/rtabmap/gui/CameraViewer.h
[2.340s] -- Up-to-date: /home/brace/codeSpace/navi/install/rtabmap/include/rtabmap-0.23/rtabmap/gui/CreateSimpleCalibrationDialog.h
[2.340s] -- Up-to-date: /home/brace/codeSpace/navi/install/rtabmap/include/rtabmap-0.23/rtabmap/gui/EditDepthArea.h
[2.340s] -- Up-to-date: /home/brace/codeSpace/navi/install/rtabmap/include/rtabmap-0.23/rtabmap/gui/DataRecorder.h
[2.340s] -- Up-to-date: /home/brace/codeSpace/navi/install/rtabmap/include/rtabmap-0.23/rtabmap/gui/ExportCloudsDialog.h
[2.341s] -- Up-to-date: /home/brace/codeSpace/navi/install/rtabmap/include/rtabmap-0.23/rtabmap/gui/ImageView.h
[2.341s] -- Up-to-date: /home/brace/codeSpace/navi/install/rtabmap/include/rtabmap-0.23/rtabmap/gui/EditMapArea.h
[2.341s] -- Up-to-date: /home/brace/codeSpace/navi/install/rtabmap/include/rtabmap-0.23/rtabmap/gui/PointCloudColorHandlerMinMaxGenericField.h
[2.341s] -- Up-to-date: /home/brace/codeSpace/navi/install/rtabmap/include/rtabmap-0.23/rtabmap/gui/CalibrationDialog.h
[2.341s] -- Up-to-date: /home/brace/codeSpace/navi/install/rtabmap/include/rtabmap-0.23/rtabmap/gui/CloudViewer.h
[2.341s] -- Up-to-date: /home/brace/codeSpace/navi/install/rtabmap/include/rtabmap-0.23/rtabmap/gui/RecoveryState.h
[2.341s] -- Up-to-date: /home/brace/codeSpace/navi/install/rtabmap/include/rtabmap-0.23/rtabmap/gui/PdfPlot.h
[2.341s] -- Up-to-date: /home/brace/codeSpace/navi/install/rtabmap/include/rtabmap-0.23/rtabmap/gui/ExportDialog.h
[2.341s] -- Up-to-date: /home/brace/codeSpace/navi/install/rtabmap/include/rtabmap-0.23/rtabmap/gui/KeypointItem.h
[2.341s] -- Up-to-date: /home/brace/codeSpace/navi/install/rtabmap/include/rtabmap-0.23/rtabmap/gui/CloudViewerInteractorStyle.h
[2.341s] -- Up-to-date: /home/brace/codeSpace/navi/install/rtabmap/include/rtabmap-0.23/rtabmap/gui/TexturingState.h
[2.341s] -- Up-to-date: /home/brace/codeSpace/navi/install/rtabmap/include/rtabmap-0.23/rtabmap/gui/DepthCalibrationDialog.h
[2.341s] -- Up-to-date: /home/brace/codeSpace/navi/install/rtabmap/include/rtabmap-0.23/rtabmap/gui/DatabaseViewer.h
[2.341s] -- Up-to-date: /home/brace/codeSpace/navi/install/rtabmap/include/rtabmap-0.23/rtabmap
[2.341s] -- Up-to-date: /home/brace/codeSpace/navi/install/rtabmap/include/rtabmap-0.23/rtabmap/gui
[2.341s] -- Up-to-date: /home/brace/codeSpace/navi/install/rtabmap/include/rtabmap-0.23/rtabmap/gui/rtabmap_gui_export.h
[2.341s] -- Up-to-date: /home/brace/codeSpace/navi/install/rtabmap/lib/rtabmap-0.23/RTABMap_guiTargets.cmake
[2.341s] -- Up-to-date: /home/brace/codeSpace/navi/install/rtabmap/lib/rtabmap-0.23/RTABMap_guiTargets-release.cmake
[2.341s] -- Up-to-date: /home/brace/codeSpace/navi/install/rtabmap/bin/rtabmap
[2.341s] -- Up-to-date: /home/brace/codeSpace/navi/install/rtabmap/bin/rtabmap-console
[2.342s] -- Up-to-date: /home/brace/codeSpace/navi/install/rtabmap/bin/rtabmap-extractObject
[2.342s] -- Up-to-date: /home/brace/codeSpace/navi/install/rtabmap/bin/rtabmap-camera
[2.342s] -- Up-to-date: /home/brace/codeSpace/navi/install/rtabmap/bin/rtabmap-kitti_dataset
[2.342s] -- Up-to-date: /home/brace/codeSpace/navi/install/rtabmap/bin/rtabmap-rgbd_dataset
[2.342s] -- Up-to-date: /home/brace/codeSpace/navi/install/rtabmap/bin/rtabmap-euroc_dataset
[2.342s] -- Up-to-date: /home/brace/codeSpace/navi/install/rtabmap/bin/rtabmap-recovery
[2.342s] -- Up-to-date: /home/brace/codeSpace/navi/install/rtabmap/bin/rtabmap-reprocess
[2.342s] -- Up-to-date: /home/brace/codeSpace/navi/install/rtabmap/bin/rtabmap-detectMoreLoopClosures
[2.342s] -- Up-to-date: /home/brace/codeSpace/navi/install/rtabmap/bin/rtabmap-export
[2.343s] -- Up-to-date: /home/brace/codeSpace/navi/install/rtabmap/bin/rtabmap-report
[2.343s] -- Up-to-date: /home/brace/codeSpace/navi/install/rtabmap/bin/rtabmap-info
[2.343s] -- Up-to-date: /home/brace/codeSpace/navi/install/rtabmap/bin/rtabmap-cleanupLocalGrids
[2.343s] -- Up-to-date: /home/brace/codeSpace/navi/install/rtabmap/bin/rtabmap-globalBundleAdjustment
[2.343s] -- Up-to-date: /home/brace/codeSpace/navi/install/rtabmap/bin/rtabmap-rgbd_camera
[2.343s] -- Up-to-date: /home/brace/codeSpace/navi/install/rtabmap/bin/rtabmap-lidar_viewer
[2.343s] -- Up-to-date: /home/brace/codeSpace/navi/install/rtabmap/bin/rtabmap-databaseViewer
[2.343s] -- Up-to-date: /home/brace/codeSpace/navi/install/rtabmap/bin/rtabmap-odometryViewer
[2.343s] -- Up-to-date: /home/brace/codeSpace/navi/install/rtabmap/bin/rtabmap-dataRecorder
[2.343s] -- Up-to-date: /home/brace/codeSpace/navi/install/rtabmap/bin/rtabmap-calibration
[2.343s] -- Up-to-date: /home/brace/codeSpace/navi/install/rtabmap/lib/rtabmap-0.23/RTABMapTargets.cmake
[2.343s] -- Up-to-date: /home/brace/codeSpace/navi/install/rtabmap/lib/rtabmap-0.23/RTABMapConfig.cmake
[2.343s] -- Up-to-date: /home/brace/codeSpace/navi/install/rtabmap/lib/rtabmap-0.23/RTABMapConfigVersion.cmake
[2.343s] -- Up-to-date: /home/brace/codeSpace/navi/install/rtabmap/share/rtabmap/package.xml
[2.343s] Invoked command in '/home/brace/codeSpace/navi/build/rtabmap' returned '0': CMAKE_PREFIX_PATH=/opt/ros/humble /usr/bin/cmake --install /home/brace/codeSpace/navi/build/rtabmap
