[0.039s] Invoking command in '/home/brace/codeSpace/navi/build/rtabmap_slam': CMAKE_PREFIX_PATH=/home/brace/codeSpace/navi/install/rtabmap_util:/home/brace/codeSpace/navi/install/rtabmap_sync:/home/brace/codeSpace/navi/install/rtabmap_conversions:/home/brace/codeSpace/navi/install/rtabmap_msgs:/home/brace/codeSpace/navi/install/rtabmap:/home/brace/codeSpace/navi/install/rtabmap_ros:/home/brace/codeSpace/navi/install/rtabmap_launch:/home/brace/codeSpace/navi/install/rtabmap_examples:/home/brace/codeSpace/navi/install/rtabmap_demos:/home/brace/codeSpace/navi/install/rtabmap_viz:/home/brace/codeSpace/navi/install/rtabmap_slam:/home/brace/codeSpace/navi/install/rtabmap_odom:/home/brace/codeSpace/navi/install/rtabmap_rviz_plugins:/home/brace/codeSpace/navi/install/realsense2_rviz_plugin:/home/brace/codeSpace/navi/install/realsense2_description:/home/brace/codeSpace/navi/install/rtabmap_python:/home/brace/codeSpace/navi/install/realsense2_ros_mqtt_bridge:/opt/ros/humble LD_LIBRARY_PATH=/home/brace/codeSpace/navi/install/rtabmap_util/lib:/home/brace/codeSpace/navi/install/rtabmap_sync/lib:/home/brace/codeSpace/navi/install/rtabmap_conversions/lib:/home/brace/codeSpace/navi/install/rtabmap_msgs/lib:/home/brace/codeSpace/navi/install/rtabmap/lib:/home/brace/codeSpace/navi/install/rtabmap_slam/lib:/home/brace/codeSpace/navi/install/rtabmap_odom/lib:/home/brace/codeSpace/navi/install/rtabmap_rviz_plugins/lib:/opt/ros/humble/opt/rviz_ogre_vendor/lib:/opt/ros/humble/lib/x86_64-linux-gnu:/opt/ros/humble/lib /usr/bin/cmake --build /home/brace/codeSpace/navi/build/rtabmap_slam -- -j16 -l16
[0.152s] [ 50%] Built target rtabmap_slam_plugins
[0.201s] [100%] Built target rtabmap_node
[0.217s] Invoked command in '/home/brace/codeSpace/navi/build/rtabmap_slam' returned '0': CMAKE_PREFIX_PATH=/home/brace/codeSpace/navi/install/rtabmap_util:/home/brace/codeSpace/navi/install/rtabmap_sync:/home/brace/codeSpace/navi/install/rtabmap_conversions:/home/brace/codeSpace/navi/install/rtabmap_msgs:/home/brace/codeSpace/navi/install/rtabmap:/home/brace/codeSpace/navi/install/rtabmap_ros:/home/brace/codeSpace/navi/install/rtabmap_launch:/home/brace/codeSpace/navi/install/rtabmap_examples:/home/brace/codeSpace/navi/install/rtabmap_demos:/home/brace/codeSpace/navi/install/rtabmap_viz:/home/brace/codeSpace/navi/install/rtabmap_slam:/home/brace/codeSpace/navi/install/rtabmap_odom:/home/brace/codeSpace/navi/install/rtabmap_rviz_plugins:/home/brace/codeSpace/navi/install/realsense2_rviz_plugin:/home/brace/codeSpace/navi/install/realsense2_description:/home/brace/codeSpace/navi/install/rtabmap_python:/home/brace/codeSpace/navi/install/realsense2_ros_mqtt_bridge:/opt/ros/humble LD_LIBRARY_PATH=/home/brace/codeSpace/navi/install/rtabmap_util/lib:/home/brace/codeSpace/navi/install/rtabmap_sync/lib:/home/brace/codeSpace/navi/install/rtabmap_conversions/lib:/home/brace/codeSpace/navi/install/rtabmap_msgs/lib:/home/brace/codeSpace/navi/install/rtabmap/lib:/home/brace/codeSpace/navi/install/rtabmap_slam/lib:/home/brace/codeSpace/navi/install/rtabmap_odom/lib:/home/brace/codeSpace/navi/install/rtabmap_rviz_plugins/lib:/opt/ros/humble/opt/rviz_ogre_vendor/lib:/opt/ros/humble/lib/x86_64-linux-gnu:/opt/ros/humble/lib /usr/bin/cmake --build /home/brace/codeSpace/navi/build/rtabmap_slam -- -j16 -l16
[0.221s] Invoking command in '/home/brace/codeSpace/navi/build/rtabmap_slam': CMAKE_PREFIX_PATH=/home/brace/codeSpace/navi/install/rtabmap_util:/home/brace/codeSpace/navi/install/rtabmap_sync:/home/brace/codeSpace/navi/install/rtabmap_conversions:/home/brace/codeSpace/navi/install/rtabmap_msgs:/home/brace/codeSpace/navi/install/rtabmap:/home/brace/codeSpace/navi/install/rtabmap_ros:/home/brace/codeSpace/navi/install/rtabmap_launch:/home/brace/codeSpace/navi/install/rtabmap_examples:/home/brace/codeSpace/navi/install/rtabmap_demos:/home/brace/codeSpace/navi/install/rtabmap_viz:/home/brace/codeSpace/navi/install/rtabmap_slam:/home/brace/codeSpace/navi/install/rtabmap_odom:/home/brace/codeSpace/navi/install/rtabmap_rviz_plugins:/home/brace/codeSpace/navi/install/realsense2_rviz_plugin:/home/brace/codeSpace/navi/install/realsense2_description:/home/brace/codeSpace/navi/install/rtabmap_python:/home/brace/codeSpace/navi/install/realsense2_ros_mqtt_bridge:/opt/ros/humble LD_LIBRARY_PATH=/home/brace/codeSpace/navi/install/rtabmap_util/lib:/home/brace/codeSpace/navi/install/rtabmap_sync/lib:/home/brace/codeSpace/navi/install/rtabmap_conversions/lib:/home/brace/codeSpace/navi/install/rtabmap_msgs/lib:/home/brace/codeSpace/navi/install/rtabmap/lib:/home/brace/codeSpace/navi/install/rtabmap_slam/lib:/home/brace/codeSpace/navi/install/rtabmap_odom/lib:/home/brace/codeSpace/navi/install/rtabmap_rviz_plugins/lib:/opt/ros/humble/opt/rviz_ogre_vendor/lib:/opt/ros/humble/lib/x86_64-linux-gnu:/opt/ros/humble/lib /usr/bin/cmake --install /home/brace/codeSpace/navi/build/rtabmap_slam
[0.234s] -- Install configuration: "Release"
[0.234s] -- Execute custom install script
[0.234s] -- Up-to-date symlink: /home/brace/codeSpace/navi/install/rtabmap_slam/share/rtabmap_slam/environment/library_path.sh
[0.234s] -- Up-to-date symlink: /home/brace/codeSpace/navi/install/rtabmap_slam/share/rtabmap_slam/environment/library_path.dsv
[0.235s] -- Up-to-date symlink: /home/brace/codeSpace/navi/install/rtabmap_slam/lib/rtabmap_slam/rtabmap
[0.235s] -- Up-to-date symlink: /home/brace/codeSpace/navi/install/rtabmap_slam/share/ament_index/resource_index/package_run_dependencies/rtabmap_slam
[0.235s] -- Up-to-date symlink: /home/brace/codeSpace/navi/install/rtabmap_slam/share/ament_index/resource_index/parent_prefix_path/rtabmap_slam
[0.235s] -- Up-to-date symlink: /home/brace/codeSpace/navi/install/rtabmap_slam/share/rtabmap_slam/environment/ament_prefix_path.sh
[0.235s] -- Up-to-date symlink: /home/brace/codeSpace/navi/install/rtabmap_slam/share/rtabmap_slam/environment/ament_prefix_path.dsv
[0.235s] -- Up-to-date symlink: /home/brace/codeSpace/navi/install/rtabmap_slam/share/rtabmap_slam/environment/path.sh
[0.235s] -- Up-to-date symlink: /home/brace/codeSpace/navi/install/rtabmap_slam/share/rtabmap_slam/environment/path.dsv
[0.236s] -- Up-to-date symlink: /home/brace/codeSpace/navi/install/rtabmap_slam/share/rtabmap_slam/local_setup.bash
[0.236s] -- Up-to-date symlink: /home/brace/codeSpace/navi/install/rtabmap_slam/share/rtabmap_slam/local_setup.sh
[0.236s] -- Up-to-date symlink: /home/brace/codeSpace/navi/install/rtabmap_slam/share/rtabmap_slam/local_setup.zsh
[0.236s] -- Up-to-date symlink: /home/brace/codeSpace/navi/install/rtabmap_slam/share/rtabmap_slam/local_setup.dsv
[0.236s] -- Symlinking: /home/brace/codeSpace/navi/install/rtabmap_slam/share/rtabmap_slam/package.dsv
[0.246s] -- Up-to-date symlink: /home/brace/codeSpace/navi/install/rtabmap_slam/share/ament_index/resource_index/packages/rtabmap_slam
[0.246s] -- Up-to-date symlink: /home/brace/codeSpace/navi/install/rtabmap_slam/share/ament_index/resource_index/rclcpp_components/rtabmap_slam
[0.246s] -- Up-to-date symlink: /home/brace/codeSpace/navi/install/rtabmap_slam/share/rtabmap_slam/cmake/ament_cmake_export_dependencies-extras.cmake
[0.246s] -- Up-to-date symlink: /home/brace/codeSpace/navi/install/rtabmap_slam/share/rtabmap_slam/cmake/ament_cmake_export_include_directories-extras.cmake
[0.246s] -- Up-to-date symlink: /home/brace/codeSpace/navi/install/rtabmap_slam/share/rtabmap_slam/cmake/ament_cmake_export_targets-extras.cmake
[0.247s] -- Up-to-date symlink: /home/brace/codeSpace/navi/install/rtabmap_slam/share/rtabmap_slam/cmake/ament_cmake_export_libraries-extras.cmake
[0.247s] -- Up-to-date symlink: /home/brace/codeSpace/navi/install/rtabmap_slam/share/rtabmap_slam/cmake/rtabmap_slamConfig.cmake
[0.247s] -- Up-to-date symlink: /home/brace/codeSpace/navi/install/rtabmap_slam/share/rtabmap_slam/cmake/rtabmap_slamConfig-version.cmake
[0.247s] -- Up-to-date symlink: /home/brace/codeSpace/navi/install/rtabmap_slam/share/rtabmap_slam/package.xml
[0.247s] -- Up-to-date: /home/brace/codeSpace/navi/install/rtabmap_slam/lib/librtabmap_slam_plugins.so
[0.247s] -- Up-to-date: /home/brace/codeSpace/navi/install/rtabmap_slam/include
[0.248s] -- Up-to-date: /home/brace/codeSpace/navi/install/rtabmap_slam/include/rtabmap_slam
[0.248s] -- Up-to-date: /home/brace/codeSpace/navi/install/rtabmap_slam/include/rtabmap_slam/CoreWrapper.h
[0.248s] -- Up-to-date: /home/brace/codeSpace/navi/install/rtabmap_slam/include/rtabmap_slam/visibility.h
[0.248s] -- Up-to-date: /home/brace/codeSpace/navi/install/rtabmap_slam/share/rtabmap_slam/cmake/rtabmap_slamExport.cmake
[0.248s] -- Up-to-date: /home/brace/codeSpace/navi/install/rtabmap_slam/share/rtabmap_slam/cmake/rtabmap_slamExport-release.cmake
[0.252s] Invoked command in '/home/brace/codeSpace/navi/build/rtabmap_slam' returned '0': CMAKE_PREFIX_PATH=/home/brace/codeSpace/navi/install/rtabmap_util:/home/brace/codeSpace/navi/install/rtabmap_sync:/home/brace/codeSpace/navi/install/rtabmap_conversions:/home/brace/codeSpace/navi/install/rtabmap_msgs:/home/brace/codeSpace/navi/install/rtabmap:/home/brace/codeSpace/navi/install/rtabmap_ros:/home/brace/codeSpace/navi/install/rtabmap_launch:/home/brace/codeSpace/navi/install/rtabmap_examples:/home/brace/codeSpace/navi/install/rtabmap_demos:/home/brace/codeSpace/navi/install/rtabmap_viz:/home/brace/codeSpace/navi/install/rtabmap_slam:/home/brace/codeSpace/navi/install/rtabmap_odom:/home/brace/codeSpace/navi/install/rtabmap_rviz_plugins:/home/brace/codeSpace/navi/install/realsense2_rviz_plugin:/home/brace/codeSpace/navi/install/realsense2_description:/home/brace/codeSpace/navi/install/rtabmap_python:/home/brace/codeSpace/navi/install/realsense2_ros_mqtt_bridge:/opt/ros/humble LD_LIBRARY_PATH=/home/brace/codeSpace/navi/install/rtabmap_util/lib:/home/brace/codeSpace/navi/install/rtabmap_sync/lib:/home/brace/codeSpace/navi/install/rtabmap_conversions/lib:/home/brace/codeSpace/navi/install/rtabmap_msgs/lib:/home/brace/codeSpace/navi/install/rtabmap/lib:/home/brace/codeSpace/navi/install/rtabmap_slam/lib:/home/brace/codeSpace/navi/install/rtabmap_odom/lib:/home/brace/codeSpace/navi/install/rtabmap_rviz_plugins/lib:/opt/ros/humble/opt/rviz_ogre_vendor/lib:/opt/ros/humble/lib/x86_64-linux-gnu:/opt/ros/humble/lib /usr/bin/cmake --install /home/brace/codeSpace/navi/build/rtabmap_slam
