[0.932s] Invoking command in '/home/brace/codeSpace/navi/build/realsense2_description': CMAKE_PREFIX_PATH=${CMAKE_PREFIX_PATH}:/home/brace/codeSpace/navi/install/rtabmap_python:/home/brace/codeSpace/navi/install/realsense2_ros_mqtt_bridge:/home/brace/codeSpace/navi/install/brace:/opt/ros/humble /usr/bin/cmake --build /home/brace/codeSpace/navi/build/realsense2_description -- -j16 -l16
[1.452s] Invoked command in '/home/brace/codeSpace/navi/build/realsense2_description' returned '0': CMAKE_PREFIX_PATH=${CMAKE_PREFIX_PATH}:/home/brace/codeSpace/navi/install/rtabmap_python:/home/brace/codeSpace/navi/install/realsense2_ros_mqtt_bridge:/home/brace/codeSpace/navi/install/brace:/opt/ros/humble /usr/bin/cmake --build /home/brace/codeSpace/navi/build/realsense2_description -- -j16 -l16
[1.506s] Invoking command in '/home/brace/codeSpace/navi/build/realsense2_description': CMAKE_PREFIX_PATH=${CMAKE_PREFIX_PATH}:/home/brace/codeSpace/navi/install/rtabmap_python:/home/brace/codeSpace/navi/install/realsense2_ros_mqtt_bridge:/home/brace/codeSpace/navi/install/brace:/opt/ros/humble /usr/bin/cmake --install /home/brace/codeSpace/navi/build/realsense2_description
[1.531s] -- Install configuration: ""
[1.535s] -- Up-to-date: /home/brace/codeSpace/navi/install/realsense2_description/share/realsense2_description/launch
[1.535s] -- Up-to-date: /home/brace/codeSpace/navi/install/realsense2_description/share/realsense2_description/launch/launch_utils.py
[1.535s] -- Up-to-date: /home/brace/codeSpace/navi/install/realsense2_description/share/realsense2_description/launch/view_model.launch.py
[1.535s] -- Up-to-date: /home/brace/codeSpace/navi/install/realsense2_description/share/realsense2_description/meshes
[1.535s] -- Up-to-date: /home/brace/codeSpace/navi/install/realsense2_description/share/realsense2_description/meshes/plug_collision.stl
[1.535s] -- Up-to-date: /home/brace/codeSpace/navi/install/realsense2_description/share/realsense2_description/meshes/d405.stl
[1.535s] -- Up-to-date: /home/brace/codeSpace/navi/install/realsense2_description/share/realsense2_description/meshes/d415.stl
[1.536s] -- Up-to-date: /home/brace/codeSpace/navi/install/realsense2_description/share/realsense2_description/meshes/l515.dae
[1.536s] -- Up-to-date: /home/brace/codeSpace/navi/install/realsense2_description/share/realsense2_description/meshes/d455.stl
[1.536s] -- Up-to-date: /home/brace/codeSpace/navi/install/realsense2_description/share/realsense2_description/meshes/plug.stl
[1.536s] -- Up-to-date: /home/brace/codeSpace/navi/install/realsense2_description/share/realsense2_description/meshes/d435.dae
[1.536s] -- Up-to-date: /home/brace/codeSpace/navi/install/realsense2_description/share/realsense2_description/meshes/d585.stl
[1.536s] -- Up-to-date: /home/brace/codeSpace/navi/install/realsense2_description/share/realsense2_description/rviz
[1.536s] -- Up-to-date: /home/brace/codeSpace/navi/install/realsense2_description/share/realsense2_description/rviz/urdf.rviz
[1.536s] -- Up-to-date: /home/brace/codeSpace/navi/install/realsense2_description/share/realsense2_description/urdf
[1.536s] -- Up-to-date: /home/brace/codeSpace/navi/install/realsense2_description/share/realsense2_description/urdf/_r430.urdf.xacro
[1.536s] -- Up-to-date: /home/brace/codeSpace/navi/install/realsense2_description/share/realsense2_description/urdf/_d435.urdf.xacro
[1.536s] -- Up-to-date: /home/brace/codeSpace/navi/install/realsense2_description/share/realsense2_description/urdf/test_d455_camera.urdf.xacro
[1.537s] -- Up-to-date: /home/brace/codeSpace/navi/install/realsense2_description/share/realsense2_description/urdf/test_r430_camera.urdf.xacro
[1.537s] -- Up-to-date: /home/brace/codeSpace/navi/install/realsense2_description/share/realsense2_description/urdf/_d405.urdf.xacro
[1.537s] -- Up-to-date: /home/brace/codeSpace/navi/install/realsense2_description/share/realsense2_description/urdf/test_d405_camera.urdf.xacro
[1.539s] -- Up-to-date: /home/brace/codeSpace/navi/install/realsense2_description/share/realsense2_description/urdf/_d415.urdf.xacro
[1.541s] -- Up-to-date: /home/brace/codeSpace/navi/install/realsense2_description/share/realsense2_description/urdf/test_d415_camera.urdf.xacro
[1.542s] -- Up-to-date: /home/brace/codeSpace/navi/install/realsense2_description/share/realsense2_description/urdf/_r410.urdf.xacro
[1.542s] -- Up-to-date: /home/brace/codeSpace/navi/install/realsense2_description/share/realsense2_description/urdf/_d585.urdf.xacro
[1.542s] -- Up-to-date: /home/brace/codeSpace/navi/install/realsense2_description/share/realsense2_description/urdf/test_d585_camera.urdf.xacro
[1.543s] -- Up-to-date: /home/brace/codeSpace/navi/install/realsense2_description/share/realsense2_description/urdf/_usb_plug.urdf.xacro
[1.543s] -- Up-to-date: /home/brace/codeSpace/navi/install/realsense2_description/share/realsense2_description/urdf/_materials.urdf.xacro
[1.543s] -- Up-to-date: /home/brace/codeSpace/navi/install/realsense2_description/share/realsense2_description/urdf/_d435i.urdf.xacro
[1.543s] -- Up-to-date: /home/brace/codeSpace/navi/install/realsense2_description/share/realsense2_description/urdf/test_r410_camera.urdf.xacro
[1.543s] -- Up-to-date: /home/brace/codeSpace/navi/install/realsense2_description/share/realsense2_description/urdf/test_d435_camera.urdf.xacro
[1.543s] -- Up-to-date: /home/brace/codeSpace/navi/install/realsense2_description/share/realsense2_description/urdf/test_d435_multiple_cameras.urdf.xacro
[1.543s] -- Up-to-date: /home/brace/codeSpace/navi/install/realsense2_description/share/realsense2_description/urdf/_d455.urdf.xacro
[1.543s] -- Up-to-date: /home/brace/codeSpace/navi/install/realsense2_description/share/realsense2_description/urdf/_d435i_imu_modules.urdf.xacro
[1.543s] -- Up-to-date: /home/brace/codeSpace/navi/install/realsense2_description/share/realsense2_description/urdf/test_d435i_camera.urdf.xacro
[1.543s] -- Up-to-date: /home/brace/codeSpace/navi/install/realsense2_description/share/ament_index/resource_index/package_run_dependencies/realsense2_description
[1.543s] -- Up-to-date: /home/brace/codeSpace/navi/install/realsense2_description/share/ament_index/resource_index/parent_prefix_path/realsense2_description
[1.543s] -- Up-to-date: /home/brace/codeSpace/navi/install/realsense2_description/share/realsense2_description/environment/ament_prefix_path.sh
[1.543s] -- Up-to-date: /home/brace/codeSpace/navi/install/realsense2_description/share/realsense2_description/environment/ament_prefix_path.dsv
[1.543s] -- Up-to-date: /home/brace/codeSpace/navi/install/realsense2_description/share/realsense2_description/environment/path.sh
[1.544s] -- Up-to-date: /home/brace/codeSpace/navi/install/realsense2_description/share/realsense2_description/environment/path.dsv
[1.544s] -- Up-to-date: /home/brace/codeSpace/navi/install/realsense2_description/share/realsense2_description/local_setup.bash
[1.544s] -- Up-to-date: /home/brace/codeSpace/navi/install/realsense2_description/share/realsense2_description/local_setup.sh
[1.544s] -- Up-to-date: /home/brace/codeSpace/navi/install/realsense2_description/share/realsense2_description/local_setup.zsh
[1.544s] -- Up-to-date: /home/brace/codeSpace/navi/install/realsense2_description/share/realsense2_description/local_setup.dsv
[1.544s] -- Installing: /home/brace/codeSpace/navi/install/realsense2_description/share/realsense2_description/package.dsv
[1.551s] -- Up-to-date: /home/brace/codeSpace/navi/install/realsense2_description/share/ament_index/resource_index/packages/realsense2_description
[1.551s] -- Up-to-date: /home/brace/codeSpace/navi/install/realsense2_description/share/realsense2_description/cmake/realsense2_descriptionConfig.cmake
[1.551s] -- Up-to-date: /home/brace/codeSpace/navi/install/realsense2_description/share/realsense2_description/cmake/realsense2_descriptionConfig-version.cmake
[1.551s] -- Up-to-date: /home/brace/codeSpace/navi/install/realsense2_description/share/realsense2_description/package.xml
[1.601s] Invoked command in '/home/brace/codeSpace/navi/build/realsense2_description' returned '0': CMAKE_PREFIX_PATH=${CMAKE_PREFIX_PATH}:/home/brace/codeSpace/navi/install/rtabmap_python:/home/brace/codeSpace/navi/install/realsense2_ros_mqtt_bridge:/home/brace/codeSpace/navi/install/brace:/opt/ros/humble /usr/bin/cmake --install /home/brace/codeSpace/navi/build/realsense2_description
