[0.036s] Invoking command in '/home/brace/codeSpace/navi/build/rtabmap': CMAKE_PREFIX_PATH=${CMAKE_PREFIX_PATH}:/home/brace/codeSpace/navi/install/rtabmap_python:/home/brace/codeSpace/navi/install/realsense2_ros_mqtt_bridge:/opt/ros/humble /usr/bin/cmake --build /home/brace/codeSpace/navi/build/rtabmap -- -j16 -l16
[0.839s] [  5%] Built target rtabmap_utilite
[0.840s] [  6%] Built target res_tool
[0.840s] [ 57%] Built target rtabmap_core
[0.842s] [ 57%] [34m[1mAutomatic MOC and UIC for target rtabmap_gui[0m
[0.842s] [ 57%] Built target imagesJoiner
[0.842s] [ 57%] Built target euroc_dataset
[0.842s] [ 58%] Built target extractObject
[0.843s] [ 60%] Built target kitti_dataset
[0.843s] [ 60%] Built target camera
[0.843s] [ 61%] Built target stereoEval
[0.843s] [ 61%] Built target recovery
[0.843s] [ 61%] Built target consoleApp
[0.843s] [ 63%] Built target reprocess
[0.843s] [ 63%] Built target rgbd_dataset
[0.843s] [ 64%] Built target detectMoreLoopClosures
[0.843s] [ 65%] Built target info
[0.843s] [ 66%] Built target cleanupLocalGrids
[0.844s] [ 67%] Built target export
[0.844s] [ 68%] Built target globalBundleAdjustment
[0.844s] [ 68%] Built target rtabmap_gui_autogen
[0.844s] [ 68%] Built target lidar_viewer
[0.845s] [ 84%] Built target rtabmap_gui
[0.845s] [ 85%] [34m[1mAutomatic MOC and UIC for target wifi_mapping[0m
[0.845s] [ 86%] [34m[1mAutomatic MOC and UIC for target rgbd_mapping[0m
[0.845s] [ 88%] Built target rtabmap_app
[0.845s] [ 88%] [34m[1mAutomatic MOC and UIC for target lidar_mapping[0m
[0.845s] [ 89%] Built target databaseViewer
[0.845s] [ 90%] Built target matcher
[0.845s] [ 91%] Built target report
[0.845s] [ 92%] Built target dataRecorder
[0.846s] [ 93%] Built target epipolar_geometry
[0.846s] [ 94%] Built target wifi_mapping_autogen
[0.846s] [ 94%] Built target rgbd_camera
[0.847s] [ 94%] Built target odometryViewer
[0.847s] [ 95%] [34m[1mAutomatic MOC and UIC for target noEventsExample[0m
[0.848s] [ 95%] Built target bow_mapping
[0.848s] [ 96%] Built target calibration
[0.848s] [ 96%] Built target rgbd_mapping_autogen
[0.848s] [ 96%] Built target lidar_mapping_autogen
[0.848s] [ 96%] Built target noEventsExample_autogen
[0.852s] [ 97%] Built target wifi_mapping
[0.866s] [ 98%] Built target rgbd_mapping
[0.873s] [ 99%] Built target lidar_mapping
[0.896s] [100%] Built target noEventsExample
[1.033s] Invoked command in '/home/brace/codeSpace/navi/build/rtabmap' returned '0': CMAKE_PREFIX_PATH=${CMAKE_PREFIX_PATH}:/home/brace/codeSpace/navi/install/rtabmap_python:/home/brace/codeSpace/navi/install/realsense2_ros_mqtt_bridge:/opt/ros/humble /usr/bin/cmake --build /home/brace/codeSpace/navi/build/rtabmap -- -j16 -l16
[1.038s] Invoking command in '/home/brace/codeSpace/navi/build/rtabmap': CMAKE_PREFIX_PATH=${CMAKE_PREFIX_PATH}:/home/brace/codeSpace/navi/install/rtabmap_python:/home/brace/codeSpace/navi/install/realsense2_ros_mqtt_bridge:/opt/ros/humble /usr/bin/cmake --install /home/brace/codeSpace/navi/build/rtabmap
[1.081s] -- Install configuration: "Release"
[1.082s] -- Up-to-date: /home/brace/codeSpace/navi/install/rtabmap/lib/librtabmap_utilite.so.0.23.4
[1.082s] -- Up-to-date: /home/brace/codeSpace/navi/install/rtabmap/lib/librtabmap_utilite.so.0.23
[1.082s] -- Up-to-date: /home/brace/codeSpace/navi/install/rtabmap/lib/librtabmap_utilite.so
[1.082s] -- Up-to-date: /home/brace/codeSpace/navi/install/rtabmap/include/rtabmap-0.23/rtabmap
[1.082s] -- Up-to-date: /home/brace/codeSpace/navi/install/rtabmap/include/rtabmap-0.23/rtabmap/utilite
[1.082s] -- Up-to-date: /home/brace/codeSpace/navi/install/rtabmap/include/rtabmap-0.23/rtabmap/utilite/Posix
[1.083s] -- Up-to-date: /home/brace/codeSpace/navi/install/rtabmap/include/rtabmap-0.23/rtabmap/utilite/Posix/UThreadC.h
[1.084s] -- Up-to-date: /home/brace/codeSpace/navi/install/rtabmap/include/rtabmap-0.23/rtabmap/utilite/UtiLite.h
[1.085s] -- Up-to-date: /home/brace/codeSpace/navi/install/rtabmap/include/rtabmap-0.23/rtabmap/utilite/USemaphore.h
[1.086s] -- Up-to-date: /home/brace/codeSpace/navi/install/rtabmap/include/rtabmap-0.23/rtabmap/utilite/Win32
[1.086s] -- Up-to-date: /home/brace/codeSpace/navi/install/rtabmap/include/rtabmap-0.23/rtabmap/utilite/Win32/UWin32.h
[1.086s] -- Up-to-date: /home/brace/codeSpace/navi/install/rtabmap/include/rtabmap-0.23/rtabmap/utilite/Win32/UThreadC.h
[1.086s] -- Up-to-date: /home/brace/codeSpace/navi/install/rtabmap/include/rtabmap-0.23/rtabmap/utilite/UException.h
[1.087s] -- Up-to-date: /home/brace/codeSpace/navi/install/rtabmap/include/rtabmap-0.23/rtabmap/utilite/UEventsSender.h
[1.087s] -- Up-to-date: /home/brace/codeSpace/navi/install/rtabmap/include/rtabmap-0.23/rtabmap/utilite/UTimer.h
[1.088s] -- Up-to-date: /home/brace/codeSpace/navi/install/rtabmap/include/rtabmap-0.23/rtabmap/utilite/UMutex.h
[1.088s] -- Up-to-date: /home/brace/codeSpace/navi/install/rtabmap/include/rtabmap-0.23/rtabmap/utilite/UVariant.h
[1.088s] -- Up-to-date: /home/brace/codeSpace/navi/install/rtabmap/include/rtabmap-0.23/rtabmap/utilite/ULogger.h
[1.088s] -- Up-to-date: /home/brace/codeSpace/navi/install/rtabmap/include/rtabmap-0.23/rtabmap/utilite/UDirectory.h
[1.088s] -- Up-to-date: /home/brace/codeSpace/navi/install/rtabmap/include/rtabmap-0.23/rtabmap/utilite/UStl.h
[1.088s] -- Up-to-date: /home/brace/codeSpace/navi/install/rtabmap/include/rtabmap-0.23/rtabmap/utilite/UConversion.h
[1.088s] -- Up-to-date: /home/brace/codeSpace/navi/install/rtabmap/include/rtabmap-0.23/rtabmap/utilite/UEventsManager.h
[1.088s] -- Up-to-date: /home/brace/codeSpace/navi/install/rtabmap/include/rtabmap-0.23/rtabmap/utilite/UEvent.h
[1.088s] -- Up-to-date: /home/brace/codeSpace/navi/install/rtabmap/include/rtabmap-0.23/rtabmap/utilite/UProcessInfo.h
[1.089s] -- Up-to-date: /home/brace/codeSpace/navi/install/rtabmap/include/rtabmap-0.23/rtabmap/utilite/UFile.h
[1.089s] -- Up-to-date: /home/brace/codeSpace/navi/install/rtabmap/include/rtabmap-0.23/rtabmap/utilite/UThread.h
[1.092s] -- Up-to-date: /home/brace/codeSpace/navi/install/rtabmap/include/rtabmap-0.23/rtabmap/utilite/UMath.h
[1.093s] -- Up-to-date: /home/brace/codeSpace/navi/install/rtabmap/include/rtabmap-0.23/rtabmap/utilite/UThreadC.h
[1.093s] -- Up-to-date: /home/brace/codeSpace/navi/install/rtabmap/include/rtabmap-0.23/rtabmap/utilite/UThreadNode.h
[1.094s] -- Up-to-date: /home/brace/codeSpace/navi/install/rtabmap/include/rtabmap-0.23/rtabmap/utilite/UDestroyer.h
[1.094s] -- Up-to-date: /home/brace/codeSpace/navi/install/rtabmap/include/rtabmap-0.23/rtabmap/utilite/UEventsHandler.h
[1.094s] -- Up-to-date: /home/brace/codeSpace/navi/install/rtabmap/include/rtabmap-0.23/rtabmap/utilite/UObjDeletionThread.h
[1.094s] -- Up-to-date: /home/brace/codeSpace/navi/install/rtabmap/include/rtabmap-0.23/rtabmap
[1.094s] -- Up-to-date: /home/brace/codeSpace/navi/install/rtabmap/include/rtabmap-0.23/rtabmap/utilite
[1.094s] -- Up-to-date: /home/brace/codeSpace/navi/install/rtabmap/include/rtabmap-0.23/rtabmap/utilite/utilite_export.h
[1.094s] -- Up-to-date: /home/brace/codeSpace/navi/install/rtabmap/lib/rtabmap-0.23/RTABMap_utiliteTargets.cmake
[1.094s] -- Up-to-date: /home/brace/codeSpace/navi/install/rtabmap/lib/rtabmap-0.23/RTABMap_utiliteTargets-release.cmake
[1.094s] -- Up-to-date: /home/brace/codeSpace/navi/install/rtabmap/bin/rtabmap-res_tool-0.3.0
[1.095s] -- Up-to-date: /home/brace/codeSpace/navi/install/rtabmap/bin/rtabmap-res_tool
[1.095s] -- Up-to-date: /home/brace/codeSpace/navi/install/rtabmap/lib/librtabmap_core.so.0.23.4
[1.095s] -- Up-to-date: /home/brace/codeSpace/navi/install/rtabmap/lib/librtabmap_core.so.0.23
[1.095s] -- Up-to-date: /home/brace/codeSpace/navi/install/rtabmap/lib/librtabmap_core.so
[1.095s] -- Up-to-date: /home/brace/codeSpace/navi/install/rtabmap/include/rtabmap-0.23/rtabmap
[1.095s] -- Up-to-date: /home/brace/codeSpace/navi/install/rtabmap/include/rtabmap-0.23/rtabmap/core
[1.095s] -- Up-to-date: /home/brace/codeSpace/navi/install/rtabmap/include/rtabmap-0.23/rtabmap/core/GlobalDescriptorExtractor.h
[1.095s] -- Up-to-date: /home/brace/codeSpace/navi/install/rtabmap/include/rtabmap-0.23/rtabmap/core/RegistrationInfo.h
[1.097s] -- Up-to-date: /home/brace/codeSpace/navi/install/rtabmap/include/rtabmap-0.23/rtabmap/core/ProgressState.h
[1.097s] -- Up-to-date: /home/brace/codeSpace/navi/install/rtabmap/include/rtabmap-0.23/rtabmap/core/Optimizer.h
[1.098s] -- Up-to-date: /home/brace/codeSpace/navi/install/rtabmap/include/rtabmap-0.23/rtabmap/core/util3d_registration.h
[1.099s] -- Up-to-date: /home/brace/codeSpace/navi/install/rtabmap/include/rtabmap-0.23/rtabmap/core/global_map
[1.099s] -- Up-to-date: /home/brace/codeSpace/navi/install/rtabmap/include/rtabmap-0.23/rtabmap/core/global_map/OctoMap.h
[1.099s] -- Up-to-date: /home/brace/codeSpace/navi/install/rtabmap/include/rtabmap-0.23/rtabmap/core/global_map/OccupancyGrid.h
[1.100s] -- Up-to-date: /home/brace/codeSpace/navi/install/rtabmap/include/rtabmap-0.23/rtabmap/core/global_map/CloudMap.h
[1.101s] -- Up-to-date: /home/brace/codeSpace/navi/install/rtabmap/include/rtabmap-0.23/rtabmap/core/global_map/GridMap.h
[1.109s] -- Up-to-date: /home/brace/codeSpace/navi/install/rtabmap/include/rtabmap-0.23/rtabmap/core/util3d_filtering.h
[1.110s] -- Up-to-date: /home/brace/codeSpace/navi/install/rtabmap/include/rtabmap-0.23/rtabmap/core/Signature.h
[1.110s] -- Up-to-date: /home/brace/codeSpace/navi/install/rtabmap/include/rtabmap-0.23/rtabmap/core/RtabmapEvent.h
[1.111s] -- Up-to-date: /home/brace/codeSpace/navi/install/rtabmap/include/rtabmap-0.23/rtabmap/core/LaserScan.h
[1.111s] -- Up-to-date: /home/brace/codeSpace/navi/install/rtabmap/include/rtabmap-0.23/rtabmap/core/DBDriverSqlite3.h
[1.111s] -- Up-to-date: /home/brace/codeSpace/navi/install/rtabmap/include/rtabmap-0.23/rtabmap/core/SensorEvent.h
[1.112s] -- Up-to-date: /home/brace/codeSpace/navi/install/rtabmap/include/rtabmap-0.23/rtabmap/core/Features2d.h
[1.112s] -- Up-to-date: /home/brace/codeSpace/navi/install/rtabmap/include/rtabmap-0.23/rtabmap/core/EpipolarGeometry.h
[1.112s] -- Up-to-date: /home/brace/codeSpace/navi/install/rtabmap/include/rtabmap-0.23/rtabmap/core/IMUThread.h
[1.112s] -- Up-to-date: /home/brace/codeSpace/navi/install/rtabmap/include/rtabmap-0.23/rtabmap/core/IMUFilter.h
[1.112s] -- Up-to-date: /home/brace/codeSpace/navi/install/rtabmap/include/rtabmap-0.23/rtabmap/core/LocalGridMaker.h
[1.112s] -- Up-to-date: /home/brace/codeSpace/navi/install/rtabmap/include/rtabmap-0.23/rtabmap/core/OctoMap.h
[1.113s] -- Up-to-date: /home/brace/codeSpace/navi/install/rtabmap/include/rtabmap-0.23/rtabmap/core/Camera.h
[1.113s] -- Up-to-date: /home/brace/codeSpace/navi/install/rtabmap/include/rtabmap-0.23/rtabmap/core/Landmark.h
[1.114s] -- Up-to-date: /home/brace/codeSpace/navi/install/rtabmap/include/rtabmap-0.23/rtabmap/core/CameraModel.h
[1.114s] -- Up-to-date: /home/brace/codeSpace/navi/install/rtabmap/include/rtabmap-0.23/rtabmap/core/util3d_correspondences.h
[1.114s] -- Up-to-date: /home/brace/codeSpace/navi/install/rtabmap/include/rtabmap-0.23/rtabmap/core/Memory.h
[1.114s] -- Up-to-date: /home/brace/codeSpace/navi/install/rtabmap/include/rtabmap-0.23/rtabmap/core/Statistics.h
[1.114s] -- Up-to-date: /home/brace/codeSpace/navi/install/rtabmap/include/rtabmap-0.23/rtabmap/core/CameraInfo.h
[1.115s] -- Up-to-date: /home/brace/codeSpace/navi/install/rtabmap/include/rtabmap-0.23/rtabmap/core/clams
[1.115s] -- Up-to-date: /home/brace/codeSpace/navi/install/rtabmap/include/rtabmap-0.23/rtabmap/core/clams/discrete_depth_distortion_model.h
[1.115s] -- Up-to-date: /home/brace/codeSpace/navi/install/rtabmap/include/rtabmap-0.23/rtabmap/core/clams/frame_projector.h
[1.115s] -- Up-to-date: /home/brace/codeSpace/navi/install/rtabmap/include/rtabmap-0.23/rtabmap/core/clams/slam_calibrator.h
[1.115s] -- Up-to-date: /home/brace/codeSpace/navi/install/rtabmap/include/rtabmap-0.23/rtabmap/core/CameraRGBD.h
[1.115s] -- Up-to-date: /home/brace/codeSpace/navi/install/rtabmap/include/rtabmap-0.23/rtabmap/core/OdometryInfo.h
[1.115s] -- Up-to-date: /home/brace/codeSpace/navi/install/rtabmap/include/rtabmap-0.23/rtabmap/core/SensorData.h
[1.115s] -- Up-to-date: /home/brace/codeSpace/navi/install/rtabmap/include/rtabmap-0.23/rtabmap/core/stereo
[1.116s] -- Up-to-date: /home/brace/codeSpace/navi/install/rtabmap/include/rtabmap-0.23/rtabmap/core/stereo/StereoBM.h
[1.116s] -- Up-to-date: /home/brace/codeSpace/navi/install/rtabmap/include/rtabmap-0.23/rtabmap/core/stereo/stereoRectifyFisheye.h
[1.117s] -- Up-to-date: /home/brace/codeSpace/navi/install/rtabmap/include/rtabmap-0.23/rtabmap/core/stereo/StereoSGBM.h
[1.117s] -- Up-to-date: /home/brace/codeSpace/navi/install/rtabmap/include/rtabmap-0.23/rtabmap/core/StereoCameraModel.h
[1.117s] -- Up-to-date: /home/brace/codeSpace/navi/install/rtabmap/include/rtabmap-0.23/rtabmap/core/util2d.h
[1.117s] -- Up-to-date: /home/brace/codeSpace/navi/install/rtabmap/include/rtabmap-0.23/rtabmap/core/RtabmapThread.h
[1.117s] -- Up-to-date: /home/brace/codeSpace/navi/install/rtabmap/include/rtabmap-0.23/rtabmap/core/GainCompensator.h
[1.117s] -- Up-to-date: /home/brace/codeSpace/navi/install/rtabmap/include/rtabmap-0.23/rtabmap/core/StereoDense.h
[1.118s] -- Up-to-date: /home/brace/codeSpace/navi/install/rtabmap/include/rtabmap-0.23/rtabmap/core/GeodeticCoords.h
[1.118s] -- Up-to-date: /home/brace/codeSpace/navi/install/rtabmap/include/rtabmap-0.23/rtabmap/core/ParticleFilter.h
[1.118s] -- Up-to-date: /home/brace/codeSpace/navi/install/rtabmap/include/rtabmap-0.23/rtabmap/core/Recovery.h
[1.118s] -- Up-to-date: /home/brace/codeSpace/navi/install/rtabmap/include/rtabmap-0.23/rtabmap/core/EnvSensor.h
[1.118s] -- Up-to-date: /home/brace/codeSpace/navi/install/rtabmap/include/rtabmap-0.23/rtabmap/core/CameraEvent.h
[1.118s] -- Up-to-date: /home/brace/codeSpace/navi/install/rtabmap/include/rtabmap-0.23/rtabmap/core/Transform.h
[1.118s] -- Up-to-date: /home/brace/codeSpace/navi/install/rtabmap/include/rtabmap-0.23/rtabmap/core/optimizer
[1.118s] -- Up-to-date: /home/brace/codeSpace/navi/install/rtabmap/include/rtabmap-0.23/rtabmap/core/optimizer/OptimizerGTSAM.h
[1.118s] -- Up-to-date: /home/brace/codeSpace/navi/install/rtabmap/include/rtabmap-0.23/rtabmap/core/optimizer/OptimizerCeres.h
[1.119s] -- Up-to-date: /home/brace/codeSpace/navi/install/rtabmap/include/rtabmap-0.23/rtabmap/core/optimizer/OptimizerG2O.h
[1.119s] -- Up-to-date: /home/brace/codeSpace/navi/install/rtabmap/include/rtabmap-0.23/rtabmap/core/optimizer/OptimizerTORO.h
[1.119s] -- Up-to-date: /home/brace/codeSpace/navi/install/rtabmap/include/rtabmap-0.23/rtabmap/core/optimizer/OptimizerCVSBA.h
[1.119s] -- Up-to-date: /home/brace/codeSpace/navi/install/rtabmap/include/rtabmap-0.23/rtabmap/core/IMU.h
[1.119s] -- Up-to-date: /home/brace/codeSpace/navi/install/rtabmap/include/rtabmap-0.23/rtabmap/core/CameraRGB.h
[1.120s] -- Up-to-date: /home/brace/codeSpace/navi/install/rtabmap/include/rtabmap-0.23/rtabmap/core/ParamEvent.h
[1.120s] -- Up-to-date: /home/brace/codeSpace/navi/install/rtabmap/include/rtabmap-0.23/rtabmap/core/OccupancyGrid.h
[1.120s] -- Up-to-date: /home/brace/codeSpace/navi/install/rtabmap/include/rtabmap-0.23/rtabmap/core/Rtabmap.h
[1.120s] -- Up-to-date: /home/brace/codeSpace/navi/install/rtabmap/include/rtabmap-0.23/rtabmap/core/OdometryEvent.h
[1.120s] -- Up-to-date: /home/brace/codeSpace/navi/install/rtabmap/include/rtabmap-0.23/rtabmap/core/RegistrationVis.h
[1.120s] -- Up-to-date: /home/brace/codeSpace/navi/install/rtabmap/include/rtabmap-0.23/rtabmap/core/util3d_mapping.h
[1.120s] -- Up-to-date: /home/brace/codeSpace/navi/install/rtabmap/include/rtabmap-0.23/rtabmap/core/Parameters.h
[1.120s] -- Up-to-date: /home/brace/codeSpace/navi/install/rtabmap/include/rtabmap-0.23/rtabmap/core/PythonInterface.h
[1.120s] -- Up-to-date: /home/brace/codeSpace/navi/install/rtabmap/include/rtabmap-0.23/rtabmap/core/util3d_surface.h
[1.121s] -- Up-to-date: /home/brace/codeSpace/navi/install/rtabmap/include/rtabmap-0.23/rtabmap/core/MarkerDetector.h
[1.121s] -- Up-to-date: /home/brace/codeSpace/navi/install/rtabmap/include/rtabmap-0.23/rtabmap/core/DBReader.h
[1.121s] -- Up-to-date: /home/brace/codeSpace/navi/install/rtabmap/include/rtabmap-0.23/rtabmap/core/impl
[1.121s] -- Up-to-date: /home/brace/codeSpace/navi/install/rtabmap/include/rtabmap-0.23/rtabmap/core/impl/LocalMapMaker.hpp
[1.121s] -- Up-to-date: /home/brace/codeSpace/navi/install/rtabmap/include/rtabmap-0.23/rtabmap/core/impl/util3d.hpp
[1.122s] -- Up-to-date: /home/brace/codeSpace/navi/install/rtabmap/include/rtabmap-0.23/rtabmap/core/impl/util3d_mapping.hpp
[1.122s] -- Up-to-date: /home/brace/codeSpace/navi/install/rtabmap/include/rtabmap-0.23/rtabmap/core/impl/util3d_surface.hpp
[1.122s] -- Up-to-date: /home/brace/codeSpace/navi/install/rtabmap/include/rtabmap-0.23/rtabmap/core/FlannIndex.h
[1.122s] -- Up-to-date: /home/brace/codeSpace/navi/install/rtabmap/include/rtabmap-0.23/rtabmap/core/rvl_codec.h
[1.122s] -- Up-to-date: /home/brace/codeSpace/navi/install/rtabmap/include/rtabmap-0.23/rtabmap/core/Registration.h
[1.122s] -- Up-to-date: /home/brace/codeSpace/navi/install/rtabmap/include/rtabmap-0.23/rtabmap/core/util3d_motion_estimation.h
[1.122s] -- Up-to-date: /home/brace/codeSpace/navi/install/rtabmap/include/rtabmap-0.23/rtabmap/core/SensorCapture.h
[1.122s] -- Up-to-date: /home/brace/codeSpace/navi/install/rtabmap/include/rtabmap-0.23/rtabmap/core/lidar
[1.122s] -- Up-to-date: /home/brace/codeSpace/navi/install/rtabmap/include/rtabmap-0.23/rtabmap/core/lidar/LidarVLP16.h
[1.123s] -- Up-to-date: /home/brace/codeSpace/navi/install/rtabmap/include/rtabmap-0.23/rtabmap/core/util3d.h
[1.123s] -- Up-to-date: /home/brace/codeSpace/navi/install/rtabmap/include/rtabmap-0.23/rtabmap/core/LASWriter.h
[1.123s] -- Up-to-date: /home/brace/codeSpace/navi/install/rtabmap/include/rtabmap-0.23/rtabmap/core/Image.h
[1.123s] -- Up-to-date: /home/brace/codeSpace/navi/install/rtabmap/include/rtabmap-0.23/rtabmap/core/camera
[1.123s] -- Up-to-date: /home/brace/codeSpace/navi/install/rtabmap/include/rtabmap-0.23/rtabmap/core/camera/CameraStereoVideo.h
[1.123s] -- Up-to-date: /home/brace/codeSpace/navi/install/rtabmap/include/rtabmap-0.23/rtabmap/core/camera/CameraStereoFlyCapture2.h
[1.123s] -- Up-to-date: /home/brace/codeSpace/navi/install/rtabmap/include/rtabmap-0.23/rtabmap/core/camera/CameraImages.h
[1.124s] -- Up-to-date: /home/brace/codeSpace/navi/install/rtabmap/include/rtabmap-0.23/rtabmap/core/camera/CameraMyntEye.h
[1.124s] -- Up-to-date: /home/brace/codeSpace/navi/install/rtabmap/include/rtabmap-0.23/rtabmap/core/camera/CameraK4W2.h
[1.125s] -- Up-to-date: /home/brace/codeSpace/navi/install/rtabmap/include/rtabmap-0.23/rtabmap/core/camera/CameraStereoDC1394.h
[1.126s] -- Up-to-date: /home/brace/codeSpace/navi/install/rtabmap/include/rtabmap-0.23/rtabmap/core/camera/CameraFreenect2.h
[1.126s] -- Up-to-date: /home/brace/codeSpace/navi/install/rtabmap/include/rtabmap-0.23/rtabmap/core/camera/CameraStereoImages.h
[1.126s] -- Up-to-date: /home/brace/codeSpace/navi/install/rtabmap/include/rtabmap-0.23/rtabmap/core/camera/CameraFreenect.h
[1.127s] -- Up-to-date: /home/brace/codeSpace/navi/install/rtabmap/include/rtabmap-0.23/rtabmap/core/camera/CameraOrbbecSDK.h
[1.127s] -- Up-to-date: /home/brace/codeSpace/navi/install/rtabmap/include/rtabmap-0.23/rtabmap/core/camera/CameraStereoZed.h
[1.127s] -- Up-to-date: /home/brace/codeSpace/navi/install/rtabmap/include/rtabmap-0.23/rtabmap/core/camera/CameraRealSense.h
[1.127s] -- Up-to-date: /home/brace/codeSpace/navi/install/rtabmap/include/rtabmap-0.23/rtabmap/core/camera/CameraStereoTara.h
[1.127s] -- Up-to-date: /home/brace/codeSpace/navi/install/rtabmap/include/rtabmap-0.23/rtabmap/core/camera/CameraVideo.h
[1.127s] -- Up-to-date: /home/brace/codeSpace/navi/install/rtabmap/include/rtabmap-0.23/rtabmap/core/camera/CameraRealSense2.h
[1.127s] -- Up-to-date: /home/brace/codeSpace/navi/install/rtabmap/include/rtabmap-0.23/rtabmap/core/camera/CameraDepthAI.h
[1.127s] -- Up-to-date: /home/brace/codeSpace/navi/install/rtabmap/include/rtabmap-0.23/rtabmap/core/camera/CameraK4A.h
[1.127s] -- Up-to-date: /home/brace/codeSpace/navi/install/rtabmap/include/rtabmap-0.23/rtabmap/core/camera/CameraStereoZedOC.h
[1.127s] -- Up-to-date: /home/brace/codeSpace/navi/install/rtabmap/include/rtabmap-0.23/rtabmap/core/camera/CameraOpenni.h
[1.128s] -- Up-to-date: /home/brace/codeSpace/navi/install/rtabmap/include/rtabmap-0.23/rtabmap/core/camera/CameraOpenNI2.h
[1.128s] -- Up-to-date: /home/brace/codeSpace/navi/install/rtabmap/include/rtabmap-0.23/rtabmap/core/camera/CameraRGBDImages.h
[1.128s] -- Up-to-date: /home/brace/codeSpace/navi/install/rtabmap/include/rtabmap-0.23/rtabmap/core/camera/CameraOpenNICV.h
[1.128s] -- Up-to-date: /home/brace/codeSpace/navi/install/rtabmap/include/rtabmap-0.23/rtabmap/core/camera/CameraSeerSense.h
[1.128s] -- Up-to-date: /home/brace/codeSpace/navi/install/rtabmap/include/rtabmap-0.23/rtabmap/core/util3d_features.h
[1.128s] -- Up-to-date: /home/brace/codeSpace/navi/install/rtabmap/include/rtabmap-0.23/rtabmap/core/VWDictionary.h
[1.128s] -- Up-to-date: /home/brace/codeSpace/navi/install/rtabmap/include/rtabmap-0.23/rtabmap/core/GlobalDescriptor.h
[1.128s] -- Up-to-date: /home/brace/codeSpace/navi/install/rtabmap/include/rtabmap-0.23/rtabmap/core/GlobalMap.h
[1.128s] -- Up-to-date: /home/brace/codeSpace/navi/install/rtabmap/include/rtabmap-0.23/rtabmap/core/Graph.h
[1.128s] -- Up-to-date: /home/brace/codeSpace/navi/install/rtabmap/include/rtabmap-0.23/rtabmap/core/GPS.h
[1.128s] -- Up-to-date: /home/brace/codeSpace/navi/install/rtabmap/include/rtabmap-0.23/rtabmap/core/RegistrationIcp.h
[1.128s] -- Up-to-date: /home/brace/codeSpace/navi/install/rtabmap/include/rtabmap-0.23/rtabmap/core/Stereo.h
[1.128s] -- Up-to-date: /home/brace/codeSpace/navi/install/rtabmap/include/rtabmap-0.23/rtabmap/core/LocalGrid.h
[1.129s] -- Up-to-date: /home/brace/codeSpace/navi/install/rtabmap/include/rtabmap-0.23/rtabmap/core/CameraStereo.h
[1.129s] -- Up-to-date: /home/brace/codeSpace/navi/install/rtabmap/include/rtabmap-0.23/rtabmap/core/BayesFilter.h
[1.129s] -- Up-to-date: /home/brace/codeSpace/navi/install/rtabmap/include/rtabmap-0.23/rtabmap/core/OdometryThread.h
[1.129s] -- Up-to-date: /home/brace/codeSpace/navi/install/rtabmap/include/rtabmap-0.23/rtabmap/core/Compression.h
[1.129s] -- Up-to-date: /home/brace/codeSpace/navi/install/rtabmap/include/rtabmap-0.23/rtabmap/core/PDALWriter.h
[1.129s] -- Up-to-date: /home/brace/codeSpace/navi/install/rtabmap/include/rtabmap-0.23/rtabmap/core/odometry
[1.129s] -- Up-to-date: /home/brace/codeSpace/navi/install/rtabmap/include/rtabmap-0.23/rtabmap/core/odometry/OdometryORBSLAM3.h
[1.129s] -- Up-to-date: /home/brace/codeSpace/navi/install/rtabmap/include/rtabmap-0.23/rtabmap/core/odometry/OdometryFovis.h
[1.129s] -- Up-to-date: /home/brace/codeSpace/navi/install/rtabmap/include/rtabmap-0.23/rtabmap/core/odometry/OdometryORBSLAM2.h
[1.129s] -- Up-to-date: /home/brace/codeSpace/navi/install/rtabmap/include/rtabmap-0.23/rtabmap/core/odometry/OdometryF2M.h
[1.129s] -- Up-to-date: /home/brace/codeSpace/navi/install/rtabmap/include/rtabmap-0.23/rtabmap/core/odometry/OdometryMSCKF.h
[1.129s] -- Up-to-date: /home/brace/codeSpace/navi/install/rtabmap/include/rtabmap-0.23/rtabmap/core/odometry/OdometryVINSFusion.h
[1.130s] -- Up-to-date: /home/brace/codeSpace/navi/install/rtabmap/include/rtabmap-0.23/rtabmap/core/odometry/OdometryOpen3D.h
[1.130s] -- Up-to-date: /home/brace/codeSpace/navi/install/rtabmap/include/rtabmap-0.23/rtabmap/core/odometry/OdometryVINS.h
[1.130s] -- Up-to-date: /home/brace/codeSpace/navi/install/rtabmap/include/rtabmap-0.23/rtabmap/core/odometry/OdometryDVO.h
[1.130s] -- Up-to-date: /home/brace/codeSpace/navi/install/rtabmap/include/rtabmap-0.23/rtabmap/core/odometry/OdometryLOAM.h
[1.130s] -- Up-to-date: /home/brace/codeSpace/navi/install/rtabmap/include/rtabmap-0.23/rtabmap/core/odometry/OdometryViso2.h
[1.130s] -- Up-to-date: /home/brace/codeSpace/navi/install/rtabmap/include/rtabmap-0.23/rtabmap/core/odometry/OdometryOkvis.h
[1.130s] -- Up-to-date: /home/brace/codeSpace/navi/install/rtabmap/include/rtabmap-0.23/rtabmap/core/odometry/OdometryFLOAM.h
[1.130s] -- Up-to-date: /home/brace/codeSpace/navi/install/rtabmap/include/rtabmap-0.23/rtabmap/core/odometry/OdometryCuVSLAM.h
[1.131s] -- Up-to-date: /home/brace/codeSpace/navi/install/rtabmap/include/rtabmap-0.23/rtabmap/core/odometry/OdometryMono.h
[1.131s] -- Up-to-date: /home/brace/codeSpace/navi/install/rtabmap/include/rtabmap-0.23/rtabmap/core/odometry/OdometryOpenVINS.h
[1.131s] -- Up-to-date: /home/brace/codeSpace/navi/install/rtabmap/include/rtabmap-0.23/rtabmap/core/odometry/OdometryF2F.h
[1.131s] -- Up-to-date: /home/brace/codeSpace/navi/install/rtabmap/include/rtabmap-0.23/rtabmap/core/VisualWord.h
[1.132s] -- Up-to-date: /home/brace/codeSpace/navi/install/rtabmap/include/rtabmap-0.23/rtabmap/core/UserDataEvent.h
[1.132s] -- Up-to-date: /home/brace/codeSpace/navi/install/rtabmap/include/rtabmap-0.23/rtabmap/core/CameraThread.h
[1.132s] -- Up-to-date: /home/brace/codeSpace/navi/install/rtabmap/include/rtabmap-0.23/rtabmap/core/util3d_transforms.h
[1.132s] -- Up-to-date: /home/brace/codeSpace/navi/install/rtabmap/include/rtabmap-0.23/rtabmap/core/DBDriver.h
[1.132s] -- Up-to-date: /home/brace/codeSpace/navi/install/rtabmap/include/rtabmap-0.23/rtabmap/core/SensorCaptureInfo.h
[1.133s] -- Up-to-date: /home/brace/codeSpace/navi/install/rtabmap/include/rtabmap-0.23/rtabmap/core/Odometry.h
[1.133s] -- Up-to-date: /home/brace/codeSpace/navi/install/rtabmap/include/rtabmap-0.23/rtabmap/core/Lidar.h
[1.133s] -- Up-to-date: /home/brace/codeSpace/navi/install/rtabmap/include/rtabmap-0.23/rtabmap/core/Link.h
[1.133s] -- Up-to-date: /home/brace/codeSpace/navi/install/rtabmap/include/rtabmap-0.23/rtabmap/core/SensorCaptureThread.h
[1.133s] -- Up-to-date: /home/brace/codeSpace/navi/install/rtabmap/include/rtabmap-0.23/rtabmap
[1.133s] -- Up-to-date: /home/brace/codeSpace/navi/install/rtabmap/include/rtabmap-0.23/rtabmap/core
[1.134s] -- Up-to-date: /home/brace/codeSpace/navi/install/rtabmap/include/rtabmap-0.23/rtabmap/core/rtabmap_core_export.h
[1.134s] -- Up-to-date: /home/brace/codeSpace/navi/install/rtabmap/include/rtabmap-0.23/rtabmap/core/Version.h
[1.134s] -- Up-to-date: /home/brace/codeSpace/navi/install/rtabmap/lib/rtabmap-0.23/RTABMap_coreTargets.cmake
[1.135s] -- Up-to-date: /home/brace/codeSpace/navi/install/rtabmap/lib/rtabmap-0.23/RTABMap_coreTargets-release.cmake
[1.135s] -- Up-to-date: /home/brace/codeSpace/navi/install/rtabmap/lib/librtabmap_gui.so.0.23.4
[1.135s] -- Up-to-date: /home/brace/codeSpace/navi/install/rtabmap/lib/librtabmap_gui.so.0.23
[1.136s] -- Up-to-date: /home/brace/codeSpace/navi/install/rtabmap/lib/librtabmap_gui.so
[1.136s] -- Up-to-date: /home/brace/codeSpace/navi/install/rtabmap/include/rtabmap-0.23/rtabmap
[1.136s] -- Up-to-date: /home/brace/codeSpace/navi/install/rtabmap/include/rtabmap-0.23/rtabmap/utilite
[1.137s] -- Up-to-date: /home/brace/codeSpace/navi/install/rtabmap/include/rtabmap-0.23/rtabmap/utilite/UCv2Qt.h
[1.137s] -- Up-to-date: /home/brace/codeSpace/navi/install/rtabmap/include/rtabmap-0.23/rtabmap/utilite/UPlot.h
[1.137s] -- Up-to-date: /home/brace/codeSpace/navi/install/rtabmap/include/rtabmap-0.23/rtabmap/utilite/UImageView.h
[1.137s] -- Up-to-date: /home/brace/codeSpace/navi/install/rtabmap/include/rtabmap-0.23/rtabmap/gui
[1.137s] -- Up-to-date: /home/brace/codeSpace/navi/install/rtabmap/include/rtabmap-0.23/rtabmap/gui/LoopClosureViewer.h
[1.137s] -- Up-to-date: /home/brace/codeSpace/navi/install/rtabmap/include/rtabmap-0.23/rtabmap/gui/MapVisibilityWidget.h
[1.138s] -- Up-to-date: /home/brace/codeSpace/navi/install/rtabmap/include/rtabmap-0.23/rtabmap/gui/EditConstraintDialog.h
[1.138s] -- Up-to-date: /home/brace/codeSpace/navi/install/rtabmap/include/rtabmap-0.23/rtabmap/gui/ProgressDialog.h
[1.138s] -- Up-to-date: /home/brace/codeSpace/navi/install/rtabmap/include/rtabmap-0.23/rtabmap/gui/StatsToolBox.h
[1.138s] -- Up-to-date: /home/brace/codeSpace/navi/install/rtabmap/include/rtabmap-0.23/rtabmap/gui/ExportBundlerDialog.h
[1.138s] -- Up-to-date: /home/brace/codeSpace/navi/install/rtabmap/include/rtabmap-0.23/rtabmap/gui/CloudViewerCellPicker.h
[1.138s] -- Up-to-date: /home/brace/codeSpace/navi/install/rtabmap/include/rtabmap-0.23/rtabmap/gui/ConsoleWidget.h
[1.138s] -- Up-to-date: /home/brace/codeSpace/navi/install/rtabmap/include/rtabmap-0.23/rtabmap/gui/LinkRefiningDialog.h
[1.138s] -- Up-to-date: /home/brace/codeSpace/navi/install/rtabmap/include/rtabmap-0.23/rtabmap/gui/MultiSessionLocSubView.h
[1.139s] -- Up-to-date: /home/brace/codeSpace/navi/install/rtabmap/include/rtabmap-0.23/rtabmap/gui/AboutDialog.h
[1.139s] -- Up-to-date: /home/brace/codeSpace/navi/install/rtabmap/include/rtabmap-0.23/rtabmap/gui/PreferencesDialog.h
[1.139s] -- Up-to-date: /home/brace/codeSpace/navi/install/rtabmap/include/rtabmap-0.23/rtabmap/gui/PointCloudColorHandlerIntensityField.h
[1.139s] -- Up-to-date: /home/brace/codeSpace/navi/install/rtabmap/include/rtabmap-0.23/rtabmap/gui/ParametersToolBox.h
[1.139s] -- Up-to-date: /home/brace/codeSpace/navi/install/rtabmap/include/rtabmap-0.23/rtabmap/gui/MultiSessionLocWidget.h
[1.139s] -- Up-to-date: /home/brace/codeSpace/navi/install/rtabmap/include/rtabmap-0.23/rtabmap/gui/PostProcessingDialog.h
[1.140s] -- Up-to-date: /home/brace/codeSpace/navi/install/rtabmap/include/rtabmap-0.23/rtabmap/gui/OdometryViewer.h
[1.140s] -- Up-to-date: /home/brace/codeSpace/navi/install/rtabmap/include/rtabmap-0.23/rtabmap/gui/GraphViewer.h
[1.140s] -- Up-to-date: /home/brace/codeSpace/navi/install/rtabmap/include/rtabmap-0.23/rtabmap/gui/MainWindow.h
[1.140s] -- Up-to-date: /home/brace/codeSpace/navi/install/rtabmap/include/rtabmap-0.23/rtabmap/gui/CameraViewer.h
[1.140s] -- Up-to-date: /home/brace/codeSpace/navi/install/rtabmap/include/rtabmap-0.23/rtabmap/gui/CreateSimpleCalibrationDialog.h
[1.140s] -- Up-to-date: /home/brace/codeSpace/navi/install/rtabmap/include/rtabmap-0.23/rtabmap/gui/EditDepthArea.h
[1.141s] -- Up-to-date: /home/brace/codeSpace/navi/install/rtabmap/include/rtabmap-0.23/rtabmap/gui/DataRecorder.h
[1.141s] -- Up-to-date: /home/brace/codeSpace/navi/install/rtabmap/include/rtabmap-0.23/rtabmap/gui/ExportCloudsDialog.h
[1.141s] -- Up-to-date: /home/brace/codeSpace/navi/install/rtabmap/include/rtabmap-0.23/rtabmap/gui/ImageView.h
[1.141s] -- Up-to-date: /home/brace/codeSpace/navi/install/rtabmap/include/rtabmap-0.23/rtabmap/gui/EditMapArea.h
[1.141s] -- Up-to-date: /home/brace/codeSpace/navi/install/rtabmap/include/rtabmap-0.23/rtabmap/gui/PointCloudColorHandlerMinMaxGenericField.h
[1.141s] -- Up-to-date: /home/brace/codeSpace/navi/install/rtabmap/include/rtabmap-0.23/rtabmap/gui/CalibrationDialog.h
[1.141s] -- Up-to-date: /home/brace/codeSpace/navi/install/rtabmap/include/rtabmap-0.23/rtabmap/gui/CloudViewer.h
[1.141s] -- Up-to-date: /home/brace/codeSpace/navi/install/rtabmap/include/rtabmap-0.23/rtabmap/gui/RecoveryState.h
[1.142s] -- Up-to-date: /home/brace/codeSpace/navi/install/rtabmap/include/rtabmap-0.23/rtabmap/gui/PdfPlot.h
[1.143s] -- Up-to-date: /home/brace/codeSpace/navi/install/rtabmap/include/rtabmap-0.23/rtabmap/gui/ExportDialog.h
[1.143s] -- Up-to-date: /home/brace/codeSpace/navi/install/rtabmap/include/rtabmap-0.23/rtabmap/gui/KeypointItem.h
[1.144s] -- Up-to-date: /home/brace/codeSpace/navi/install/rtabmap/include/rtabmap-0.23/rtabmap/gui/CloudViewerInteractorStyle.h
[1.144s] -- Up-to-date: /home/brace/codeSpace/navi/install/rtabmap/include/rtabmap-0.23/rtabmap/gui/TexturingState.h
[1.144s] -- Up-to-date: /home/brace/codeSpace/navi/install/rtabmap/include/rtabmap-0.23/rtabmap/gui/DepthCalibrationDialog.h
[1.144s] -- Up-to-date: /home/brace/codeSpace/navi/install/rtabmap/include/rtabmap-0.23/rtabmap/gui/DatabaseViewer.h
[1.145s] -- Up-to-date: /home/brace/codeSpace/navi/install/rtabmap/include/rtabmap-0.23/rtabmap
[1.145s] -- Up-to-date: /home/brace/codeSpace/navi/install/rtabmap/include/rtabmap-0.23/rtabmap/gui
[1.146s] -- Up-to-date: /home/brace/codeSpace/navi/install/rtabmap/include/rtabmap-0.23/rtabmap/gui/rtabmap_gui_export.h
[1.147s] -- Up-to-date: /home/brace/codeSpace/navi/install/rtabmap/lib/rtabmap-0.23/RTABMap_guiTargets.cmake
[1.148s] -- Up-to-date: /home/brace/codeSpace/navi/install/rtabmap/lib/rtabmap-0.23/RTABMap_guiTargets-release.cmake
[1.148s] -- Up-to-date: /home/brace/codeSpace/navi/install/rtabmap/bin/rtabmap
[1.148s] -- Up-to-date: /home/brace/codeSpace/navi/install/rtabmap/bin/rtabmap-console
[1.150s] -- Up-to-date: /home/brace/codeSpace/navi/install/rtabmap/bin/rtabmap-extractObject
[1.150s] -- Up-to-date: /home/brace/codeSpace/navi/install/rtabmap/bin/rtabmap-camera
[1.150s] -- Up-to-date: /home/brace/codeSpace/navi/install/rtabmap/bin/rtabmap-kitti_dataset
[1.150s] -- Up-to-date: /home/brace/codeSpace/navi/install/rtabmap/bin/rtabmap-rgbd_dataset
[1.150s] -- Up-to-date: /home/brace/codeSpace/navi/install/rtabmap/bin/rtabmap-euroc_dataset
[1.151s] -- Up-to-date: /home/brace/codeSpace/navi/install/rtabmap/bin/rtabmap-recovery
[1.158s] -- Up-to-date: /home/brace/codeSpace/navi/install/rtabmap/bin/rtabmap-reprocess
[1.161s] -- Up-to-date: /home/brace/codeSpace/navi/install/rtabmap/bin/rtabmap-detectMoreLoopClosures
[1.161s] -- Up-to-date: /home/brace/codeSpace/navi/install/rtabmap/bin/rtabmap-export
[1.161s] -- Up-to-date: /home/brace/codeSpace/navi/install/rtabmap/bin/rtabmap-report
[1.161s] -- Up-to-date: /home/brace/codeSpace/navi/install/rtabmap/bin/rtabmap-info
[1.161s] -- Up-to-date: /home/brace/codeSpace/navi/install/rtabmap/bin/rtabmap-cleanupLocalGrids
[1.161s] -- Up-to-date: /home/brace/codeSpace/navi/install/rtabmap/bin/rtabmap-globalBundleAdjustment
[1.161s] -- Up-to-date: /home/brace/codeSpace/navi/install/rtabmap/bin/rtabmap-rgbd_camera
[1.162s] -- Up-to-date: /home/brace/codeSpace/navi/install/rtabmap/bin/rtabmap-lidar_viewer
[1.162s] -- Up-to-date: /home/brace/codeSpace/navi/install/rtabmap/bin/rtabmap-databaseViewer
[1.162s] -- Up-to-date: /home/brace/codeSpace/navi/install/rtabmap/bin/rtabmap-odometryViewer
[1.162s] -- Up-to-date: /home/brace/codeSpace/navi/install/rtabmap/bin/rtabmap-dataRecorder
[1.162s] -- Up-to-date: /home/brace/codeSpace/navi/install/rtabmap/bin/rtabmap-calibration
[1.163s] -- Up-to-date: /home/brace/codeSpace/navi/install/rtabmap/lib/rtabmap-0.23/RTABMapTargets.cmake
[1.163s] -- Up-to-date: /home/brace/codeSpace/navi/install/rtabmap/lib/rtabmap-0.23/RTABMapConfig.cmake
[1.164s] -- Up-to-date: /home/brace/codeSpace/navi/install/rtabmap/lib/rtabmap-0.23/RTABMapConfigVersion.cmake
[1.167s] -- Up-to-date: /home/brace/codeSpace/navi/install/rtabmap/share/rtabmap/package.xml
[1.172s] Invoked command in '/home/brace/codeSpace/navi/build/rtabmap' returned '0': CMAKE_PREFIX_PATH=${CMAKE_PREFIX_PATH}:/home/brace/codeSpace/navi/install/rtabmap_python:/home/brace/codeSpace/navi/install/realsense2_ros_mqtt_bridge:/opt/ros/humble /usr/bin/cmake --install /home/brace/codeSpace/navi/build/rtabmap
