[0.025s] Invoking command in '/home/brace/codeSpace/navi/build/rtabmap_launch': CMAKE_PREFIX_PATH=/home/brace/codeSpace/navi/install/rtabmap_viz:/home/brace/codeSpace/navi/install/rtabmap_slam:/home/brace/codeSpace/navi/install/rtabmap_odom:/home/brace/codeSpace/navi/install/rtabmap_util:/home/brace/codeSpace/navi/install/rtabmap_sync:/home/brace/codeSpace/navi/install/rtabmap_rviz_plugins:/home/brace/codeSpace/navi/install/rtabmap_conversions:/home/brace/codeSpace/navi/install/rtabmap_msgs:/home/brace/codeSpace/navi/install/rtabmap:/home/brace/codeSpace/navi/install/rtabmap_ros:/home/brace/codeSpace/navi/install/rtabmap_launch:/home/brace/codeSpace/navi/install/rtabmap_examples:/home/brace/codeSpace/navi/install/rtabmap_demos:/home/brace/codeSpace/navi/install/realsense2_rviz_plugin:/home/brace/codeSpace/navi/install/realsense2_description:/home/brace/codeSpace/navi/install/rtabmap_python:/home/brace/codeSpace/navi/install/realsense2_ros_mqtt_bridge:/opt/ros/humble /usr/bin/cmake --build /home/brace/codeSpace/navi/build/rtabmap_launch -- -j16 -l16
[0.061s] Invoked command in '/home/brace/codeSpace/navi/build/rtabmap_launch' returned '0': CMAKE_PREFIX_PATH=/home/brace/codeSpace/navi/install/rtabmap_viz:/home/brace/codeSpace/navi/install/rtabmap_slam:/home/brace/codeSpace/navi/install/rtabmap_odom:/home/brace/codeSpace/navi/install/rtabmap_util:/home/brace/codeSpace/navi/install/rtabmap_sync:/home/brace/codeSpace/navi/install/rtabmap_rviz_plugins:/home/brace/codeSpace/navi/install/rtabmap_conversions:/home/brace/codeSpace/navi/install/rtabmap_msgs:/home/brace/codeSpace/navi/install/rtabmap:/home/brace/codeSpace/navi/install/rtabmap_ros:/home/brace/codeSpace/navi/install/rtabmap_launch:/home/brace/codeSpace/navi/install/rtabmap_examples:/home/brace/codeSpace/navi/install/rtabmap_demos:/home/brace/codeSpace/navi/install/realsense2_rviz_plugin:/home/brace/codeSpace/navi/install/realsense2_description:/home/brace/codeSpace/navi/install/rtabmap_python:/home/brace/codeSpace/navi/install/realsense2_ros_mqtt_bridge:/opt/ros/humble /usr/bin/cmake --build /home/brace/codeSpace/navi/build/rtabmap_launch -- -j16 -l16
[0.064s] Invoking command in '/home/brace/codeSpace/navi/build/rtabmap_launch': CMAKE_PREFIX_PATH=/home/brace/codeSpace/navi/install/rtabmap_viz:/home/brace/codeSpace/navi/install/rtabmap_slam:/home/brace/codeSpace/navi/install/rtabmap_odom:/home/brace/codeSpace/navi/install/rtabmap_util:/home/brace/codeSpace/navi/install/rtabmap_sync:/home/brace/codeSpace/navi/install/rtabmap_rviz_plugins:/home/brace/codeSpace/navi/install/rtabmap_conversions:/home/brace/codeSpace/navi/install/rtabmap_msgs:/home/brace/codeSpace/navi/install/rtabmap:/home/brace/codeSpace/navi/install/rtabmap_ros:/home/brace/codeSpace/navi/install/rtabmap_launch:/home/brace/codeSpace/navi/install/rtabmap_examples:/home/brace/codeSpace/navi/install/rtabmap_demos:/home/brace/codeSpace/navi/install/realsense2_rviz_plugin:/home/brace/codeSpace/navi/install/realsense2_description:/home/brace/codeSpace/navi/install/rtabmap_python:/home/brace/codeSpace/navi/install/realsense2_ros_mqtt_bridge:/opt/ros/humble /usr/bin/cmake --install /home/brace/codeSpace/navi/build/rtabmap_launch
[0.076s] -- Install configuration: "Release"
[0.077s] -- Execute custom install script
[0.077s] -- Up-to-date symlink: /home/brace/codeSpace/navi/install/rtabmap_launch/share/rtabmap_launch/launch/config/rgbd.rviz
[0.077s] -- Up-to-date symlink: /home/brace/codeSpace/navi/install/rtabmap_launch/share/rtabmap_launch/launch/rtabmap.launch.py
[0.078s] -- Up-to-date symlink: /home/brace/codeSpace/navi/install/rtabmap_launch/share/ament_index/resource_index/package_run_dependencies/rtabmap_launch
[0.078s] -- Up-to-date symlink: /home/brace/codeSpace/navi/install/rtabmap_launch/share/ament_index/resource_index/parent_prefix_path/rtabmap_launch
[0.078s] -- Up-to-date symlink: /home/brace/codeSpace/navi/install/rtabmap_launch/share/rtabmap_launch/environment/ament_prefix_path.sh
[0.079s] -- Up-to-date symlink: /home/brace/codeSpace/navi/install/rtabmap_launch/share/rtabmap_launch/environment/ament_prefix_path.dsv
[0.079s] -- Up-to-date symlink: /home/brace/codeSpace/navi/install/rtabmap_launch/share/rtabmap_launch/environment/path.sh
[0.079s] -- Up-to-date symlink: /home/brace/codeSpace/navi/install/rtabmap_launch/share/rtabmap_launch/environment/path.dsv
[0.080s] -- Up-to-date symlink: /home/brace/codeSpace/navi/install/rtabmap_launch/share/rtabmap_launch/local_setup.bash
[0.080s] -- Up-to-date symlink: /home/brace/codeSpace/navi/install/rtabmap_launch/share/rtabmap_launch/local_setup.sh
[0.080s] -- Up-to-date symlink: /home/brace/codeSpace/navi/install/rtabmap_launch/share/rtabmap_launch/local_setup.zsh
[0.081s] -- Up-to-date symlink: /home/brace/codeSpace/navi/install/rtabmap_launch/share/rtabmap_launch/local_setup.dsv
[0.081s] -- Symlinking: /home/brace/codeSpace/navi/install/rtabmap_launch/share/rtabmap_launch/package.dsv
[0.094s] -- Up-to-date symlink: /home/brace/codeSpace/navi/install/rtabmap_launch/share/ament_index/resource_index/packages/rtabmap_launch
[0.094s] -- Up-to-date symlink: /home/brace/codeSpace/navi/install/rtabmap_launch/share/rtabmap_launch/cmake/rtabmap_launchConfig.cmake
[0.095s] -- Up-to-date symlink: /home/brace/codeSpace/navi/install/rtabmap_launch/share/rtabmap_launch/cmake/rtabmap_launchConfig-version.cmake
[0.095s] -- Up-to-date symlink: /home/brace/codeSpace/navi/install/rtabmap_launch/share/rtabmap_launch/package.xml
[0.106s] Invoked command in '/home/brace/codeSpace/navi/build/rtabmap_launch' returned '0': CMAKE_PREFIX_PATH=/home/brace/codeSpace/navi/install/rtabmap_viz:/home/brace/codeSpace/navi/install/rtabmap_slam:/home/brace/codeSpace/navi/install/rtabmap_odom:/home/brace/codeSpace/navi/install/rtabmap_util:/home/brace/codeSpace/navi/install/rtabmap_sync:/home/brace/codeSpace/navi/install/rtabmap_rviz_plugins:/home/brace/codeSpace/navi/install/rtabmap_conversions:/home/brace/codeSpace/navi/install/rtabmap_msgs:/home/brace/codeSpace/navi/install/rtabmap:/home/brace/codeSpace/navi/install/rtabmap_ros:/home/brace/codeSpace/navi/install/rtabmap_launch:/home/brace/codeSpace/navi/install/rtabmap_examples:/home/brace/codeSpace/navi/install/rtabmap_demos:/home/brace/codeSpace/navi/install/realsense2_rviz_plugin:/home/brace/codeSpace/navi/install/realsense2_description:/home/brace/codeSpace/navi/install/rtabmap_python:/home/brace/codeSpace/navi/install/realsense2_ros_mqtt_bridge:/opt/ros/humble /usr/bin/cmake --install /home/brace/codeSpace/navi/build/rtabmap_launch
