[  5%] Built target rtabmap_utilite
[  6%] Built target res_tool
[ 57%] Built target rtabmap_core
[ 57%] Automatic MOC and UIC for target rtabmap_gui
[ 57%] Built target imagesJoiner
[ 57%] Built target consoleApp
[ 58%] Built target kitti_dataset
[ 58%] Built target recovery
[ 59%] Built target camera
[ 59%] Built target euroc_dataset
[ 60%] Built target reprocess
[ 61%] Built target stereoEval
[ 63%] Built target extractObject
[ 62%] Built target export
[ 64%] Built target info
[ 65%] Built target rgbd_dataset
[ 66%] Built target detectMoreLoopClosures
[ 67%] Built target cleanupLocalGrids
[ 68%] Built target globalBundleAdjustment
[ 68%] Built target rtabmap_gui_autogen
[ 68%] Built target lidar_viewer
Consolidate compiler generated dependencies of target rtabmap_gui
[ 84%] Built target rtabmap_gui
Consolidate compiler generated dependencies of target databaseViewer
Consolidate compiler generated dependencies of target rtabmap_app
Consolidate compiler generated dependencies of target bow_mapping
Consolidate compiler generated dependencies of target calibration
Consolidate compiler generated dependencies of target epipolar_geometry
Consolidate compiler generated dependencies of target odometryViewer
Consolidate compiler generated dependencies of target dataRecorder
Consolidate compiler generated dependencies of target matcher
[ 86%] Automatic MOC and UIC for target noEventsExample
[ 86%] Automatic MOC and UIC for target rgbd_mapping
Consolidate compiler generated dependencies of target report
Consolidate compiler generated dependencies of target rgbd_camera
[ 88%] Automatic MOC and UIC for target wifi_mapping
[ 88%] Automatic MOC and UIC for target lidar_mapping
[ 88%] Linking CXX executable ../../bin/rtabmap-calibration
[ 88%] Built target bow_mapping
[ 88%] Linking CXX executable ../../bin/rtabmap-databaseViewer
[ 89%] Linking CXX executable ../../bin/rtabmap
[ 89%] Linking CXX executable ../../bin/rtabmap-dataRecorder
[ 89%] Linking CXX executable ../../bin/rtabmap-matcher
[ 91%] Linking CXX executable ../../bin/rtabmap-epipolar_geometry
[ 91%] Linking CXX executable ../../bin/rtabmap-odometryViewer
[ 91%] Linking CXX executable ../../bin/rtabmap-report
[ 91%] Linking CXX executable ../../bin/rtabmap-rgbd_camera
[ 91%] Built target rgbd_mapping_autogen
[ 91%] Built target noEventsExample_autogen
[ 91%] Built target wifi_mapping_autogen
[ 91%] Built target lidar_mapping_autogen
Consolidate compiler generated dependencies of target noEventsExample
Consolidate compiler generated dependencies of target wifi_mapping
Consolidate compiler generated dependencies of target rgbd_mapping
Consolidate compiler generated dependencies of target lidar_mapping
[ 91%] Linking CXX executable ../../bin/rtabmap-noEventsExample
[ 91%] Linking CXX executable ../../bin/rtabmap-lidar_mapping
[ 91%] Linking CXX executable ../../bin/rtabmap-rgbd_mapping
[ 91%] Linking CXX executable ../../bin/rtabmap-wifi_mapping
