[0.010s] Invoking command in '/home/brace/codeSpace/navi/build/realsense2_camera': AMENT_PREFIX_PATH=/home/brace/codeSpace/navi/install/realsense2_camera_msgs:${AMENT_PREFIX_PATH} CMAKE_PREFIX_PATH=/home/brace/codeSpace/navi/install/realsense2_camera_msgs:/opt/ros/humble LD_LIBRARY_PATH=/home/brace/codeSpace/navi/install/realsense2_camera_msgs/lib:${LD_LIBRARY_PATH} PYTHONPATH=/home/brace/codeSpace/navi/install/realsense2_camera_msgs/local/lib/python3.10/dist-packages:${PYTHONPATH} /usr/bin/cmake /home/brace/codeSpace/navi/src/realsense-ros/realsense2_camera -DCMAKE_INSTALL_PREFIX=/home/brace/codeSpace/navi/install/realsense2_camera
[0.021s] -- Create Release Build.
[0.022s] -- Found ament_cmake: 1.3.12 (/opt/ros/humble/share/ament_cmake/cmake)
[0.139s] -- Found builtin_interfaces: 1.2.2 (/opt/ros/humble/share/builtin_interfaces/cmake)
[0.157s] -- Found rosidl_generator_c: 3.1.7 (/opt/ros/humble/share/rosidl_generator_c/cmake)
[0.158s] -- Found rosidl_adapter: 3.1.7 (/opt/ros/humble/share/rosidl_adapter/cmake)
[0.162s] -- Found rosidl_generator_cpp: 3.1.7 (/opt/ros/humble/share/rosidl_generator_cpp/cmake)
[0.169s] -- Using all available rosidl_typesupport_c: rosidl_typesupport_fastrtps_c;rosidl_typesupport_introspection_c
[0.177s] -- Using all available rosidl_typesupport_cpp: rosidl_typesupport_fastrtps_cpp;rosidl_typesupport_introspection_cpp
[0.185s] -- Found cv_bridge: 3.2.1 (/opt/ros/humble/share/cv_bridge/cmake)
[0.220s] -- Found image_transport: 3.1.12 (/opt/ros/humble/share/image_transport/cmake)
[0.240s] -- Found rmw_implementation_cmake: 6.1.2 (/opt/ros/humble/share/rmw_implementation_cmake/cmake)
[0.241s] -- Found rmw_fastrtps_cpp: 6.2.9 (/opt/ros/humble/share/rmw_fastrtps_cpp/cmake)
[0.322s] -- Using RMW implementation 'rmw_fastrtps_cpp' as default
[0.372s] -- Found rclcpp_action: 16.0.16 (/opt/ros/humble/share/rclcpp_action/cmake)
[0.392s] -- Found rclcpp_components: 16.0.16 (/opt/ros/humble/share/rclcpp_components/cmake)
[0.403s] -- Found realsense2_camera_msgs: 4.57.4 (/home/brace/codeSpace/navi/install/realsense2_camera_msgs/share/realsense2_camera_msgs/cmake)
[0.418s] -- Found std_srvs: 4.9.0 (/opt/ros/humble/share/std_srvs/cmake)
[0.423s] -- Found nav_msgs: 4.9.0 (/opt/ros/humble/share/nav_msgs/cmake)
[0.435s] -- Found tf2_ros: 0.25.17 (/opt/ros/humble/share/tf2_ros/cmake)
[0.456s] -- Found diagnostic_updater: 4.0.6 (/opt/ros/humble/share/diagnostic_updater/cmake)
[0.475s] [33mCMake Warning at CMakeLists.txt:124 (find_package):
[0.475s]   Could not find a configuration file for package "realsense2" that is
[0.475s]   compatible with requested version "2.57.0".
[0.475s] 
[0.475s]   The following configuration files were considered but not accepted:
[0.475s] 
[0.475s]     /opt/ros/humble/lib/x86_64-linux-gnu/cmake/realsense2/realsense2Config.cmake, version: 2.56.4
[0.475s]     /usr/lib/x86_64-linux-gnu/cmake/realsense2/realsense2Config.cmake, version: 2.56.5
[0.475s]     /lib/x86_64-linux-gnu/cmake/realsense2/realsense2Config.cmake, version: 2.56.5
[0.475s] 
[0.475s] 
[0.475s] [0m
[0.475s] [31mCMake Error at CMakeLists.txt:129 (message):
[0.475s]   
[0.475s] 
[0.475s]   
[0.475s] 
[0.475s]    Intel RealSense SDK 2.0 is missing, please install it from https://github.com/IntelRealSense/librealsense/releases
[0.475s] 
[0.475s]   
[0.475s] 
[0.475s] 
[0.475s] [0m
[0.475s] -- Configuring incomplete, errors occurred!
[0.475s] See also "/home/brace/codeSpace/navi/build/realsense2_camera/CMakeFiles/CMakeOutput.log".
[0.486s] Invoked command in '/home/brace/codeSpace/navi/build/realsense2_camera' returned '1': AMENT_PREFIX_PATH=/home/brace/codeSpace/navi/install/realsense2_camera_msgs:${AMENT_PREFIX_PATH} CMAKE_PREFIX_PATH=/home/brace/codeSpace/navi/install/realsense2_camera_msgs:/opt/ros/humble LD_LIBRARY_PATH=/home/brace/codeSpace/navi/install/realsense2_camera_msgs/lib:${LD_LIBRARY_PATH} PYTHONPATH=/home/brace/codeSpace/navi/install/realsense2_camera_msgs/local/lib/python3.10/dist-packages:${PYTHONPATH} /usr/bin/cmake /home/brace/codeSpace/navi/src/realsense-ros/realsense2_camera -DCMAKE_INSTALL_PREFIX=/home/brace/codeSpace/navi/install/realsense2_camera
