[0.028s] Invoking command in '/home/brace/codeSpace/navi/build/rtabmap_demos': AMENT_PREFIX_PATH=/home/brace/codeSpace/navi/install/rtabmap_viz:/home/brace/codeSpace/navi/install/rtabmap_slam:/home/brace/codeSpace/navi/install/rtabmap_odom:/home/brace/codeSpace/navi/install/rtabmap_util:/home/brace/codeSpace/navi/install/rtabmap_sync:/home/brace/codeSpace/navi/install/rtabmap_rviz_plugins:/home/brace/codeSpace/navi/install/rtabmap_conversions:/home/brace/codeSpace/navi/install/rtabmap_msgs:${AMENT_PREFIX_PATH} CMAKE_PREFIX_PATH=/home/brace/codeSpace/navi/install/rtabmap_viz:/home/brace/codeSpace/navi/install/rtabmap_slam:/home/brace/codeSpace/navi/install/rtabmap_odom:/home/brace/codeSpace/navi/install/rtabmap_util:/home/brace/codeSpace/navi/install/rtabmap_sync:/home/brace/codeSpace/navi/install/rtabmap_rviz_plugins:/home/brace/codeSpace/navi/install/rtabmap_conversions:/home/brace/codeSpace/navi/install/rtabmap_msgs:/home/brace/codeSpace/navi/install/rtabmap:/opt/ros/humble LD_LIBRARY_PATH=/home/brace/codeSpace/navi/install/rtabmap_slam/lib:/home/brace/codeSpace/navi/install/rtabmap_odom/lib:/home/brace/codeSpace/navi/install/rtabmap_util/lib:/home/brace/codeSpace/navi/install/rtabmap_sync/lib:/home/brace/codeSpace/navi/install/rtabmap_rviz_plugins/lib:/home/brace/codeSpace/navi/install/rtabmap_conversions/lib:/home/brace/codeSpace/navi/install/rtabmap_msgs/lib:/home/brace/codeSpace/navi/install/rtabmap/lib:${LD_LIBRARY_PATH} PATH=/home/brace/codeSpace/navi/install/rtabmap/bin:${PATH} PKG_CONFIG_PATH=/home/brace/codeSpace/navi/install/rtabmap/lib/x86_64-linux-gnu/pkgconfig:/home/brace/codeSpace/navi/install/rtabmap/lib/pkgconfig PYTHONPATH=/home/brace/codeSpace/navi/install/rtabmap_msgs/local/lib/python3.10/dist-packages:${PYTHONPATH} /usr/bin/cmake /home/brace/codeSpace/navi/src/rtabmap_ros/rtabmap_demos -DCMAKE_BUILD_TYPE=Release -DAMENT_CMAKE_SYMLINK_INSTALL=1 -DCMAKE_INSTALL_PREFIX=/home/brace/codeSpace/navi/install/rtabmap_demos
[0.075s] -- The C compiler identification is GNU 11.4.0
[0.120s] -- The CXX compiler identification is GNU 11.4.0
[0.126s] -- Detecting C compiler ABI info
[0.183s] -- Detecting C compiler ABI info - done
[0.189s] -- Check for working C compiler: /usr/bin/cc - skipped
[0.189s] -- Detecting C compile features
[0.189s] -- Detecting C compile features - done
[0.191s] -- Detecting CXX compiler ABI info
[0.252s] -- Detecting CXX compiler ABI info - done
[0.258s] -- Check for working CXX compiler: /usr/bin/c++ - skipped
[0.258s] -- Detecting CXX compile features
[0.258s] -- Detecting CXX compile features - done
[0.260s] -- Found ament_cmake: 1.3.12 (/opt/ros/humble/share/ament_cmake/cmake)
[0.379s] -- Found Python3: /usr/bin/python3 (found version "3.10.12") found components: Interpreter 
[0.441s] -- Override CMake install command with custom implementation using symlinks instead of copying resources
[0.509s] -- Configuring done
[0.510s] -- Generating done
[0.511s] -- Build files have been written to: /home/brace/codeSpace/navi/build/rtabmap_demos
[0.515s] Invoked command in '/home/brace/codeSpace/navi/build/rtabmap_demos' returned '0': AMENT_PREFIX_PATH=/home/brace/codeSpace/navi/install/rtabmap_viz:/home/brace/codeSpace/navi/install/rtabmap_slam:/home/brace/codeSpace/navi/install/rtabmap_odom:/home/brace/codeSpace/navi/install/rtabmap_util:/home/brace/codeSpace/navi/install/rtabmap_sync:/home/brace/codeSpace/navi/install/rtabmap_rviz_plugins:/home/brace/codeSpace/navi/install/rtabmap_conversions:/home/brace/codeSpace/navi/install/rtabmap_msgs:${AMENT_PREFIX_PATH} CMAKE_PREFIX_PATH=/home/brace/codeSpace/navi/install/rtabmap_viz:/home/brace/codeSpace/navi/install/rtabmap_slam:/home/brace/codeSpace/navi/install/rtabmap_odom:/home/brace/codeSpace/navi/install/rtabmap_util:/home/brace/codeSpace/navi/install/rtabmap_sync:/home/brace/codeSpace/navi/install/rtabmap_rviz_plugins:/home/brace/codeSpace/navi/install/rtabmap_conversions:/home/brace/codeSpace/navi/install/rtabmap_msgs:/home/brace/codeSpace/navi/install/rtabmap:/opt/ros/humble LD_LIBRARY_PATH=/home/brace/codeSpace/navi/install/rtabmap_slam/lib:/home/brace/codeSpace/navi/install/rtabmap_odom/lib:/home/brace/codeSpace/navi/install/rtabmap_util/lib:/home/brace/codeSpace/navi/install/rtabmap_sync/lib:/home/brace/codeSpace/navi/install/rtabmap_rviz_plugins/lib:/home/brace/codeSpace/navi/install/rtabmap_conversions/lib:/home/brace/codeSpace/navi/install/rtabmap_msgs/lib:/home/brace/codeSpace/navi/install/rtabmap/lib:${LD_LIBRARY_PATH} PATH=/home/brace/codeSpace/navi/install/rtabmap/bin:${PATH} PKG_CONFIG_PATH=/home/brace/codeSpace/navi/install/rtabmap/lib/x86_64-linux-gnu/pkgconfig:/home/brace/codeSpace/navi/install/rtabmap/lib/pkgconfig PYTHONPATH=/home/brace/codeSpace/navi/install/rtabmap_msgs/local/lib/python3.10/dist-packages:${PYTHONPATH} /usr/bin/cmake /home/brace/codeSpace/navi/src/rtabmap_ros/rtabmap_demos -DCMAKE_BUILD_TYPE=Release -DAMENT_CMAKE_SYMLINK_INSTALL=1 -DCMAKE_INSTALL_PREFIX=/home/brace/codeSpace/navi/install/rtabmap_demos
[0.516s] Invoking command in '/home/brace/codeSpace/navi/build/rtabmap_demos': AMENT_PREFIX_PATH=/home/brace/codeSpace/navi/install/rtabmap_viz:/home/brace/codeSpace/navi/install/rtabmap_slam:/home/brace/codeSpace/navi/install/rtabmap_odom:/home/brace/codeSpace/navi/install/rtabmap_util:/home/brace/codeSpace/navi/install/rtabmap_sync:/home/brace/codeSpace/navi/install/rtabmap_rviz_plugins:/home/brace/codeSpace/navi/install/rtabmap_conversions:/home/brace/codeSpace/navi/install/rtabmap_msgs:${AMENT_PREFIX_PATH} CMAKE_PREFIX_PATH=/home/brace/codeSpace/navi/install/rtabmap_viz:/home/brace/codeSpace/navi/install/rtabmap_slam:/home/brace/codeSpace/navi/install/rtabmap_odom:/home/brace/codeSpace/navi/install/rtabmap_util:/home/brace/codeSpace/navi/install/rtabmap_sync:/home/brace/codeSpace/navi/install/rtabmap_rviz_plugins:/home/brace/codeSpace/navi/install/rtabmap_conversions:/home/brace/codeSpace/navi/install/rtabmap_msgs:/home/brace/codeSpace/navi/install/rtabmap:/opt/ros/humble LD_LIBRARY_PATH=/home/brace/codeSpace/navi/install/rtabmap_slam/lib:/home/brace/codeSpace/navi/install/rtabmap_odom/lib:/home/brace/codeSpace/navi/install/rtabmap_util/lib:/home/brace/codeSpace/navi/install/rtabmap_sync/lib:/home/brace/codeSpace/navi/install/rtabmap_rviz_plugins/lib:/home/brace/codeSpace/navi/install/rtabmap_conversions/lib:/home/brace/codeSpace/navi/install/rtabmap_msgs/lib:/home/brace/codeSpace/navi/install/rtabmap/lib:${LD_LIBRARY_PATH} PATH=/home/brace/codeSpace/navi/install/rtabmap/bin:${PATH} PKG_CONFIG_PATH=/home/brace/codeSpace/navi/install/rtabmap/lib/x86_64-linux-gnu/pkgconfig:/home/brace/codeSpace/navi/install/rtabmap/lib/pkgconfig PYTHONPATH=/home/brace/codeSpace/navi/install/rtabmap_msgs/local/lib/python3.10/dist-packages:${PYTHONPATH} /usr/bin/cmake --build /home/brace/codeSpace/navi/build/rtabmap_demos -- -j16 -l16
[0.544s] Invoked command in '/home/brace/codeSpace/navi/build/rtabmap_demos' returned '0': AMENT_PREFIX_PATH=/home/brace/codeSpace/navi/install/rtabmap_viz:/home/brace/codeSpace/navi/install/rtabmap_slam:/home/brace/codeSpace/navi/install/rtabmap_odom:/home/brace/codeSpace/navi/install/rtabmap_util:/home/brace/codeSpace/navi/install/rtabmap_sync:/home/brace/codeSpace/navi/install/rtabmap_rviz_plugins:/home/brace/codeSpace/navi/install/rtabmap_conversions:/home/brace/codeSpace/navi/install/rtabmap_msgs:${AMENT_PREFIX_PATH} CMAKE_PREFIX_PATH=/home/brace/codeSpace/navi/install/rtabmap_viz:/home/brace/codeSpace/navi/install/rtabmap_slam:/home/brace/codeSpace/navi/install/rtabmap_odom:/home/brace/codeSpace/navi/install/rtabmap_util:/home/brace/codeSpace/navi/install/rtabmap_sync:/home/brace/codeSpace/navi/install/rtabmap_rviz_plugins:/home/brace/codeSpace/navi/install/rtabmap_conversions:/home/brace/codeSpace/navi/install/rtabmap_msgs:/home/brace/codeSpace/navi/install/rtabmap:/opt/ros/humble LD_LIBRARY_PATH=/home/brace/codeSpace/navi/install/rtabmap_slam/lib:/home/brace/codeSpace/navi/install/rtabmap_odom/lib:/home/brace/codeSpace/navi/install/rtabmap_util/lib:/home/brace/codeSpace/navi/install/rtabmap_sync/lib:/home/brace/codeSpace/navi/install/rtabmap_rviz_plugins/lib:/home/brace/codeSpace/navi/install/rtabmap_conversions/lib:/home/brace/codeSpace/navi/install/rtabmap_msgs/lib:/home/brace/codeSpace/navi/install/rtabmap/lib:${LD_LIBRARY_PATH} PATH=/home/brace/codeSpace/navi/install/rtabmap/bin:${PATH} PKG_CONFIG_PATH=/home/brace/codeSpace/navi/install/rtabmap/lib/x86_64-linux-gnu/pkgconfig:/home/brace/codeSpace/navi/install/rtabmap/lib/pkgconfig PYTHONPATH=/home/brace/codeSpace/navi/install/rtabmap_msgs/local/lib/python3.10/dist-packages:${PYTHONPATH} /usr/bin/cmake --build /home/brace/codeSpace/navi/build/rtabmap_demos -- -j16 -l16
[0.545s] Invoking command in '/home/brace/codeSpace/navi/build/rtabmap_demos': AMENT_PREFIX_PATH=/home/brace/codeSpace/navi/install/rtabmap_viz:/home/brace/codeSpace/navi/install/rtabmap_slam:/home/brace/codeSpace/navi/install/rtabmap_odom:/home/brace/codeSpace/navi/install/rtabmap_util:/home/brace/codeSpace/navi/install/rtabmap_sync:/home/brace/codeSpace/navi/install/rtabmap_rviz_plugins:/home/brace/codeSpace/navi/install/rtabmap_conversions:/home/brace/codeSpace/navi/install/rtabmap_msgs:${AMENT_PREFIX_PATH} CMAKE_PREFIX_PATH=/home/brace/codeSpace/navi/install/rtabmap_viz:/home/brace/codeSpace/navi/install/rtabmap_slam:/home/brace/codeSpace/navi/install/rtabmap_odom:/home/brace/codeSpace/navi/install/rtabmap_util:/home/brace/codeSpace/navi/install/rtabmap_sync:/home/brace/codeSpace/navi/install/rtabmap_rviz_plugins:/home/brace/codeSpace/navi/install/rtabmap_conversions:/home/brace/codeSpace/navi/install/rtabmap_msgs:/home/brace/codeSpace/navi/install/rtabmap:/opt/ros/humble LD_LIBRARY_PATH=/home/brace/codeSpace/navi/install/rtabmap_slam/lib:/home/brace/codeSpace/navi/install/rtabmap_odom/lib:/home/brace/codeSpace/navi/install/rtabmap_util/lib:/home/brace/codeSpace/navi/install/rtabmap_sync/lib:/home/brace/codeSpace/navi/install/rtabmap_rviz_plugins/lib:/home/brace/codeSpace/navi/install/rtabmap_conversions/lib:/home/brace/codeSpace/navi/install/rtabmap_msgs/lib:/home/brace/codeSpace/navi/install/rtabmap/lib:${LD_LIBRARY_PATH} PATH=/home/brace/codeSpace/navi/install/rtabmap/bin:${PATH} PKG_CONFIG_PATH=/home/brace/codeSpace/navi/install/rtabmap/lib/x86_64-linux-gnu/pkgconfig:/home/brace/codeSpace/navi/install/rtabmap/lib/pkgconfig PYTHONPATH=/home/brace/codeSpace/navi/install/rtabmap_msgs/local/lib/python3.10/dist-packages:${PYTHONPATH} /usr/bin/cmake --install /home/brace/codeSpace/navi/build/rtabmap_demos
[0.551s] -- Install configuration: "Release"
[0.553s] -- Execute custom install script
[0.553s] -- Symlinking: /home/brace/codeSpace/navi/install/rtabmap_demos/share/rtabmap_demos/launch/champ/champ_sim_vslam.launch.py
[0.558s] -- Symlinking: /home/brace/codeSpace/navi/install/rtabmap_demos/share/rtabmap_demos/launch/champ/champ_vslam.launch.py
[0.564s] -- Symlinking: /home/brace/codeSpace/navi/install/rtabmap_demos/share/rtabmap_demos/launch/find_object_demo.launch.py
[0.571s] -- Symlinking: /home/brace/codeSpace/navi/install/rtabmap_demos/share/rtabmap_demos/launch/husky/husky_sim_scan2d_demo.launch.py
[0.577s] -- Symlinking: /home/brace/codeSpace/navi/install/rtabmap_demos/share/rtabmap_demos/launch/husky/husky_sim_scan3d_assemble_demo.launch.py
[0.583s] -- Symlinking: /home/brace/codeSpace/navi/install/rtabmap_demos/share/rtabmap_demos/launch/husky/husky_sim_scan3d_demo.launch.py
[0.592s] -- Symlinking: /home/brace/codeSpace/navi/install/rtabmap_demos/share/rtabmap_demos/launch/husky/husky_slam2d.launch.py
[0.599s] -- Symlinking: /home/brace/codeSpace/navi/install/rtabmap_demos/share/rtabmap_demos/launch/husky/husky_slam3d.launch.py
[0.606s] -- Symlinking: /home/brace/codeSpace/navi/install/rtabmap_demos/share/rtabmap_demos/launch/husky/husky_slam3d_assemble.launch.py
[0.611s] -- Symlinking: /home/brace/codeSpace/navi/install/rtabmap_demos/share/rtabmap_demos/launch/isaac/isaac_sim_vslam_demo.launch.py
[0.617s] -- Symlinking: /home/brace/codeSpace/navi/install/rtabmap_demos/share/rtabmap_demos/launch/isaac/isaac_vslam.launch.py
[0.625s] -- Symlinking: /home/brace/codeSpace/navi/install/rtabmap_demos/share/rtabmap_demos/launch/multisession_mapping_demo.launch.py
[0.632s] -- Symlinking: /home/brace/codeSpace/navi/install/rtabmap_demos/share/rtabmap_demos/launch/robot_mapping_demo.launch.py
[0.640s] -- Symlinking: /home/brace/codeSpace/navi/install/rtabmap_demos/share/rtabmap_demos/launch/stereo_outdoor_demo.launch.py
[0.647s] -- Symlinking: /home/brace/codeSpace/navi/install/rtabmap_demos/share/rtabmap_demos/launch/turtlebot3/turtlebot3_rgbd.launch.py
[0.654s] -- Symlinking: /home/brace/codeSpace/navi/install/rtabmap_demos/share/rtabmap_demos/launch/turtlebot3/turtlebot3_rgbd_fake_scan.launch.py
[0.660s] -- Symlinking: /home/brace/codeSpace/navi/install/rtabmap_demos/share/rtabmap_demos/launch/turtlebot3/turtlebot3_rgbd_scan.launch.py
[0.666s] -- Symlinking: /home/brace/codeSpace/navi/install/rtabmap_demos/share/rtabmap_demos/launch/turtlebot3/turtlebot3_scan.launch.py
[0.674s] -- Symlinking: /home/brace/codeSpace/navi/install/rtabmap_demos/share/rtabmap_demos/launch/turtlebot3/turtlebot3_sim_rgbd_demo.launch.py
[0.680s] -- Symlinking: /home/brace/codeSpace/navi/install/rtabmap_demos/share/rtabmap_demos/launch/turtlebot3/turtlebot3_sim_rgbd_fake_scan_demo.launch.py
[0.687s] -- Symlinking: /home/brace/codeSpace/navi/install/rtabmap_demos/share/rtabmap_demos/launch/turtlebot3/turtlebot3_sim_rgbd_scan_demo.launch.py
[0.695s] -- Symlinking: /home/brace/codeSpace/navi/install/rtabmap_demos/share/rtabmap_demos/launch/turtlebot3/turtlebot3_sim_scan_demo.launch.py
[0.704s] -- Symlinking: /home/brace/codeSpace/navi/install/rtabmap_demos/share/rtabmap_demos/launch/turtlebot4/turtlebot4_sim_demo.launch.py
[0.712s] -- Symlinking: /home/brace/codeSpace/navi/install/rtabmap_demos/share/rtabmap_demos/launch/turtlebot4/turtlebot4_slam.launch.py
[0.720s] -- Symlinking: /home/brace/codeSpace/navi/install/rtabmap_demos/share/rtabmap_demos/config/demo_robot_mapping.rviz
[0.729s] -- Symlinking: /home/brace/codeSpace/navi/install/rtabmap_demos/share/rtabmap_demos/config/find_object.ini
[0.739s] -- Symlinking: /home/brace/codeSpace/navi/install/rtabmap_demos/share/rtabmap_demos/params/champ_nav2_params.yaml
[0.747s] -- Symlinking: /home/brace/codeSpace/navi/install/rtabmap_demos/share/rtabmap_demos/params/isaac_nav2_params.yaml
[0.758s] -- Symlinking: /home/brace/codeSpace/navi/install/rtabmap_demos/share/rtabmap_demos/params/isaac_vslam_nav2_params.yaml
[0.771s] -- Symlinking: /home/brace/codeSpace/navi/install/rtabmap_demos/share/rtabmap_demos/params/turtlebot3_rgbd_nav2_params.yaml
[0.783s] -- Symlinking: /home/brace/codeSpace/navi/install/rtabmap_demos/share/rtabmap_demos/params/turtlebot3_rgbd_scan_nav2_params.yaml
[0.797s] -- Symlinking: /home/brace/codeSpace/navi/install/rtabmap_demos/share/rtabmap_demos/params/turtlebot3_scan_nav2_params.yaml
[0.813s] -- Symlinking: /home/brace/codeSpace/navi/install/rtabmap_demos/share/rtabmap_demos/data/books/4.png
[0.826s] -- Symlinking: /home/brace/codeSpace/navi/install/rtabmap_demos/share/rtabmap_demos/data/books/5.png
[0.837s] -- Symlinking: /home/brace/codeSpace/navi/install/rtabmap_demos/share/rtabmap_demos/data/books/6.png
[0.844s] -- Symlinking: /home/brace/codeSpace/navi/install/rtabmap_demos/share/rtabmap_demos/data/books/7.png
[0.849s] -- Symlinking: /home/brace/codeSpace/navi/install/rtabmap_demos/share/rtabmap_demos/data/books/8.png
[0.856s] -- Symlinking: /home/brace/codeSpace/navi/install/rtabmap_demos/share/ament_index/resource_index/package_run_dependencies/rtabmap_demos
[0.862s] -- Symlinking: /home/brace/codeSpace/navi/install/rtabmap_demos/share/ament_index/resource_index/parent_prefix_path/rtabmap_demos
[0.868s] -- Symlinking: /home/brace/codeSpace/navi/install/rtabmap_demos/share/rtabmap_demos/environment/ament_prefix_path.sh
[0.878s] -- Symlinking: /home/brace/codeSpace/navi/install/rtabmap_demos/share/rtabmap_demos/environment/ament_prefix_path.dsv
[0.895s] -- Symlinking: /home/brace/codeSpace/navi/install/rtabmap_demos/share/rtabmap_demos/environment/path.sh
[0.907s] -- Symlinking: /home/brace/codeSpace/navi/install/rtabmap_demos/share/rtabmap_demos/environment/path.dsv
[0.920s] -- Symlinking: /home/brace/codeSpace/navi/install/rtabmap_demos/share/rtabmap_demos/local_setup.bash
[0.933s] -- Symlinking: /home/brace/codeSpace/navi/install/rtabmap_demos/share/rtabmap_demos/local_setup.sh
[0.948s] -- Symlinking: /home/brace/codeSpace/navi/install/rtabmap_demos/share/rtabmap_demos/local_setup.zsh
[0.961s] -- Symlinking: /home/brace/codeSpace/navi/install/rtabmap_demos/share/rtabmap_demos/local_setup.dsv
[0.975s] -- Symlinking: /home/brace/codeSpace/navi/install/rtabmap_demos/share/rtabmap_demos/package.dsv
[0.991s] -- Symlinking: /home/brace/codeSpace/navi/install/rtabmap_demos/share/ament_index/resource_index/packages/rtabmap_demos
[1.003s] -- Symlinking: /home/brace/codeSpace/navi/install/rtabmap_demos/share/rtabmap_demos/cmake/rtabmap_demosConfig.cmake
[1.016s] -- Symlinking: /home/brace/codeSpace/navi/install/rtabmap_demos/share/rtabmap_demos/cmake/rtabmap_demosConfig-version.cmake
[1.035s] -- Symlinking: /home/brace/codeSpace/navi/install/rtabmap_demos/share/rtabmap_demos/package.xml
[1.065s] Invoked command in '/home/brace/codeSpace/navi/build/rtabmap_demos' returned '0': AMENT_PREFIX_PATH=/home/brace/codeSpace/navi/install/rtabmap_viz:/home/brace/codeSpace/navi/install/rtabmap_slam:/home/brace/codeSpace/navi/install/rtabmap_odom:/home/brace/codeSpace/navi/install/rtabmap_util:/home/brace/codeSpace/navi/install/rtabmap_sync:/home/brace/codeSpace/navi/install/rtabmap_rviz_plugins:/home/brace/codeSpace/navi/install/rtabmap_conversions:/home/brace/codeSpace/navi/install/rtabmap_msgs:${AMENT_PREFIX_PATH} CMAKE_PREFIX_PATH=/home/brace/codeSpace/navi/install/rtabmap_viz:/home/brace/codeSpace/navi/install/rtabmap_slam:/home/brace/codeSpace/navi/install/rtabmap_odom:/home/brace/codeSpace/navi/install/rtabmap_util:/home/brace/codeSpace/navi/install/rtabmap_sync:/home/brace/codeSpace/navi/install/rtabmap_rviz_plugins:/home/brace/codeSpace/navi/install/rtabmap_conversions:/home/brace/codeSpace/navi/install/rtabmap_msgs:/home/brace/codeSpace/navi/install/rtabmap:/opt/ros/humble LD_LIBRARY_PATH=/home/brace/codeSpace/navi/install/rtabmap_slam/lib:/home/brace/codeSpace/navi/install/rtabmap_odom/lib:/home/brace/codeSpace/navi/install/rtabmap_util/lib:/home/brace/codeSpace/navi/install/rtabmap_sync/lib:/home/brace/codeSpace/navi/install/rtabmap_rviz_plugins/lib:/home/brace/codeSpace/navi/install/rtabmap_conversions/lib:/home/brace/codeSpace/navi/install/rtabmap_msgs/lib:/home/brace/codeSpace/navi/install/rtabmap/lib:${LD_LIBRARY_PATH} PATH=/home/brace/codeSpace/navi/install/rtabmap/bin:${PATH} PKG_CONFIG_PATH=/home/brace/codeSpace/navi/install/rtabmap/lib/x86_64-linux-gnu/pkgconfig:/home/brace/codeSpace/navi/install/rtabmap/lib/pkgconfig PYTHONPATH=/home/brace/codeSpace/navi/install/rtabmap_msgs/local/lib/python3.10/dist-packages:${PYTHONPATH} /usr/bin/cmake --install /home/brace/codeSpace/navi/build/rtabmap_demos
