running develop
Removing /home/brace/codeSpace/navi/install/rtabmap_python/lib/python3.10/site-packages/rtabmap-python.egg-link (link to .)
running egg_info
writing ../../../build/rtabmap_python/rtabmap_python.egg-info/PKG-INFO
writing dependency_links to ../../../build/rtabmap_python/rtabmap_python.egg-info/dependency_links.txt
writing entry points to ../../../build/rtabmap_python/rtabmap_python.egg-info/entry_points.txt
writing requirements to ../../../build/rtabmap_python/rtabmap_python.egg-info/requires.txt
writing top-level names to ../../../build/rtabmap_python/rtabmap_python.egg-info/top_level.txt
reading manifest file '../../../build/rtabmap_python/rtabmap_python.egg-info/SOURCES.txt'
writing manifest file '../../../build/rtabmap_python/rtabmap_python.egg-info/SOURCES.txt'
running build
running build_py
creating /home/brace/codeSpace/navi/build/rtabmap_python/build
creating /home/brace/codeSpace/navi/build/rtabmap_python/build/lib
creating /home/brace/codeSpace/navi/build/rtabmap_python/build/lib/rtabmap_python
copying rtabmap_python/compression.py -> /home/brace/codeSpace/navi/build/rtabmap_python/build/lib/rtabmap_python
copying rtabmap_python/__init__.py -> /home/brace/codeSpace/navi/build/rtabmap_python/build/lib/rtabmap_python
running install
running install_lib
creating /home/brace/codeSpace/navi/install/rtabmap_python/lib/python3.10/site-packages/rtabmap_python
copying /home/brace/codeSpace/navi/build/rtabmap_python/build/lib/rtabmap_python/compression.py -> /home/brace/codeSpace/navi/install/rtabmap_python/lib/python3.10/site-packages/rtabmap_python
copying /home/brace/codeSpace/navi/build/rtabmap_python/build/lib/rtabmap_python/__init__.py -> /home/brace/codeSpace/navi/install/rtabmap_python/lib/python3.10/site-packages/rtabmap_python
byte-compiling /home/brace/codeSpace/navi/install/rtabmap_python/lib/python3.10/site-packages/rtabmap_python/compression.py to compression.cpython-310.pyc
byte-compiling /home/brace/codeSpace/navi/install/rtabmap_python/lib/python3.10/site-packages/rtabmap_python/__init__.py to __init__.cpython-310.pyc
running install_data
copying resource/rtabmap_python -> /home/brace/codeSpace/navi/install/rtabmap_python/share/ament_index/resource_index/packages
copying package.xml -> /home/brace/codeSpace/navi/install/rtabmap_python/share/rtabmap_python
running install_egg_info
Copying ../../../build/rtabmap_python/rtabmap_python.egg-info to /home/brace/codeSpace/navi/install/rtabmap_python/lib/python3.10/site-packages/rtabmap_python-0.1.0-py3.10.egg-info
running install_scripts
writing list of installed files to '/home/brace/codeSpace/navi/build/rtabmap_python/install.log'
