[0.533s] Invoking command in '/home/brace/codeSpace/navi/build/rtabmap_python': PYTHONPATH=/home/brace/codeSpace/navi/build/rtabmap_python/prefix_override:/usr/lib/python3/dist-packages/colcon_core/task/python/colcon_distutils_commands:/home/brace/codeSpace/navi/install/rtabmap_python/lib/python3.10/site-packages:${PYTHONPATH} /usr/bin/python3 -W ignore:setup.py install is deprecated -W ignore:easy_install command is deprecated setup.py develop --uninstall --editable --build-directory /home/brace/codeSpace/navi/build/rtabmap_python/build
[0.682s] running develop
[0.769s] Removing /home/brace/codeSpace/navi/install/rtabmap_python/lib/python3.10/site-packages/rtabmap-python.egg-link (link to .)
[0.786s] Invoked command in '/home/brace/codeSpace/navi/build/rtabmap_python' returned '0': PYTHONPATH=/home/brace/codeSpace/navi/build/rtabmap_python/prefix_override:/usr/lib/python3/dist-packages/colcon_core/task/python/colcon_distutils_commands:/home/brace/codeSpace/navi/install/rtabmap_python/lib/python3.10/site-packages:${PYTHONPATH} /usr/bin/python3 -W ignore:setup.py install is deprecated -W ignore:easy_install command is deprecated setup.py develop --uninstall --editable --build-directory /home/brace/codeSpace/navi/build/rtabmap_python/build
[0.788s] Invoking command in '/home/brace/codeSpace/navi/src/rtabmap_ros/rtabmap_python': PYTHONPATH=/home/brace/codeSpace/navi/build/rtabmap_python/prefix_override:/usr/lib/python3/dist-packages/colcon_core/task/python/colcon_distutils_commands:/home/brace/codeSpace/navi/install/rtabmap_python/lib/python3.10/site-packages:${PYTHONPATH} /usr/bin/python3 -W ignore:setup.py install is deprecated -W ignore:easy_install command is deprecated setup.py egg_info --egg-base ../../../build/rtabmap_python build --build-base /home/brace/codeSpace/navi/build/rtabmap_python/build install --record /home/brace/codeSpace/navi/build/rtabmap_python/install.log --single-version-externally-managed install_data --force
[0.930s] running egg_info
[0.930s] writing ../../../build/rtabmap_python/rtabmap_python.egg-info/PKG-INFO
[0.930s] writing dependency_links to ../../../build/rtabmap_python/rtabmap_python.egg-info/dependency_links.txt
[0.930s] writing entry points to ../../../build/rtabmap_python/rtabmap_python.egg-info/entry_points.txt
[0.930s] writing requirements to ../../../build/rtabmap_python/rtabmap_python.egg-info/requires.txt
[0.931s] writing top-level names to ../../../build/rtabmap_python/rtabmap_python.egg-info/top_level.txt
[0.931s] reading manifest file '../../../build/rtabmap_python/rtabmap_python.egg-info/SOURCES.txt'
[0.932s] writing manifest file '../../../build/rtabmap_python/rtabmap_python.egg-info/SOURCES.txt'
[0.932s] running build
[0.932s] running build_py
[0.932s] creating /home/brace/codeSpace/navi/build/rtabmap_python/build
[0.932s] creating /home/brace/codeSpace/navi/build/rtabmap_python/build/lib
[0.932s] creating /home/brace/codeSpace/navi/build/rtabmap_python/build/lib/rtabmap_python
[0.932s] copying rtabmap_python/compression.py -> /home/brace/codeSpace/navi/build/rtabmap_python/build/lib/rtabmap_python
[0.932s] copying rtabmap_python/__init__.py -> /home/brace/codeSpace/navi/build/rtabmap_python/build/lib/rtabmap_python
[0.933s] running install
[0.933s] running install_lib
[0.933s] creating /home/brace/codeSpace/navi/install/rtabmap_python/lib/python3.10/site-packages/rtabmap_python
[0.933s] copying /home/brace/codeSpace/navi/build/rtabmap_python/build/lib/rtabmap_python/compression.py -> /home/brace/codeSpace/navi/install/rtabmap_python/lib/python3.10/site-packages/rtabmap_python
[0.933s] copying /home/brace/codeSpace/navi/build/rtabmap_python/build/lib/rtabmap_python/__init__.py -> /home/brace/codeSpace/navi/install/rtabmap_python/lib/python3.10/site-packages/rtabmap_python
[0.933s] byte-compiling /home/brace/codeSpace/navi/install/rtabmap_python/lib/python3.10/site-packages/rtabmap_python/compression.py to compression.cpython-310.pyc
[0.933s] byte-compiling /home/brace/codeSpace/navi/install/rtabmap_python/lib/python3.10/site-packages/rtabmap_python/__init__.py to __init__.cpython-310.pyc
[0.934s] running install_data
[0.934s] copying resource/rtabmap_python -> /home/brace/codeSpace/navi/install/rtabmap_python/share/ament_index/resource_index/packages
[0.934s] copying package.xml -> /home/brace/codeSpace/navi/install/rtabmap_python/share/rtabmap_python
[0.934s] running install_egg_info
[0.935s] Copying ../../../build/rtabmap_python/rtabmap_python.egg-info to /home/brace/codeSpace/navi/install/rtabmap_python/lib/python3.10/site-packages/rtabmap_python-0.1.0-py3.10.egg-info
[0.936s] running install_scripts
[0.949s] writing list of installed files to '/home/brace/codeSpace/navi/build/rtabmap_python/install.log'
[0.966s] Invoked command in '/home/brace/codeSpace/navi/src/rtabmap_ros/rtabmap_python' returned '0': PYTHONPATH=/home/brace/codeSpace/navi/build/rtabmap_python/prefix_override:/usr/lib/python3/dist-packages/colcon_core/task/python/colcon_distutils_commands:/home/brace/codeSpace/navi/install/rtabmap_python/lib/python3.10/site-packages:${PYTHONPATH} /usr/bin/python3 -W ignore:setup.py install is deprecated -W ignore:easy_install command is deprecated setup.py egg_info --egg-base ../../../build/rtabmap_python build --build-base /home/brace/codeSpace/navi/build/rtabmap_python/build install --record /home/brace/codeSpace/navi/build/rtabmap_python/install.log --single-version-externally-managed install_data --force
