[0.892s] Invoking command in '/home/brace/codeSpace/navi/src/realsense-ros/realsense2_ros_mqtt_bridge': PYTHONPATH=/home/brace/codeSpace/navi/build/realsense2_ros_mqtt_bridge/prefix_override:/usr/lib/python3/dist-packages/colcon_core/task/python/colcon_distutils_commands:/home/brace/codeSpace/navi/install/realsense2_ros_mqtt_bridge/lib/python3.10/site-packages:${PYTHONPATH} /usr/bin/python3 -W ignore:setup.py install is deprecated -W ignore:easy_install command is deprecated setup.py egg_info --egg-base ../../../build/realsense2_ros_mqtt_bridge build --build-base /home/brace/codeSpace/navi/build/realsense2_ros_mqtt_bridge/build install --record /home/brace/codeSpace/navi/build/realsense2_ros_mqtt_bridge/install.log --single-version-externally-managed install_data
[1.126s] running egg_info
[1.126s] writing ../../../build/realsense2_ros_mqtt_bridge/realsense2_ros_mqtt_bridge.egg-info/PKG-INFO
[1.126s] writing dependency_links to ../../../build/realsense2_ros_mqtt_bridge/realsense2_ros_mqtt_bridge.egg-info/dependency_links.txt
[1.127s] writing entry points to ../../../build/realsense2_ros_mqtt_bridge/realsense2_ros_mqtt_bridge.egg-info/entry_points.txt
[1.127s] writing requirements to ../../../build/realsense2_ros_mqtt_bridge/realsense2_ros_mqtt_bridge.egg-info/requires.txt
[1.127s] writing top-level names to ../../../build/realsense2_ros_mqtt_bridge/realsense2_ros_mqtt_bridge.egg-info/top_level.txt
[1.134s] reading manifest file '../../../build/realsense2_ros_mqtt_bridge/realsense2_ros_mqtt_bridge.egg-info/SOURCES.txt'
[1.135s] writing manifest file '../../../build/realsense2_ros_mqtt_bridge/realsense2_ros_mqtt_bridge.egg-info/SOURCES.txt'
[1.135s] running build
[1.135s] running build_py
[1.135s] running install
[1.135s] running install_lib
[1.135s] running install_data
[1.135s] running install_egg_info
[1.137s] removing '/home/brace/codeSpace/navi/install/realsense2_ros_mqtt_bridge/lib/python3.10/site-packages/realsense2_ros_mqtt_bridge-4.57.4-py3.10.egg-info' (and everything under it)
[1.137s] Copying ../../../build/realsense2_ros_mqtt_bridge/realsense2_ros_mqtt_bridge.egg-info to /home/brace/codeSpace/navi/install/realsense2_ros_mqtt_bridge/lib/python3.10/site-packages/realsense2_ros_mqtt_bridge-4.57.4-py3.10.egg-info
[1.138s] running install_scripts
[1.164s] Installing realsense2_ros_mqtt_bridge script to /home/brace/codeSpace/navi/install/realsense2_ros_mqtt_bridge/lib/realsense2_ros_mqtt_bridge
[1.164s] writing list of installed files to '/home/brace/codeSpace/navi/build/realsense2_ros_mqtt_bridge/install.log'
[1.234s] Invoked command in '/home/brace/codeSpace/navi/src/realsense-ros/realsense2_ros_mqtt_bridge' returned '0': PYTHONPATH=/home/brace/codeSpace/navi/build/realsense2_ros_mqtt_bridge/prefix_override:/usr/lib/python3/dist-packages/colcon_core/task/python/colcon_distutils_commands:/home/brace/codeSpace/navi/install/realsense2_ros_mqtt_bridge/lib/python3.10/site-packages:${PYTHONPATH} /usr/bin/python3 -W ignore:setup.py install is deprecated -W ignore:easy_install command is deprecated setup.py egg_info --egg-base ../../../build/realsense2_ros_mqtt_bridge build --build-base /home/brace/codeSpace/navi/build/realsense2_ros_mqtt_bridge/build install --record /home/brace/codeSpace/navi/build/realsense2_ros_mqtt_bridge/install.log --single-version-externally-managed install_data
