-- Found ament_cmake: 1.3.12 (/opt/ros/humble/share/ament_cmake/cmake)
-- Override CMake install command with custom implementation using symlinks instead of copying resources
-- Found cv_bridge: 3.2.1 (/opt/ros/humble/share/cv_bridge/cmake)
-- Found rosidl_generator_c: 3.1.7 (/opt/ros/humble/share/rosidl_generator_c/cmake)
-- Found rosidl_adapter: 3.1.7 (/opt/ros/humble/share/rosidl_adapter/cmake)
-- Found rosidl_generator_cpp: 3.1.7 (/opt/ros/humble/share/rosidl_generator_cpp/cmake)
-- Using all available rosidl_typesupport_c: rosidl_typesupport_fastrtps_c;rosidl_typesupport_introspection_c
-- Using all available rosidl_typesupport_cpp: rosidl_typesupport_fastrtps_cpp;rosidl_typesupport_introspection_cpp
-- Found nav_msgs: 4.9.0 (/opt/ros/humble/share/nav_msgs/cmake)
-- Found pluginlib: 5.1.2 (/opt/ros/humble/share/pluginlib/cmake)
-- Found rclcpp: 16.0.16 (/opt/ros/humble/share/rclcpp/cmake)
-- Found rmw_implementation_cmake: 6.1.2 (/opt/ros/humble/share/rmw_implementation_cmake/cmake)
-- Found rmw_fastrtps_cpp: 6.2.9 (/opt/ros/humble/share/rmw_fastrtps_cpp/cmake)
-- Found TinyXML2 via Config file: TinyXML2_DIR-NOTFOUND
-- Found TinyXML2 via Config file: TinyXML2_DIR-NOTFOUND
-- Found TinyXML2 via Config file: TinyXML2_DIR-NOTFOUND
-- Found TinyXML2 via Config file: TinyXML2_DIR-NOTFOUND
-- Using RMW implementation 'rmw_fastrtps_cpp' as default
-- Found rclcpp_components: 16.0.16 (/opt/ros/humble/share/rclcpp_components/cmake)
-- Found std_srvs: 4.9.0 (/opt/ros/humble/share/std_srvs/cmake)
-- Found tf2: 0.25.17 (/opt/ros/humble/share/tf2/cmake)
-- Found tf2_ros: 0.25.17 (/opt/ros/humble/share/tf2_ros/cmake)
-- Found visualization_msgs: 4.9.0 (/opt/ros/humble/share/visualization_msgs/cmake)
-- Found rtabmap_msgs: 0.22.1 (/home/brace/codeSpace/navi/install/rtabmap_msgs/share/rtabmap_msgs/cmake)
-- Found rtabmap_util: 0.22.1 (/home/brace/codeSpace/navi/install/rtabmap_util/share/rtabmap_util/cmake)
-- Found eigen3_cmake_module: 0.1.1 (/opt/ros/humble/share/eigen3_cmake_module/cmake)
-- Ensuring Eigen3 include directory is part of orocos-kdl CMake target
-- Eigen found (include: /usr/include/eigen3, version: 3.4.0)
-- FLANN found (include: /usr/include, lib: /usr/lib/x86_64-linux-gnu/libflann_cpp.so)
-- OpenNI found (version: 1.5.4.0, include: /usr/include/ni, lib: /usr/lib/libOpenNI.so;libusb::libusb)
-- OpenNI2 found (version: 2.2.0.33, include: /usr/include/openni2, lib: /usr/lib/x86_64-linux-gnu/libOpenNI2.so;libusb::libusb)
-- Eigen found (include: /usr/include/eigen3, version: 3.4.0)
-- OpenNI found (version: 1.5.4.0, include: /usr/include/ni, lib: /usr/lib/libOpenNI.so;libusb::libusb)
-- OpenNI2 found (version: 2.2.0.33, include: /usr/include/openni2, lib: /usr/lib/x86_64-linux-gnu/libOpenNI2.so;libusb::libusb)
-- Found Qhull version 8.0.2
-- OpenNI found (version: 1.5.4.0, include: /usr/include/ni, lib: /usr/lib/libOpenNI.so;libusb::libusb)
-- Found rtabmap_sync: 0.22.1 (/home/brace/codeSpace/navi/install/rtabmap_sync/share/rtabmap_sync/cmake)
-- Found apriltag_msgs: 2.0.1 (/opt/ros/humble/share/apriltag_msgs/cmake)
-- Found aruco_msgs: 5.0.5 (/opt/ros/humble/share/aruco_msgs/cmake)
[33mCMake Warning at CMakeLists.txt:42 (find_package):
  By not providing "Findaruco_markers_msgs.cmake" in CMAKE_MODULE_PATH this
  project has asked CMake to find a package configuration file provided by
  "aruco_markers_msgs", but CMake did not find one.

  Could not find a package configuration file provided by
  "aruco_markers_msgs" with any of the following names:

    aruco_markers_msgsConfig.cmake
    aruco_markers_msgs-config.cmake

  Add the installation prefix of "aruco_markers_msgs" to CMAKE_PREFIX_PATH or
  set "aruco_markers_msgs_DIR" to a directory containing one of the above
  files.  If "aruco_markers_msgs" provides a separate development package or
  SDK, be sure it has been installed.

[0m
-- Found aruco_opencv_msgs: 2.4.1 (/opt/ros/humble/share/aruco_opencv_msgs/cmake)
[33mCMake Warning at CMakeLists.txt:44 (find_package):
  By not providing "Findros2_aruco_interfaces.cmake" in CMAKE_MODULE_PATH
  this project has asked CMake to find a package configuration file provided
  by "ros2_aruco_interfaces", but CMake did not find one.

  Could not find a package configuration file provided by
  "ros2_aruco_interfaces" with any of the following names:

    ros2_aruco_interfacesConfig.cmake
    ros2_aruco_interfaces-config.cmake

  Add the installation prefix of "ros2_aruco_interfaces" to CMAKE_PREFIX_PATH
  or set "ros2_aruco_interfaces_DIR" to a directory containing one of the
  above files.  If "ros2_aruco_interfaces" provides a separate development
  package or SDK, be sure it has been installed.

[0m
-- WITH apriltag_msgs
-- WITH aruco_msgs
-- WITH aruco_opencv_msgs
-- WITH nav2_msgs
-- Configuring done
-- Generating done
-- Build files have been written to: /home/brace/codeSpace/navi/build/rtabmap_slam
