[0.021s] Invoking command in '/home/brace/codeSpace/navi/build/rtabmap_slam': AMENT_PREFIX_PATH=/home/brace/codeSpace/navi/install/rtabmap_util:/home/brace/codeSpace/navi/install/rtabmap_sync:/home/brace/codeSpace/navi/install/rtabmap_conversions:/home/brace/codeSpace/navi/install/rtabmap_msgs:${AMENT_PREFIX_PATH} CMAKE_PREFIX_PATH=/home/brace/codeSpace/navi/install/rtabmap_util:/home/brace/codeSpace/navi/install/rtabmap_sync:/home/brace/codeSpace/navi/install/rtabmap_conversions:/home/brace/codeSpace/navi/install/rtabmap_msgs:/home/brace/codeSpace/navi/install/rtabmap:/opt/ros/humble LD_LIBRARY_PATH=/home/brace/codeSpace/navi/install/rtabmap_util/lib:/home/brace/codeSpace/navi/install/rtabmap_sync/lib:/home/brace/codeSpace/navi/install/rtabmap_conversions/lib:/home/brace/codeSpace/navi/install/rtabmap_msgs/lib:/home/brace/codeSpace/navi/install/rtabmap/lib:${LD_LIBRARY_PATH} PATH=/home/brace/codeSpace/navi/install/rtabmap/bin:${PATH} PKG_CONFIG_PATH=/home/brace/codeSpace/navi/install/rtabmap/lib/x86_64-linux-gnu/pkgconfig:/home/brace/codeSpace/navi/install/rtabmap/lib/pkgconfig PYTHONPATH=/home/brace/codeSpace/navi/install/rtabmap_msgs/local/lib/python3.10/dist-packages:${PYTHONPATH} /usr/bin/cmake /home/brace/codeSpace/navi/src/rtabmap_ros/rtabmap_slam -DCMAKE_INSTALL_PREFIX=/home/brace/codeSpace/navi/install/rtabmap_slam
[0.033s] -- Found ament_cmake: 1.3.12 (/opt/ros/humble/share/ament_cmake/cmake)
[0.206s] -- Override CMake install command with custom implementation using symlinks instead of copying resources
[0.210s] -- Found cv_bridge: 3.2.1 (/opt/ros/humble/share/cv_bridge/cmake)
[0.230s] -- Found rosidl_generator_c: 3.1.7 (/opt/ros/humble/share/rosidl_generator_c/cmake)
[0.232s] -- Found rosidl_adapter: 3.1.7 (/opt/ros/humble/share/rosidl_adapter/cmake)
[0.236s] -- Found rosidl_generator_cpp: 3.1.7 (/opt/ros/humble/share/rosidl_generator_cpp/cmake)
[0.242s] -- Using all available rosidl_typesupport_c: rosidl_typesupport_fastrtps_c;rosidl_typesupport_introspection_c
[0.250s] -- Using all available rosidl_typesupport_cpp: rosidl_typesupport_fastrtps_cpp;rosidl_typesupport_introspection_cpp
[0.299s] -- Found nav_msgs: 4.9.0 (/opt/ros/humble/share/nav_msgs/cmake)
[0.309s] -- Found pluginlib: 5.1.2 (/opt/ros/humble/share/pluginlib/cmake)
[0.318s] -- Found rclcpp: 16.0.16 (/opt/ros/humble/share/rclcpp/cmake)
[0.335s] -- Found rmw_implementation_cmake: 6.1.2 (/opt/ros/humble/share/rmw_implementation_cmake/cmake)
[0.336s] -- Found rmw_fastrtps_cpp: 6.2.9 (/opt/ros/humble/share/rmw_fastrtps_cpp/cmake)
[0.348s] -- Found TinyXML2 via Config file: TinyXML2_DIR-NOTFOUND
[0.357s] -- Found TinyXML2 via Config file: TinyXML2_DIR-NOTFOUND
[0.376s] -- Found TinyXML2 via Config file: TinyXML2_DIR-NOTFOUND
[0.382s] -- Found TinyXML2 via Config file: TinyXML2_DIR-NOTFOUND
[0.393s] -- Using RMW implementation 'rmw_fastrtps_cpp' as default
[0.419s] -- Found rclcpp_components: 16.0.16 (/opt/ros/humble/share/rclcpp_components/cmake)
[0.430s] -- Found std_srvs: 4.9.0 (/opt/ros/humble/share/std_srvs/cmake)
[0.436s] -- Found tf2: 0.25.17 (/opt/ros/humble/share/tf2/cmake)
[0.438s] -- Found tf2_ros: 0.25.17 (/opt/ros/humble/share/tf2_ros/cmake)
[0.476s] -- Found visualization_msgs: 4.9.0 (/opt/ros/humble/share/visualization_msgs/cmake)
[0.488s] -- Found rtabmap_msgs: 0.22.1 (/home/brace/codeSpace/navi/install/rtabmap_msgs/share/rtabmap_msgs/cmake)
[0.502s] -- Found rtabmap_util: 0.22.1 (/home/brace/codeSpace/navi/install/rtabmap_util/share/rtabmap_util/cmake)
[0.575s] -- Found eigen3_cmake_module: 0.1.1 (/opt/ros/humble/share/eigen3_cmake_module/cmake)
[0.576s] -- Ensuring Eigen3 include directory is part of orocos-kdl CMake target
[0.604s] -- Eigen found (include: /usr/include/eigen3, version: 3.4.0)
[0.626s] -- FLANN found (include: /usr/include, lib: /usr/lib/x86_64-linux-gnu/libflann_cpp.so)
[0.863s] -- OpenNI found (version: 1.5.4.0, include: /usr/include/ni, lib: /usr/lib/libOpenNI.so;libusb::libusb)
[0.870s] -- OpenNI2 found (version: 2.2.0.33, include: /usr/include/openni2, lib: /usr/lib/x86_64-linux-gnu/libOpenNI2.so;libusb::libusb)
[0.981s] -- Eigen found (include: /usr/include/eigen3, version: 3.4.0)
[0.988s] -- OpenNI found (version: 1.5.4.0, include: /usr/include/ni, lib: /usr/lib/libOpenNI.so;libusb::libusb)
[0.993s] -- OpenNI2 found (version: 2.2.0.33, include: /usr/include/openni2, lib: /usr/lib/x86_64-linux-gnu/libOpenNI2.so;libusb::libusb)
[1.095s] -- Found Qhull version 8.0.2
[1.205s] -- OpenNI found (version: 1.5.4.0, include: /usr/include/ni, lib: /usr/lib/libOpenNI.so;libusb::libusb)
[1.347s] -- Found rtabmap_sync: 0.22.1 (/home/brace/codeSpace/navi/install/rtabmap_sync/share/rtabmap_sync/cmake)
[1.363s] -- Found apriltag_msgs: 2.0.1 (/opt/ros/humble/share/apriltag_msgs/cmake)
[1.371s] -- Found aruco_msgs: 5.0.5 (/opt/ros/humble/share/aruco_msgs/cmake)
[1.386s] [33mCMake Warning at CMakeLists.txt:42 (find_package):
[1.386s]   By not providing "Findaruco_markers_msgs.cmake" in CMAKE_MODULE_PATH this
[1.386s]   project has asked CMake to find a package configuration file provided by
[1.386s]   "aruco_markers_msgs", but CMake did not find one.
[1.386s] 
[1.386s]   Could not find a package configuration file provided by
[1.386s]   "aruco_markers_msgs" with any of the following names:
[1.386s] 
[1.386s]     aruco_markers_msgsConfig.cmake
[1.387s]     aruco_markers_msgs-config.cmake
[1.387s] 
[1.387s]   Add the installation prefix of "aruco_markers_msgs" to CMAKE_PREFIX_PATH or
[1.387s]   set "aruco_markers_msgs_DIR" to a directory containing one of the above
[1.387s]   files.  If "aruco_markers_msgs" provides a separate development package or
[1.387s]   SDK, be sure it has been installed.
[1.387s] 
[1.387s] [0m
[1.387s] -- Found aruco_opencv_msgs: 2.4.1 (/opt/ros/humble/share/aruco_opencv_msgs/cmake)
[1.401s] [33mCMake Warning at CMakeLists.txt:44 (find_package):
[1.401s]   By not providing "Findros2_aruco_interfaces.cmake" in CMAKE_MODULE_PATH
[1.401s]   this project has asked CMake to find a package configuration file provided
[1.401s]   by "ros2_aruco_interfaces", but CMake did not find one.
[1.401s] 
[1.401s]   Could not find a package configuration file provided by
[1.401s]   "ros2_aruco_interfaces" with any of the following names:
[1.402s] 
[1.402s]     ros2_aruco_interfacesConfig.cmake
[1.402s]     ros2_aruco_interfaces-config.cmake
[1.402s] 
[1.402s]   Add the installation prefix of "ros2_aruco_interfaces" to CMAKE_PREFIX_PATH
[1.402s]   or set "ros2_aruco_interfaces_DIR" to a directory containing one of the
[1.402s]   above files.  If "ros2_aruco_interfaces" provides a separate development
[1.402s]   package or SDK, be sure it has been installed.
[1.402s] 
[1.402s] [0m
[1.402s] -- WITH apriltag_msgs
[1.402s] -- WITH aruco_msgs
[1.403s] -- WITH aruco_opencv_msgs
[1.403s] -- WITH nav2_msgs
[1.458s] -- Configuring done
[1.523s] -- Generating done
[1.537s] -- Build files have been written to: /home/brace/codeSpace/navi/build/rtabmap_slam
