[0.022s] Invoking command in '/home/brace/codeSpace/navi/build/rtabmap_slam': AMENT_PREFIX_PATH=/home/brace/codeSpace/navi/install/rtabmap_util:/home/brace/codeSpace/navi/install/rtabmap_sync:/home/brace/codeSpace/navi/install/rtabmap_conversions:/home/brace/codeSpace/navi/install/rtabmap_msgs:${AMENT_PREFIX_PATH} CMAKE_PREFIX_PATH=/home/brace/codeSpace/navi/install/rtabmap_util:/home/brace/codeSpace/navi/install/rtabmap_sync:/home/brace/codeSpace/navi/install/rtabmap_conversions:/home/brace/codeSpace/navi/install/rtabmap_msgs:/home/brace/codeSpace/navi/install/rtabmap:/opt/ros/humble LD_LIBRARY_PATH=/home/brace/codeSpace/navi/install/rtabmap_util/lib:/home/brace/codeSpace/navi/install/rtabmap_sync/lib:/home/brace/codeSpace/navi/install/rtabmap_conversions/lib:/home/brace/codeSpace/navi/install/rtabmap_msgs/lib:/home/brace/codeSpace/navi/install/rtabmap/lib:${LD_LIBRARY_PATH} PATH=/home/brace/codeSpace/navi/install/rtabmap/bin:${PATH} PKG_CONFIG_PATH=/home/brace/codeSpace/navi/install/rtabmap/lib/x86_64-linux-gnu/pkgconfig:/home/brace/codeSpace/navi/install/rtabmap/lib/pkgconfig PYTHONPATH=/home/brace/codeSpace/navi/install/rtabmap_msgs/local/lib/python3.10/dist-packages:${PYTHONPATH} /usr/bin/cmake --build /home/brace/codeSpace/navi/build/rtabmap_slam -- -j16 -l16
[0.128s] [ 50%] Built target rtabmap_slam_plugins
[0.184s] [100%] Built target rtabmap_node
[0.203s] Invoked command in '/home/brace/codeSpace/navi/build/rtabmap_slam' returned '0': AMENT_PREFIX_PATH=/home/brace/codeSpace/navi/install/rtabmap_util:/home/brace/codeSpace/navi/install/rtabmap_sync:/home/brace/codeSpace/navi/install/rtabmap_conversions:/home/brace/codeSpace/navi/install/rtabmap_msgs:${AMENT_PREFIX_PATH} CMAKE_PREFIX_PATH=/home/brace/codeSpace/navi/install/rtabmap_util:/home/brace/codeSpace/navi/install/rtabmap_sync:/home/brace/codeSpace/navi/install/rtabmap_conversions:/home/brace/codeSpace/navi/install/rtabmap_msgs:/home/brace/codeSpace/navi/install/rtabmap:/opt/ros/humble LD_LIBRARY_PATH=/home/brace/codeSpace/navi/install/rtabmap_util/lib:/home/brace/codeSpace/navi/install/rtabmap_sync/lib:/home/brace/codeSpace/navi/install/rtabmap_conversions/lib:/home/brace/codeSpace/navi/install/rtabmap_msgs/lib:/home/brace/codeSpace/navi/install/rtabmap/lib:${LD_LIBRARY_PATH} PATH=/home/brace/codeSpace/navi/install/rtabmap/bin:${PATH} PKG_CONFIG_PATH=/home/brace/codeSpace/navi/install/rtabmap/lib/x86_64-linux-gnu/pkgconfig:/home/brace/codeSpace/navi/install/rtabmap/lib/pkgconfig PYTHONPATH=/home/brace/codeSpace/navi/install/rtabmap_msgs/local/lib/python3.10/dist-packages:${PYTHONPATH} /usr/bin/cmake --build /home/brace/codeSpace/navi/build/rtabmap_slam -- -j16 -l16
[0.206s] Invoking command in '/home/brace/codeSpace/navi/build/rtabmap_slam': AMENT_PREFIX_PATH=/home/brace/codeSpace/navi/install/rtabmap_util:/home/brace/codeSpace/navi/install/rtabmap_sync:/home/brace/codeSpace/navi/install/rtabmap_conversions:/home/brace/codeSpace/navi/install/rtabmap_msgs:${AMENT_PREFIX_PATH} CMAKE_PREFIX_PATH=/home/brace/codeSpace/navi/install/rtabmap_util:/home/brace/codeSpace/navi/install/rtabmap_sync:/home/brace/codeSpace/navi/install/rtabmap_conversions:/home/brace/codeSpace/navi/install/rtabmap_msgs:/home/brace/codeSpace/navi/install/rtabmap:/opt/ros/humble LD_LIBRARY_PATH=/home/brace/codeSpace/navi/install/rtabmap_util/lib:/home/brace/codeSpace/navi/install/rtabmap_sync/lib:/home/brace/codeSpace/navi/install/rtabmap_conversions/lib:/home/brace/codeSpace/navi/install/rtabmap_msgs/lib:/home/brace/codeSpace/navi/install/rtabmap/lib:${LD_LIBRARY_PATH} PATH=/home/brace/codeSpace/navi/install/rtabmap/bin:${PATH} PKG_CONFIG_PATH=/home/brace/codeSpace/navi/install/rtabmap/lib/x86_64-linux-gnu/pkgconfig:/home/brace/codeSpace/navi/install/rtabmap/lib/pkgconfig PYTHONPATH=/home/brace/codeSpace/navi/install/rtabmap_msgs/local/lib/python3.10/dist-packages:${PYTHONPATH} /usr/bin/cmake --install /home/brace/codeSpace/navi/build/rtabmap_slam
[0.212s] -- Install configuration: "Release"
[0.212s] -- Execute custom install script
[0.212s] -- Up-to-date symlink: /home/brace/codeSpace/navi/install/rtabmap_slam/share/rtabmap_slam/environment/library_path.sh
[0.212s] -- Up-to-date symlink: /home/brace/codeSpace/navi/install/rtabmap_slam/share/rtabmap_slam/environment/library_path.dsv
[0.212s] -- Up-to-date symlink: /home/brace/codeSpace/navi/install/rtabmap_slam/lib/rtabmap_slam/rtabmap
[0.212s] -- Up-to-date symlink: /home/brace/codeSpace/navi/install/rtabmap_slam/share/ament_index/resource_index/package_run_dependencies/rtabmap_slam
[0.213s] -- Up-to-date symlink: /home/brace/codeSpace/navi/install/rtabmap_slam/share/ament_index/resource_index/parent_prefix_path/rtabmap_slam
[0.213s] -- Up-to-date symlink: /home/brace/codeSpace/navi/install/rtabmap_slam/share/rtabmap_slam/environment/ament_prefix_path.sh
[0.213s] -- Up-to-date symlink: /home/brace/codeSpace/navi/install/rtabmap_slam/share/rtabmap_slam/environment/ament_prefix_path.dsv
[0.213s] -- Up-to-date symlink: /home/brace/codeSpace/navi/install/rtabmap_slam/share/rtabmap_slam/environment/path.sh
[0.213s] -- Up-to-date symlink: /home/brace/codeSpace/navi/install/rtabmap_slam/share/rtabmap_slam/environment/path.dsv
[0.213s] -- Up-to-date symlink: /home/brace/codeSpace/navi/install/rtabmap_slam/share/rtabmap_slam/local_setup.bash
[0.213s] -- Up-to-date symlink: /home/brace/codeSpace/navi/install/rtabmap_slam/share/rtabmap_slam/local_setup.sh
[0.213s] -- Up-to-date symlink: /home/brace/codeSpace/navi/install/rtabmap_slam/share/rtabmap_slam/local_setup.zsh
[0.213s] -- Up-to-date symlink: /home/brace/codeSpace/navi/install/rtabmap_slam/share/rtabmap_slam/local_setup.dsv
[0.213s] -- Symlinking: /home/brace/codeSpace/navi/install/rtabmap_slam/share/rtabmap_slam/package.dsv
[0.220s] -- Up-to-date symlink: /home/brace/codeSpace/navi/install/rtabmap_slam/share/ament_index/resource_index/packages/rtabmap_slam
[0.220s] -- Up-to-date symlink: /home/brace/codeSpace/navi/install/rtabmap_slam/share/ament_index/resource_index/rclcpp_components/rtabmap_slam
[0.220s] -- Up-to-date symlink: /home/brace/codeSpace/navi/install/rtabmap_slam/share/rtabmap_slam/cmake/ament_cmake_export_dependencies-extras.cmake
[0.220s] -- Up-to-date symlink: /home/brace/codeSpace/navi/install/rtabmap_slam/share/rtabmap_slam/cmake/ament_cmake_export_include_directories-extras.cmake
[0.220s] -- Up-to-date symlink: /home/brace/codeSpace/navi/install/rtabmap_slam/share/rtabmap_slam/cmake/ament_cmake_export_targets-extras.cmake
[0.220s] -- Up-to-date symlink: /home/brace/codeSpace/navi/install/rtabmap_slam/share/rtabmap_slam/cmake/ament_cmake_export_libraries-extras.cmake
[0.220s] -- Up-to-date symlink: /home/brace/codeSpace/navi/install/rtabmap_slam/share/rtabmap_slam/cmake/rtabmap_slamConfig.cmake
[0.220s] -- Up-to-date symlink: /home/brace/codeSpace/navi/install/rtabmap_slam/share/rtabmap_slam/cmake/rtabmap_slamConfig-version.cmake
[0.220s] -- Up-to-date symlink: /home/brace/codeSpace/navi/install/rtabmap_slam/share/rtabmap_slam/package.xml
[0.220s] -- Up-to-date: /home/brace/codeSpace/navi/install/rtabmap_slam/lib/librtabmap_slam_plugins.so
[0.221s] -- Up-to-date: /home/brace/codeSpace/navi/install/rtabmap_slam/include
[0.221s] -- Up-to-date: /home/brace/codeSpace/navi/install/rtabmap_slam/include/rtabmap_slam
[0.221s] -- Up-to-date: /home/brace/codeSpace/navi/install/rtabmap_slam/include/rtabmap_slam/CoreWrapper.h
[0.221s] -- Up-to-date: /home/brace/codeSpace/navi/install/rtabmap_slam/include/rtabmap_slam/visibility.h
[0.221s] -- Up-to-date: /home/brace/codeSpace/navi/install/rtabmap_slam/share/rtabmap_slam/cmake/rtabmap_slamExport.cmake
[0.221s] -- Up-to-date: /home/brace/codeSpace/navi/install/rtabmap_slam/share/rtabmap_slam/cmake/rtabmap_slamExport-release.cmake
[0.223s] Invoked command in '/home/brace/codeSpace/navi/build/rtabmap_slam' returned '0': AMENT_PREFIX_PATH=/home/brace/codeSpace/navi/install/rtabmap_util:/home/brace/codeSpace/navi/install/rtabmap_sync:/home/brace/codeSpace/navi/install/rtabmap_conversions:/home/brace/codeSpace/navi/install/rtabmap_msgs:${AMENT_PREFIX_PATH} CMAKE_PREFIX_PATH=/home/brace/codeSpace/navi/install/rtabmap_util:/home/brace/codeSpace/navi/install/rtabmap_sync:/home/brace/codeSpace/navi/install/rtabmap_conversions:/home/brace/codeSpace/navi/install/rtabmap_msgs:/home/brace/codeSpace/navi/install/rtabmap:/opt/ros/humble LD_LIBRARY_PATH=/home/brace/codeSpace/navi/install/rtabmap_util/lib:/home/brace/codeSpace/navi/install/rtabmap_sync/lib:/home/brace/codeSpace/navi/install/rtabmap_conversions/lib:/home/brace/codeSpace/navi/install/rtabmap_msgs/lib:/home/brace/codeSpace/navi/install/rtabmap/lib:${LD_LIBRARY_PATH} PATH=/home/brace/codeSpace/navi/install/rtabmap/bin:${PATH} PKG_CONFIG_PATH=/home/brace/codeSpace/navi/install/rtabmap/lib/x86_64-linux-gnu/pkgconfig:/home/brace/codeSpace/navi/install/rtabmap/lib/pkgconfig PYTHONPATH=/home/brace/codeSpace/navi/install/rtabmap_msgs/local/lib/python3.10/dist-packages:${PYTHONPATH} /usr/bin/cmake --install /home/brace/codeSpace/navi/build/rtabmap_slam
