[0.032s] Invoking command in '/home/brace/codeSpace/navi/build/rtabmap_conversions': AMENT_PREFIX_PATH=/home/brace/codeSpace/navi/install/rtabmap_msgs:${AMENT_PREFIX_PATH} CMAKE_PREFIX_PATH=/home/brace/codeSpace/navi/install/rtabmap_msgs:/home/brace/codeSpace/navi/install/rtabmap:/opt/ros/humble LD_LIBRARY_PATH=/home/brace/codeSpace/navi/install/rtabmap_msgs/lib:/home/brace/codeSpace/navi/install/rtabmap/lib:${LD_LIBRARY_PATH} PATH=/home/brace/codeSpace/navi/install/rtabmap/bin:${PATH} PKG_CONFIG_PATH=/home/brace/codeSpace/navi/install/rtabmap/lib/x86_64-linux-gnu/pkgconfig:/home/brace/codeSpace/navi/install/rtabmap/lib/pkgconfig PYTHONPATH=/home/brace/codeSpace/navi/install/rtabmap_msgs/local/lib/python3.10/dist-packages:${PYTHONPATH} /usr/bin/cmake /home/brace/codeSpace/navi/src/rtabmap_ros/rtabmap_conversions -DCMAKE_BUILD_TYPE=Release -DAMENT_CMAKE_SYMLINK_INSTALL=1 -DCMAKE_INSTALL_PREFIX=/home/brace/codeSpace/navi/install/rtabmap_conversions
[0.129s] -- The C compiler identification is GNU 11.4.0
[0.190s] -- The CXX compiler identification is GNU 11.4.0
[0.207s] -- Detecting C compiler ABI info
[0.302s] -- Detecting C compiler ABI info - done
[0.309s] -- Check for working C compiler: /usr/bin/cc - skipped
[0.309s] -- Detecting C compile features
[0.310s] -- Detecting C compile features - done
[0.313s] -- Detecting CXX compiler ABI info
[0.408s] -- Detecting CXX compiler ABI info - done
[0.417s] -- Check for working CXX compiler: /usr/bin/c++ - skipped
[0.418s] -- Detecting CXX compile features
[0.418s] -- Detecting CXX compile features - done
[0.437s] -- Found ament_cmake: 1.3.12 (/opt/ros/humble/share/ament_cmake/cmake)
[0.655s] -- Found Python3: /usr/bin/python3 (found version "3.10.12") found components: Interpreter 
[0.733s] -- Override CMake install command with custom implementation using symlinks instead of copying resources
[0.772s] -- Found cv_bridge: 3.2.1 (/opt/ros/humble/share/cv_bridge/cmake)
[0.845s] -- Found rosidl_generator_c: 3.1.7 (/opt/ros/humble/share/rosidl_generator_c/cmake)
[0.850s] -- Found rosidl_adapter: 3.1.7 (/opt/ros/humble/share/rosidl_adapter/cmake)
[0.859s] -- Found rosidl_generator_cpp: 3.1.7 (/opt/ros/humble/share/rosidl_generator_cpp/cmake)
[0.875s] -- Using all available rosidl_typesupport_c: rosidl_typesupport_fastrtps_c;rosidl_typesupport_introspection_c
[0.891s] -- Using all available rosidl_typesupport_cpp: rosidl_typesupport_fastrtps_cpp;rosidl_typesupport_introspection_cpp
[0.956s] -- Found image_geometry: 3.2.1 (/opt/ros/humble/share/image_geometry/cmake)
[0.961s] -- Found laser_geometry: 2.4.1 (/opt/ros/humble/share/laser_geometry/cmake)
[1.021s] -- Found rmw_implementation_cmake: 6.1.2 (/opt/ros/humble/share/rmw_implementation_cmake/cmake)
[1.025s] -- Found rmw_fastrtps_cpp: 6.2.9 (/opt/ros/humble/share/rmw_fastrtps_cpp/cmake)
[1.130s] -- Found OpenSSL: /usr/lib/x86_64-linux-gnu/libcrypto.so (found version "3.0.2")  
[1.159s] -- Found FastRTPS: /opt/ros/humble/include  
[1.204s] -- Using RMW implementation 'rmw_fastrtps_cpp' as default
[1.222s] -- Looking for pthread.h
[1.314s] -- Looking for pthread.h - found
[1.314s] -- Performing Test CMAKE_HAVE_LIBC_PTHREAD
[1.405s] -- Performing Test CMAKE_HAVE_LIBC_PTHREAD - Success
[1.406s] -- Found Threads: TRUE  
[1.461s] -- Found pcl_conversions: 2.4.5 (/opt/ros/humble/share/pcl_conversions/cmake)
[1.497s] -- Checking for module 'eigen3'
[1.516s] --   Found eigen3, version 3.4.0
[1.561s] -- Found Eigen: /usr/include/eigen3 (Required is at least version "3.1") 
[1.562s] -- Eigen found (include: /usr/include/eigen3, version: 3.4.0)
[1.607s] -- Checking for module 'flann'
[1.620s] --   Found flann, version 1.9.1
[1.673s] -- Found FLANN: /usr/lib/x86_64-linux-gnu/libflann_cpp.so  
[1.673s] -- FLANN found (include: /usr/include, lib: /usr/lib/x86_64-linux-gnu/libflann_cpp.so)
[2.863s] -- Checking for module 'libusb-1.0'
[2.884s] --   Found libusb-1.0, version 1.0.25
[2.932s] -- Found libusb: /usr/lib/x86_64-linux-gnu/libusb-1.0.so  
[2.933s] -- OpenNI found (version: 1.5.4.0, include: /usr/include/ni, lib: /usr/lib/libOpenNI.so;libusb::libusb)
[3.011s] -- OpenNI2 found (version: 2.2.0.33, include: /usr/include/openni2, lib: /usr/lib/x86_64-linux-gnu/libOpenNI2.so;libusb::libusb)
[3.126s] -- Eigen found (include: /usr/include/eigen3, version: 3.4.0)
[3.133s] -- OpenNI found (version: 1.5.4.0, include: /usr/include/ni, lib: /usr/lib/libOpenNI.so;libusb::libusb)
[3.138s] -- OpenNI2 found (version: 2.2.0.33, include: /usr/include/openni2, lib: /usr/lib/x86_64-linux-gnu/libOpenNI2.so;libusb::libusb)
[3.253s] -- Found Qhull version 8.0.2
[3.375s] -- OpenNI found (version: 1.5.4.0, include: /usr/include/ni, lib: /usr/lib/libOpenNI.so;libusb::libusb)
[3.477s] -- Found PCL_COMMON: /usr/lib/x86_64-linux-gnu/libpcl_common.so  
[3.478s] -- Found PCL_KDTREE: /usr/lib/x86_64-linux-gnu/libpcl_kdtree.so  
[3.480s] -- Found PCL_OCTREE: /usr/lib/x86_64-linux-gnu/libpcl_octree.so  
[3.480s] -- Found PCL_SEARCH: /usr/lib/x86_64-linux-gnu/libpcl_search.so  
[3.481s] -- Found PCL_SAMPLE_CONSENSUS: /usr/lib/x86_64-linux-gnu/libpcl_sample_consensus.so  
[3.482s] -- Found PCL_FILTERS: /usr/lib/x86_64-linux-gnu/libpcl_filters.so  
[3.482s] -- Found PCL_2D: /usr/include/pcl-1.12  
[3.482s] -- Found PCL_GEOMETRY: /usr/include/pcl-1.12  
[3.483s] -- Found PCL_IO: /usr/lib/x86_64-linux-gnu/libpcl_io.so  
[3.484s] -- Found PCL_FEATURES: /usr/lib/x86_64-linux-gnu/libpcl_features.so  
[3.485s] -- Found PCL_ML: /usr/lib/x86_64-linux-gnu/libpcl_ml.so  
[3.485s] -- Found PCL_SEGMENTATION: /usr/lib/x86_64-linux-gnu/libpcl_segmentation.so  
[3.486s] -- Found PCL_VISUALIZATION: /usr/lib/x86_64-linux-gnu/libpcl_visualization.so  
[3.487s] -- Found PCL_SURFACE: /usr/lib/x86_64-linux-gnu/libpcl_surface.so  
[3.487s] -- Found PCL_REGISTRATION: /usr/lib/x86_64-linux-gnu/libpcl_registration.so  
[3.488s] -- Found PCL_KEYPOINTS: /usr/lib/x86_64-linux-gnu/libpcl_keypoints.so  
[3.489s] -- Found PCL_TRACKING: /usr/lib/x86_64-linux-gnu/libpcl_tracking.so  
[3.489s] -- Found PCL_RECOGNITION: /usr/lib/x86_64-linux-gnu/libpcl_recognition.so  
[3.490s] -- Found PCL_STEREO: /usr/lib/x86_64-linux-gnu/libpcl_stereo.so  
[3.491s] -- Found PCL_APPS: /usr/lib/x86_64-linux-gnu/libpcl_apps.so  
[3.491s] -- Found PCL_IN_HAND_SCANNER: /usr/include/pcl-1.12  
[3.491s] -- Found PCL_MODELER: /usr/include/pcl-1.12  
[3.492s] -- Found PCL_POINT_CLOUD_EDITOR: /usr/include/pcl-1.12  
[3.493s] -- Found PCL_OUTOFCORE: /usr/lib/x86_64-linux-gnu/libpcl_outofcore.so  
[3.493s] -- Found PCL_PEOPLE: /usr/lib/x86_64-linux-gnu/libpcl_people.so  
[3.495s] -- Found rtabmap_msgs: 0.22.1 (/home/brace/codeSpace/navi/install/rtabmap_msgs/share/rtabmap_msgs/cmake)
[3.527s] -- Found tf2_eigen: 0.25.17 (/opt/ros/humble/share/tf2_eigen/cmake)
[3.611s] -- Found tf2_geometry_msgs: 0.25.17 (/opt/ros/humble/share/tf2_geometry_msgs/cmake)
[3.621s] -- Found Eigen3: TRUE (found version "3.4.0") 
[3.621s] -- Ensuring Eigen3 include directory is part of orocos-kdl CMake target
[3.624s] -- Found OpenCV: /usr (found version "4.5.4") found components: core calib3d imgproc highgui stitching photo video aruco objdetect missing components: xfeatures2d nonfree gpu cudafeatures2d
[3.625s] [33mCMake Warning (dev) at /usr/share/cmake-3.22/Modules/CMakeFindDependencyMacro.cmake:47 (find_package):
[3.625s]   Policy CMP0074 is not set: find_package uses <PackageName>_ROOT variables.
[3.625s]   Run "cmake --help-policy CMP0074" for policy details.  Use the cmake_policy
[3.625s]   command to set the policy and suppress this warning.
[3.625s] 
[3.625s]   CMake variable PCL_ROOT is set to:
[3.625s] 
[3.625s]     /usr
[3.625s] 
[3.625s]   For compatibility, CMake is ignoring the variable.
[3.625s] Call Stack (most recent call first):
[3.625s]   /home/brace/codeSpace/navi/install/rtabmap/lib/rtabmap-0.23/RTABMapConfig.cmake:7 (find_dependency)
[3.625s]   CMakeLists.txt:32 (find_package)
[3.625s] This warning is for project developers.  Use -Wno-dev to suppress it.
[3.625s] [0m
[3.719s] -- Configuring done
[3.800s] -- Generating done
[3.808s] -- Build files have been written to: /home/brace/codeSpace/navi/build/rtabmap_conversions
[3.820s] Invoked command in '/home/brace/codeSpace/navi/build/rtabmap_conversions' returned '0': AMENT_PREFIX_PATH=/home/brace/codeSpace/navi/install/rtabmap_msgs:${AMENT_PREFIX_PATH} CMAKE_PREFIX_PATH=/home/brace/codeSpace/navi/install/rtabmap_msgs:/home/brace/codeSpace/navi/install/rtabmap:/opt/ros/humble LD_LIBRARY_PATH=/home/brace/codeSpace/navi/install/rtabmap_msgs/lib:/home/brace/codeSpace/navi/install/rtabmap/lib:${LD_LIBRARY_PATH} PATH=/home/brace/codeSpace/navi/install/rtabmap/bin:${PATH} PKG_CONFIG_PATH=/home/brace/codeSpace/navi/install/rtabmap/lib/x86_64-linux-gnu/pkgconfig:/home/brace/codeSpace/navi/install/rtabmap/lib/pkgconfig PYTHONPATH=/home/brace/codeSpace/navi/install/rtabmap_msgs/local/lib/python3.10/dist-packages:${PYTHONPATH} /usr/bin/cmake /home/brace/codeSpace/navi/src/rtabmap_ros/rtabmap_conversions -DCMAKE_BUILD_TYPE=Release -DAMENT_CMAKE_SYMLINK_INSTALL=1 -DCMAKE_INSTALL_PREFIX=/home/brace/codeSpace/navi/install/rtabmap_conversions
[3.822s] Invoking command in '/home/brace/codeSpace/navi/build/rtabmap_conversions': AMENT_PREFIX_PATH=/home/brace/codeSpace/navi/install/rtabmap_msgs:${AMENT_PREFIX_PATH} CMAKE_PREFIX_PATH=/home/brace/codeSpace/navi/install/rtabmap_msgs:/home/brace/codeSpace/navi/install/rtabmap:/opt/ros/humble LD_LIBRARY_PATH=/home/brace/codeSpace/navi/install/rtabmap_msgs/lib:/home/brace/codeSpace/navi/install/rtabmap/lib:${LD_LIBRARY_PATH} PATH=/home/brace/codeSpace/navi/install/rtabmap/bin:${PATH} PKG_CONFIG_PATH=/home/brace/codeSpace/navi/install/rtabmap/lib/x86_64-linux-gnu/pkgconfig:/home/brace/codeSpace/navi/install/rtabmap/lib/pkgconfig PYTHONPATH=/home/brace/codeSpace/navi/install/rtabmap_msgs/local/lib/python3.10/dist-packages:${PYTHONPATH} /usr/bin/cmake --build /home/brace/codeSpace/navi/build/rtabmap_conversions -- -j16 -l16
[3.885s] [ 50%] [32mBuilding CXX object CMakeFiles/rtabmap_conversions.dir/src/MsgConversion.cpp.o[0m
[15.924s] [100%] [32m[1mLinking CXX shared library librtabmap_conversions.so[0m
[16.425s] [100%] Built target rtabmap_conversions
[16.436s] Invoked command in '/home/brace/codeSpace/navi/build/rtabmap_conversions' returned '0': AMENT_PREFIX_PATH=/home/brace/codeSpace/navi/install/rtabmap_msgs:${AMENT_PREFIX_PATH} CMAKE_PREFIX_PATH=/home/brace/codeSpace/navi/install/rtabmap_msgs:/home/brace/codeSpace/navi/install/rtabmap:/opt/ros/humble LD_LIBRARY_PATH=/home/brace/codeSpace/navi/install/rtabmap_msgs/lib:/home/brace/codeSpace/navi/install/rtabmap/lib:${LD_LIBRARY_PATH} PATH=/home/brace/codeSpace/navi/install/rtabmap/bin:${PATH} PKG_CONFIG_PATH=/home/brace/codeSpace/navi/install/rtabmap/lib/x86_64-linux-gnu/pkgconfig:/home/brace/codeSpace/navi/install/rtabmap/lib/pkgconfig PYTHONPATH=/home/brace/codeSpace/navi/install/rtabmap_msgs/local/lib/python3.10/dist-packages:${PYTHONPATH} /usr/bin/cmake --build /home/brace/codeSpace/navi/build/rtabmap_conversions -- -j16 -l16
[16.438s] Invoking command in '/home/brace/codeSpace/navi/build/rtabmap_conversions': AMENT_PREFIX_PATH=/home/brace/codeSpace/navi/install/rtabmap_msgs:${AMENT_PREFIX_PATH} CMAKE_PREFIX_PATH=/home/brace/codeSpace/navi/install/rtabmap_msgs:/home/brace/codeSpace/navi/install/rtabmap:/opt/ros/humble LD_LIBRARY_PATH=/home/brace/codeSpace/navi/install/rtabmap_msgs/lib:/home/brace/codeSpace/navi/install/rtabmap/lib:${LD_LIBRARY_PATH} PATH=/home/brace/codeSpace/navi/install/rtabmap/bin:${PATH} PKG_CONFIG_PATH=/home/brace/codeSpace/navi/install/rtabmap/lib/x86_64-linux-gnu/pkgconfig:/home/brace/codeSpace/navi/install/rtabmap/lib/pkgconfig PYTHONPATH=/home/brace/codeSpace/navi/install/rtabmap_msgs/local/lib/python3.10/dist-packages:${PYTHONPATH} /usr/bin/cmake --install /home/brace/codeSpace/navi/build/rtabmap_conversions
[16.443s] -- Install configuration: "Release"
[16.443s] -- Execute custom install script
[16.443s] -- Symlinking: /home/brace/codeSpace/navi/install/rtabmap_conversions/share/rtabmap_conversions/environment/library_path.sh
[16.452s] -- Symlinking: /home/brace/codeSpace/navi/install/rtabmap_conversions/share/rtabmap_conversions/environment/library_path.dsv
[16.459s] -- Symlinking: /home/brace/codeSpace/navi/install/rtabmap_conversions/share/ament_index/resource_index/package_run_dependencies/rtabmap_conversions
[16.468s] -- Symlinking: /home/brace/codeSpace/navi/install/rtabmap_conversions/share/ament_index/resource_index/parent_prefix_path/rtabmap_conversions
[16.476s] -- Symlinking: /home/brace/codeSpace/navi/install/rtabmap_conversions/share/rtabmap_conversions/environment/ament_prefix_path.sh
[16.488s] -- Symlinking: /home/brace/codeSpace/navi/install/rtabmap_conversions/share/rtabmap_conversions/environment/ament_prefix_path.dsv
[16.499s] -- Symlinking: /home/brace/codeSpace/navi/install/rtabmap_conversions/share/rtabmap_conversions/environment/path.sh
[16.510s] -- Symlinking: /home/brace/codeSpace/navi/install/rtabmap_conversions/share/rtabmap_conversions/environment/path.dsv
[16.522s] -- Symlinking: /home/brace/codeSpace/navi/install/rtabmap_conversions/share/rtabmap_conversions/local_setup.bash
[16.533s] -- Symlinking: /home/brace/codeSpace/navi/install/rtabmap_conversions/share/rtabmap_conversions/local_setup.sh
[16.544s] -- Symlinking: /home/brace/codeSpace/navi/install/rtabmap_conversions/share/rtabmap_conversions/local_setup.zsh
[16.555s] -- Symlinking: /home/brace/codeSpace/navi/install/rtabmap_conversions/share/rtabmap_conversions/local_setup.dsv
[16.567s] -- Symlinking: /home/brace/codeSpace/navi/install/rtabmap_conversions/share/rtabmap_conversions/package.dsv
[16.578s] -- Symlinking: /home/brace/codeSpace/navi/install/rtabmap_conversions/share/ament_index/resource_index/packages/rtabmap_conversions
[16.590s] -- Symlinking: /home/brace/codeSpace/navi/install/rtabmap_conversions/share/rtabmap_conversions/cmake/ament_cmake_export_dependencies-extras.cmake
[16.602s] -- Symlinking: /home/brace/codeSpace/navi/install/rtabmap_conversions/share/rtabmap_conversions/cmake/ament_cmake_export_include_directories-extras.cmake
[16.613s] -- Symlinking: /home/brace/codeSpace/navi/install/rtabmap_conversions/share/rtabmap_conversions/cmake/ament_cmake_export_targets-extras.cmake
[16.622s] -- Symlinking: /home/brace/codeSpace/navi/install/rtabmap_conversions/share/rtabmap_conversions/cmake/ament_cmake_export_libraries-extras.cmake
[16.632s] -- Symlinking: /home/brace/codeSpace/navi/install/rtabmap_conversions/share/rtabmap_conversions/cmake/rtabmap_conversionsConfig.cmake
[16.642s] -- Symlinking: /home/brace/codeSpace/navi/install/rtabmap_conversions/share/rtabmap_conversions/cmake/rtabmap_conversionsConfig-version.cmake
[16.653s] -- Symlinking: /home/brace/codeSpace/navi/install/rtabmap_conversions/share/rtabmap_conversions/package.xml
[16.665s] -- Installing: /home/brace/codeSpace/navi/install/rtabmap_conversions/lib/librtabmap_conversions.so
[16.666s] -- Set runtime path of "/home/brace/codeSpace/navi/install/rtabmap_conversions/lib/librtabmap_conversions.so" to ""
[16.666s] -- Installing: /home/brace/codeSpace/navi/install/rtabmap_conversions/include
[16.666s] -- Installing: /home/brace/codeSpace/navi/install/rtabmap_conversions/include/rtabmap_conversions
[16.667s] -- Installing: /home/brace/codeSpace/navi/install/rtabmap_conversions/include/rtabmap_conversions/MsgConversion.h
[16.667s] -- Installing: /home/brace/codeSpace/navi/install/rtabmap_conversions/share/rtabmap_conversions/cmake/rtabmap_conversionsExport.cmake
[16.667s] -- Installing: /home/brace/codeSpace/navi/install/rtabmap_conversions/share/rtabmap_conversions/cmake/rtabmap_conversionsExport-release.cmake
[16.670s] Invoked command in '/home/brace/codeSpace/navi/build/rtabmap_conversions' returned '0': AMENT_PREFIX_PATH=/home/brace/codeSpace/navi/install/rtabmap_msgs:${AMENT_PREFIX_PATH} CMAKE_PREFIX_PATH=/home/brace/codeSpace/navi/install/rtabmap_msgs:/home/brace/codeSpace/navi/install/rtabmap:/opt/ros/humble LD_LIBRARY_PATH=/home/brace/codeSpace/navi/install/rtabmap_msgs/lib:/home/brace/codeSpace/navi/install/rtabmap/lib:${LD_LIBRARY_PATH} PATH=/home/brace/codeSpace/navi/install/rtabmap/bin:${PATH} PKG_CONFIG_PATH=/home/brace/codeSpace/navi/install/rtabmap/lib/x86_64-linux-gnu/pkgconfig:/home/brace/codeSpace/navi/install/rtabmap/lib/pkgconfig PYTHONPATH=/home/brace/codeSpace/navi/install/rtabmap_msgs/local/lib/python3.10/dist-packages:${PYTHONPATH} /usr/bin/cmake --install /home/brace/codeSpace/navi/build/rtabmap_conversions
